2024-07-17 15:29:25.536 [ALFpaka] [INFO] ... START TRAINING ... (__training_session:88)
2024-07-17 15:29:25.536 [ALFpaka] [INFO] Start-Time: 1721222965.5364108 (run_training:126)
2024-07-17 15:29:25.536 [ALFpaka] [INFO] germany-ambulance with id 0 (print_class_to_id:153)
2024-07-17 15:29:25.536 [ALFpaka] [INFO] germany-firefighter with id 1 (print_class_to_id:153)
2024-07-17 15:29:25.536 [ALFpaka] [INFO] germany-police with id 2 (print_class_to_id:153)
2024-07-17 15:29:25.537 [ALFpaka] [INFO] ------ Extracting features ------ (extractAllFeatures:34)
2024-07-17 15:29:25.608 [ALFpaka] [INFO] Extracting features for class germany-ambulance with id 0 (extractAndAddFeaturesToDataset:69)
2024-07-17 15:29:26.438 [ALFpaka] [WARNING] Log_spec ignored when pcen is set (extractSTFT:84)
2024-07-17 15:29:26.438 [ALFpaka] [WARNING] Log_spec ignored when pcen is set (extractSTFT:84)
2024-07-17 15:29:26.439 [ALFpaka] [WARNING] Log_spec ignored when pcen is set (extractSTFT:84)
2024-07-17 15:29:26.439 [ALFpaka] [WARNING] Log_spec ignored when pcen is set (extractSTFT:84)
2024-07-17 15:29:26.439 [ALFpaka] [WARNING] Log_spec ignored when pcen is set (extractSTFT:84)
2024-07-17 15:29:26.439 [ALFpaka] [WARNING] Log_spec ignored when pcen is set (extractSTFT:84)
2024-07-17 15:29:26.440 [ALFpaka] [WARNING] Log_spec ignored when pcen is set (extractSTFT:84)
2024-07-17 15:29:26.439 [ALFpaka] [WARNING] Log_spec ignored when pcen is set (extractSTFT:84)
2024-07-17 15:29:26.440 [ALFpaka] [WARNING] Log_spec ignored when pcen is set (extractSTFT:84)
2024-07-17 15:29:26.441 [ALFpaka] [WARNING] Log_spec ignored when pcen is set (extractSTFT:84)
2024-07-17 15:29:26.442 [ALFpaka] [WARNING] Log_spec ignored when pcen is set (extractSTFT:84)
2024-07-17 15:29:26.442 [ALFpaka] [WARNING] Log_spec ignored when pcen is set (extractSTFT:84)
2024-07-17 15:29:26.442 [ALFpaka] [WARNING] Log_spec ignored when pcen is set (extractSTFT:84)
2024-07-17 15:29:26.440 [ALFpaka] [WARNING] Log_spec ignored when pcen is set (extractSTFT:84)
2024-07-17 15:29:26.442 [ALFpaka] [WARNING] Log_spec ignored when pcen is set (extractSTFT:84)
2024-07-17 15:29:26.443 [ALFpaka] [WARNING] Log_spec ignored when pcen is set (extractSTFT:84)
2024-07-17 15:29:26.443 [ALFpaka] [WARNING] Log_spec ignored when pcen is set (extractSTFT:84)
2024-07-17 15:29:26.443 [ALFpaka] [WARNING] Log_spec ignored when pcen is set (extractSTFT:84)
2024-07-17 15:29:26.443 [ALFpaka] [WARNING] Log_spec ignored when pcen is set (extractSTFT:84)
2024-07-17 15:29:26.443 [ALFpaka] [WARNING] Log_spec ignored when pcen is set (extractSTFT:84)
2024-07-17 15:29:26.444 [ALFpaka] [WARNING] Log_spec ignored when pcen is set (extractSTFT:84)
2024-07-17 15:29:26.444 [ALFpaka] [WARNING] Log_spec ignored when pcen is set (extractSTFT:84)
2024-07-17 15:29:26.444 [ALFpaka] [WARNING] Log_spec ignored when pcen is set (extractSTFT:84)
2024-07-17 15:29:26.444 [ALFpaka] [WARNING] Log_spec ignored when pcen is set (extractSTFT:84)
2024-07-17 15:29:26.444 [ALFpaka] [WARNING] Log_spec ignored when pcen is set (extractSTFT:84)
2024-07-17 15:29:26.444 [ALFpaka] [WARNING] Log_spec ignored when pcen is set (extractSTFT:84)
2024-07-17 15:29:26.445 [ALFpaka] [WARNING] Log_spec ignored when pcen is set (extractSTFT:84)
2024-07-17 15:29:26.445 [ALFpaka] [WARNING] Log_spec ignored when pcen is set (extractSTFT:84)
2024-07-17 15:29:26.446 [ALFpaka] [WARNING] Log_spec ignored when pcen is set (extractSTFT:84)
2024-07-17 15:29:26.446 [ALFpaka] [WARNING] Log_spec ignored when pcen is set (extractSTFT:84)
2024-07-17 15:29:26.446 [ALFpaka] [WARNING] Log_spec ignored when pcen is set (extractSTFT:84)
2024-07-17 15:29:28.226 [ALFpaka] [INFO] Extracting features for class germany-firefighter with id 1 (extractAndAddFeaturesToDataset:69)
2024-07-17 15:29:29.100 [ALFpaka] [WARNING] Log_spec ignored when pcen is set (extractSTFT:84)
2024-07-17 15:29:29.100 [ALFpaka] [WARNING] Log_spec ignored when pcen is set (extractSTFT:84)
2024-07-17 15:29:29.100 [ALFpaka] [WARNING] Log_spec ignored when pcen is set (extractSTFT:84)
2024-07-17 15:29:29.100 [ALFpaka] [WARNING] Log_spec ignored when pcen is set (extractSTFT:84)
2024-07-17 15:29:29.101 [ALFpaka] [WARNING] Log_spec ignored when pcen is set (extractSTFT:84)
2024-07-17 15:29:29.101 [ALFpaka] [WARNING] Log_spec ignored when pcen is set (extractSTFT:84)
2024-07-17 15:29:29.101 [ALFpaka] [WARNING] Log_spec ignored when pcen is set (extractSTFT:84)
2024-07-17 15:29:29.101 [ALFpaka] [WARNING] Log_spec ignored when pcen is set (extractSTFT:84)
2024-07-17 15:29:29.101 [ALFpaka] [WARNING] Log_spec ignored when pcen is set (extractSTFT:84)
2024-07-17 15:29:29.102 [ALFpaka] [WARNING] Log_spec ignored when pcen is set (extractSTFT:84)
2024-07-17 15:29:29.102 [ALFpaka] [WARNING] Log_spec ignored when pcen is set (extractSTFT:84)
2024-07-17 15:29:29.105 [ALFpaka] [WARNING] Log_spec ignored when pcen is set (extractSTFT:84)
2024-07-17 15:29:29.106 [ALFpaka] [WARNING] Log_spec ignored when pcen is set (extractSTFT:84)
2024-07-17 15:29:29.106 [ALFpaka] [WARNING] Log_spec ignored when pcen is set (extractSTFT:84)
2024-07-17 15:29:29.103 [ALFpaka] [WARNING] Log_spec ignored when pcen is set (extractSTFT:84)
2024-07-17 15:29:29.115 [ALFpaka] [WARNING] Log_spec ignored when pcen is set (extractSTFT:84)
2024-07-17 15:29:29.115 [ALFpaka] [WARNING] Log_spec ignored when pcen is set (extractSTFT:84)
2024-07-17 15:29:29.117 [ALFpaka] [WARNING] Log_spec ignored when pcen is set (extractSTFT:84)
2024-07-17 15:29:29.117 [ALFpaka] [WARNING] Log_spec ignored when pcen is set (extractSTFT:84)
2024-07-17 15:29:29.118 [ALFpaka] [WARNING] Log_spec ignored when pcen is set (extractSTFT:84)
2024-07-17 15:29:29.118 [ALFpaka] [WARNING] Log_spec ignored when pcen is set (extractSTFT:84)
2024-07-17 15:29:29.117 [ALFpaka] [WARNING] Log_spec ignored when pcen is set (extractSTFT:84)
2024-07-17 15:29:29.120 [ALFpaka] [WARNING] Log_spec ignored when pcen is set (extractSTFT:84)
2024-07-17 15:29:29.117 [ALFpaka] [WARNING] Log_spec ignored when pcen is set (extractSTFT:84)
2024-07-17 15:29:29.118 [ALFpaka] [WARNING] Log_spec ignored when pcen is set (extractSTFT:84)
2024-07-17 15:29:29.119 [ALFpaka] [WARNING] Log_spec ignored when pcen is set (extractSTFT:84)
2024-07-17 15:29:29.119 [ALFpaka] [WARNING] Log_spec ignored when pcen is set (extractSTFT:84)
2024-07-17 15:29:29.106 [ALFpaka] [WARNING] Log_spec ignored when pcen is set (extractSTFT:84)
2024-07-17 15:29:29.131 [ALFpaka] [WARNING] Log_spec ignored when pcen is set (extractSTFT:84)
2024-07-17 15:29:29.131 [ALFpaka] [WARNING] Log_spec ignored when pcen is set (extractSTFT:84)
2024-07-17 15:29:29.106 [ALFpaka] [WARNING] Log_spec ignored when pcen is set (extractSTFT:84)
2024-07-17 15:29:31.193 [ALFpaka] [INFO] Extracting features for class germany-police with id 2 (extractAndAddFeaturesToDataset:69)
2024-07-17 15:29:32.010 [ALFpaka] [WARNING] Log_spec ignored when pcen is set (extractSTFT:84)
2024-07-17 15:29:32.016 [ALFpaka] [WARNING] Log_spec ignored when pcen is set (extractSTFT:84)
2024-07-17 15:29:32.016 [ALFpaka] [WARNING] Log_spec ignored when pcen is set (extractSTFT:84)
2024-07-17 15:29:32.016 [ALFpaka] [WARNING] Log_spec ignored when pcen is set (extractSTFT:84)
2024-07-17 15:29:32.016 [ALFpaka] [WARNING] Log_spec ignored when pcen is set (extractSTFT:84)
2024-07-17 15:29:32.016 [ALFpaka] [WARNING] Log_spec ignored when pcen is set (extractSTFT:84)
2024-07-17 15:29:32.016 [ALFpaka] [WARNING] Log_spec ignored when pcen is set (extractSTFT:84)
2024-07-17 15:29:32.017 [ALFpaka] [WARNING] Log_spec ignored when pcen is set (extractSTFT:84)
2024-07-17 15:29:32.017 [ALFpaka] [WARNING] Log_spec ignored when pcen is set (extractSTFT:84)
2024-07-17 15:29:32.017 [ALFpaka] [WARNING] Log_spec ignored when pcen is set (extractSTFT:84)
2024-07-17 15:29:32.017 [ALFpaka] [WARNING] Log_spec ignored when pcen is set (extractSTFT:84)
2024-07-17 15:29:32.017 [ALFpaka] [WARNING] Log_spec ignored when pcen is set (extractSTFT:84)
2024-07-17 15:29:32.017 [ALFpaka] [WARNING] Log_spec ignored when pcen is set (extractSTFT:84)
2024-07-17 15:29:32.018 [ALFpaka] [WARNING] Log_spec ignored when pcen is set (extractSTFT:84)
2024-07-17 15:29:32.018 [ALFpaka] [WARNING] Log_spec ignored when pcen is set (extractSTFT:84)
2024-07-17 15:29:32.018 [ALFpaka] [WARNING] Log_spec ignored when pcen is set (extractSTFT:84)
2024-07-17 15:29:32.018 [ALFpaka] [WARNING] Log_spec ignored when pcen is set (extractSTFT:84)
2024-07-17 15:29:32.018 [ALFpaka] [WARNING] Log_spec ignored when pcen is set (extractSTFT:84)
2024-07-17 15:29:32.019 [ALFpaka] [WARNING] Log_spec ignored when pcen is set (extractSTFT:84)
2024-07-17 15:29:32.018 [ALFpaka] [WARNING] Log_spec ignored when pcen is set (extractSTFT:84)
2024-07-17 15:29:32.019 [ALFpaka] [WARNING] Log_spec ignored when pcen is set (extractSTFT:84)
2024-07-17 15:29:32.019 [ALFpaka] [WARNING] Log_spec ignored when pcen is set (extractSTFT:84)
2024-07-17 15:29:32.019 [ALFpaka] [WARNING] Log_spec ignored when pcen is set (extractSTFT:84)
2024-07-17 15:29:32.019 [ALFpaka] [WARNING] Log_spec ignored when pcen is set (extractSTFT:84)
2024-07-17 15:29:32.020 [ALFpaka] [WARNING] Log_spec ignored when pcen is set (extractSTFT:84)
2024-07-17 15:29:32.020 [ALFpaka] [WARNING] Log_spec ignored when pcen is set (extractSTFT:84)
2024-07-17 15:29:32.020 [ALFpaka] [WARNING] Log_spec ignored when pcen is set (extractSTFT:84)
2024-07-17 15:29:32.020 [ALFpaka] [WARNING] Log_spec ignored when pcen is set (extractSTFT:84)
2024-07-17 15:29:32.020 [ALFpaka] [WARNING] Log_spec ignored when pcen is set (extractSTFT:84)
2024-07-17 15:29:32.021 [ALFpaka] [WARNING] Log_spec ignored when pcen is set (extractSTFT:84)
2024-07-17 15:29:32.021 [ALFpaka] [WARNING] Log_spec ignored when pcen is set (extractSTFT:84)
2024-07-17 15:29:33.904 [ALFpaka] [INFO] Extracting features for class germany-ambulance with id 0 (extractAndAddFeaturesToDataset:69)
2024-07-17 15:29:34.784 [ALFpaka] [WARNING] Log_spec ignored when pcen is set (extractSTFT:84)
2024-07-17 15:29:34.784 [ALFpaka] [WARNING] Log_spec ignored when pcen is set (extractSTFT:84)
2024-07-17 15:29:34.784 [ALFpaka] [WARNING] Log_spec ignored when pcen is set (extractSTFT:84)
2024-07-17 15:29:34.784 [ALFpaka] [WARNING] Log_spec ignored when pcen is set (extractSTFT:84)
2024-07-17 15:29:34.784 [ALFpaka] [WARNING] Log_spec ignored when pcen is set (extractSTFT:84)
2024-07-17 15:29:34.784 [ALFpaka] [WARNING] Log_spec ignored when pcen is set (extractSTFT:84)
2024-07-17 15:29:34.784 [ALFpaka] [WARNING] Log_spec ignored when pcen is set (extractSTFT:84)
2024-07-17 15:29:34.785 [ALFpaka] [WARNING] Log_spec ignored when pcen is set (extractSTFT:84)
2024-07-17 15:29:34.785 [ALFpaka] [WARNING] Log_spec ignored when pcen is set (extractSTFT:84)
2024-07-17 15:29:34.785 [ALFpaka] [WARNING] Log_spec ignored when pcen is set (extractSTFT:84)
2024-07-17 15:29:36.176 [ALFpaka] [INFO] Extracting features for class germany-firefighter with id 1 (extractAndAddFeaturesToDataset:69)
2024-07-17 15:29:37.032 [ALFpaka] [WARNING] Log_spec ignored when pcen is set (extractSTFT:84)
2024-07-17 15:29:37.032 [ALFpaka] [WARNING] Log_spec ignored when pcen is set (extractSTFT:84)
2024-07-17 15:29:37.032 [ALFpaka] [WARNING] Log_spec ignored when pcen is set (extractSTFT:84)
2024-07-17 15:29:37.032 [ALFpaka] [WARNING] Log_spec ignored when pcen is set (extractSTFT:84)
2024-07-17 15:29:37.033 [ALFpaka] [WARNING] Log_spec ignored when pcen is set (extractSTFT:84)
2024-07-17 15:29:37.033 [ALFpaka] [WARNING] Log_spec ignored when pcen is set (extractSTFT:84)
2024-07-17 15:29:37.033 [ALFpaka] [WARNING] Log_spec ignored when pcen is set (extractSTFT:84)
2024-07-17 15:29:37.033 [ALFpaka] [WARNING] Log_spec ignored when pcen is set (extractSTFT:84)
2024-07-17 15:29:37.034 [ALFpaka] [WARNING] Log_spec ignored when pcen is set (extractSTFT:84)
2024-07-17 15:29:37.034 [ALFpaka] [WARNING] Log_spec ignored when pcen is set (extractSTFT:84)
2024-07-17 15:29:38.510 [ALFpaka] [INFO] Extracting features for class germany-police with id 2 (extractAndAddFeaturesToDataset:69)
2024-07-17 15:29:39.347 [ALFpaka] [WARNING] Log_spec ignored when pcen is set (extractSTFT:84)
2024-07-17 15:29:39.347 [ALFpaka] [WARNING] Log_spec ignored when pcen is set (extractSTFT:84)
2024-07-17 15:29:39.347 [ALFpaka] [WARNING] Log_spec ignored when pcen is set (extractSTFT:84)
2024-07-17 15:29:39.348 [ALFpaka] [WARNING] Log_spec ignored when pcen is set (extractSTFT:84)
2024-07-17 15:29:39.348 [ALFpaka] [WARNING] Log_spec ignored when pcen is set (extractSTFT:84)
2024-07-17 15:29:39.348 [ALFpaka] [WARNING] Log_spec ignored when pcen is set (extractSTFT:84)
2024-07-17 15:29:39.348 [ALFpaka] [WARNING] Log_spec ignored when pcen is set (extractSTFT:84)
2024-07-17 15:29:39.348 [ALFpaka] [WARNING] Log_spec ignored when pcen is set (extractSTFT:84)
2024-07-17 15:29:39.348 [ALFpaka] [WARNING] Log_spec ignored when pcen is set (extractSTFT:84)
2024-07-17 15:29:39.349 [ALFpaka] [WARNING] Log_spec ignored when pcen is set (extractSTFT:84)
2024-07-17 15:29:41.237 [ALFpaka] [INFO] Training using one GPU (run_training:144)
2024-07-17 15:29:41.238 [ALFpaka] [INFO] --- training data --- (get_dataset_and_print_stats:76)
2024-07-17 15:29:41.238 [ALFpaka] [INFO] germany-ambulance number of files 31 (get_dataset_and_print_stats:81)
2024-07-17 15:29:41.239 [ALFpaka] [INFO] germany-firefighter number of files 31 (get_dataset_and_print_stats:81)
2024-07-17 15:29:41.239 [ALFpaka] [INFO] germany-police number of files 31 (get_dataset_and_print_stats:81)
2024-07-17 15:29:41.240 [ALFpaka] [INFO] --- test data --- (get_dataset_and_print_stats:76)
2024-07-17 15:29:41.240 [ALFpaka] [INFO] germany-ambulance number of files 10 (get_dataset_and_print_stats:81)
2024-07-17 15:29:41.240 [ALFpaka] [INFO] germany-firefighter number of files 10 (get_dataset_and_print_stats:81)
2024-07-17 15:29:41.240 [ALFpaka] [INFO] germany-police number of files 10 (get_dataset_and_print_stats:81)
2024-07-17 15:29:41.634 [ALFpaka] [INFO] --- training data size --- (print_feature_stats:109)
2024-07-17 15:29:41.634 [ALFpaka] [INFO] X shape --> (459, 64, 128, 2) (print_feature_stats:111)
2024-07-17 15:29:41.635 [ALFpaka] [INFO] Y shape --> (459, 3) (print_feature_stats:112)
2024-07-17 15:29:41.635 [ALFpaka] [INFO] number of features per frame 2 (print_feature_stats:119)
2024-07-17 15:29:41.635 [ALFpaka] [INFO] number of feature frames 459 (print_feature_stats:120)
2024-07-17 15:29:41.638 [ALFpaka] [INFO] ---------------- CV step 1 of 1 --------------- (run_training_per_cv_step:363)
2024-07-17 15:29:41.638 [ALFpaka] [WARNING] WARNING: No validation data found! (__train_model_per_cv_step:692)
2024-07-17 15:29:42.237 [ALFpaka] [INFO] Model summary: (__trainModelInternal:135)
2024-07-17 15:29:42.237 [ALFpaka] [INFO] Model: "res_net" (print_summary:185)
2024-07-17 15:29:42.237 [ALFpaka] [INFO] __________________________________________________________________________________________________ (print_summary:186)
2024-07-17 15:29:42.238 [ALFpaka] [INFO] Layer (type)                    Output Shape         Param #     Connected to                      (print_row:183)
2024-07-17 15:29:42.238 [ALFpaka] [INFO] ================================================================================================== (print_summary:188)
2024-07-17 15:29:42.238 [ALFpaka] [INFO] input_1 (InputLayer)            [(None, 64, 128, 2)] 0                                             (print_row:183)
2024-07-17 15:29:42.239 [ALFpaka] [INFO] __________________________________________________________________________________________________ (print_summary:258)
2024-07-17 15:29:42.239 [ALFpaka] [INFO] conv2d (Conv2D)                 (None, 32, 64, 64)   3200        input_1[0][0]                     (print_row:183)
2024-07-17 15:29:42.239 [ALFpaka] [INFO] __________________________________________________________________________________________________ (print_summary:258)
2024-07-17 15:29:42.240 [ALFpaka] [INFO] batch_normalization (BatchNorma (None, 32, 64, 64)   256         conv2d[0][0]                      (print_row:183)
2024-07-17 15:29:42.240 [ALFpaka] [INFO] __________________________________________________________________________________________________ (print_summary:258)
2024-07-17 15:29:42.241 [ALFpaka] [INFO] activation (Activation)         (None, 32, 64, 64)   0           batch_normalization[0][0]         (print_row:183)
2024-07-17 15:29:42.248 [ALFpaka] [INFO] __________________________________________________________________________________________________ (print_summary:258)
2024-07-17 15:29:42.249 [ALFpaka] [INFO] batch_normalization_1 (BatchNor (None, 32, 64, 64)   256         activation[0][0]                  (print_row:183)
2024-07-17 15:29:42.249 [ALFpaka] [INFO] __________________________________________________________________________________________________ (print_summary:258)
2024-07-17 15:29:42.249 [ALFpaka] [INFO] dropout (Dropout)               (None, 32, 64, 64)   0           batch_normalization_1[0][0]       (print_row:183)
2024-07-17 15:29:42.250 [ALFpaka] [INFO] __________________________________________________________________________________________________ (print_summary:258)
2024-07-17 15:29:42.250 [ALFpaka] [INFO] conv2d_1 (Conv2D)               (None, 32, 64, 64)   36864       dropout[0][0]                     (print_row:183)
2024-07-17 15:29:42.250 [ALFpaka] [INFO] __________________________________________________________________________________________________ (print_summary:258)
2024-07-17 15:29:42.250 [ALFpaka] [INFO] activation_1 (Activation)       (None, 32, 64, 64)   0           conv2d_1[0][0]                    (print_row:183)
2024-07-17 15:29:42.251 [ALFpaka] [INFO] __________________________________________________________________________________________________ (print_summary:258)
2024-07-17 15:29:42.251 [ALFpaka] [INFO] batch_normalization_2 (BatchNor (None, 32, 64, 64)   256         activation_1[0][0]                (print_row:183)
2024-07-17 15:29:42.251 [ALFpaka] [INFO] __________________________________________________________________________________________________ (print_summary:258)
2024-07-17 15:29:42.252 [ALFpaka] [INFO] dropout_1 (Dropout)             (None, 32, 64, 64)   0           batch_normalization_2[0][0]       (print_row:183)
2024-07-17 15:29:42.252 [ALFpaka] [INFO] __________________________________________________________________________________________________ (print_summary:258)
2024-07-17 15:29:42.252 [ALFpaka] [INFO] conv2d_2 (Conv2D)               (None, 32, 64, 64)   36864       dropout_1[0][0]                   (print_row:183)
2024-07-17 15:29:42.252 [ALFpaka] [INFO] __________________________________________________________________________________________________ (print_summary:258)
2024-07-17 15:29:42.253 [ALFpaka] [INFO] add (Add)                       (None, 32, 64, 64)   0           conv2d_2[0][0]                    (print_row:183)
2024-07-17 15:29:42.253 [ALFpaka] [INFO]                                                                  batch_normalization[0][0]         (print_row:183)
2024-07-17 15:29:42.253 [ALFpaka] [INFO] __________________________________________________________________________________________________ (print_summary:258)
2024-07-17 15:29:42.253 [ALFpaka] [INFO] average_pooling2d (AveragePooli (None, 16, 32, 64)   0           add[0][0]                         (print_row:183)
2024-07-17 15:29:42.254 [ALFpaka] [INFO] __________________________________________________________________________________________________ (print_summary:258)
2024-07-17 15:29:42.254 [ALFpaka] [INFO] activation_2 (Activation)       (None, 16, 32, 64)   0           average_pooling2d[0][0]           (print_row:183)
2024-07-17 15:29:42.254 [ALFpaka] [INFO] __________________________________________________________________________________________________ (print_summary:258)
2024-07-17 15:29:42.255 [ALFpaka] [INFO] batch_normalization_3 (BatchNor (None, 16, 32, 64)   256         activation_2[0][0]                (print_row:183)
2024-07-17 15:29:42.255 [ALFpaka] [INFO] __________________________________________________________________________________________________ (print_summary:258)
2024-07-17 15:29:42.255 [ALFpaka] [INFO] dropout_2 (Dropout)             (None, 16, 32, 64)   0           batch_normalization_3[0][0]       (print_row:183)
2024-07-17 15:29:42.255 [ALFpaka] [INFO] __________________________________________________________________________________________________ (print_summary:258)
2024-07-17 15:29:42.256 [ALFpaka] [INFO] conv2d_3 (Conv2D)               (None, 16, 32, 64)   36864       dropout_2[0][0]                   (print_row:183)
2024-07-17 15:29:42.256 [ALFpaka] [INFO] __________________________________________________________________________________________________ (print_summary:258)
2024-07-17 15:29:42.256 [ALFpaka] [INFO] activation_3 (Activation)       (None, 16, 32, 64)   0           conv2d_3[0][0]                    (print_row:183)
2024-07-17 15:29:42.256 [ALFpaka] [INFO] __________________________________________________________________________________________________ (print_summary:258)
2024-07-17 15:29:42.257 [ALFpaka] [INFO] batch_normalization_4 (BatchNor (None, 16, 32, 64)   256         activation_3[0][0]                (print_row:183)
2024-07-17 15:29:42.257 [ALFpaka] [INFO] __________________________________________________________________________________________________ (print_summary:258)
2024-07-17 15:29:42.257 [ALFpaka] [INFO] dropout_3 (Dropout)             (None, 16, 32, 64)   0           batch_normalization_4[0][0]       (print_row:183)
2024-07-17 15:29:42.258 [ALFpaka] [INFO] __________________________________________________________________________________________________ (print_summary:258)
2024-07-17 15:29:42.258 [ALFpaka] [INFO] conv2d_4 (Conv2D)               (None, 16, 32, 64)   4096        dropout_3[0][0]                   (print_row:183)
2024-07-17 15:29:42.258 [ALFpaka] [INFO] __________________________________________________________________________________________________ (print_summary:258)
2024-07-17 15:29:42.259 [ALFpaka] [INFO] add_1 (Add)                     (None, 16, 32, 64)   0           conv2d_4[0][0]                    (print_row:183)
2024-07-17 15:29:42.259 [ALFpaka] [INFO]                                                                  average_pooling2d[0][0]           (print_row:183)
2024-07-17 15:29:42.259 [ALFpaka] [INFO] __________________________________________________________________________________________________ (print_summary:258)
2024-07-17 15:29:42.259 [ALFpaka] [INFO] average_pooling2d_1 (AveragePoo (None, 8, 16, 64)    0           add_1[0][0]                       (print_row:183)
2024-07-17 15:29:42.259 [ALFpaka] [INFO] __________________________________________________________________________________________________ (print_summary:258)
2024-07-17 15:29:42.260 [ALFpaka] [INFO] activation_4 (Activation)       (None, 8, 16, 64)    0           average_pooling2d_1[0][0]         (print_row:183)
2024-07-17 15:29:42.260 [ALFpaka] [INFO] __________________________________________________________________________________________________ (print_summary:258)
2024-07-17 15:29:42.260 [ALFpaka] [INFO] batch_normalization_5 (BatchNor (None, 8, 16, 64)    256         activation_4[0][0]                (print_row:183)
2024-07-17 15:29:42.261 [ALFpaka] [INFO] __________________________________________________________________________________________________ (print_summary:258)
2024-07-17 15:29:42.261 [ALFpaka] [INFO] dropout_4 (Dropout)             (None, 8, 16, 64)    0           batch_normalization_5[0][0]       (print_row:183)
2024-07-17 15:29:42.261 [ALFpaka] [INFO] __________________________________________________________________________________________________ (print_summary:258)
2024-07-17 15:29:42.261 [ALFpaka] [INFO] conv2d_5 (Conv2D)               (None, 8, 16, 64)    36864       dropout_4[0][0]                   (print_row:183)
2024-07-17 15:29:42.262 [ALFpaka] [INFO] __________________________________________________________________________________________________ (print_summary:258)
2024-07-17 15:29:42.262 [ALFpaka] [INFO] activation_5 (Activation)       (None, 8, 16, 64)    0           conv2d_5[0][0]                    (print_row:183)
2024-07-17 15:29:42.262 [ALFpaka] [INFO] __________________________________________________________________________________________________ (print_summary:258)
2024-07-17 15:29:42.263 [ALFpaka] [INFO] batch_normalization_6 (BatchNor (None, 8, 16, 64)    256         activation_5[0][0]                (print_row:183)
2024-07-17 15:29:42.264 [ALFpaka] [INFO] __________________________________________________________________________________________________ (print_summary:258)
2024-07-17 15:29:42.264 [ALFpaka] [INFO] dropout_5 (Dropout)             (None, 8, 16, 64)    0           batch_normalization_6[0][0]       (print_row:183)
2024-07-17 15:29:42.265 [ALFpaka] [INFO] __________________________________________________________________________________________________ (print_summary:258)
2024-07-17 15:29:42.265 [ALFpaka] [INFO] conv2d_6 (Conv2D)               (None, 8, 16, 64)    36864       dropout_5[0][0]                   (print_row:183)
2024-07-17 15:29:42.265 [ALFpaka] [INFO] __________________________________________________________________________________________________ (print_summary:258)
2024-07-17 15:29:42.265 [ALFpaka] [INFO] add_2 (Add)                     (None, 8, 16, 64)    0           conv2d_6[0][0]                    (print_row:183)
2024-07-17 15:29:42.265 [ALFpaka] [INFO]                                                                  average_pooling2d_1[0][0]         (print_row:183)
2024-07-17 15:29:42.265 [ALFpaka] [INFO] __________________________________________________________________________________________________ (print_summary:258)
2024-07-17 15:29:42.266 [ALFpaka] [INFO] activation_6 (Activation)       (None, 8, 16, 64)    0           add_2[0][0]                       (print_row:183)
2024-07-17 15:29:42.266 [ALFpaka] [INFO] __________________________________________________________________________________________________ (print_summary:258)
2024-07-17 15:29:42.266 [ALFpaka] [INFO] batch_normalization_7 (BatchNor (None, 8, 16, 64)    256         activation_6[0][0]                (print_row:183)
2024-07-17 15:29:42.266 [ALFpaka] [INFO] __________________________________________________________________________________________________ (print_summary:258)
2024-07-17 15:29:42.266 [ALFpaka] [INFO] dropout_6 (Dropout)             (None, 8, 16, 64)    0           batch_normalization_7[0][0]       (print_row:183)
2024-07-17 15:29:42.266 [ALFpaka] [INFO] __________________________________________________________________________________________________ (print_summary:258)
2024-07-17 15:29:42.267 [ALFpaka] [INFO] conv2d_7 (Conv2D)               (None, 8, 16, 128)   73728       dropout_6[0][0]                   (print_row:183)
2024-07-17 15:29:42.267 [ALFpaka] [INFO] __________________________________________________________________________________________________ (print_summary:258)
2024-07-17 15:29:42.267 [ALFpaka] [INFO] activation_7 (Activation)       (None, 8, 16, 128)   0           conv2d_7[0][0]                    (print_row:183)
2024-07-17 15:29:42.267 [ALFpaka] [INFO] __________________________________________________________________________________________________ (print_summary:258)
2024-07-17 15:29:42.267 [ALFpaka] [INFO] batch_normalization_8 (BatchNor (None, 8, 16, 128)   512         activation_7[0][0]                (print_row:183)
2024-07-17 15:29:42.268 [ALFpaka] [INFO] __________________________________________________________________________________________________ (print_summary:258)
2024-07-17 15:29:42.268 [ALFpaka] [INFO] dropout_7 (Dropout)             (None, 8, 16, 128)   0           batch_normalization_8[0][0]       (print_row:183)
2024-07-17 15:29:42.268 [ALFpaka] [INFO] __________________________________________________________________________________________________ (print_summary:258)
2024-07-17 15:29:42.268 [ALFpaka] [INFO] conv2d_8 (Conv2D)               (None, 8, 16, 128)   16384       dropout_7[0][0]                   (print_row:183)
2024-07-17 15:29:42.269 [ALFpaka] [INFO] __________________________________________________________________________________________________ (print_summary:258)
2024-07-17 15:29:42.269 [ALFpaka] [INFO] conv2d_9 (Conv2D)               (None, 8, 16, 128)   8192        add_2[0][0]                       (print_row:183)
2024-07-17 15:29:42.269 [ALFpaka] [INFO] __________________________________________________________________________________________________ (print_summary:258)
2024-07-17 15:29:42.270 [ALFpaka] [INFO] add_3 (Add)                     (None, 8, 16, 128)   0           conv2d_8[0][0]                    (print_row:183)
2024-07-17 15:29:42.270 [ALFpaka] [INFO]                                                                  conv2d_9[0][0]                    (print_row:183)
2024-07-17 15:29:42.270 [ALFpaka] [INFO] __________________________________________________________________________________________________ (print_summary:258)
2024-07-17 15:29:42.270 [ALFpaka] [INFO] average_pooling2d_2 (AveragePoo (None, 4, 8, 128)    0           add_3[0][0]                       (print_row:183)
2024-07-17 15:29:42.271 [ALFpaka] [INFO] __________________________________________________________________________________________________ (print_summary:258)
2024-07-17 15:29:42.271 [ALFpaka] [INFO] activation_8 (Activation)       (None, 4, 8, 128)    0           average_pooling2d_2[0][0]         (print_row:183)
2024-07-17 15:29:42.271 [ALFpaka] [INFO] __________________________________________________________________________________________________ (print_summary:258)
2024-07-17 15:29:42.272 [ALFpaka] [INFO] batch_normalization_9 (BatchNor (None, 4, 8, 128)    512         activation_8[0][0]                (print_row:183)
2024-07-17 15:29:42.272 [ALFpaka] [INFO] __________________________________________________________________________________________________ (print_summary:258)
2024-07-17 15:29:42.272 [ALFpaka] [INFO] dropout_8 (Dropout)             (None, 4, 8, 128)    0           batch_normalization_9[0][0]       (print_row:183)
2024-07-17 15:29:42.272 [ALFpaka] [INFO] __________________________________________________________________________________________________ (print_summary:258)
2024-07-17 15:29:42.273 [ALFpaka] [INFO] conv2d_10 (Conv2D)              (None, 4, 8, 256)    32768       dropout_8[0][0]                   (print_row:183)
2024-07-17 15:29:42.273 [ALFpaka] [INFO] __________________________________________________________________________________________________ (print_summary:258)
2024-07-17 15:29:42.273 [ALFpaka] [INFO] activation_9 (Activation)       (None, 4, 8, 256)    0           conv2d_10[0][0]                   (print_row:183)
2024-07-17 15:29:42.274 [ALFpaka] [INFO] __________________________________________________________________________________________________ (print_summary:258)
2024-07-17 15:29:42.274 [ALFpaka] [INFO] batch_normalization_10 (BatchNo (None, 4, 8, 256)    1024        activation_9[0][0]                (print_row:183)
2024-07-17 15:29:42.275 [ALFpaka] [INFO] __________________________________________________________________________________________________ (print_summary:258)
2024-07-17 15:29:42.275 [ALFpaka] [INFO] dropout_9 (Dropout)             (None, 4, 8, 256)    0           batch_normalization_10[0][0]      (print_row:183)
2024-07-17 15:29:42.275 [ALFpaka] [INFO] __________________________________________________________________________________________________ (print_summary:258)
2024-07-17 15:29:42.276 [ALFpaka] [INFO] conv2d_11 (Conv2D)              (None, 4, 8, 256)    65536       dropout_9[0][0]                   (print_row:183)
2024-07-17 15:29:42.276 [ALFpaka] [INFO] __________________________________________________________________________________________________ (print_summary:258)
2024-07-17 15:29:42.276 [ALFpaka] [INFO] conv2d_12 (Conv2D)              (None, 4, 8, 256)    32768       average_pooling2d_2[0][0]         (print_row:183)
2024-07-17 15:29:42.276 [ALFpaka] [INFO] __________________________________________________________________________________________________ (print_summary:258)
2024-07-17 15:29:42.277 [ALFpaka] [INFO] add_4 (Add)                     (None, 4, 8, 256)    0           conv2d_11[0][0]                   (print_row:183)
2024-07-17 15:29:42.277 [ALFpaka] [INFO]                                                                  conv2d_12[0][0]                   (print_row:183)
2024-07-17 15:29:42.277 [ALFpaka] [INFO] __________________________________________________________________________________________________ (print_summary:258)
2024-07-17 15:29:42.277 [ALFpaka] [INFO] global_average_pooling2d (Globa (None, 256)          0           add_4[0][0]                       (print_row:183)
2024-07-17 15:29:42.277 [ALFpaka] [INFO] __________________________________________________________________________________________________ (print_summary:258)
2024-07-17 15:29:42.278 [ALFpaka] [INFO] dense (Dense)                   (None, 3)            771         global_average_pooling2d[0][0]    (print_row:183)
2024-07-17 15:29:42.278 [ALFpaka] [INFO] ================================================================================================== (print_summary:256)
2024-07-17 15:29:42.281 [ALFpaka] [INFO] Total params: 425,859 (print_summary:267)
2024-07-17 15:29:42.281 [ALFpaka] [INFO] Trainable params: 423,811 (print_summary:268)
2024-07-17 15:29:42.281 [ALFpaka] [INFO] Non-trainable params: 2,048 (print_summary:269)
2024-07-17 15:29:42.281 [ALFpaka] [INFO] __________________________________________________________________________________________________ (print_summary:270)
2024-07-17 15:29:42.282 [ALFpaka] [WARNING] No validation data set! (__trainModelInternal:188)
2024-07-17 16:39:02.002 [ALFpaka] [INFO] Elapsed training time for cv_step ==> 01:09:20 (print_training_time:334)
2024-07-17 16:39:02.003 [ALFpaka] [INFO] --- test data size --- (print_feature_stats:109)
2024-07-17 16:39:02.003 [ALFpaka] [INFO] X shape --> (510, 64, 128, 2) (print_feature_stats:111)
2024-07-17 16:39:02.003 [ALFpaka] [INFO] Y shape --> (510, 3) (print_feature_stats:112)
2024-07-17 16:39:02.004 [ALFpaka] [INFO] number of features per frame 2 (print_feature_stats:119)
2024-07-17 16:39:02.004 [ALFpaka] [INFO] number of feature frames 510 (print_feature_stats:120)
2024-07-17 16:39:10.667 [ALFpaka] [INFO] --- Evaluation results framewise_cv_step_1 --- (evaluate_results_with_conf_matrix_and_acc:498)
2024-07-17 16:39:10.668 [ALFpaka] [INFO] framewise_cv_step_1 accuracy (unweighted): 0.2627450980392157 (evaluate_results_with_conf_matrix_and_acc:500)
2024-07-17 16:39:10.670 [ALFpaka] [INFO] 
framewise_cv_step_1 confusion Matrix in %: 
[[ 13.86  63.37  22.77]
 [ 50.54  42.47  6.99]
 [ 32.29  49.33  18.39]] (log_confusion_matrix:521)
2024-07-17 16:39:10.670 [ALFpaka] [INFO] framewise_cv_step_1 mean class accuracy: 24.91 % (log_confusion_matrix:522)
2024-07-17 16:39:10.692 [ALFpaka] [INFO] --- Evaluation results filewise_cv_step_1 --- (evaluate_results_with_conf_matrix_and_acc:498)
2024-07-17 16:39:10.693 [ALFpaka] [INFO] filewise_cv_step_1 accuracy (unweighted): 0.2 (evaluate_results_with_conf_matrix_and_acc:500)
2024-07-17 16:39:10.694 [ALFpaka] [INFO] 
filewise_cv_step_1 confusion Matrix in %: 
[[ 10.00  70.00  20.00]
 [ 60.00  40.00  0.00]
 [ 30.00  60.00  10.00]] (log_confusion_matrix:521)
2024-07-17 16:39:10.694 [ALFpaka] [INFO] filewise_cv_step_1 mean class accuracy: 20.0 % (log_confusion_matrix:522)
2024-07-17 16:39:10.706 [ALFpaka] [INFO] 
--- Final results after 1 iterations ---
Frame acc mean:       0.262745098039
Frame acc stdev:      0.000000000000
File acc mean:        0.200000000000
File acc stdev:       0.000000000000
Highest file acc:     0.200000000000 (seed = 1)
Lowest file acc:      0.200000000000 (seed = 1)
 (print_results:200)
2024-07-17 16:39:10.707 [ALFpaka] [INFO] Mean Confusion Matrix (framewise): 
[[ 13.86  63.37  22.77]
 [ 50.54  42.47  6.99]
 [ 32.29  49.33  18.39]] (log_final_confusion_matrices:237)
2024-07-17 16:39:10.708 [ALFpaka] [INFO] Mean Confusion Matrix (filewise): 
[[ 10.00  70.00  20.00]
 [ 60.00  40.00  0.00]
 [ 30.00  60.00  10.00]] (log_final_confusion_matrices:242)
2024-07-17 16:39:10.713 [ALFpaka] [INFO] Elapsed training time for whole training ==> 01:09:45 (print_training_time:334)
2024-07-17 16:39:10.717 [ALFpaka] [INFO] Plotting Confusion Matrices ...  (plot_confusion_matrices:476)
2024-07-17 16:39:14.652 [ALFpaka] [INFO] Plotting Confusion Matrices ...  (plot_confusion_matrices:476)
2024-07-17 16:39:21.868 [ALFpaka] [WARNING] No GIT in PATH variables ([Errno 2] No such file or directory: '.git': '.git') (get_git_version:24)
2024-07-17 16:39:21.873 [ALFpaka] [INFO] ... FINISH TRAINING ... (__training_session:96)
2024-07-17 16:39:21.874 [ALFpaka] [INFO] Closing session ...  (__training_session:105)
