2025-04-18 18:15:45.476 [ALFpaka] [INFO] ... START TRAINING ... (__training_session:88)
2025-04-18 18:15:45.476 [ALFpaka] [INFO] Start-Time: 1744992945.4762695 (run_training:126)
2025-04-18 18:15:45.476 [ALFpaka] [INFO] germany-ambulance with id 0 (print_class_to_id:153)
2025-04-18 18:15:45.476 [ALFpaka] [INFO] germany-firefighter with id 1 (print_class_to_id:153)
2025-04-18 18:15:45.476 [ALFpaka] [INFO] germany-police with id 2 (print_class_to_id:153)
2025-04-18 18:15:45.481 [ALFpaka] [INFO] ------ Extracting features ------ (extractAllFeatures:34)
2025-04-18 18:15:45.895 [ALFpaka] [INFO] Extracting features for class germany-ambulance with id 0 (extractAndAddFeaturesToDataset:69)
2025-04-18 18:15:46.231 [ALFpaka] [WARNING] Log_spec ignored when pcen is set (extractSTFT:84)
2025-04-18 18:15:46.231 [ALFpaka] [WARNING] Log_spec ignored when pcen is set (extractSTFT:84)
2025-04-18 18:15:46.231 [ALFpaka] [WARNING] Log_spec ignored when pcen is set (extractSTFT:84)
2025-04-18 18:15:46.231 [ALFpaka] [WARNING] Log_spec ignored when pcen is set (extractSTFT:84)
2025-04-18 18:15:46.231 [ALFpaka] [WARNING] Log_spec ignored when pcen is set (extractSTFT:84)
2025-04-18 18:15:46.231 [ALFpaka] [WARNING] Log_spec ignored when pcen is set (extractSTFT:84)
2025-04-18 18:15:46.231 [ALFpaka] [WARNING] Log_spec ignored when pcen is set (extractSTFT:84)
2025-04-18 18:15:46.232 [ALFpaka] [WARNING] Log_spec ignored when pcen is set (extractSTFT:84)
2025-04-18 18:15:46.232 [ALFpaka] [WARNING] Log_spec ignored when pcen is set (extractSTFT:84)
2025-04-18 18:15:46.232 [ALFpaka] [WARNING] Log_spec ignored when pcen is set (extractSTFT:84)
2025-04-18 18:15:46.232 [ALFpaka] [WARNING] Log_spec ignored when pcen is set (extractSTFT:84)
2025-04-18 18:15:46.232 [ALFpaka] [WARNING] Log_spec ignored when pcen is set (extractSTFT:84)
2025-04-18 18:15:46.232 [ALFpaka] [WARNING] Log_spec ignored when pcen is set (extractSTFT:84)
2025-04-18 18:15:46.232 [ALFpaka] [WARNING] Log_spec ignored when pcen is set (extractSTFT:84)
2025-04-18 18:15:46.232 [ALFpaka] [WARNING] Log_spec ignored when pcen is set (extractSTFT:84)
2025-04-18 18:15:46.233 [ALFpaka] [WARNING] Log_spec ignored when pcen is set (extractSTFT:84)
2025-04-18 18:15:46.233 [ALFpaka] [WARNING] Log_spec ignored when pcen is set (extractSTFT:84)
2025-04-18 18:15:46.233 [ALFpaka] [WARNING] Log_spec ignored when pcen is set (extractSTFT:84)
2025-04-18 18:15:46.233 [ALFpaka] [WARNING] Log_spec ignored when pcen is set (extractSTFT:84)
2025-04-18 18:15:46.233 [ALFpaka] [WARNING] Log_spec ignored when pcen is set (extractSTFT:84)
2025-04-18 18:15:46.233 [ALFpaka] [WARNING] Log_spec ignored when pcen is set (extractSTFT:84)
2025-04-18 18:15:46.233 [ALFpaka] [WARNING] Log_spec ignored when pcen is set (extractSTFT:84)
2025-04-18 18:15:46.233 [ALFpaka] [WARNING] Log_spec ignored when pcen is set (extractSTFT:84)
2025-04-18 18:15:46.234 [ALFpaka] [WARNING] Log_spec ignored when pcen is set (extractSTFT:84)
2025-04-18 18:15:46.234 [ALFpaka] [WARNING] Log_spec ignored when pcen is set (extractSTFT:84)
2025-04-18 18:15:46.234 [ALFpaka] [WARNING] Log_spec ignored when pcen is set (extractSTFT:84)
2025-04-18 18:15:46.234 [ALFpaka] [WARNING] Log_spec ignored when pcen is set (extractSTFT:84)
2025-04-18 18:15:46.234 [ALFpaka] [WARNING] Log_spec ignored when pcen is set (extractSTFT:84)
2025-04-18 18:15:46.234 [ALFpaka] [WARNING] Log_spec ignored when pcen is set (extractSTFT:84)
2025-04-18 18:15:46.234 [ALFpaka] [WARNING] Log_spec ignored when pcen is set (extractSTFT:84)
2025-04-18 18:15:46.234 [ALFpaka] [WARNING] Log_spec ignored when pcen is set (extractSTFT:84)
2025-04-18 18:15:46.235 [ALFpaka] [WARNING] Log_spec ignored when pcen is set (extractSTFT:84)
2025-04-18 18:15:46.235 [ALFpaka] [WARNING] Log_spec ignored when pcen is set (extractSTFT:84)
2025-04-18 18:15:46.235 [ALFpaka] [WARNING] Log_spec ignored when pcen is set (extractSTFT:84)
2025-04-18 18:15:46.235 [ALFpaka] [WARNING] Log_spec ignored when pcen is set (extractSTFT:84)
2025-04-18 18:15:46.235 [ALFpaka] [WARNING] Log_spec ignored when pcen is set (extractSTFT:84)
2025-04-18 18:15:46.235 [ALFpaka] [WARNING] Log_spec ignored when pcen is set (extractSTFT:84)
2025-04-18 18:15:46.235 [ALFpaka] [WARNING] Log_spec ignored when pcen is set (extractSTFT:84)
2025-04-18 18:15:46.235 [ALFpaka] [WARNING] Log_spec ignored when pcen is set (extractSTFT:84)
2025-04-18 18:15:46.236 [ALFpaka] [WARNING] Log_spec ignored when pcen is set (extractSTFT:84)
2025-04-18 18:15:46.236 [ALFpaka] [WARNING] Log_spec ignored when pcen is set (extractSTFT:84)
2025-04-18 18:15:46.236 [ALFpaka] [WARNING] Log_spec ignored when pcen is set (extractSTFT:84)
2025-04-18 18:15:46.236 [ALFpaka] [WARNING] Log_spec ignored when pcen is set (extractSTFT:84)
2025-04-18 18:15:46.236 [ALFpaka] [WARNING] Log_spec ignored when pcen is set (extractSTFT:84)
2025-04-18 18:15:46.236 [ALFpaka] [WARNING] Log_spec ignored when pcen is set (extractSTFT:84)
2025-04-18 18:15:46.236 [ALFpaka] [WARNING] Log_spec ignored when pcen is set (extractSTFT:84)
2025-04-18 18:15:46.236 [ALFpaka] [WARNING] Log_spec ignored when pcen is set (extractSTFT:84)
2025-04-18 18:15:46.236 [ALFpaka] [WARNING] Log_spec ignored when pcen is set (extractSTFT:84)
2025-04-18 18:15:46.455 [ALFpaka] [WARNING] Log_spec ignored when pcen is set (extractSTFT:84)
2025-04-18 18:15:46.456 [ALFpaka] [WARNING] Log_spec ignored when pcen is set (extractSTFT:84)
2025-04-18 18:15:46.465 [ALFpaka] [WARNING] Log_spec ignored when pcen is set (extractSTFT:84)
2025-04-18 18:15:46.466 [ALFpaka] [WARNING] Log_spec ignored when pcen is set (extractSTFT:84)
2025-04-18 18:15:46.474 [ALFpaka] [WARNING] Log_spec ignored when pcen is set (extractSTFT:84)
2025-04-18 18:15:46.475 [ALFpaka] [WARNING] Log_spec ignored when pcen is set (extractSTFT:84)
2025-04-18 18:15:46.475 [ALFpaka] [WARNING] Log_spec ignored when pcen is set (extractSTFT:84)
2025-04-18 18:15:46.476 [ALFpaka] [WARNING] Log_spec ignored when pcen is set (extractSTFT:84)
2025-04-18 18:15:46.479 [ALFpaka] [WARNING] Log_spec ignored when pcen is set (extractSTFT:84)
2025-04-18 18:15:46.479 [ALFpaka] [WARNING] Log_spec ignored when pcen is set (extractSTFT:84)
2025-04-18 18:15:46.480 [ALFpaka] [WARNING] Log_spec ignored when pcen is set (extractSTFT:84)
2025-04-18 18:15:46.480 [ALFpaka] [WARNING] Log_spec ignored when pcen is set (extractSTFT:84)
2025-04-18 18:15:46.481 [ALFpaka] [WARNING] Log_spec ignored when pcen is set (extractSTFT:84)
2025-04-18 18:15:46.481 [ALFpaka] [WARNING] Log_spec ignored when pcen is set (extractSTFT:84)
2025-04-18 18:15:46.481 [ALFpaka] [WARNING] Log_spec ignored when pcen is set (extractSTFT:84)
2025-04-18 18:15:46.482 [ALFpaka] [WARNING] Log_spec ignored when pcen is set (extractSTFT:84)
2025-04-18 18:15:46.482 [ALFpaka] [WARNING] Log_spec ignored when pcen is set (extractSTFT:84)
2025-04-18 18:15:46.483 [ALFpaka] [WARNING] Log_spec ignored when pcen is set (extractSTFT:84)
2025-04-18 18:15:46.485 [ALFpaka] [WARNING] Log_spec ignored when pcen is set (extractSTFT:84)
2025-04-18 18:15:46.485 [ALFpaka] [WARNING] Log_spec ignored when pcen is set (extractSTFT:84)
2025-04-18 18:15:46.487 [ALFpaka] [WARNING] Log_spec ignored when pcen is set (extractSTFT:84)
2025-04-18 18:15:46.488 [ALFpaka] [WARNING] Log_spec ignored when pcen is set (extractSTFT:84)
2025-04-18 18:15:46.495 [ALFpaka] [WARNING] Log_spec ignored when pcen is set (extractSTFT:84)
2025-04-18 18:15:46.496 [ALFpaka] [WARNING] Log_spec ignored when pcen is set (extractSTFT:84)
2025-04-18 18:15:46.496 [ALFpaka] [WARNING] Log_spec ignored when pcen is set (extractSTFT:84)
2025-04-18 18:15:46.497 [ALFpaka] [WARNING] Log_spec ignored when pcen is set (extractSTFT:84)
2025-04-18 18:15:46.497 [ALFpaka] [WARNING] Log_spec ignored when pcen is set (extractSTFT:84)
2025-04-18 18:15:46.497 [ALFpaka] [WARNING] Log_spec ignored when pcen is set (extractSTFT:84)
2025-04-18 18:15:46.504 [ALFpaka] [WARNING] Log_spec ignored when pcen is set (extractSTFT:84)
2025-04-18 18:15:46.513 [ALFpaka] [WARNING] Log_spec ignored when pcen is set (extractSTFT:84)
2025-04-18 18:15:46.514 [ALFpaka] [WARNING] Log_spec ignored when pcen is set (extractSTFT:84)
2025-04-18 18:15:46.514 [ALFpaka] [WARNING] Log_spec ignored when pcen is set (extractSTFT:84)
2025-04-18 18:15:46.514 [ALFpaka] [WARNING] Log_spec ignored when pcen is set (extractSTFT:84)
2025-04-18 18:15:46.515 [ALFpaka] [WARNING] Log_spec ignored when pcen is set (extractSTFT:84)
2025-04-18 18:15:46.524 [ALFpaka] [WARNING] Log_spec ignored when pcen is set (extractSTFT:84)
2025-04-18 18:15:46.525 [ALFpaka] [WARNING] Log_spec ignored when pcen is set (extractSTFT:84)
2025-04-18 18:15:46.525 [ALFpaka] [WARNING] Log_spec ignored when pcen is set (extractSTFT:84)
2025-04-18 18:15:46.526 [ALFpaka] [WARNING] Log_spec ignored when pcen is set (extractSTFT:84)
2025-04-18 18:15:46.526 [ALFpaka] [WARNING] Log_spec ignored when pcen is set (extractSTFT:84)
2025-04-18 18:15:46.533 [ALFpaka] [WARNING] Log_spec ignored when pcen is set (extractSTFT:84)
2025-04-18 18:15:46.533 [ALFpaka] [WARNING] Log_spec ignored when pcen is set (extractSTFT:84)
2025-04-18 18:15:46.534 [ALFpaka] [WARNING] Log_spec ignored when pcen is set (extractSTFT:84)
2025-04-18 18:15:46.535 [ALFpaka] [WARNING] Log_spec ignored when pcen is set (extractSTFT:84)
2025-04-18 18:15:46.535 [ALFpaka] [WARNING] Log_spec ignored when pcen is set (extractSTFT:84)
2025-04-18 18:15:46.535 [ALFpaka] [WARNING] Log_spec ignored when pcen is set (extractSTFT:84)
2025-04-18 18:15:46.537 [ALFpaka] [WARNING] Log_spec ignored when pcen is set (extractSTFT:84)
2025-04-18 18:15:46.537 [ALFpaka] [WARNING] Log_spec ignored when pcen is set (extractSTFT:84)
2025-04-18 18:15:46.540 [ALFpaka] [WARNING] Log_spec ignored when pcen is set (extractSTFT:84)
2025-04-18 18:15:46.540 [ALFpaka] [WARNING] Log_spec ignored when pcen is set (extractSTFT:84)
2025-04-18 18:15:46.541 [ALFpaka] [WARNING] Log_spec ignored when pcen is set (extractSTFT:84)
2025-04-18 18:15:46.549 [ALFpaka] [WARNING] Log_spec ignored when pcen is set (extractSTFT:84)
2025-04-18 18:15:46.551 [ALFpaka] [WARNING] Log_spec ignored when pcen is set (extractSTFT:84)
2025-04-18 18:15:46.551 [ALFpaka] [WARNING] Log_spec ignored when pcen is set (extractSTFT:84)
2025-04-18 18:15:46.551 [ALFpaka] [WARNING] Log_spec ignored when pcen is set (extractSTFT:84)
2025-04-18 18:15:46.566 [ALFpaka] [WARNING] Log_spec ignored when pcen is set (extractSTFT:84)
2025-04-18 18:15:46.566 [ALFpaka] [WARNING] Log_spec ignored when pcen is set (extractSTFT:84)
2025-04-18 18:15:46.566 [ALFpaka] [WARNING] Log_spec ignored when pcen is set (extractSTFT:84)
2025-04-18 18:15:46.567 [ALFpaka] [WARNING] Log_spec ignored when pcen is set (extractSTFT:84)
2025-04-18 18:15:46.568 [ALFpaka] [WARNING] Log_spec ignored when pcen is set (extractSTFT:84)
2025-04-18 18:15:46.569 [ALFpaka] [WARNING] Log_spec ignored when pcen is set (extractSTFT:84)
2025-04-18 18:15:46.569 [ALFpaka] [WARNING] Log_spec ignored when pcen is set (extractSTFT:84)
2025-04-18 18:15:46.570 [ALFpaka] [WARNING] Log_spec ignored when pcen is set (extractSTFT:84)
2025-04-18 18:15:46.571 [ALFpaka] [WARNING] Log_spec ignored when pcen is set (extractSTFT:84)
2025-04-18 18:15:46.572 [ALFpaka] [WARNING] Log_spec ignored when pcen is set (extractSTFT:84)
2025-04-18 18:15:46.573 [ALFpaka] [WARNING] Log_spec ignored when pcen is set (extractSTFT:84)
2025-04-18 18:15:46.574 [ALFpaka] [WARNING] Log_spec ignored when pcen is set (extractSTFT:84)
2025-04-18 18:15:46.574 [ALFpaka] [WARNING] Log_spec ignored when pcen is set (extractSTFT:84)
2025-04-18 18:15:46.582 [ALFpaka] [WARNING] Log_spec ignored when pcen is set (extractSTFT:84)
2025-04-18 18:15:46.582 [ALFpaka] [WARNING] Log_spec ignored when pcen is set (extractSTFT:84)
2025-04-18 18:15:46.589 [ALFpaka] [WARNING] Log_spec ignored when pcen is set (extractSTFT:84)
2025-04-18 18:15:46.589 [ALFpaka] [WARNING] Log_spec ignored when pcen is set (extractSTFT:84)
2025-04-18 18:15:46.610 [ALFpaka] [WARNING] Log_spec ignored when pcen is set (extractSTFT:84)
2025-04-18 18:15:46.610 [ALFpaka] [WARNING] Log_spec ignored when pcen is set (extractSTFT:84)
2025-04-18 18:15:46.611 [ALFpaka] [WARNING] Log_spec ignored when pcen is set (extractSTFT:84)
2025-04-18 18:15:46.612 [ALFpaka] [WARNING] Log_spec ignored when pcen is set (extractSTFT:84)
2025-04-18 18:15:46.613 [ALFpaka] [WARNING] Log_spec ignored when pcen is set (extractSTFT:84)
2025-04-18 18:15:46.755 [ALFpaka] [INFO] Extracting features for class germany-firefighter with id 1 (extractAndAddFeaturesToDataset:69)
2025-04-18 18:15:47.090 [ALFpaka] [WARNING] Log_spec ignored when pcen is set (extractSTFT:84)
2025-04-18 18:15:47.090 [ALFpaka] [WARNING] Log_spec ignored when pcen is set (extractSTFT:84)
2025-04-18 18:15:47.090 [ALFpaka] [WARNING] Log_spec ignored when pcen is set (extractSTFT:84)
2025-04-18 18:15:47.090 [ALFpaka] [WARNING] Log_spec ignored when pcen is set (extractSTFT:84)
2025-04-18 18:15:47.090 [ALFpaka] [WARNING] Log_spec ignored when pcen is set (extractSTFT:84)
2025-04-18 18:15:47.091 [ALFpaka] [WARNING] Log_spec ignored when pcen is set (extractSTFT:84)
2025-04-18 18:15:47.091 [ALFpaka] [WARNING] Log_spec ignored when pcen is set (extractSTFT:84)
2025-04-18 18:15:47.091 [ALFpaka] [WARNING] Log_spec ignored when pcen is set (extractSTFT:84)
2025-04-18 18:15:47.091 [ALFpaka] [WARNING] Log_spec ignored when pcen is set (extractSTFT:84)
2025-04-18 18:15:47.091 [ALFpaka] [WARNING] Log_spec ignored when pcen is set (extractSTFT:84)
2025-04-18 18:15:47.091 [ALFpaka] [WARNING] Log_spec ignored when pcen is set (extractSTFT:84)
2025-04-18 18:15:47.091 [ALFpaka] [WARNING] Log_spec ignored when pcen is set (extractSTFT:84)
2025-04-18 18:15:47.091 [ALFpaka] [WARNING] Log_spec ignored when pcen is set (extractSTFT:84)
2025-04-18 18:15:47.091 [ALFpaka] [WARNING] Log_spec ignored when pcen is set (extractSTFT:84)
2025-04-18 18:15:47.091 [ALFpaka] [WARNING] Log_spec ignored when pcen is set (extractSTFT:84)
2025-04-18 18:15:47.092 [ALFpaka] [WARNING] Log_spec ignored when pcen is set (extractSTFT:84)
2025-04-18 18:15:47.092 [ALFpaka] [WARNING] Log_spec ignored when pcen is set (extractSTFT:84)
2025-04-18 18:15:47.092 [ALFpaka] [WARNING] Log_spec ignored when pcen is set (extractSTFT:84)
2025-04-18 18:15:47.092 [ALFpaka] [WARNING] Log_spec ignored when pcen is set (extractSTFT:84)
2025-04-18 18:15:47.092 [ALFpaka] [WARNING] Log_spec ignored when pcen is set (extractSTFT:84)
2025-04-18 18:15:47.092 [ALFpaka] [WARNING] Log_spec ignored when pcen is set (extractSTFT:84)
2025-04-18 18:15:47.092 [ALFpaka] [WARNING] Log_spec ignored when pcen is set (extractSTFT:84)
2025-04-18 18:15:47.092 [ALFpaka] [WARNING] Log_spec ignored when pcen is set (extractSTFT:84)
2025-04-18 18:15:47.092 [ALFpaka] [WARNING] Log_spec ignored when pcen is set (extractSTFT:84)
2025-04-18 18:15:47.092 [ALFpaka] [WARNING] Log_spec ignored when pcen is set (extractSTFT:84)
2025-04-18 18:15:47.093 [ALFpaka] [WARNING] Log_spec ignored when pcen is set (extractSTFT:84)
2025-04-18 18:15:47.093 [ALFpaka] [WARNING] Log_spec ignored when pcen is set (extractSTFT:84)
2025-04-18 18:15:47.093 [ALFpaka] [WARNING] Log_spec ignored when pcen is set (extractSTFT:84)
2025-04-18 18:15:47.093 [ALFpaka] [WARNING] Log_spec ignored when pcen is set (extractSTFT:84)
2025-04-18 18:15:47.093 [ALFpaka] [WARNING] Log_spec ignored when pcen is set (extractSTFT:84)
2025-04-18 18:15:47.093 [ALFpaka] [WARNING] Log_spec ignored when pcen is set (extractSTFT:84)
2025-04-18 18:15:47.093 [ALFpaka] [WARNING] Log_spec ignored when pcen is set (extractSTFT:84)
2025-04-18 18:15:47.093 [ALFpaka] [WARNING] Log_spec ignored when pcen is set (extractSTFT:84)
2025-04-18 18:15:47.093 [ALFpaka] [WARNING] Log_spec ignored when pcen is set (extractSTFT:84)
2025-04-18 18:15:47.093 [ALFpaka] [WARNING] Log_spec ignored when pcen is set (extractSTFT:84)
2025-04-18 18:15:47.093 [ALFpaka] [WARNING] Log_spec ignored when pcen is set (extractSTFT:84)
2025-04-18 18:15:47.094 [ALFpaka] [WARNING] Log_spec ignored when pcen is set (extractSTFT:84)
2025-04-18 18:15:47.094 [ALFpaka] [WARNING] Log_spec ignored when pcen is set (extractSTFT:84)
2025-04-18 18:15:47.094 [ALFpaka] [WARNING] Log_spec ignored when pcen is set (extractSTFT:84)
2025-04-18 18:15:47.094 [ALFpaka] [WARNING] Log_spec ignored when pcen is set (extractSTFT:84)
2025-04-18 18:15:47.094 [ALFpaka] [WARNING] Log_spec ignored when pcen is set (extractSTFT:84)
2025-04-18 18:15:47.094 [ALFpaka] [WARNING] Log_spec ignored when pcen is set (extractSTFT:84)
2025-04-18 18:15:47.094 [ALFpaka] [WARNING] Log_spec ignored when pcen is set (extractSTFT:84)
2025-04-18 18:15:47.094 [ALFpaka] [WARNING] Log_spec ignored when pcen is set (extractSTFT:84)
2025-04-18 18:15:47.095 [ALFpaka] [WARNING] Log_spec ignored when pcen is set (extractSTFT:84)
2025-04-18 18:15:47.094 [ALFpaka] [WARNING] Log_spec ignored when pcen is set (extractSTFT:84)
2025-04-18 18:15:47.095 [ALFpaka] [WARNING] Log_spec ignored when pcen is set (extractSTFT:84)
2025-04-18 18:15:47.095 [ALFpaka] [WARNING] Log_spec ignored when pcen is set (extractSTFT:84)
2025-04-18 18:15:47.290 [ALFpaka] [WARNING] Log_spec ignored when pcen is set (extractSTFT:84)
2025-04-18 18:15:47.302 [ALFpaka] [WARNING] Log_spec ignored when pcen is set (extractSTFT:84)
2025-04-18 18:15:47.303 [ALFpaka] [WARNING] Log_spec ignored when pcen is set (extractSTFT:84)
2025-04-18 18:15:47.303 [ALFpaka] [WARNING] Log_spec ignored when pcen is set (extractSTFT:84)
2025-04-18 18:15:47.303 [ALFpaka] [WARNING] Log_spec ignored when pcen is set (extractSTFT:84)
2025-04-18 18:15:47.304 [ALFpaka] [WARNING] Log_spec ignored when pcen is set (extractSTFT:84)
2025-04-18 18:15:47.304 [ALFpaka] [WARNING] Log_spec ignored when pcen is set (extractSTFT:84)
2025-04-18 18:15:47.303 [ALFpaka] [WARNING] Log_spec ignored when pcen is set (extractSTFT:84)
2025-04-18 18:15:47.304 [ALFpaka] [WARNING] Log_spec ignored when pcen is set (extractSTFT:84)
2025-04-18 18:15:47.304 [ALFpaka] [WARNING] Log_spec ignored when pcen is set (extractSTFT:84)
2025-04-18 18:15:47.305 [ALFpaka] [WARNING] Log_spec ignored when pcen is set (extractSTFT:84)
2025-04-18 18:15:47.308 [ALFpaka] [WARNING] Log_spec ignored when pcen is set (extractSTFT:84)
2025-04-18 18:15:47.310 [ALFpaka] [WARNING] Log_spec ignored when pcen is set (extractSTFT:84)
2025-04-18 18:15:47.314 [ALFpaka] [WARNING] Log_spec ignored when pcen is set (extractSTFT:84)
2025-04-18 18:15:47.317 [ALFpaka] [WARNING] Log_spec ignored when pcen is set (extractSTFT:84)
2025-04-18 18:15:47.317 [ALFpaka] [WARNING] Log_spec ignored when pcen is set (extractSTFT:84)
2025-04-18 18:15:47.318 [ALFpaka] [WARNING] Log_spec ignored when pcen is set (extractSTFT:84)
2025-04-18 18:15:47.324 [ALFpaka] [WARNING] Log_spec ignored when pcen is set (extractSTFT:84)
2025-04-18 18:15:47.325 [ALFpaka] [WARNING] Log_spec ignored when pcen is set (extractSTFT:84)
2025-04-18 18:15:47.326 [ALFpaka] [WARNING] Log_spec ignored when pcen is set (extractSTFT:84)
2025-04-18 18:15:47.326 [ALFpaka] [WARNING] Log_spec ignored when pcen is set (extractSTFT:84)
2025-04-18 18:15:47.327 [ALFpaka] [WARNING] Log_spec ignored when pcen is set (extractSTFT:84)
2025-04-18 18:15:47.333 [ALFpaka] [WARNING] Log_spec ignored when pcen is set (extractSTFT:84)
2025-04-18 18:15:47.334 [ALFpaka] [WARNING] Log_spec ignored when pcen is set (extractSTFT:84)
2025-04-18 18:15:47.335 [ALFpaka] [WARNING] Log_spec ignored when pcen is set (extractSTFT:84)
2025-04-18 18:15:47.336 [ALFpaka] [WARNING] Log_spec ignored when pcen is set (extractSTFT:84)
2025-04-18 18:15:47.336 [ALFpaka] [WARNING] Log_spec ignored when pcen is set (extractSTFT:84)
2025-04-18 18:15:47.346 [ALFpaka] [WARNING] Log_spec ignored when pcen is set (extractSTFT:84)
2025-04-18 18:15:47.346 [ALFpaka] [WARNING] Log_spec ignored when pcen is set (extractSTFT:84)
2025-04-18 18:15:47.348 [ALFpaka] [WARNING] Log_spec ignored when pcen is set (extractSTFT:84)
2025-04-18 18:15:47.348 [ALFpaka] [WARNING] Log_spec ignored when pcen is set (extractSTFT:84)
2025-04-18 18:15:47.349 [ALFpaka] [WARNING] Log_spec ignored when pcen is set (extractSTFT:84)
2025-04-18 18:15:47.349 [ALFpaka] [WARNING] Log_spec ignored when pcen is set (extractSTFT:84)
2025-04-18 18:15:47.350 [ALFpaka] [WARNING] Log_spec ignored when pcen is set (extractSTFT:84)
2025-04-18 18:15:47.350 [ALFpaka] [WARNING] Log_spec ignored when pcen is set (extractSTFT:84)
2025-04-18 18:15:47.351 [ALFpaka] [WARNING] Log_spec ignored when pcen is set (extractSTFT:84)
2025-04-18 18:15:47.351 [ALFpaka] [WARNING] Log_spec ignored when pcen is set (extractSTFT:84)
2025-04-18 18:15:47.352 [ALFpaka] [WARNING] Log_spec ignored when pcen is set (extractSTFT:84)
2025-04-18 18:15:47.352 [ALFpaka] [WARNING] Log_spec ignored when pcen is set (extractSTFT:84)
2025-04-18 18:15:47.353 [ALFpaka] [WARNING] Log_spec ignored when pcen is set (extractSTFT:84)
2025-04-18 18:15:47.354 [ALFpaka] [WARNING] Log_spec ignored when pcen is set (extractSTFT:84)
2025-04-18 18:15:47.356 [ALFpaka] [WARNING] Log_spec ignored when pcen is set (extractSTFT:84)
2025-04-18 18:15:47.357 [ALFpaka] [WARNING] Log_spec ignored when pcen is set (extractSTFT:84)
2025-04-18 18:15:47.366 [ALFpaka] [WARNING] Log_spec ignored when pcen is set (extractSTFT:84)
2025-04-18 18:15:47.367 [ALFpaka] [WARNING] Log_spec ignored when pcen is set (extractSTFT:84)
2025-04-18 18:15:47.388 [ALFpaka] [WARNING] Log_spec ignored when pcen is set (extractSTFT:84)
2025-04-18 18:15:47.388 [ALFpaka] [WARNING] Log_spec ignored when pcen is set (extractSTFT:84)
2025-04-18 18:15:47.389 [ALFpaka] [WARNING] Log_spec ignored when pcen is set (extractSTFT:84)
2025-04-18 18:15:47.389 [ALFpaka] [WARNING] Log_spec ignored when pcen is set (extractSTFT:84)
2025-04-18 18:15:47.390 [ALFpaka] [WARNING] Log_spec ignored when pcen is set (extractSTFT:84)
2025-04-18 18:15:47.390 [ALFpaka] [WARNING] Log_spec ignored when pcen is set (extractSTFT:84)
2025-04-18 18:15:47.390 [ALFpaka] [WARNING] Log_spec ignored when pcen is set (extractSTFT:84)
2025-04-18 18:15:47.390 [ALFpaka] [WARNING] Log_spec ignored when pcen is set (extractSTFT:84)
2025-04-18 18:15:47.391 [ALFpaka] [WARNING] Log_spec ignored when pcen is set (extractSTFT:84)
2025-04-18 18:15:47.392 [ALFpaka] [WARNING] Log_spec ignored when pcen is set (extractSTFT:84)
2025-04-18 18:15:47.392 [ALFpaka] [WARNING] Log_spec ignored when pcen is set (extractSTFT:84)
2025-04-18 18:15:47.393 [ALFpaka] [WARNING] Log_spec ignored when pcen is set (extractSTFT:84)
2025-04-18 18:15:47.393 [ALFpaka] [WARNING] Log_spec ignored when pcen is set (extractSTFT:84)
2025-04-18 18:15:47.398 [ALFpaka] [WARNING] Log_spec ignored when pcen is set (extractSTFT:84)
2025-04-18 18:15:47.398 [ALFpaka] [WARNING] Log_spec ignored when pcen is set (extractSTFT:84)
2025-04-18 18:15:47.398 [ALFpaka] [WARNING] Log_spec ignored when pcen is set (extractSTFT:84)
2025-04-18 18:15:47.405 [ALFpaka] [WARNING] Log_spec ignored when pcen is set (extractSTFT:84)
2025-04-18 18:15:47.405 [ALFpaka] [WARNING] Log_spec ignored when pcen is set (extractSTFT:84)
2025-04-18 18:15:47.406 [ALFpaka] [WARNING] Log_spec ignored when pcen is set (extractSTFT:84)
2025-04-18 18:15:47.406 [ALFpaka] [WARNING] Log_spec ignored when pcen is set (extractSTFT:84)
2025-04-18 18:15:47.406 [ALFpaka] [WARNING] Log_spec ignored when pcen is set (extractSTFT:84)
2025-04-18 18:15:47.407 [ALFpaka] [WARNING] Log_spec ignored when pcen is set (extractSTFT:84)
2025-04-18 18:15:47.407 [ALFpaka] [WARNING] Log_spec ignored when pcen is set (extractSTFT:84)
2025-04-18 18:15:47.408 [ALFpaka] [WARNING] Log_spec ignored when pcen is set (extractSTFT:84)
2025-04-18 18:15:47.408 [ALFpaka] [WARNING] Log_spec ignored when pcen is set (extractSTFT:84)
2025-04-18 18:15:47.408 [ALFpaka] [WARNING] Log_spec ignored when pcen is set (extractSTFT:84)
2025-04-18 18:15:47.409 [ALFpaka] [WARNING] Log_spec ignored when pcen is set (extractSTFT:84)
2025-04-18 18:15:47.418 [ALFpaka] [WARNING] Log_spec ignored when pcen is set (extractSTFT:84)
2025-04-18 18:15:47.429 [ALFpaka] [WARNING] Log_spec ignored when pcen is set (extractSTFT:84)
2025-04-18 18:15:47.429 [ALFpaka] [WARNING] Log_spec ignored when pcen is set (extractSTFT:84)
2025-04-18 18:15:47.430 [ALFpaka] [WARNING] Log_spec ignored when pcen is set (extractSTFT:84)
2025-04-18 18:15:47.587 [ALFpaka] [INFO] Extracting features for class germany-police with id 2 (extractAndAddFeaturesToDataset:69)
2025-04-18 18:15:47.899 [ALFpaka] [WARNING] Log_spec ignored when pcen is set (extractSTFT:84)
2025-04-18 18:15:47.900 [ALFpaka] [WARNING] Log_spec ignored when pcen is set (extractSTFT:84)
2025-04-18 18:15:47.900 [ALFpaka] [WARNING] Log_spec ignored when pcen is set (extractSTFT:84)
2025-04-18 18:15:47.900 [ALFpaka] [WARNING] Log_spec ignored when pcen is set (extractSTFT:84)
2025-04-18 18:15:47.900 [ALFpaka] [WARNING] Log_spec ignored when pcen is set (extractSTFT:84)
2025-04-18 18:15:47.900 [ALFpaka] [WARNING] Log_spec ignored when pcen is set (extractSTFT:84)
2025-04-18 18:15:47.900 [ALFpaka] [WARNING] Log_spec ignored when pcen is set (extractSTFT:84)
2025-04-18 18:15:47.900 [ALFpaka] [WARNING] Log_spec ignored when pcen is set (extractSTFT:84)
2025-04-18 18:15:47.900 [ALFpaka] [WARNING] Log_spec ignored when pcen is set (extractSTFT:84)
2025-04-18 18:15:47.900 [ALFpaka] [WARNING] Log_spec ignored when pcen is set (extractSTFT:84)
2025-04-18 18:15:47.900 [ALFpaka] [WARNING] Log_spec ignored when pcen is set (extractSTFT:84)
2025-04-18 18:15:47.901 [ALFpaka] [WARNING] Log_spec ignored when pcen is set (extractSTFT:84)
2025-04-18 18:15:47.901 [ALFpaka] [WARNING] Log_spec ignored when pcen is set (extractSTFT:84)
2025-04-18 18:15:47.901 [ALFpaka] [WARNING] Log_spec ignored when pcen is set (extractSTFT:84)
2025-04-18 18:15:47.901 [ALFpaka] [WARNING] Log_spec ignored when pcen is set (extractSTFT:84)
2025-04-18 18:15:47.901 [ALFpaka] [WARNING] Log_spec ignored when pcen is set (extractSTFT:84)
2025-04-18 18:15:47.901 [ALFpaka] [WARNING] Log_spec ignored when pcen is set (extractSTFT:84)
2025-04-18 18:15:47.901 [ALFpaka] [WARNING] Log_spec ignored when pcen is set (extractSTFT:84)
2025-04-18 18:15:47.901 [ALFpaka] [WARNING] Log_spec ignored when pcen is set (extractSTFT:84)
2025-04-18 18:15:47.901 [ALFpaka] [WARNING] Log_spec ignored when pcen is set (extractSTFT:84)
2025-04-18 18:15:47.901 [ALFpaka] [WARNING] Log_spec ignored when pcen is set (extractSTFT:84)
2025-04-18 18:15:47.902 [ALFpaka] [WARNING] Log_spec ignored when pcen is set (extractSTFT:84)
2025-04-18 18:15:47.902 [ALFpaka] [WARNING] Log_spec ignored when pcen is set (extractSTFT:84)
2025-04-18 18:15:47.902 [ALFpaka] [WARNING] Log_spec ignored when pcen is set (extractSTFT:84)
2025-04-18 18:15:47.902 [ALFpaka] [WARNING] Log_spec ignored when pcen is set (extractSTFT:84)
2025-04-18 18:15:47.902 [ALFpaka] [WARNING] Log_spec ignored when pcen is set (extractSTFT:84)
2025-04-18 18:15:47.902 [ALFpaka] [WARNING] Log_spec ignored when pcen is set (extractSTFT:84)
2025-04-18 18:15:47.902 [ALFpaka] [WARNING] Log_spec ignored when pcen is set (extractSTFT:84)
2025-04-18 18:15:47.902 [ALFpaka] [WARNING] Log_spec ignored when pcen is set (extractSTFT:84)
2025-04-18 18:15:47.902 [ALFpaka] [WARNING] Log_spec ignored when pcen is set (extractSTFT:84)
2025-04-18 18:15:47.902 [ALFpaka] [WARNING] Log_spec ignored when pcen is set (extractSTFT:84)
2025-04-18 18:15:47.902 [ALFpaka] [WARNING] Log_spec ignored when pcen is set (extractSTFT:84)
2025-04-18 18:15:47.903 [ALFpaka] [WARNING] Log_spec ignored when pcen is set (extractSTFT:84)
2025-04-18 18:15:47.903 [ALFpaka] [WARNING] Log_spec ignored when pcen is set (extractSTFT:84)
2025-04-18 18:15:47.903 [ALFpaka] [WARNING] Log_spec ignored when pcen is set (extractSTFT:84)
2025-04-18 18:15:47.903 [ALFpaka] [WARNING] Log_spec ignored when pcen is set (extractSTFT:84)
2025-04-18 18:15:47.903 [ALFpaka] [WARNING] Log_spec ignored when pcen is set (extractSTFT:84)
2025-04-18 18:15:47.903 [ALFpaka] [WARNING] Log_spec ignored when pcen is set (extractSTFT:84)
2025-04-18 18:15:47.903 [ALFpaka] [WARNING] Log_spec ignored when pcen is set (extractSTFT:84)
2025-04-18 18:15:47.903 [ALFpaka] [WARNING] Log_spec ignored when pcen is set (extractSTFT:84)
2025-04-18 18:15:47.903 [ALFpaka] [WARNING] Log_spec ignored when pcen is set (extractSTFT:84)
2025-04-18 18:15:47.904 [ALFpaka] [WARNING] Log_spec ignored when pcen is set (extractSTFT:84)
2025-04-18 18:15:47.904 [ALFpaka] [WARNING] Log_spec ignored when pcen is set (extractSTFT:84)
2025-04-18 18:15:47.904 [ALFpaka] [WARNING] Log_spec ignored when pcen is set (extractSTFT:84)
2025-04-18 18:15:47.904 [ALFpaka] [WARNING] Log_spec ignored when pcen is set (extractSTFT:84)
2025-04-18 18:15:47.904 [ALFpaka] [WARNING] Log_spec ignored when pcen is set (extractSTFT:84)
2025-04-18 18:15:47.904 [ALFpaka] [WARNING] Log_spec ignored when pcen is set (extractSTFT:84)
2025-04-18 18:15:47.904 [ALFpaka] [WARNING] Log_spec ignored when pcen is set (extractSTFT:84)
2025-04-18 18:15:48.082 [ALFpaka] [WARNING] Log_spec ignored when pcen is set (extractSTFT:84)
2025-04-18 18:15:48.089 [ALFpaka] [WARNING] Log_spec ignored when pcen is set (extractSTFT:84)
2025-04-18 18:15:48.090 [ALFpaka] [WARNING] Log_spec ignored when pcen is set (extractSTFT:84)
2025-04-18 18:15:48.090 [ALFpaka] [WARNING] Log_spec ignored when pcen is set (extractSTFT:84)
2025-04-18 18:15:48.089 [ALFpaka] [WARNING] Log_spec ignored when pcen is set (extractSTFT:84)
2025-04-18 18:15:48.093 [ALFpaka] [WARNING] Log_spec ignored when pcen is set (extractSTFT:84)
2025-04-18 18:15:48.110 [ALFpaka] [WARNING] Log_spec ignored when pcen is set (extractSTFT:84)
2025-04-18 18:15:48.111 [ALFpaka] [WARNING] Log_spec ignored when pcen is set (extractSTFT:84)
2025-04-18 18:15:48.113 [ALFpaka] [WARNING] Log_spec ignored when pcen is set (extractSTFT:84)
2025-04-18 18:15:48.115 [ALFpaka] [WARNING] Log_spec ignored when pcen is set (extractSTFT:84)
2025-04-18 18:15:48.120 [ALFpaka] [WARNING] Log_spec ignored when pcen is set (extractSTFT:84)
2025-04-18 18:15:48.120 [ALFpaka] [WARNING] Log_spec ignored when pcen is set (extractSTFT:84)
2025-04-18 18:15:48.121 [ALFpaka] [WARNING] Log_spec ignored when pcen is set (extractSTFT:84)
2025-04-18 18:15:48.121 [ALFpaka] [WARNING] Log_spec ignored when pcen is set (extractSTFT:84)
2025-04-18 18:15:48.121 [ALFpaka] [WARNING] Log_spec ignored when pcen is set (extractSTFT:84)
2025-04-18 18:15:48.129 [ALFpaka] [WARNING] Log_spec ignored when pcen is set (extractSTFT:84)
2025-04-18 18:15:48.130 [ALFpaka] [WARNING] Log_spec ignored when pcen is set (extractSTFT:84)
2025-04-18 18:15:48.133 [ALFpaka] [WARNING] Log_spec ignored when pcen is set (extractSTFT:84)
2025-04-18 18:15:48.138 [ALFpaka] [WARNING] Log_spec ignored when pcen is set (extractSTFT:84)
2025-04-18 18:15:48.138 [ALFpaka] [WARNING] Log_spec ignored when pcen is set (extractSTFT:84)
2025-04-18 18:15:48.138 [ALFpaka] [WARNING] Log_spec ignored when pcen is set (extractSTFT:84)
2025-04-18 18:15:48.138 [ALFpaka] [WARNING] Log_spec ignored when pcen is set (extractSTFT:84)
2025-04-18 18:15:48.139 [ALFpaka] [WARNING] Log_spec ignored when pcen is set (extractSTFT:84)
2025-04-18 18:15:48.139 [ALFpaka] [WARNING] Log_spec ignored when pcen is set (extractSTFT:84)
2025-04-18 18:15:48.155 [ALFpaka] [WARNING] Log_spec ignored when pcen is set (extractSTFT:84)
2025-04-18 18:15:48.156 [ALFpaka] [WARNING] Log_spec ignored when pcen is set (extractSTFT:84)
2025-04-18 18:15:48.157 [ALFpaka] [WARNING] Log_spec ignored when pcen is set (extractSTFT:84)
2025-04-18 18:15:48.157 [ALFpaka] [WARNING] Log_spec ignored when pcen is set (extractSTFT:84)
2025-04-18 18:15:48.158 [ALFpaka] [WARNING] Log_spec ignored when pcen is set (extractSTFT:84)
2025-04-18 18:15:48.158 [ALFpaka] [WARNING] Log_spec ignored when pcen is set (extractSTFT:84)
2025-04-18 18:15:48.159 [ALFpaka] [WARNING] Log_spec ignored when pcen is set (extractSTFT:84)
2025-04-18 18:15:48.159 [ALFpaka] [WARNING] Log_spec ignored when pcen is set (extractSTFT:84)
2025-04-18 18:15:48.159 [ALFpaka] [WARNING] Log_spec ignored when pcen is set (extractSTFT:84)
2025-04-18 18:15:48.160 [ALFpaka] [WARNING] Log_spec ignored when pcen is set (extractSTFT:84)
2025-04-18 18:15:48.160 [ALFpaka] [WARNING] Log_spec ignored when pcen is set (extractSTFT:84)
2025-04-18 18:15:48.161 [ALFpaka] [WARNING] Log_spec ignored when pcen is set (extractSTFT:84)
2025-04-18 18:15:48.162 [ALFpaka] [WARNING] Log_spec ignored when pcen is set (extractSTFT:84)
2025-04-18 18:15:48.174 [ALFpaka] [WARNING] Log_spec ignored when pcen is set (extractSTFT:84)
2025-04-18 18:15:48.175 [ALFpaka] [WARNING] Log_spec ignored when pcen is set (extractSTFT:84)
2025-04-18 18:15:48.182 [ALFpaka] [WARNING] Log_spec ignored when pcen is set (extractSTFT:84)
2025-04-18 18:15:48.181 [ALFpaka] [WARNING] Log_spec ignored when pcen is set (extractSTFT:84)
2025-04-18 18:15:48.186 [ALFpaka] [WARNING] Log_spec ignored when pcen is set (extractSTFT:84)
2025-04-18 18:15:48.186 [ALFpaka] [WARNING] Log_spec ignored when pcen is set (extractSTFT:84)
2025-04-18 18:15:48.187 [ALFpaka] [WARNING] Log_spec ignored when pcen is set (extractSTFT:84)
2025-04-18 18:15:48.192 [ALFpaka] [WARNING] Log_spec ignored when pcen is set (extractSTFT:84)
2025-04-18 18:15:48.193 [ALFpaka] [WARNING] Log_spec ignored when pcen is set (extractSTFT:84)
2025-04-18 18:15:48.193 [ALFpaka] [WARNING] Log_spec ignored when pcen is set (extractSTFT:84)
2025-04-18 18:15:48.194 [ALFpaka] [WARNING] Log_spec ignored when pcen is set (extractSTFT:84)
2025-04-18 18:15:48.194 [ALFpaka] [WARNING] Log_spec ignored when pcen is set (extractSTFT:84)
2025-04-18 18:15:48.195 [ALFpaka] [WARNING] Log_spec ignored when pcen is set (extractSTFT:84)
2025-04-18 18:15:48.195 [ALFpaka] [WARNING] Log_spec ignored when pcen is set (extractSTFT:84)
2025-04-18 18:15:48.196 [ALFpaka] [WARNING] Log_spec ignored when pcen is set (extractSTFT:84)
2025-04-18 18:15:48.196 [ALFpaka] [WARNING] Log_spec ignored when pcen is set (extractSTFT:84)
2025-04-18 18:15:48.197 [ALFpaka] [WARNING] Log_spec ignored when pcen is set (extractSTFT:84)
2025-04-18 18:15:48.198 [ALFpaka] [WARNING] Log_spec ignored when pcen is set (extractSTFT:84)
2025-04-18 18:15:48.215 [ALFpaka] [WARNING] Log_spec ignored when pcen is set (extractSTFT:84)
2025-04-18 18:15:48.215 [ALFpaka] [WARNING] Log_spec ignored when pcen is set (extractSTFT:84)
2025-04-18 18:15:48.225 [ALFpaka] [WARNING] Log_spec ignored when pcen is set (extractSTFT:84)
2025-04-18 18:15:48.225 [ALFpaka] [WARNING] Log_spec ignored when pcen is set (extractSTFT:84)
2025-04-18 18:15:48.226 [ALFpaka] [WARNING] Log_spec ignored when pcen is set (extractSTFT:84)
2025-04-18 18:15:48.231 [ALFpaka] [WARNING] Log_spec ignored when pcen is set (extractSTFT:84)
2025-04-18 18:15:48.233 [ALFpaka] [WARNING] Log_spec ignored when pcen is set (extractSTFT:84)
2025-04-18 18:15:48.233 [ALFpaka] [WARNING] Log_spec ignored when pcen is set (extractSTFT:84)
2025-04-18 18:15:48.234 [ALFpaka] [WARNING] Log_spec ignored when pcen is set (extractSTFT:84)
2025-04-18 18:15:48.234 [ALFpaka] [WARNING] Log_spec ignored when pcen is set (extractSTFT:84)
2025-04-18 18:15:48.236 [ALFpaka] [WARNING] Log_spec ignored when pcen is set (extractSTFT:84)
2025-04-18 18:15:48.245 [ALFpaka] [WARNING] Log_spec ignored when pcen is set (extractSTFT:84)
2025-04-18 18:15:48.246 [ALFpaka] [WARNING] Log_spec ignored when pcen is set (extractSTFT:84)
2025-04-18 18:15:48.246 [ALFpaka] [WARNING] Log_spec ignored when pcen is set (extractSTFT:84)
2025-04-18 18:15:48.247 [ALFpaka] [WARNING] Log_spec ignored when pcen is set (extractSTFT:84)
2025-04-18 18:15:48.258 [ALFpaka] [WARNING] Log_spec ignored when pcen is set (extractSTFT:84)
2025-04-18 18:15:48.259 [ALFpaka] [WARNING] Log_spec ignored when pcen is set (extractSTFT:84)
2025-04-18 18:15:48.259 [ALFpaka] [WARNING] Log_spec ignored when pcen is set (extractSTFT:84)
2025-04-18 18:15:48.259 [ALFpaka] [WARNING] Log_spec ignored when pcen is set (extractSTFT:84)
2025-04-18 18:15:48.260 [ALFpaka] [WARNING] Log_spec ignored when pcen is set (extractSTFT:84)
2025-04-18 18:15:48.261 [ALFpaka] [WARNING] Log_spec ignored when pcen is set (extractSTFT:84)
2025-04-18 18:15:48.430 [ALFpaka] [INFO] Extracting features for class germany-ambulance with id 0 (extractAndAddFeaturesToDataset:69)
2025-04-18 18:15:48.745 [ALFpaka] [WARNING] Log_spec ignored when pcen is set (extractSTFT:84)
2025-04-18 18:15:48.745 [ALFpaka] [WARNING] Log_spec ignored when pcen is set (extractSTFT:84)
2025-04-18 18:15:48.745 [ALFpaka] [WARNING] Log_spec ignored when pcen is set (extractSTFT:84)
2025-04-18 18:15:48.745 [ALFpaka] [WARNING] Log_spec ignored when pcen is set (extractSTFT:84)
2025-04-18 18:15:48.746 [ALFpaka] [WARNING] Log_spec ignored when pcen is set (extractSTFT:84)
2025-04-18 18:15:48.746 [ALFpaka] [WARNING] Log_spec ignored when pcen is set (extractSTFT:84)
2025-04-18 18:15:48.746 [ALFpaka] [WARNING] Log_spec ignored when pcen is set (extractSTFT:84)
2025-04-18 18:15:48.746 [ALFpaka] [WARNING] Log_spec ignored when pcen is set (extractSTFT:84)
2025-04-18 18:15:48.746 [ALFpaka] [WARNING] Log_spec ignored when pcen is set (extractSTFT:84)
2025-04-18 18:15:48.746 [ALFpaka] [WARNING] Log_spec ignored when pcen is set (extractSTFT:84)
2025-04-18 18:15:48.746 [ALFpaka] [WARNING] Log_spec ignored when pcen is set (extractSTFT:84)
2025-04-18 18:15:48.746 [ALFpaka] [WARNING] Log_spec ignored when pcen is set (extractSTFT:84)
2025-04-18 18:15:48.746 [ALFpaka] [WARNING] Log_spec ignored when pcen is set (extractSTFT:84)
2025-04-18 18:15:48.746 [ALFpaka] [WARNING] Log_spec ignored when pcen is set (extractSTFT:84)
2025-04-18 18:15:48.747 [ALFpaka] [WARNING] Log_spec ignored when pcen is set (extractSTFT:84)
2025-04-18 18:15:48.747 [ALFpaka] [WARNING] Log_spec ignored when pcen is set (extractSTFT:84)
2025-04-18 18:15:48.747 [ALFpaka] [WARNING] Log_spec ignored when pcen is set (extractSTFT:84)
2025-04-18 18:15:48.747 [ALFpaka] [WARNING] Log_spec ignored when pcen is set (extractSTFT:84)
2025-04-18 18:15:48.747 [ALFpaka] [WARNING] Log_spec ignored when pcen is set (extractSTFT:84)
2025-04-18 18:15:48.747 [ALFpaka] [WARNING] Log_spec ignored when pcen is set (extractSTFT:84)
2025-04-18 18:15:48.747 [ALFpaka] [WARNING] Log_spec ignored when pcen is set (extractSTFT:84)
2025-04-18 18:15:48.747 [ALFpaka] [WARNING] Log_spec ignored when pcen is set (extractSTFT:84)
2025-04-18 18:15:48.747 [ALFpaka] [WARNING] Log_spec ignored when pcen is set (extractSTFT:84)
2025-04-18 18:15:48.747 [ALFpaka] [WARNING] Log_spec ignored when pcen is set (extractSTFT:84)
2025-04-18 18:15:48.748 [ALFpaka] [WARNING] Log_spec ignored when pcen is set (extractSTFT:84)
2025-04-18 18:15:48.748 [ALFpaka] [WARNING] Log_spec ignored when pcen is set (extractSTFT:84)
2025-04-18 18:15:48.748 [ALFpaka] [WARNING] Log_spec ignored when pcen is set (extractSTFT:84)
2025-04-18 18:15:48.748 [ALFpaka] [WARNING] Log_spec ignored when pcen is set (extractSTFT:84)
2025-04-18 18:15:48.748 [ALFpaka] [WARNING] Log_spec ignored when pcen is set (extractSTFT:84)
2025-04-18 18:15:48.748 [ALFpaka] [WARNING] Log_spec ignored when pcen is set (extractSTFT:84)
2025-04-18 18:15:48.748 [ALFpaka] [WARNING] Log_spec ignored when pcen is set (extractSTFT:84)
2025-04-18 18:15:48.748 [ALFpaka] [WARNING] Log_spec ignored when pcen is set (extractSTFT:84)
2025-04-18 18:15:48.748 [ALFpaka] [WARNING] Log_spec ignored when pcen is set (extractSTFT:84)
2025-04-18 18:15:48.748 [ALFpaka] [WARNING] Log_spec ignored when pcen is set (extractSTFT:84)
2025-04-18 18:15:48.749 [ALFpaka] [WARNING] Log_spec ignored when pcen is set (extractSTFT:84)
2025-04-18 18:15:48.749 [ALFpaka] [WARNING] Log_spec ignored when pcen is set (extractSTFT:84)
2025-04-18 18:15:48.749 [ALFpaka] [WARNING] Log_spec ignored when pcen is set (extractSTFT:84)
2025-04-18 18:15:48.749 [ALFpaka] [WARNING] Log_spec ignored when pcen is set (extractSTFT:84)
2025-04-18 18:15:48.749 [ALFpaka] [WARNING] Log_spec ignored when pcen is set (extractSTFT:84)
2025-04-18 18:15:48.749 [ALFpaka] [WARNING] Log_spec ignored when pcen is set (extractSTFT:84)
2025-04-18 18:15:49.284 [ALFpaka] [INFO] Extracting features for class germany-firefighter with id 1 (extractAndAddFeaturesToDataset:69)
2025-04-18 18:15:49.639 [ALFpaka] [WARNING] Log_spec ignored when pcen is set (extractSTFT:84)
2025-04-18 18:15:49.639 [ALFpaka] [WARNING] Log_spec ignored when pcen is set (extractSTFT:84)
2025-04-18 18:15:49.639 [ALFpaka] [WARNING] Log_spec ignored when pcen is set (extractSTFT:84)
2025-04-18 18:15:49.639 [ALFpaka] [WARNING] Log_spec ignored when pcen is set (extractSTFT:84)
2025-04-18 18:15:49.639 [ALFpaka] [WARNING] Log_spec ignored when pcen is set (extractSTFT:84)
2025-04-18 18:15:49.639 [ALFpaka] [WARNING] Log_spec ignored when pcen is set (extractSTFT:84)
2025-04-18 18:15:49.639 [ALFpaka] [WARNING] Log_spec ignored when pcen is set (extractSTFT:84)
2025-04-18 18:15:49.639 [ALFpaka] [WARNING] Log_spec ignored when pcen is set (extractSTFT:84)
2025-04-18 18:15:49.639 [ALFpaka] [WARNING] Log_spec ignored when pcen is set (extractSTFT:84)
2025-04-18 18:15:49.639 [ALFpaka] [WARNING] Log_spec ignored when pcen is set (extractSTFT:84)
2025-04-18 18:15:49.639 [ALFpaka] [WARNING] Log_spec ignored when pcen is set (extractSTFT:84)
2025-04-18 18:15:49.640 [ALFpaka] [WARNING] Log_spec ignored when pcen is set (extractSTFT:84)
2025-04-18 18:15:49.640 [ALFpaka] [WARNING] Log_spec ignored when pcen is set (extractSTFT:84)
2025-04-18 18:15:49.640 [ALFpaka] [WARNING] Log_spec ignored when pcen is set (extractSTFT:84)
2025-04-18 18:15:49.640 [ALFpaka] [WARNING] Log_spec ignored when pcen is set (extractSTFT:84)
2025-04-18 18:15:49.640 [ALFpaka] [WARNING] Log_spec ignored when pcen is set (extractSTFT:84)
2025-04-18 18:15:49.640 [ALFpaka] [WARNING] Log_spec ignored when pcen is set (extractSTFT:84)
2025-04-18 18:15:49.640 [ALFpaka] [WARNING] Log_spec ignored when pcen is set (extractSTFT:84)
2025-04-18 18:15:49.640 [ALFpaka] [WARNING] Log_spec ignored when pcen is set (extractSTFT:84)
2025-04-18 18:15:49.640 [ALFpaka] [WARNING] Log_spec ignored when pcen is set (extractSTFT:84)
2025-04-18 18:15:49.640 [ALFpaka] [WARNING] Log_spec ignored when pcen is set (extractSTFT:84)
2025-04-18 18:15:49.640 [ALFpaka] [WARNING] Log_spec ignored when pcen is set (extractSTFT:84)
2025-04-18 18:15:49.641 [ALFpaka] [WARNING] Log_spec ignored when pcen is set (extractSTFT:84)
2025-04-18 18:15:49.641 [ALFpaka] [WARNING] Log_spec ignored when pcen is set (extractSTFT:84)
2025-04-18 18:15:49.641 [ALFpaka] [WARNING] Log_spec ignored when pcen is set (extractSTFT:84)
2025-04-18 18:15:49.641 [ALFpaka] [WARNING] Log_spec ignored when pcen is set (extractSTFT:84)
2025-04-18 18:15:49.641 [ALFpaka] [WARNING] Log_spec ignored when pcen is set (extractSTFT:84)
2025-04-18 18:15:49.641 [ALFpaka] [WARNING] Log_spec ignored when pcen is set (extractSTFT:84)
2025-04-18 18:15:49.641 [ALFpaka] [WARNING] Log_spec ignored when pcen is set (extractSTFT:84)
2025-04-18 18:15:49.641 [ALFpaka] [WARNING] Log_spec ignored when pcen is set (extractSTFT:84)
2025-04-18 18:15:49.641 [ALFpaka] [WARNING] Log_spec ignored when pcen is set (extractSTFT:84)
2025-04-18 18:15:49.642 [ALFpaka] [WARNING] Log_spec ignored when pcen is set (extractSTFT:84)
2025-04-18 18:15:49.642 [ALFpaka] [WARNING] Log_spec ignored when pcen is set (extractSTFT:84)
2025-04-18 18:15:49.642 [ALFpaka] [WARNING] Log_spec ignored when pcen is set (extractSTFT:84)
2025-04-18 18:15:49.642 [ALFpaka] [WARNING] Log_spec ignored when pcen is set (extractSTFT:84)
2025-04-18 18:15:49.642 [ALFpaka] [WARNING] Log_spec ignored when pcen is set (extractSTFT:84)
2025-04-18 18:15:49.642 [ALFpaka] [WARNING] Log_spec ignored when pcen is set (extractSTFT:84)
2025-04-18 18:15:49.642 [ALFpaka] [WARNING] Log_spec ignored when pcen is set (extractSTFT:84)
2025-04-18 18:15:49.642 [ALFpaka] [WARNING] Log_spec ignored when pcen is set (extractSTFT:84)
2025-04-18 18:15:49.642 [ALFpaka] [WARNING] Log_spec ignored when pcen is set (extractSTFT:84)
2025-04-18 18:15:50.072 [ALFpaka] [INFO] Extracting features for class germany-police with id 2 (extractAndAddFeaturesToDataset:69)
2025-04-18 18:15:50.582 [ALFpaka] [WARNING] Log_spec ignored when pcen is set (extractSTFT:84)
2025-04-18 18:15:50.582 [ALFpaka] [WARNING] Log_spec ignored when pcen is set (extractSTFT:84)
2025-04-18 18:15:50.582 [ALFpaka] [WARNING] Log_spec ignored when pcen is set (extractSTFT:84)
2025-04-18 18:15:50.582 [ALFpaka] [WARNING] Log_spec ignored when pcen is set (extractSTFT:84)
2025-04-18 18:15:50.582 [ALFpaka] [WARNING] Log_spec ignored when pcen is set (extractSTFT:84)
2025-04-18 18:15:50.582 [ALFpaka] [WARNING] Log_spec ignored when pcen is set (extractSTFT:84)
2025-04-18 18:15:50.583 [ALFpaka] [WARNING] Log_spec ignored when pcen is set (extractSTFT:84)
2025-04-18 18:15:50.583 [ALFpaka] [WARNING] Log_spec ignored when pcen is set (extractSTFT:84)
2025-04-18 18:15:50.583 [ALFpaka] [WARNING] Log_spec ignored when pcen is set (extractSTFT:84)
2025-04-18 18:15:50.583 [ALFpaka] [WARNING] Log_spec ignored when pcen is set (extractSTFT:84)
2025-04-18 18:15:50.583 [ALFpaka] [WARNING] Log_spec ignored when pcen is set (extractSTFT:84)
2025-04-18 18:15:50.583 [ALFpaka] [WARNING] Log_spec ignored when pcen is set (extractSTFT:84)
2025-04-18 18:15:50.583 [ALFpaka] [WARNING] Log_spec ignored when pcen is set (extractSTFT:84)
2025-04-18 18:15:50.583 [ALFpaka] [WARNING] Log_spec ignored when pcen is set (extractSTFT:84)
2025-04-18 18:15:50.583 [ALFpaka] [WARNING] Log_spec ignored when pcen is set (extractSTFT:84)
2025-04-18 18:15:50.584 [ALFpaka] [WARNING] Log_spec ignored when pcen is set (extractSTFT:84)
2025-04-18 18:15:50.584 [ALFpaka] [WARNING] Log_spec ignored when pcen is set (extractSTFT:84)
2025-04-18 18:15:50.584 [ALFpaka] [WARNING] Log_spec ignored when pcen is set (extractSTFT:84)
2025-04-18 18:15:50.584 [ALFpaka] [WARNING] Log_spec ignored when pcen is set (extractSTFT:84)
2025-04-18 18:15:50.584 [ALFpaka] [WARNING] Log_spec ignored when pcen is set (extractSTFT:84)
2025-04-18 18:15:50.584 [ALFpaka] [WARNING] Log_spec ignored when pcen is set (extractSTFT:84)
2025-04-18 18:15:50.584 [ALFpaka] [WARNING] Log_spec ignored when pcen is set (extractSTFT:84)
2025-04-18 18:15:50.584 [ALFpaka] [WARNING] Log_spec ignored when pcen is set (extractSTFT:84)
2025-04-18 18:15:50.584 [ALFpaka] [WARNING] Log_spec ignored when pcen is set (extractSTFT:84)
2025-04-18 18:15:50.584 [ALFpaka] [WARNING] Log_spec ignored when pcen is set (extractSTFT:84)
2025-04-18 18:15:50.585 [ALFpaka] [WARNING] Log_spec ignored when pcen is set (extractSTFT:84)
2025-04-18 18:15:50.585 [ALFpaka] [WARNING] Log_spec ignored when pcen is set (extractSTFT:84)
2025-04-18 18:15:50.585 [ALFpaka] [WARNING] Log_spec ignored when pcen is set (extractSTFT:84)
2025-04-18 18:15:50.585 [ALFpaka] [WARNING] Log_spec ignored when pcen is set (extractSTFT:84)
2025-04-18 18:15:50.585 [ALFpaka] [WARNING] Log_spec ignored when pcen is set (extractSTFT:84)
2025-04-18 18:15:50.585 [ALFpaka] [WARNING] Log_spec ignored when pcen is set (extractSTFT:84)
2025-04-18 18:15:50.585 [ALFpaka] [WARNING] Log_spec ignored when pcen is set (extractSTFT:84)
2025-04-18 18:15:50.585 [ALFpaka] [WARNING] Log_spec ignored when pcen is set (extractSTFT:84)
2025-04-18 18:15:50.585 [ALFpaka] [WARNING] Log_spec ignored when pcen is set (extractSTFT:84)
2025-04-18 18:15:50.586 [ALFpaka] [WARNING] Log_spec ignored when pcen is set (extractSTFT:84)
2025-04-18 18:15:50.586 [ALFpaka] [WARNING] Log_spec ignored when pcen is set (extractSTFT:84)
2025-04-18 18:15:50.586 [ALFpaka] [WARNING] Log_spec ignored when pcen is set (extractSTFT:84)
2025-04-18 18:15:50.586 [ALFpaka] [WARNING] Log_spec ignored when pcen is set (extractSTFT:84)
2025-04-18 18:15:50.586 [ALFpaka] [WARNING] Log_spec ignored when pcen is set (extractSTFT:84)
2025-04-18 18:15:50.586 [ALFpaka] [WARNING] Log_spec ignored when pcen is set (extractSTFT:84)
2025-04-18 18:15:51.455 [ALFpaka] [INFO] Training using one GPU (run_training:144)
2025-04-18 18:15:51.455 [ALFpaka] [INFO] --- training data --- (get_dataset_and_print_stats:76)
2025-04-18 18:15:51.455 [ALFpaka] [INFO] germany-ambulance number of files 124 (get_dataset_and_print_stats:81)
2025-04-18 18:15:51.456 [ALFpaka] [INFO] germany-firefighter number of files 124 (get_dataset_and_print_stats:81)
2025-04-18 18:15:51.456 [ALFpaka] [INFO] germany-police number of files 124 (get_dataset_and_print_stats:81)
2025-04-18 18:15:51.456 [ALFpaka] [INFO] --- test data --- (get_dataset_and_print_stats:76)
2025-04-18 18:15:51.456 [ALFpaka] [INFO] germany-ambulance number of files 40 (get_dataset_and_print_stats:81)
2025-04-18 18:15:51.456 [ALFpaka] [INFO] germany-firefighter number of files 40 (get_dataset_and_print_stats:81)
2025-04-18 18:15:51.456 [ALFpaka] [INFO] germany-police number of files 40 (get_dataset_and_print_stats:81)
2025-04-18 18:15:51.556 [ALFpaka] [INFO] Up-Sampling: class germany-ambulance by factor 1 (up_sampling_features_one_hot:597)
2025-04-18 18:15:51.556 [ALFpaka] [INFO] Up-Sampling: class germany-firefighter by factor 1 (up_sampling_features_one_hot:597)
2025-04-18 18:15:51.557 [ALFpaka] [INFO] Up-Sampling: class germany-police by factor 1 (up_sampling_features_one_hot:597)
2025-04-18 18:15:51.875 [ALFpaka] [INFO] --- training data size --- (print_feature_stats:109)
2025-04-18 18:15:51.875 [ALFpaka] [INFO] X shape --> (1860, 64, 128, 1) (print_feature_stats:111)
2025-04-18 18:15:51.875 [ALFpaka] [INFO] Y shape --> (1860, 3) (print_feature_stats:112)
2025-04-18 18:15:51.875 [ALFpaka] [INFO] number of features per frame 1 (print_feature_stats:119)
2025-04-18 18:15:51.875 [ALFpaka] [INFO] number of feature frames 1860 (print_feature_stats:120)
2025-04-18 18:15:51.904 [ALFpaka] [INFO] ---------------- CV step 1 of 1 --------------- (run_training_per_cv_step:363)
2025-04-18 18:15:51.904 [ALFpaka] [WARNING] WARNING: No validation data found! (__train_model_per_cv_step:692)
2025-04-18 18:15:52.112 [ALFpaka] [INFO] Model summary: (__trainModelInternal:135)
2025-04-18 18:15:52.112 [ALFpaka] [INFO] Model: "res_net" (print_summary:185)
2025-04-18 18:15:52.112 [ALFpaka] [INFO] __________________________________________________________________________________________________ (print_summary:186)
2025-04-18 18:15:52.112 [ALFpaka] [INFO] Layer (type)                    Output Shape         Param #     Connected to                      (print_row:183)
2025-04-18 18:15:52.112 [ALFpaka] [INFO] ================================================================================================== (print_summary:188)
2025-04-18 18:15:52.112 [ALFpaka] [INFO] input_1 (InputLayer)            [(None, 64, 128, 1)] 0                                             (print_row:183)
2025-04-18 18:15:52.113 [ALFpaka] [INFO] __________________________________________________________________________________________________ (print_summary:258)
2025-04-18 18:15:52.113 [ALFpaka] [INFO] conv2d (Conv2D)                 (None, 32, 64, 64)   1600        input_1[0][0]                     (print_row:183)
2025-04-18 18:15:52.113 [ALFpaka] [INFO] __________________________________________________________________________________________________ (print_summary:258)
2025-04-18 18:15:52.113 [ALFpaka] [INFO] batch_normalization (BatchNorma (None, 32, 64, 64)   256         conv2d[0][0]                      (print_row:183)
2025-04-18 18:15:52.113 [ALFpaka] [INFO] __________________________________________________________________________________________________ (print_summary:258)
2025-04-18 18:15:52.113 [ALFpaka] [INFO] activation (Activation)         (None, 32, 64, 64)   0           batch_normalization[0][0]         (print_row:183)
2025-04-18 18:15:52.113 [ALFpaka] [INFO] __________________________________________________________________________________________________ (print_summary:258)
2025-04-18 18:15:52.113 [ALFpaka] [INFO] batch_normalization_1 (BatchNor (None, 32, 64, 64)   256         activation[0][0]                  (print_row:183)
2025-04-18 18:15:52.113 [ALFpaka] [INFO] __________________________________________________________________________________________________ (print_summary:258)
2025-04-18 18:15:52.114 [ALFpaka] [INFO] dropout (Dropout)               (None, 32, 64, 64)   0           batch_normalization_1[0][0]       (print_row:183)
2025-04-18 18:15:52.114 [ALFpaka] [INFO] __________________________________________________________________________________________________ (print_summary:258)
2025-04-18 18:15:52.114 [ALFpaka] [INFO] conv2d_1 (Conv2D)               (None, 32, 64, 64)   36864       dropout[0][0]                     (print_row:183)
2025-04-18 18:15:52.114 [ALFpaka] [INFO] __________________________________________________________________________________________________ (print_summary:258)
2025-04-18 18:15:52.114 [ALFpaka] [INFO] activation_1 (Activation)       (None, 32, 64, 64)   0           conv2d_1[0][0]                    (print_row:183)
2025-04-18 18:15:52.114 [ALFpaka] [INFO] __________________________________________________________________________________________________ (print_summary:258)
2025-04-18 18:15:52.114 [ALFpaka] [INFO] batch_normalization_2 (BatchNor (None, 32, 64, 64)   256         activation_1[0][0]                (print_row:183)
2025-04-18 18:15:52.114 [ALFpaka] [INFO] __________________________________________________________________________________________________ (print_summary:258)
2025-04-18 18:15:52.114 [ALFpaka] [INFO] dropout_1 (Dropout)             (None, 32, 64, 64)   0           batch_normalization_2[0][0]       (print_row:183)
2025-04-18 18:15:52.114 [ALFpaka] [INFO] __________________________________________________________________________________________________ (print_summary:258)
2025-04-18 18:15:52.114 [ALFpaka] [INFO] conv2d_2 (Conv2D)               (None, 32, 64, 64)   36864       dropout_1[0][0]                   (print_row:183)
2025-04-18 18:15:52.115 [ALFpaka] [INFO] __________________________________________________________________________________________________ (print_summary:258)
2025-04-18 18:15:52.115 [ALFpaka] [INFO] add (Add)                       (None, 32, 64, 64)   0           conv2d_2[0][0]                    (print_row:183)
2025-04-18 18:15:52.115 [ALFpaka] [INFO]                                                                  batch_normalization[0][0]         (print_row:183)
2025-04-18 18:15:52.115 [ALFpaka] [INFO] __________________________________________________________________________________________________ (print_summary:258)
2025-04-18 18:15:52.115 [ALFpaka] [INFO] average_pooling2d (AveragePooli (None, 16, 32, 64)   0           add[0][0]                         (print_row:183)
2025-04-18 18:15:52.115 [ALFpaka] [INFO] __________________________________________________________________________________________________ (print_summary:258)
2025-04-18 18:15:52.115 [ALFpaka] [INFO] activation_2 (Activation)       (None, 16, 32, 64)   0           average_pooling2d[0][0]           (print_row:183)
2025-04-18 18:15:52.115 [ALFpaka] [INFO] __________________________________________________________________________________________________ (print_summary:258)
2025-04-18 18:15:52.115 [ALFpaka] [INFO] batch_normalization_3 (BatchNor (None, 16, 32, 64)   256         activation_2[0][0]                (print_row:183)
2025-04-18 18:15:52.115 [ALFpaka] [INFO] __________________________________________________________________________________________________ (print_summary:258)
2025-04-18 18:15:52.115 [ALFpaka] [INFO] dropout_2 (Dropout)             (None, 16, 32, 64)   0           batch_normalization_3[0][0]       (print_row:183)
2025-04-18 18:15:52.115 [ALFpaka] [INFO] __________________________________________________________________________________________________ (print_summary:258)
2025-04-18 18:15:52.116 [ALFpaka] [INFO] conv2d_3 (Conv2D)               (None, 16, 32, 64)   36864       dropout_2[0][0]                   (print_row:183)
2025-04-18 18:15:52.116 [ALFpaka] [INFO] __________________________________________________________________________________________________ (print_summary:258)
2025-04-18 18:15:52.116 [ALFpaka] [INFO] activation_3 (Activation)       (None, 16, 32, 64)   0           conv2d_3[0][0]                    (print_row:183)
2025-04-18 18:15:52.116 [ALFpaka] [INFO] __________________________________________________________________________________________________ (print_summary:258)
2025-04-18 18:15:52.116 [ALFpaka] [INFO] batch_normalization_4 (BatchNor (None, 16, 32, 64)   256         activation_3[0][0]                (print_row:183)
2025-04-18 18:15:52.116 [ALFpaka] [INFO] __________________________________________________________________________________________________ (print_summary:258)
2025-04-18 18:15:52.116 [ALFpaka] [INFO] dropout_3 (Dropout)             (None, 16, 32, 64)   0           batch_normalization_4[0][0]       (print_row:183)
2025-04-18 18:15:52.116 [ALFpaka] [INFO] __________________________________________________________________________________________________ (print_summary:258)
2025-04-18 18:15:52.116 [ALFpaka] [INFO] conv2d_4 (Conv2D)               (None, 16, 32, 64)   4096        dropout_3[0][0]                   (print_row:183)
2025-04-18 18:15:52.116 [ALFpaka] [INFO] __________________________________________________________________________________________________ (print_summary:258)
2025-04-18 18:15:52.116 [ALFpaka] [INFO] add_1 (Add)                     (None, 16, 32, 64)   0           conv2d_4[0][0]                    (print_row:183)
2025-04-18 18:15:52.117 [ALFpaka] [INFO]                                                                  average_pooling2d[0][0]           (print_row:183)
2025-04-18 18:15:52.117 [ALFpaka] [INFO] __________________________________________________________________________________________________ (print_summary:258)
2025-04-18 18:15:52.117 [ALFpaka] [INFO] average_pooling2d_1 (AveragePoo (None, 8, 16, 64)    0           add_1[0][0]                       (print_row:183)
2025-04-18 18:15:52.117 [ALFpaka] [INFO] __________________________________________________________________________________________________ (print_summary:258)
2025-04-18 18:15:52.117 [ALFpaka] [INFO] activation_4 (Activation)       (None, 8, 16, 64)    0           average_pooling2d_1[0][0]         (print_row:183)
2025-04-18 18:15:52.117 [ALFpaka] [INFO] __________________________________________________________________________________________________ (print_summary:258)
2025-04-18 18:15:52.117 [ALFpaka] [INFO] batch_normalization_5 (BatchNor (None, 8, 16, 64)    256         activation_4[0][0]                (print_row:183)
2025-04-18 18:15:52.117 [ALFpaka] [INFO] __________________________________________________________________________________________________ (print_summary:258)
2025-04-18 18:15:52.117 [ALFpaka] [INFO] dropout_4 (Dropout)             (None, 8, 16, 64)    0           batch_normalization_5[0][0]       (print_row:183)
2025-04-18 18:15:52.117 [ALFpaka] [INFO] __________________________________________________________________________________________________ (print_summary:258)
2025-04-18 18:15:52.117 [ALFpaka] [INFO] conv2d_5 (Conv2D)               (None, 8, 16, 64)    36864       dropout_4[0][0]                   (print_row:183)
2025-04-18 18:15:52.117 [ALFpaka] [INFO] __________________________________________________________________________________________________ (print_summary:258)
2025-04-18 18:15:52.118 [ALFpaka] [INFO] activation_5 (Activation)       (None, 8, 16, 64)    0           conv2d_5[0][0]                    (print_row:183)
2025-04-18 18:15:52.118 [ALFpaka] [INFO] __________________________________________________________________________________________________ (print_summary:258)
2025-04-18 18:15:52.118 [ALFpaka] [INFO] batch_normalization_6 (BatchNor (None, 8, 16, 64)    256         activation_5[0][0]                (print_row:183)
2025-04-18 18:15:52.118 [ALFpaka] [INFO] __________________________________________________________________________________________________ (print_summary:258)
2025-04-18 18:15:52.118 [ALFpaka] [INFO] dropout_5 (Dropout)             (None, 8, 16, 64)    0           batch_normalization_6[0][0]       (print_row:183)
2025-04-18 18:15:52.118 [ALFpaka] [INFO] __________________________________________________________________________________________________ (print_summary:258)
2025-04-18 18:15:52.118 [ALFpaka] [INFO] conv2d_6 (Conv2D)               (None, 8, 16, 64)    36864       dropout_5[0][0]                   (print_row:183)
2025-04-18 18:15:52.118 [ALFpaka] [INFO] __________________________________________________________________________________________________ (print_summary:258)
2025-04-18 18:15:52.118 [ALFpaka] [INFO] add_2 (Add)                     (None, 8, 16, 64)    0           conv2d_6[0][0]                    (print_row:183)
2025-04-18 18:15:52.118 [ALFpaka] [INFO]                                                                  average_pooling2d_1[0][0]         (print_row:183)
2025-04-18 18:15:52.118 [ALFpaka] [INFO] __________________________________________________________________________________________________ (print_summary:258)
2025-04-18 18:15:52.119 [ALFpaka] [INFO] activation_6 (Activation)       (None, 8, 16, 64)    0           add_2[0][0]                       (print_row:183)
2025-04-18 18:15:52.119 [ALFpaka] [INFO] __________________________________________________________________________________________________ (print_summary:258)
2025-04-18 18:15:52.119 [ALFpaka] [INFO] batch_normalization_7 (BatchNor (None, 8, 16, 64)    256         activation_6[0][0]                (print_row:183)
2025-04-18 18:15:52.119 [ALFpaka] [INFO] __________________________________________________________________________________________________ (print_summary:258)
2025-04-18 18:15:52.119 [ALFpaka] [INFO] dropout_6 (Dropout)             (None, 8, 16, 64)    0           batch_normalization_7[0][0]       (print_row:183)
2025-04-18 18:15:52.119 [ALFpaka] [INFO] __________________________________________________________________________________________________ (print_summary:258)
2025-04-18 18:15:52.119 [ALFpaka] [INFO] conv2d_7 (Conv2D)               (None, 8, 16, 128)   73728       dropout_6[0][0]                   (print_row:183)
2025-04-18 18:15:52.119 [ALFpaka] [INFO] __________________________________________________________________________________________________ (print_summary:258)
2025-04-18 18:15:52.119 [ALFpaka] [INFO] activation_7 (Activation)       (None, 8, 16, 128)   0           conv2d_7[0][0]                    (print_row:183)
2025-04-18 18:15:52.119 [ALFpaka] [INFO] __________________________________________________________________________________________________ (print_summary:258)
2025-04-18 18:15:52.119 [ALFpaka] [INFO] batch_normalization_8 (BatchNor (None, 8, 16, 128)   512         activation_7[0][0]                (print_row:183)
2025-04-18 18:15:52.120 [ALFpaka] [INFO] __________________________________________________________________________________________________ (print_summary:258)
2025-04-18 18:15:52.120 [ALFpaka] [INFO] dropout_7 (Dropout)             (None, 8, 16, 128)   0           batch_normalization_8[0][0]       (print_row:183)
2025-04-18 18:15:52.120 [ALFpaka] [INFO] __________________________________________________________________________________________________ (print_summary:258)
2025-04-18 18:15:52.120 [ALFpaka] [INFO] conv2d_8 (Conv2D)               (None, 8, 16, 128)   16384       dropout_7[0][0]                   (print_row:183)
2025-04-18 18:15:52.120 [ALFpaka] [INFO] __________________________________________________________________________________________________ (print_summary:258)
2025-04-18 18:15:52.120 [ALFpaka] [INFO] conv2d_9 (Conv2D)               (None, 8, 16, 128)   8192        add_2[0][0]                       (print_row:183)
2025-04-18 18:15:52.120 [ALFpaka] [INFO] __________________________________________________________________________________________________ (print_summary:258)
2025-04-18 18:15:52.120 [ALFpaka] [INFO] add_3 (Add)                     (None, 8, 16, 128)   0           conv2d_8[0][0]                    (print_row:183)
2025-04-18 18:15:52.120 [ALFpaka] [INFO]                                                                  conv2d_9[0][0]                    (print_row:183)
2025-04-18 18:15:52.120 [ALFpaka] [INFO] __________________________________________________________________________________________________ (print_summary:258)
2025-04-18 18:15:52.120 [ALFpaka] [INFO] average_pooling2d_2 (AveragePoo (None, 4, 8, 128)    0           add_3[0][0]                       (print_row:183)
2025-04-18 18:15:52.120 [ALFpaka] [INFO] __________________________________________________________________________________________________ (print_summary:258)
2025-04-18 18:15:52.121 [ALFpaka] [INFO] activation_8 (Activation)       (None, 4, 8, 128)    0           average_pooling2d_2[0][0]         (print_row:183)
2025-04-18 18:15:52.121 [ALFpaka] [INFO] __________________________________________________________________________________________________ (print_summary:258)
2025-04-18 18:15:52.121 [ALFpaka] [INFO] batch_normalization_9 (BatchNor (None, 4, 8, 128)    512         activation_8[0][0]                (print_row:183)
2025-04-18 18:15:52.121 [ALFpaka] [INFO] __________________________________________________________________________________________________ (print_summary:258)
2025-04-18 18:15:52.121 [ALFpaka] [INFO] dropout_8 (Dropout)             (None, 4, 8, 128)    0           batch_normalization_9[0][0]       (print_row:183)
2025-04-18 18:15:52.121 [ALFpaka] [INFO] __________________________________________________________________________________________________ (print_summary:258)
2025-04-18 18:15:52.121 [ALFpaka] [INFO] conv2d_10 (Conv2D)              (None, 4, 8, 256)    32768       dropout_8[0][0]                   (print_row:183)
2025-04-18 18:15:52.121 [ALFpaka] [INFO] __________________________________________________________________________________________________ (print_summary:258)
2025-04-18 18:15:52.121 [ALFpaka] [INFO] activation_9 (Activation)       (None, 4, 8, 256)    0           conv2d_10[0][0]                   (print_row:183)
2025-04-18 18:15:52.121 [ALFpaka] [INFO] __________________________________________________________________________________________________ (print_summary:258)
2025-04-18 18:15:52.121 [ALFpaka] [INFO] batch_normalization_10 (BatchNo (None, 4, 8, 256)    1024        activation_9[0][0]                (print_row:183)
2025-04-18 18:15:52.122 [ALFpaka] [INFO] __________________________________________________________________________________________________ (print_summary:258)
2025-04-18 18:15:52.122 [ALFpaka] [INFO] dropout_9 (Dropout)             (None, 4, 8, 256)    0           batch_normalization_10[0][0]      (print_row:183)
2025-04-18 18:15:52.122 [ALFpaka] [INFO] __________________________________________________________________________________________________ (print_summary:258)
2025-04-18 18:15:52.122 [ALFpaka] [INFO] conv2d_11 (Conv2D)              (None, 4, 8, 256)    65536       dropout_9[0][0]                   (print_row:183)
2025-04-18 18:15:52.122 [ALFpaka] [INFO] __________________________________________________________________________________________________ (print_summary:258)
2025-04-18 18:15:52.122 [ALFpaka] [INFO] conv2d_12 (Conv2D)              (None, 4, 8, 256)    32768       average_pooling2d_2[0][0]         (print_row:183)
2025-04-18 18:15:52.122 [ALFpaka] [INFO] __________________________________________________________________________________________________ (print_summary:258)
2025-04-18 18:15:52.122 [ALFpaka] [INFO] add_4 (Add)                     (None, 4, 8, 256)    0           conv2d_11[0][0]                   (print_row:183)
2025-04-18 18:15:52.122 [ALFpaka] [INFO]                                                                  conv2d_12[0][0]                   (print_row:183)
2025-04-18 18:15:52.122 [ALFpaka] [INFO] __________________________________________________________________________________________________ (print_summary:258)
2025-04-18 18:15:52.122 [ALFpaka] [INFO] global_average_pooling2d (Globa (None, 256)          0           add_4[0][0]                       (print_row:183)
2025-04-18 18:15:52.122 [ALFpaka] [INFO] __________________________________________________________________________________________________ (print_summary:258)
2025-04-18 18:15:52.123 [ALFpaka] [INFO] dense (Dense)                   (None, 3)            771         global_average_pooling2d[0][0]    (print_row:183)
2025-04-18 18:15:52.123 [ALFpaka] [INFO] ================================================================================================== (print_summary:256)
2025-04-18 18:15:52.123 [ALFpaka] [INFO] Total params: 424,259 (print_summary:267)
2025-04-18 18:15:52.124 [ALFpaka] [INFO] Trainable params: 422,211 (print_summary:268)
2025-04-18 18:15:52.124 [ALFpaka] [INFO] Non-trainable params: 2,048 (print_summary:269)
2025-04-18 18:15:52.124 [ALFpaka] [INFO] __________________________________________________________________________________________________ (print_summary:270)
2025-04-18 18:15:52.125 [ALFpaka] [WARNING] No validation data set! (__trainModelInternal:188)
2025-04-18 19:35:59.854 [ALFpaka] [INFO] Elapsed training time for cv_step ==> 01:20:08 (print_training_time:334)
2025-04-18 19:35:59.854 [ALFpaka] [INFO] --- test data size --- (print_feature_stats:109)
2025-04-18 19:35:59.854 [ALFpaka] [INFO] X shape --> (2040, 64, 128, 1) (print_feature_stats:111)
2025-04-18 19:35:59.854 [ALFpaka] [INFO] Y shape --> (2040, 3) (print_feature_stats:112)
2025-04-18 19:35:59.854 [ALFpaka] [INFO] number of features per frame 1 (print_feature_stats:119)
2025-04-18 19:35:59.854 [ALFpaka] [INFO] number of feature frames 2040 (print_feature_stats:120)
2025-04-18 19:36:03.386 [ALFpaka] [INFO] --- Evaluation results framewise_cv_step_1 --- (evaluate_results_with_conf_matrix_and_acc:498)
2025-04-18 19:36:03.386 [ALFpaka] [INFO] framewise_cv_step_1 accuracy (unweighted): 0.30490196078431375 (evaluate_results_with_conf_matrix_and_acc:500)
2025-04-18 19:36:03.388 [ALFpaka] [INFO] 
framewise_cv_step_1 confusion Matrix in %: 
[[ 49.01  35.15  15.84]
 [ 61.42  37.50  1.08]
 [ 59.19  24.55  16.26]] (log_confusion_matrix:521)
2025-04-18 19:36:03.388 [ALFpaka] [INFO] framewise_cv_step_1 mean class accuracy: 34.26 % (log_confusion_matrix:522)
2025-04-18 19:36:03.441 [ALFpaka] [INFO] --- Evaluation results filewise_cv_step_1 --- (evaluate_results_with_conf_matrix_and_acc:498)
2025-04-18 19:36:03.441 [ALFpaka] [INFO] filewise_cv_step_1 accuracy (unweighted): 0.325 (evaluate_results_with_conf_matrix_and_acc:500)
2025-04-18 19:36:03.442 [ALFpaka] [INFO] 
filewise_cv_step_1 confusion Matrix in %: 
[[ 45.00  32.50  22.50]
 [ 62.50  37.50  0.00]
 [ 57.50  27.50  15.00]] (log_confusion_matrix:521)
2025-04-18 19:36:03.442 [ALFpaka] [INFO] filewise_cv_step_1 mean class accuracy: 32.5 % (log_confusion_matrix:522)
2025-04-18 19:36:03.514 [ALFpaka] [INFO] 
--- Final results after 1 iterations ---
Frame acc mean:       0.304901960784
Frame acc stdev:      0.000000000000
File acc mean:        0.325000000000
File acc stdev:       0.000000000000
Highest file acc:     0.325000000000 (seed = 1)
Lowest file acc:      0.325000000000 (seed = 1)
 (print_results:200)
2025-04-18 19:36:03.514 [ALFpaka] [INFO] Mean Confusion Matrix (framewise): 
[[ 49.01  35.15  15.84]
 [ 61.42  37.50  1.08]
 [ 59.19  24.55  16.26]] (log_final_confusion_matrices:237)
2025-04-18 19:36:03.514 [ALFpaka] [INFO] Mean Confusion Matrix (filewise): 
[[ 45.00  32.50  22.50]
 [ 62.50  37.50  0.00]
 [ 57.50  27.50  15.00]] (log_final_confusion_matrices:242)
2025-04-18 19:36:03.521 [ALFpaka] [INFO] Elapsed training time for whole training ==> 01:20:18 (print_training_time:334)
2025-04-18 19:36:03.528 [ALFpaka] [INFO] Plotting Confusion Matrices ...  (plot_confusion_matrices:476)
2025-04-18 19:36:05.552 [ALFpaka] [INFO] Plotting Confusion Matrices ...  (plot_confusion_matrices:476)
2025-04-18 19:36:11.564 [ALFpaka] [WARNING] No GIT in PATH variables ([Errno 2] No such file or directory: '.git') (get_git_version:24)
2025-04-18 19:36:11.570 [ALFpaka] [INFO] ... FINISH TRAINING ... (__training_session:96)
2025-04-18 19:36:11.570 [ALFpaka] [INFO] Closing session ...  (__training_session:105)
