2024-07-17 15:23:31.831 [ALFpaka] [INFO] ... START TRAINING ... (__training_session:88)
2024-07-17 15:23:31.831 [ALFpaka] [INFO] Start-Time: 1721222611.8318672 (run_training:126)
2024-07-17 15:23:31.832 [ALFpaka] [INFO] france with id 0 (print_class_to_id:153)
2024-07-17 15:23:31.832 [ALFpaka] [INFO] germany with id 1 (print_class_to_id:153)
2024-07-17 15:23:31.832 [ALFpaka] [INFO] italy with id 2 (print_class_to_id:153)
2024-07-17 15:23:31.832 [ALFpaka] [INFO] spain with id 3 (print_class_to_id:153)
2024-07-17 15:23:31.834 [ALFpaka] [INFO] ------ Extracting features ------ (extractAllFeatures:34)
2024-07-17 15:23:31.989 [ALFpaka] [INFO] Extracting features for class france with id 0 (extractAndAddFeaturesToDataset:69)
2024-07-17 15:23:32.279 [ALFpaka] [WARNING] Log_spec ignored when pcen is set (extractSTFT:84)
2024-07-17 15:23:32.279 [ALFpaka] [WARNING] Log_spec ignored when pcen is set (extractSTFT:84)
2024-07-17 15:23:32.279 [ALFpaka] [WARNING] Log_spec ignored when pcen is set (extractSTFT:84)
2024-07-17 15:23:32.279 [ALFpaka] [WARNING] Log_spec ignored when pcen is set (extractSTFT:84)
2024-07-17 15:23:32.280 [ALFpaka] [WARNING] Log_spec ignored when pcen is set (extractSTFT:84)
2024-07-17 15:23:32.280 [ALFpaka] [WARNING] Log_spec ignored when pcen is set (extractSTFT:84)
2024-07-17 15:23:32.281 [ALFpaka] [WARNING] Log_spec ignored when pcen is set (extractSTFT:84)
2024-07-17 15:23:32.281 [ALFpaka] [WARNING] Log_spec ignored when pcen is set (extractSTFT:84)
2024-07-17 15:23:32.281 [ALFpaka] [WARNING] Log_spec ignored when pcen is set (extractSTFT:84)
2024-07-17 15:23:32.281 [ALFpaka] [WARNING] Log_spec ignored when pcen is set (extractSTFT:84)
2024-07-17 15:23:32.282 [ALFpaka] [WARNING] Log_spec ignored when pcen is set (extractSTFT:84)
2024-07-17 15:23:32.282 [ALFpaka] [WARNING] Log_spec ignored when pcen is set (extractSTFT:84)
2024-07-17 15:23:32.282 [ALFpaka] [WARNING] Log_spec ignored when pcen is set (extractSTFT:84)
2024-07-17 15:23:32.283 [ALFpaka] [WARNING] Log_spec ignored when pcen is set (extractSTFT:84)
2024-07-17 15:23:32.283 [ALFpaka] [WARNING] Log_spec ignored when pcen is set (extractSTFT:84)
2024-07-17 15:23:32.283 [ALFpaka] [WARNING] Log_spec ignored when pcen is set (extractSTFT:84)
2024-07-17 15:23:32.284 [ALFpaka] [WARNING] Log_spec ignored when pcen is set (extractSTFT:84)
2024-07-17 15:23:32.284 [ALFpaka] [WARNING] Log_spec ignored when pcen is set (extractSTFT:84)
2024-07-17 15:23:32.284 [ALFpaka] [WARNING] Log_spec ignored when pcen is set (extractSTFT:84)
2024-07-17 15:23:32.286 [ALFpaka] [WARNING] Log_spec ignored when pcen is set (extractSTFT:84)
2024-07-17 15:23:32.286 [ALFpaka] [WARNING] Log_spec ignored when pcen is set (extractSTFT:84)
2024-07-17 15:23:32.287 [ALFpaka] [WARNING] Log_spec ignored when pcen is set (extractSTFT:84)
2024-07-17 15:23:32.288 [ALFpaka] [WARNING] Log_spec ignored when pcen is set (extractSTFT:84)
2024-07-17 15:23:32.289 [ALFpaka] [WARNING] Log_spec ignored when pcen is set (extractSTFT:84)
2024-07-17 15:23:32.289 [ALFpaka] [WARNING] Log_spec ignored when pcen is set (extractSTFT:84)
2024-07-17 15:23:32.289 [ALFpaka] [WARNING] Log_spec ignored when pcen is set (extractSTFT:84)
2024-07-17 15:23:32.289 [ALFpaka] [WARNING] Log_spec ignored when pcen is set (extractSTFT:84)
2024-07-17 15:23:32.290 [ALFpaka] [WARNING] Log_spec ignored when pcen is set (extractSTFT:84)
2024-07-17 15:23:32.291 [ALFpaka] [WARNING] Log_spec ignored when pcen is set (extractSTFT:84)
2024-07-17 15:23:32.291 [ALFpaka] [WARNING] Log_spec ignored when pcen is set (extractSTFT:84)
2024-07-17 15:23:32.293 [ALFpaka] [WARNING] Log_spec ignored when pcen is set (extractSTFT:84)
2024-07-17 15:23:32.293 [ALFpaka] [WARNING] Log_spec ignored when pcen is set (extractSTFT:84)
2024-07-17 15:23:32.294 [ALFpaka] [WARNING] Log_spec ignored when pcen is set (extractSTFT:84)
2024-07-17 15:23:32.294 [ALFpaka] [WARNING] Log_spec ignored when pcen is set (extractSTFT:84)
2024-07-17 15:23:32.293 [ALFpaka] [WARNING] Log_spec ignored when pcen is set (extractSTFT:84)
2024-07-17 15:23:32.295 [ALFpaka] [WARNING] Log_spec ignored when pcen is set (extractSTFT:84)
2024-07-17 15:23:32.294 [ALFpaka] [WARNING] Log_spec ignored when pcen is set (extractSTFT:84)
2024-07-17 15:23:32.295 [ALFpaka] [WARNING] Log_spec ignored when pcen is set (extractSTFT:84)
2024-07-17 15:23:32.296 [ALFpaka] [WARNING] Log_spec ignored when pcen is set (extractSTFT:84)
2024-07-17 15:23:32.296 [ALFpaka] [WARNING] Log_spec ignored when pcen is set (extractSTFT:84)
2024-07-17 15:23:32.296 [ALFpaka] [WARNING] Log_spec ignored when pcen is set (extractSTFT:84)
2024-07-17 15:23:32.297 [ALFpaka] [WARNING] Log_spec ignored when pcen is set (extractSTFT:84)
2024-07-17 15:23:32.297 [ALFpaka] [WARNING] Log_spec ignored when pcen is set (extractSTFT:84)
2024-07-17 15:23:32.297 [ALFpaka] [WARNING] Log_spec ignored when pcen is set (extractSTFT:84)
2024-07-17 15:23:32.298 [ALFpaka] [WARNING] Log_spec ignored when pcen is set (extractSTFT:84)
2024-07-17 15:23:32.298 [ALFpaka] [WARNING] Log_spec ignored when pcen is set (extractSTFT:84)
2024-07-17 15:23:32.299 [ALFpaka] [WARNING] Log_spec ignored when pcen is set (extractSTFT:84)
2024-07-17 15:23:32.299 [ALFpaka] [WARNING] Log_spec ignored when pcen is set (extractSTFT:84)
2024-07-17 15:23:33.901 [ALFpaka] [WARNING] Log_spec ignored when pcen is set (extractSTFT:84)
2024-07-17 15:23:33.903 [ALFpaka] [WARNING] Log_spec ignored when pcen is set (extractSTFT:84)
2024-07-17 15:23:33.905 [ALFpaka] [WARNING] Log_spec ignored when pcen is set (extractSTFT:84)
2024-07-17 15:23:33.908 [ALFpaka] [WARNING] Log_spec ignored when pcen is set (extractSTFT:84)
2024-07-17 15:23:33.909 [ALFpaka] [WARNING] Log_spec ignored when pcen is set (extractSTFT:84)
2024-07-17 15:23:33.908 [ALFpaka] [WARNING] Log_spec ignored when pcen is set (extractSTFT:84)
2024-07-17 15:23:33.926 [ALFpaka] [WARNING] Log_spec ignored when pcen is set (extractSTFT:84)
2024-07-17 15:23:33.929 [ALFpaka] [WARNING] Log_spec ignored when pcen is set (extractSTFT:84)
2024-07-17 15:23:33.901 [ALFpaka] [WARNING] Log_spec ignored when pcen is set (extractSTFT:84)
2024-07-17 15:23:34.008 [ALFpaka] [WARNING] Log_spec ignored when pcen is set (extractSTFT:84)
2024-07-17 15:23:34.042 [ALFpaka] [WARNING] Log_spec ignored when pcen is set (extractSTFT:84)
2024-07-17 15:23:34.043 [ALFpaka] [WARNING] Log_spec ignored when pcen is set (extractSTFT:84)
2024-07-17 15:23:34.046 [ALFpaka] [WARNING] Log_spec ignored when pcen is set (extractSTFT:84)
2024-07-17 15:23:34.047 [ALFpaka] [WARNING] Log_spec ignored when pcen is set (extractSTFT:84)
2024-07-17 15:23:34.074 [ALFpaka] [WARNING] Log_spec ignored when pcen is set (extractSTFT:84)
2024-07-17 15:23:34.081 [ALFpaka] [WARNING] Log_spec ignored when pcen is set (extractSTFT:84)
2024-07-17 15:23:34.086 [ALFpaka] [WARNING] Log_spec ignored when pcen is set (extractSTFT:84)
2024-07-17 15:23:34.102 [ALFpaka] [WARNING] Log_spec ignored when pcen is set (extractSTFT:84)
2024-07-17 15:23:34.106 [ALFpaka] [WARNING] Log_spec ignored when pcen is set (extractSTFT:84)
2024-07-17 15:23:34.105 [ALFpaka] [WARNING] Log_spec ignored when pcen is set (extractSTFT:84)
2024-07-17 15:23:34.123 [ALFpaka] [WARNING] Log_spec ignored when pcen is set (extractSTFT:84)
2024-07-17 15:23:34.104 [ALFpaka] [WARNING] Log_spec ignored when pcen is set (extractSTFT:84)
2024-07-17 15:23:34.130 [ALFpaka] [WARNING] Log_spec ignored when pcen is set (extractSTFT:84)
2024-07-17 15:23:34.112 [ALFpaka] [WARNING] Log_spec ignored when pcen is set (extractSTFT:84)
2024-07-17 15:23:34.102 [ALFpaka] [WARNING] Log_spec ignored when pcen is set (extractSTFT:84)
2024-07-17 15:23:34.110 [ALFpaka] [WARNING] Log_spec ignored when pcen is set (extractSTFT:84)
2024-07-17 15:23:34.143 [ALFpaka] [WARNING] Log_spec ignored when pcen is set (extractSTFT:84)
2024-07-17 15:23:34.148 [ALFpaka] [WARNING] Log_spec ignored when pcen is set (extractSTFT:84)
2024-07-17 15:23:34.092 [ALFpaka] [WARNING] Log_spec ignored when pcen is set (extractSTFT:84)
2024-07-17 15:23:34.114 [ALFpaka] [WARNING] Log_spec ignored when pcen is set (extractSTFT:84)
2024-07-17 15:23:34.108 [ALFpaka] [WARNING] Log_spec ignored when pcen is set (extractSTFT:84)
2024-07-17 15:23:34.157 [ALFpaka] [WARNING] Log_spec ignored when pcen is set (extractSTFT:84)
2024-07-17 15:23:34.161 [ALFpaka] [WARNING] Log_spec ignored when pcen is set (extractSTFT:84)
2024-07-17 15:23:34.118 [ALFpaka] [WARNING] Log_spec ignored when pcen is set (extractSTFT:84)
2024-07-17 15:23:34.116 [ALFpaka] [WARNING] Log_spec ignored when pcen is set (extractSTFT:84)
2024-07-17 15:23:34.121 [ALFpaka] [WARNING] Log_spec ignored when pcen is set (extractSTFT:84)
2024-07-17 15:23:34.119 [ALFpaka] [WARNING] Log_spec ignored when pcen is set (extractSTFT:84)
2024-07-17 15:23:34.180 [ALFpaka] [WARNING] Log_spec ignored when pcen is set (extractSTFT:84)
2024-07-17 15:23:34.133 [ALFpaka] [WARNING] Log_spec ignored when pcen is set (extractSTFT:84)
2024-07-17 15:23:34.137 [ALFpaka] [WARNING] Log_spec ignored when pcen is set (extractSTFT:84)
2024-07-17 15:23:34.135 [ALFpaka] [WARNING] Log_spec ignored when pcen is set (extractSTFT:84)
2024-07-17 15:23:34.131 [ALFpaka] [WARNING] Log_spec ignored when pcen is set (extractSTFT:84)
2024-07-17 15:23:34.238 [ALFpaka] [WARNING] Log_spec ignored when pcen is set (extractSTFT:84)
2024-07-17 15:23:34.482 [ALFpaka] [WARNING] Log_spec ignored when pcen is set (extractSTFT:84)
2024-07-17 15:23:34.654 [ALFpaka] [WARNING] Log_spec ignored when pcen is set (extractSTFT:84)
2024-07-17 15:23:37.155 [ALFpaka] [INFO] Extracting features for class germany with id 1 (extractAndAddFeaturesToDataset:69)
2024-07-17 15:23:37.404 [ALFpaka] [WARNING] Log_spec ignored when pcen is set (extractSTFT:84)
2024-07-17 15:23:37.404 [ALFpaka] [WARNING] Log_spec ignored when pcen is set (extractSTFT:84)
2024-07-17 15:23:37.405 [ALFpaka] [WARNING] Log_spec ignored when pcen is set (extractSTFT:84)
2024-07-17 15:23:37.405 [ALFpaka] [WARNING] Log_spec ignored when pcen is set (extractSTFT:84)
2024-07-17 15:23:37.405 [ALFpaka] [WARNING] Log_spec ignored when pcen is set (extractSTFT:84)
2024-07-17 15:23:37.405 [ALFpaka] [WARNING] Log_spec ignored when pcen is set (extractSTFT:84)
2024-07-17 15:23:37.405 [ALFpaka] [WARNING] Log_spec ignored when pcen is set (extractSTFT:84)
2024-07-17 15:23:37.405 [ALFpaka] [WARNING] Log_spec ignored when pcen is set (extractSTFT:84)
2024-07-17 15:23:37.406 [ALFpaka] [WARNING] Log_spec ignored when pcen is set (extractSTFT:84)
2024-07-17 15:23:37.406 [ALFpaka] [WARNING] Log_spec ignored when pcen is set (extractSTFT:84)
2024-07-17 15:23:37.406 [ALFpaka] [WARNING] Log_spec ignored when pcen is set (extractSTFT:84)
2024-07-17 15:23:37.407 [ALFpaka] [WARNING] Log_spec ignored when pcen is set (extractSTFT:84)
2024-07-17 15:23:37.407 [ALFpaka] [WARNING] Log_spec ignored when pcen is set (extractSTFT:84)
2024-07-17 15:23:37.407 [ALFpaka] [WARNING] Log_spec ignored when pcen is set (extractSTFT:84)
2024-07-17 15:23:37.408 [ALFpaka] [WARNING] Log_spec ignored when pcen is set (extractSTFT:84)
2024-07-17 15:23:37.408 [ALFpaka] [WARNING] Log_spec ignored when pcen is set (extractSTFT:84)
2024-07-17 15:23:37.409 [ALFpaka] [WARNING] Log_spec ignored when pcen is set (extractSTFT:84)
2024-07-17 15:23:37.409 [ALFpaka] [WARNING] Log_spec ignored when pcen is set (extractSTFT:84)
2024-07-17 15:23:37.409 [ALFpaka] [WARNING] Log_spec ignored when pcen is set (extractSTFT:84)
2024-07-17 15:23:37.410 [ALFpaka] [WARNING] Log_spec ignored when pcen is set (extractSTFT:84)
2024-07-17 15:23:37.410 [ALFpaka] [WARNING] Log_spec ignored when pcen is set (extractSTFT:84)
2024-07-17 15:23:37.413 [ALFpaka] [WARNING] Log_spec ignored when pcen is set (extractSTFT:84)
2024-07-17 15:23:37.412 [ALFpaka] [WARNING] Log_spec ignored when pcen is set (extractSTFT:84)
2024-07-17 15:23:37.414 [ALFpaka] [WARNING] Log_spec ignored when pcen is set (extractSTFT:84)
2024-07-17 15:23:37.414 [ALFpaka] [WARNING] Log_spec ignored when pcen is set (extractSTFT:84)
2024-07-17 15:23:37.414 [ALFpaka] [WARNING] Log_spec ignored when pcen is set (extractSTFT:84)
2024-07-17 15:23:37.414 [ALFpaka] [WARNING] Log_spec ignored when pcen is set (extractSTFT:84)
2024-07-17 15:23:37.415 [ALFpaka] [WARNING] Log_spec ignored when pcen is set (extractSTFT:84)
2024-07-17 15:23:37.415 [ALFpaka] [WARNING] Log_spec ignored when pcen is set (extractSTFT:84)
2024-07-17 15:23:37.415 [ALFpaka] [WARNING] Log_spec ignored when pcen is set (extractSTFT:84)
2024-07-17 15:23:37.417 [ALFpaka] [WARNING] Log_spec ignored when pcen is set (extractSTFT:84)
2024-07-17 15:23:37.417 [ALFpaka] [WARNING] Log_spec ignored when pcen is set (extractSTFT:84)
2024-07-17 15:23:37.416 [ALFpaka] [WARNING] Log_spec ignored when pcen is set (extractSTFT:84)
2024-07-17 15:23:37.418 [ALFpaka] [WARNING] Log_spec ignored when pcen is set (extractSTFT:84)
2024-07-17 15:23:37.418 [ALFpaka] [WARNING] Log_spec ignored when pcen is set (extractSTFT:84)
2024-07-17 15:23:37.419 [ALFpaka] [WARNING] Log_spec ignored when pcen is set (extractSTFT:84)
2024-07-17 15:23:37.418 [ALFpaka] [WARNING] Log_spec ignored when pcen is set (extractSTFT:84)
2024-07-17 15:23:37.419 [ALFpaka] [WARNING] Log_spec ignored when pcen is set (extractSTFT:84)
2024-07-17 15:23:37.421 [ALFpaka] [WARNING] Log_spec ignored when pcen is set (extractSTFT:84)
2024-07-17 15:23:37.420 [ALFpaka] [WARNING] Log_spec ignored when pcen is set (extractSTFT:84)
2024-07-17 15:23:37.422 [ALFpaka] [WARNING] Log_spec ignored when pcen is set (extractSTFT:84)
2024-07-17 15:23:37.420 [ALFpaka] [WARNING] Log_spec ignored when pcen is set (extractSTFT:84)
2024-07-17 15:23:37.423 [ALFpaka] [WARNING] Log_spec ignored when pcen is set (extractSTFT:84)
2024-07-17 15:23:37.426 [ALFpaka] [WARNING] Log_spec ignored when pcen is set (extractSTFT:84)
2024-07-17 15:23:37.425 [ALFpaka] [WARNING] Log_spec ignored when pcen is set (extractSTFT:84)
2024-07-17 15:23:37.427 [ALFpaka] [WARNING] Log_spec ignored when pcen is set (extractSTFT:84)
2024-07-17 15:23:37.424 [ALFpaka] [WARNING] Log_spec ignored when pcen is set (extractSTFT:84)
2024-07-17 15:23:37.434 [ALFpaka] [WARNING] Log_spec ignored when pcen is set (extractSTFT:84)
2024-07-17 15:23:38.639 [ALFpaka] [WARNING] Log_spec ignored when pcen is set (extractSTFT:84)
2024-07-17 15:23:38.917 [ALFpaka] [WARNING] Log_spec ignored when pcen is set (extractSTFT:84)
2024-07-17 15:23:38.916 [ALFpaka] [WARNING] Log_spec ignored when pcen is set (extractSTFT:84)
2024-07-17 15:23:38.958 [ALFpaka] [WARNING] Log_spec ignored when pcen is set (extractSTFT:84)
2024-07-17 15:23:38.959 [ALFpaka] [WARNING] Log_spec ignored when pcen is set (extractSTFT:84)
2024-07-17 15:23:38.957 [ALFpaka] [WARNING] Log_spec ignored when pcen is set (extractSTFT:84)
2024-07-17 15:23:38.973 [ALFpaka] [WARNING] Log_spec ignored when pcen is set (extractSTFT:84)
2024-07-17 15:23:38.987 [ALFpaka] [WARNING] Log_spec ignored when pcen is set (extractSTFT:84)
2024-07-17 15:23:38.976 [ALFpaka] [WARNING] Log_spec ignored when pcen is set (extractSTFT:84)
2024-07-17 15:23:38.976 [ALFpaka] [WARNING] Log_spec ignored when pcen is set (extractSTFT:84)
2024-07-17 15:23:38.985 [ALFpaka] [WARNING] Log_spec ignored when pcen is set (extractSTFT:84)
2024-07-17 15:23:38.990 [ALFpaka] [WARNING] Log_spec ignored when pcen is set (extractSTFT:84)
2024-07-17 15:23:38.996 [ALFpaka] [WARNING] Log_spec ignored when pcen is set (extractSTFT:84)
2024-07-17 15:23:39.000 [ALFpaka] [WARNING] Log_spec ignored when pcen is set (extractSTFT:84)
2024-07-17 15:23:38.998 [ALFpaka] [WARNING] Log_spec ignored when pcen is set (extractSTFT:84)
2024-07-17 15:23:38.994 [ALFpaka] [WARNING] Log_spec ignored when pcen is set (extractSTFT:84)
2024-07-17 15:23:39.059 [ALFpaka] [WARNING] Log_spec ignored when pcen is set (extractSTFT:84)
2024-07-17 15:23:39.059 [ALFpaka] [WARNING] Log_spec ignored when pcen is set (extractSTFT:84)
2024-07-17 15:23:39.078 [ALFpaka] [WARNING] Log_spec ignored when pcen is set (extractSTFT:84)
2024-07-17 15:23:39.061 [ALFpaka] [WARNING] Log_spec ignored when pcen is set (extractSTFT:84)
2024-07-17 15:23:39.086 [ALFpaka] [WARNING] Log_spec ignored when pcen is set (extractSTFT:84)
2024-07-17 15:23:39.097 [ALFpaka] [WARNING] Log_spec ignored when pcen is set (extractSTFT:84)
2024-07-17 15:23:39.063 [ALFpaka] [WARNING] Log_spec ignored when pcen is set (extractSTFT:84)
2024-07-17 15:23:39.066 [ALFpaka] [WARNING] Log_spec ignored when pcen is set (extractSTFT:84)
2024-07-17 15:23:39.109 [ALFpaka] [WARNING] Log_spec ignored when pcen is set (extractSTFT:84)
2024-07-17 15:23:39.110 [ALFpaka] [WARNING] Log_spec ignored when pcen is set (extractSTFT:84)
2024-07-17 15:23:39.074 [ALFpaka] [WARNING] Log_spec ignored when pcen is set (extractSTFT:84)
2024-07-17 15:23:39.117 [ALFpaka] [WARNING] Log_spec ignored when pcen is set (extractSTFT:84)
2024-07-17 15:23:39.072 [ALFpaka] [WARNING] Log_spec ignored when pcen is set (extractSTFT:84)
2024-07-17 15:23:39.123 [ALFpaka] [WARNING] Log_spec ignored when pcen is set (extractSTFT:84)
2024-07-17 15:23:39.070 [ALFpaka] [WARNING] Log_spec ignored when pcen is set (extractSTFT:84)
2024-07-17 15:23:39.125 [ALFpaka] [WARNING] Log_spec ignored when pcen is set (extractSTFT:84)
2024-07-17 15:23:39.136 [ALFpaka] [WARNING] Log_spec ignored when pcen is set (extractSTFT:84)
2024-07-17 15:23:39.076 [ALFpaka] [WARNING] Log_spec ignored when pcen is set (extractSTFT:84)
2024-07-17 15:23:39.127 [ALFpaka] [WARNING] Log_spec ignored when pcen is set (extractSTFT:84)
2024-07-17 15:23:39.129 [ALFpaka] [WARNING] Log_spec ignored when pcen is set (extractSTFT:84)
2024-07-17 15:23:39.154 [ALFpaka] [WARNING] Log_spec ignored when pcen is set (extractSTFT:84)
2024-07-17 15:23:39.076 [ALFpaka] [WARNING] Log_spec ignored when pcen is set (extractSTFT:84)
2024-07-17 15:23:39.152 [ALFpaka] [WARNING] Log_spec ignored when pcen is set (extractSTFT:84)
2024-07-17 15:23:39.161 [ALFpaka] [WARNING] Log_spec ignored when pcen is set (extractSTFT:84)
2024-07-17 15:23:39.168 [ALFpaka] [WARNING] Log_spec ignored when pcen is set (extractSTFT:84)
2024-07-17 15:23:39.168 [ALFpaka] [WARNING] Log_spec ignored when pcen is set (extractSTFT:84)
2024-07-17 15:23:39.174 [ALFpaka] [WARNING] Log_spec ignored when pcen is set (extractSTFT:84)
2024-07-17 15:23:39.312 [ALFpaka] [WARNING] Log_spec ignored when pcen is set (extractSTFT:84)
2024-07-17 15:23:39.310 [ALFpaka] [WARNING] Log_spec ignored when pcen is set (extractSTFT:84)
2024-07-17 15:23:42.423 [ALFpaka] [INFO] Extracting features for class italy with id 2 (extractAndAddFeaturesToDataset:69)
2024-07-17 15:23:42.696 [ALFpaka] [WARNING] Log_spec ignored when pcen is set (extractSTFT:84)
2024-07-17 15:23:42.696 [ALFpaka] [WARNING] Log_spec ignored when pcen is set (extractSTFT:84)
2024-07-17 15:23:42.696 [ALFpaka] [WARNING] Log_spec ignored when pcen is set (extractSTFT:84)
2024-07-17 15:23:42.697 [ALFpaka] [WARNING] Log_spec ignored when pcen is set (extractSTFT:84)
2024-07-17 15:23:42.696 [ALFpaka] [WARNING] Log_spec ignored when pcen is set (extractSTFT:84)
2024-07-17 15:23:42.697 [ALFpaka] [WARNING] Log_spec ignored when pcen is set (extractSTFT:84)
2024-07-17 15:23:42.697 [ALFpaka] [WARNING] Log_spec ignored when pcen is set (extractSTFT:84)
2024-07-17 15:23:42.697 [ALFpaka] [WARNING] Log_spec ignored when pcen is set (extractSTFT:84)
2024-07-17 15:23:42.697 [ALFpaka] [WARNING] Log_spec ignored when pcen is set (extractSTFT:84)
2024-07-17 15:23:42.698 [ALFpaka] [WARNING] Log_spec ignored when pcen is set (extractSTFT:84)
2024-07-17 15:23:42.698 [ALFpaka] [WARNING] Log_spec ignored when pcen is set (extractSTFT:84)
2024-07-17 15:23:42.698 [ALFpaka] [WARNING] Log_spec ignored when pcen is set (extractSTFT:84)
2024-07-17 15:23:42.698 [ALFpaka] [WARNING] Log_spec ignored when pcen is set (extractSTFT:84)
2024-07-17 15:23:42.699 [ALFpaka] [WARNING] Log_spec ignored when pcen is set (extractSTFT:84)
2024-07-17 15:23:42.699 [ALFpaka] [WARNING] Log_spec ignored when pcen is set (extractSTFT:84)
2024-07-17 15:23:42.701 [ALFpaka] [WARNING] Log_spec ignored when pcen is set (extractSTFT:84)
2024-07-17 15:23:42.701 [ALFpaka] [WARNING] Log_spec ignored when pcen is set (extractSTFT:84)
2024-07-17 15:23:42.702 [ALFpaka] [WARNING] Log_spec ignored when pcen is set (extractSTFT:84)
2024-07-17 15:23:42.705 [ALFpaka] [WARNING] Log_spec ignored when pcen is set (extractSTFT:84)
2024-07-17 15:23:42.703 [ALFpaka] [WARNING] Log_spec ignored when pcen is set (extractSTFT:84)
2024-07-17 15:23:42.701 [ALFpaka] [WARNING] Log_spec ignored when pcen is set (extractSTFT:84)
2024-07-17 15:23:42.702 [ALFpaka] [WARNING] Log_spec ignored when pcen is set (extractSTFT:84)
2024-07-17 15:23:42.707 [ALFpaka] [WARNING] Log_spec ignored when pcen is set (extractSTFT:84)
2024-07-17 15:23:42.705 [ALFpaka] [WARNING] Log_spec ignored when pcen is set (extractSTFT:84)
2024-07-17 15:23:42.708 [ALFpaka] [WARNING] Log_spec ignored when pcen is set (extractSTFT:84)
2024-07-17 15:23:42.709 [ALFpaka] [WARNING] Log_spec ignored when pcen is set (extractSTFT:84)
2024-07-17 15:23:42.711 [ALFpaka] [WARNING] Log_spec ignored when pcen is set (extractSTFT:84)
2024-07-17 15:23:42.713 [ALFpaka] [WARNING] Log_spec ignored when pcen is set (extractSTFT:84)
2024-07-17 15:23:42.712 [ALFpaka] [WARNING] Log_spec ignored when pcen is set (extractSTFT:84)
2024-07-17 15:23:42.714 [ALFpaka] [WARNING] Log_spec ignored when pcen is set (extractSTFT:84)
2024-07-17 15:23:42.715 [ALFpaka] [WARNING] Log_spec ignored when pcen is set (extractSTFT:84)
2024-07-17 15:23:42.716 [ALFpaka] [WARNING] Log_spec ignored when pcen is set (extractSTFT:84)
2024-07-17 15:23:42.718 [ALFpaka] [WARNING] Log_spec ignored when pcen is set (extractSTFT:84)
2024-07-17 15:23:42.717 [ALFpaka] [WARNING] Log_spec ignored when pcen is set (extractSTFT:84)
2024-07-17 15:23:42.721 [ALFpaka] [WARNING] Log_spec ignored when pcen is set (extractSTFT:84)
2024-07-17 15:23:42.719 [ALFpaka] [WARNING] Log_spec ignored when pcen is set (extractSTFT:84)
2024-07-17 15:23:42.720 [ALFpaka] [WARNING] Log_spec ignored when pcen is set (extractSTFT:84)
2024-07-17 15:23:42.722 [ALFpaka] [WARNING] Log_spec ignored when pcen is set (extractSTFT:84)
2024-07-17 15:23:42.721 [ALFpaka] [WARNING] Log_spec ignored when pcen is set (extractSTFT:84)
2024-07-17 15:23:42.723 [ALFpaka] [WARNING] Log_spec ignored when pcen is set (extractSTFT:84)
2024-07-17 15:23:42.723 [ALFpaka] [WARNING] Log_spec ignored when pcen is set (extractSTFT:84)
2024-07-17 15:23:42.723 [ALFpaka] [WARNING] Log_spec ignored when pcen is set (extractSTFT:84)
2024-07-17 15:23:42.723 [ALFpaka] [WARNING] Log_spec ignored when pcen is set (extractSTFT:84)
2024-07-17 15:23:42.723 [ALFpaka] [WARNING] Log_spec ignored when pcen is set (extractSTFT:84)
2024-07-17 15:23:42.724 [ALFpaka] [WARNING] Log_spec ignored when pcen is set (extractSTFT:84)
2024-07-17 15:23:42.724 [ALFpaka] [WARNING] Log_spec ignored when pcen is set (extractSTFT:84)
2024-07-17 15:23:42.724 [ALFpaka] [WARNING] Log_spec ignored when pcen is set (extractSTFT:84)
2024-07-17 15:23:42.724 [ALFpaka] [WARNING] Log_spec ignored when pcen is set (extractSTFT:84)
2024-07-17 15:23:43.387 [ALFpaka] [WARNING] Log_spec ignored when pcen is set (extractSTFT:84)
2024-07-17 15:23:44.182 [ALFpaka] [WARNING] Log_spec ignored when pcen is set (extractSTFT:84)
2024-07-17 15:23:44.231 [ALFpaka] [WARNING] Log_spec ignored when pcen is set (extractSTFT:84)
2024-07-17 15:23:44.297 [ALFpaka] [WARNING] Log_spec ignored when pcen is set (extractSTFT:84)
2024-07-17 15:23:44.298 [ALFpaka] [WARNING] Log_spec ignored when pcen is set (extractSTFT:84)
2024-07-17 15:23:44.297 [ALFpaka] [WARNING] Log_spec ignored when pcen is set (extractSTFT:84)
2024-07-17 15:23:44.300 [ALFpaka] [WARNING] Log_spec ignored when pcen is set (extractSTFT:84)
2024-07-17 15:23:44.340 [ALFpaka] [WARNING] Log_spec ignored when pcen is set (extractSTFT:84)
2024-07-17 15:23:44.344 [ALFpaka] [WARNING] Log_spec ignored when pcen is set (extractSTFT:84)
2024-07-17 15:23:44.370 [ALFpaka] [WARNING] Log_spec ignored when pcen is set (extractSTFT:84)
2024-07-17 15:23:44.387 [ALFpaka] [WARNING] Log_spec ignored when pcen is set (extractSTFT:84)
2024-07-17 15:23:44.409 [ALFpaka] [WARNING] Log_spec ignored when pcen is set (extractSTFT:84)
2024-07-17 15:23:44.430 [ALFpaka] [WARNING] Log_spec ignored when pcen is set (extractSTFT:84)
2024-07-17 15:23:44.431 [ALFpaka] [WARNING] Log_spec ignored when pcen is set (extractSTFT:84)
2024-07-17 15:23:44.430 [ALFpaka] [WARNING] Log_spec ignored when pcen is set (extractSTFT:84)
2024-07-17 15:23:44.470 [ALFpaka] [WARNING] Log_spec ignored when pcen is set (extractSTFT:84)
2024-07-17 15:23:44.485 [ALFpaka] [WARNING] Log_spec ignored when pcen is set (extractSTFT:84)
2024-07-17 15:23:44.485 [ALFpaka] [WARNING] Log_spec ignored when pcen is set (extractSTFT:84)
2024-07-17 15:23:44.473 [ALFpaka] [WARNING] Log_spec ignored when pcen is set (extractSTFT:84)
2024-07-17 15:23:44.472 [ALFpaka] [WARNING] Log_spec ignored when pcen is set (extractSTFT:84)
2024-07-17 15:23:44.471 [ALFpaka] [WARNING] Log_spec ignored when pcen is set (extractSTFT:84)
2024-07-17 15:23:44.474 [ALFpaka] [WARNING] Log_spec ignored when pcen is set (extractSTFT:84)
2024-07-17 15:23:44.469 [ALFpaka] [WARNING] Log_spec ignored when pcen is set (extractSTFT:84)
2024-07-17 15:23:44.496 [ALFpaka] [WARNING] Log_spec ignored when pcen is set (extractSTFT:84)
2024-07-17 15:23:44.476 [ALFpaka] [WARNING] Log_spec ignored when pcen is set (extractSTFT:84)
2024-07-17 15:23:44.503 [ALFpaka] [WARNING] Log_spec ignored when pcen is set (extractSTFT:84)
2024-07-17 15:23:44.478 [ALFpaka] [WARNING] Log_spec ignored when pcen is set (extractSTFT:84)
2024-07-17 15:23:44.477 [ALFpaka] [WARNING] Log_spec ignored when pcen is set (extractSTFT:84)
2024-07-17 15:23:44.475 [ALFpaka] [WARNING] Log_spec ignored when pcen is set (extractSTFT:84)
2024-07-17 15:23:44.511 [ALFpaka] [WARNING] Log_spec ignored when pcen is set (extractSTFT:84)
2024-07-17 15:23:44.482 [ALFpaka] [WARNING] Log_spec ignored when pcen is set (extractSTFT:84)
2024-07-17 15:23:44.521 [ALFpaka] [WARNING] Log_spec ignored when pcen is set (extractSTFT:84)
2024-07-17 15:23:44.535 [ALFpaka] [WARNING] Log_spec ignored when pcen is set (extractSTFT:84)
2024-07-17 15:23:44.548 [ALFpaka] [WARNING] Log_spec ignored when pcen is set (extractSTFT:84)
2024-07-17 15:23:44.483 [ALFpaka] [WARNING] Log_spec ignored when pcen is set (extractSTFT:84)
2024-07-17 15:23:44.484 [ALFpaka] [WARNING] Log_spec ignored when pcen is set (extractSTFT:84)
2024-07-17 15:23:44.483 [ALFpaka] [WARNING] Log_spec ignored when pcen is set (extractSTFT:84)
2024-07-17 15:23:44.486 [ALFpaka] [WARNING] Log_spec ignored when pcen is set (extractSTFT:84)
2024-07-17 15:23:44.585 [ALFpaka] [WARNING] Log_spec ignored when pcen is set (extractSTFT:84)
2024-07-17 15:23:44.590 [ALFpaka] [WARNING] Log_spec ignored when pcen is set (extractSTFT:84)
2024-07-17 15:23:44.604 [ALFpaka] [WARNING] Log_spec ignored when pcen is set (extractSTFT:84)
2024-07-17 15:23:44.638 [ALFpaka] [WARNING] Log_spec ignored when pcen is set (extractSTFT:84)
2024-07-17 15:23:44.669 [ALFpaka] [WARNING] Log_spec ignored when pcen is set (extractSTFT:84)
2024-07-17 15:23:45.032 [ALFpaka] [WARNING] Log_spec ignored when pcen is set (extractSTFT:84)
2024-07-17 15:23:45.356 [ALFpaka] [WARNING] Log_spec ignored when pcen is set (extractSTFT:84)
2024-07-17 15:23:47.687 [ALFpaka] [INFO] Extracting features for class spain with id 3 (extractAndAddFeaturesToDataset:69)
2024-07-17 15:23:47.981 [ALFpaka] [WARNING] Log_spec ignored when pcen is set (extractSTFT:84)
2024-07-17 15:23:47.981 [ALFpaka] [WARNING] Log_spec ignored when pcen is set (extractSTFT:84)
2024-07-17 15:23:47.982 [ALFpaka] [WARNING] Log_spec ignored when pcen is set (extractSTFT:84)
2024-07-17 15:23:47.982 [ALFpaka] [WARNING] Log_spec ignored when pcen is set (extractSTFT:84)
2024-07-17 15:23:47.982 [ALFpaka] [WARNING] Log_spec ignored when pcen is set (extractSTFT:84)
2024-07-17 15:23:47.982 [ALFpaka] [WARNING] Log_spec ignored when pcen is set (extractSTFT:84)
2024-07-17 15:23:47.983 [ALFpaka] [WARNING] Log_spec ignored when pcen is set (extractSTFT:84)
2024-07-17 15:23:47.983 [ALFpaka] [WARNING] Log_spec ignored when pcen is set (extractSTFT:84)
2024-07-17 15:23:47.983 [ALFpaka] [WARNING] Log_spec ignored when pcen is set (extractSTFT:84)
2024-07-17 15:23:47.983 [ALFpaka] [WARNING] Log_spec ignored when pcen is set (extractSTFT:84)
2024-07-17 15:23:47.983 [ALFpaka] [WARNING] Log_spec ignored when pcen is set (extractSTFT:84)
2024-07-17 15:23:47.984 [ALFpaka] [WARNING] Log_spec ignored when pcen is set (extractSTFT:84)
2024-07-17 15:23:47.984 [ALFpaka] [WARNING] Log_spec ignored when pcen is set (extractSTFT:84)
2024-07-17 15:23:47.985 [ALFpaka] [WARNING] Log_spec ignored when pcen is set (extractSTFT:84)
2024-07-17 15:23:47.985 [ALFpaka] [WARNING] Log_spec ignored when pcen is set (extractSTFT:84)
2024-07-17 15:23:47.985 [ALFpaka] [WARNING] Log_spec ignored when pcen is set (extractSTFT:84)
2024-07-17 15:23:47.985 [ALFpaka] [WARNING] Log_spec ignored when pcen is set (extractSTFT:84)
2024-07-17 15:23:47.986 [ALFpaka] [WARNING] Log_spec ignored when pcen is set (extractSTFT:84)
2024-07-17 15:23:47.986 [ALFpaka] [WARNING] Log_spec ignored when pcen is set (extractSTFT:84)
2024-07-17 15:23:47.986 [ALFpaka] [WARNING] Log_spec ignored when pcen is set (extractSTFT:84)
2024-07-17 15:23:47.986 [ALFpaka] [WARNING] Log_spec ignored when pcen is set (extractSTFT:84)
2024-07-17 15:23:47.987 [ALFpaka] [WARNING] Log_spec ignored when pcen is set (extractSTFT:84)
2024-07-17 15:23:47.988 [ALFpaka] [WARNING] Log_spec ignored when pcen is set (extractSTFT:84)
2024-07-17 15:23:47.987 [ALFpaka] [WARNING] Log_spec ignored when pcen is set (extractSTFT:84)
2024-07-17 15:23:47.988 [ALFpaka] [WARNING] Log_spec ignored when pcen is set (extractSTFT:84)
2024-07-17 15:23:47.988 [ALFpaka] [WARNING] Log_spec ignored when pcen is set (extractSTFT:84)
2024-07-17 15:23:47.988 [ALFpaka] [WARNING] Log_spec ignored when pcen is set (extractSTFT:84)
2024-07-17 15:23:47.988 [ALFpaka] [WARNING] Log_spec ignored when pcen is set (extractSTFT:84)
2024-07-17 15:23:47.988 [ALFpaka] [WARNING] Log_spec ignored when pcen is set (extractSTFT:84)
2024-07-17 15:23:47.988 [ALFpaka] [WARNING] Log_spec ignored when pcen is set (extractSTFT:84)
2024-07-17 15:23:47.989 [ALFpaka] [WARNING] Log_spec ignored when pcen is set (extractSTFT:84)
2024-07-17 15:23:47.989 [ALFpaka] [WARNING] Log_spec ignored when pcen is set (extractSTFT:84)
2024-07-17 15:23:47.989 [ALFpaka] [WARNING] Log_spec ignored when pcen is set (extractSTFT:84)
2024-07-17 15:23:47.991 [ALFpaka] [WARNING] Log_spec ignored when pcen is set (extractSTFT:84)
2024-07-17 15:23:47.990 [ALFpaka] [WARNING] Log_spec ignored when pcen is set (extractSTFT:84)
2024-07-17 15:23:47.991 [ALFpaka] [WARNING] Log_spec ignored when pcen is set (extractSTFT:84)
2024-07-17 15:23:47.991 [ALFpaka] [WARNING] Log_spec ignored when pcen is set (extractSTFT:84)
2024-07-17 15:23:47.991 [ALFpaka] [WARNING] Log_spec ignored when pcen is set (extractSTFT:84)
2024-07-17 15:23:47.991 [ALFpaka] [WARNING] Log_spec ignored when pcen is set (extractSTFT:84)
2024-07-17 15:23:47.992 [ALFpaka] [WARNING] Log_spec ignored when pcen is set (extractSTFT:84)
2024-07-17 15:23:47.990 [ALFpaka] [WARNING] Log_spec ignored when pcen is set (extractSTFT:84)
2024-07-17 15:23:47.990 [ALFpaka] [WARNING] Log_spec ignored when pcen is set (extractSTFT:84)
2024-07-17 15:23:47.993 [ALFpaka] [WARNING] Log_spec ignored when pcen is set (extractSTFT:84)
2024-07-17 15:23:47.990 [ALFpaka] [WARNING] Log_spec ignored when pcen is set (extractSTFT:84)
2024-07-17 15:23:47.993 [ALFpaka] [WARNING] Log_spec ignored when pcen is set (extractSTFT:84)
2024-07-17 15:23:47.992 [ALFpaka] [WARNING] Log_spec ignored when pcen is set (extractSTFT:84)
2024-07-17 15:23:47.994 [ALFpaka] [WARNING] Log_spec ignored when pcen is set (extractSTFT:84)
2024-07-17 15:23:47.996 [ALFpaka] [WARNING] Log_spec ignored when pcen is set (extractSTFT:84)
2024-07-17 15:23:49.072 [ALFpaka] [WARNING] Log_spec ignored when pcen is set (extractSTFT:84)
2024-07-17 15:23:49.495 [ALFpaka] [WARNING] Log_spec ignored when pcen is set (extractSTFT:84)
2024-07-17 15:23:49.488 [ALFpaka] [WARNING] Log_spec ignored when pcen is set (extractSTFT:84)
2024-07-17 15:23:49.529 [ALFpaka] [WARNING] Log_spec ignored when pcen is set (extractSTFT:84)
2024-07-17 15:23:49.670 [ALFpaka] [WARNING] Log_spec ignored when pcen is set (extractSTFT:84)
2024-07-17 15:23:49.677 [ALFpaka] [WARNING] Log_spec ignored when pcen is set (extractSTFT:84)
2024-07-17 15:23:49.671 [ALFpaka] [WARNING] Log_spec ignored when pcen is set (extractSTFT:84)
2024-07-17 15:23:49.672 [ALFpaka] [WARNING] Log_spec ignored when pcen is set (extractSTFT:84)
2024-07-17 15:23:49.671 [ALFpaka] [WARNING] Log_spec ignored when pcen is set (extractSTFT:84)
2024-07-17 15:23:49.673 [ALFpaka] [WARNING] Log_spec ignored when pcen is set (extractSTFT:84)
2024-07-17 15:23:49.676 [ALFpaka] [WARNING] Log_spec ignored when pcen is set (extractSTFT:84)
2024-07-17 15:23:49.675 [ALFpaka] [WARNING] Log_spec ignored when pcen is set (extractSTFT:84)
2024-07-17 15:23:49.726 [ALFpaka] [WARNING] Log_spec ignored when pcen is set (extractSTFT:84)
2024-07-17 15:23:49.764 [ALFpaka] [WARNING] Log_spec ignored when pcen is set (extractSTFT:84)
2024-07-17 15:23:49.765 [ALFpaka] [WARNING] Log_spec ignored when pcen is set (extractSTFT:84)
2024-07-17 15:23:49.766 [ALFpaka] [WARNING] Log_spec ignored when pcen is set (extractSTFT:84)
2024-07-17 15:23:49.787 [ALFpaka] [WARNING] Log_spec ignored when pcen is set (extractSTFT:84)
2024-07-17 15:23:49.787 [ALFpaka] [WARNING] Log_spec ignored when pcen is set (extractSTFT:84)
2024-07-17 15:23:49.793 [ALFpaka] [WARNING] Log_spec ignored when pcen is set (extractSTFT:84)
2024-07-17 15:23:49.786 [ALFpaka] [WARNING] Log_spec ignored when pcen is set (extractSTFT:84)
2024-07-17 15:23:49.806 [ALFpaka] [WARNING] Log_spec ignored when pcen is set (extractSTFT:84)
2024-07-17 15:23:49.807 [ALFpaka] [WARNING] Log_spec ignored when pcen is set (extractSTFT:84)
2024-07-17 15:23:49.822 [ALFpaka] [WARNING] Log_spec ignored when pcen is set (extractSTFT:84)
2024-07-17 15:23:49.842 [ALFpaka] [WARNING] Log_spec ignored when pcen is set (extractSTFT:84)
2024-07-17 15:23:49.855 [ALFpaka] [WARNING] Log_spec ignored when pcen is set (extractSTFT:84)
2024-07-17 15:23:49.875 [ALFpaka] [WARNING] Log_spec ignored when pcen is set (extractSTFT:84)
2024-07-17 15:23:49.897 [ALFpaka] [WARNING] Log_spec ignored when pcen is set (extractSTFT:84)
2024-07-17 15:23:49.910 [ALFpaka] [WARNING] Log_spec ignored when pcen is set (extractSTFT:84)
2024-07-17 15:23:49.909 [ALFpaka] [WARNING] Log_spec ignored when pcen is set (extractSTFT:84)
2024-07-17 15:23:49.911 [ALFpaka] [WARNING] Log_spec ignored when pcen is set (extractSTFT:84)
2024-07-17 15:23:49.922 [ALFpaka] [WARNING] Log_spec ignored when pcen is set (extractSTFT:84)
2024-07-17 15:23:49.933 [ALFpaka] [WARNING] Log_spec ignored when pcen is set (extractSTFT:84)
2024-07-17 15:23:49.957 [ALFpaka] [WARNING] Log_spec ignored when pcen is set (extractSTFT:84)
2024-07-17 15:23:49.967 [ALFpaka] [WARNING] Log_spec ignored when pcen is set (extractSTFT:84)
2024-07-17 15:23:49.968 [ALFpaka] [WARNING] Log_spec ignored when pcen is set (extractSTFT:84)
2024-07-17 15:23:49.983 [ALFpaka] [WARNING] Log_spec ignored when pcen is set (extractSTFT:84)
2024-07-17 15:23:49.994 [ALFpaka] [WARNING] Log_spec ignored when pcen is set (extractSTFT:84)
2024-07-17 15:23:50.020 [ALFpaka] [WARNING] Log_spec ignored when pcen is set (extractSTFT:84)
2024-07-17 15:23:50.049 [ALFpaka] [WARNING] Log_spec ignored when pcen is set (extractSTFT:84)
2024-07-17 15:23:50.086 [ALFpaka] [WARNING] Log_spec ignored when pcen is set (extractSTFT:84)
2024-07-17 15:23:50.087 [ALFpaka] [WARNING] Log_spec ignored when pcen is set (extractSTFT:84)
2024-07-17 15:23:50.100 [ALFpaka] [WARNING] Log_spec ignored when pcen is set (extractSTFT:84)
2024-07-17 15:23:50.113 [ALFpaka] [WARNING] Log_spec ignored when pcen is set (extractSTFT:84)
2024-07-17 15:23:50.141 [ALFpaka] [WARNING] Log_spec ignored when pcen is set (extractSTFT:84)
2024-07-17 15:23:50.162 [ALFpaka] [WARNING] Log_spec ignored when pcen is set (extractSTFT:84)
2024-07-17 15:23:52.859 [ALFpaka] [INFO] Extracting features for class france with id 0 (extractAndAddFeaturesToDataset:69)
2024-07-17 15:23:53.149 [ALFpaka] [WARNING] Log_spec ignored when pcen is set (extractSTFT:84)
2024-07-17 15:23:53.150 [ALFpaka] [WARNING] Log_spec ignored when pcen is set (extractSTFT:84)
2024-07-17 15:23:53.150 [ALFpaka] [WARNING] Log_spec ignored when pcen is set (extractSTFT:84)
2024-07-17 15:23:53.150 [ALFpaka] [WARNING] Log_spec ignored when pcen is set (extractSTFT:84)
2024-07-17 15:23:53.150 [ALFpaka] [WARNING] Log_spec ignored when pcen is set (extractSTFT:84)
2024-07-17 15:23:53.150 [ALFpaka] [WARNING] Log_spec ignored when pcen is set (extractSTFT:84)
2024-07-17 15:23:53.151 [ALFpaka] [WARNING] Log_spec ignored when pcen is set (extractSTFT:84)
2024-07-17 15:23:53.151 [ALFpaka] [WARNING] Log_spec ignored when pcen is set (extractSTFT:84)
2024-07-17 15:23:53.151 [ALFpaka] [WARNING] Log_spec ignored when pcen is set (extractSTFT:84)
2024-07-17 15:23:53.151 [ALFpaka] [WARNING] Log_spec ignored when pcen is set (extractSTFT:84)
2024-07-17 15:23:53.152 [ALFpaka] [WARNING] Log_spec ignored when pcen is set (extractSTFT:84)
2024-07-17 15:23:53.152 [ALFpaka] [WARNING] Log_spec ignored when pcen is set (extractSTFT:84)
2024-07-17 15:23:53.152 [ALFpaka] [WARNING] Log_spec ignored when pcen is set (extractSTFT:84)
2024-07-17 15:23:53.154 [ALFpaka] [WARNING] Log_spec ignored when pcen is set (extractSTFT:84)
2024-07-17 15:23:53.154 [ALFpaka] [WARNING] Log_spec ignored when pcen is set (extractSTFT:84)
2024-07-17 15:23:53.152 [ALFpaka] [WARNING] Log_spec ignored when pcen is set (extractSTFT:84)
2024-07-17 15:23:53.156 [ALFpaka] [WARNING] Log_spec ignored when pcen is set (extractSTFT:84)
2024-07-17 15:23:53.155 [ALFpaka] [WARNING] Log_spec ignored when pcen is set (extractSTFT:84)
2024-07-17 15:23:53.155 [ALFpaka] [WARNING] Log_spec ignored when pcen is set (extractSTFT:84)
2024-07-17 15:23:53.157 [ALFpaka] [WARNING] Log_spec ignored when pcen is set (extractSTFT:84)
2024-07-17 15:23:53.158 [ALFpaka] [WARNING] Log_spec ignored when pcen is set (extractSTFT:84)
2024-07-17 15:23:53.157 [ALFpaka] [WARNING] Log_spec ignored when pcen is set (extractSTFT:84)
2024-07-17 15:23:53.161 [ALFpaka] [WARNING] Log_spec ignored when pcen is set (extractSTFT:84)
2024-07-17 15:23:53.159 [ALFpaka] [WARNING] Log_spec ignored when pcen is set (extractSTFT:84)
2024-07-17 15:23:53.161 [ALFpaka] [WARNING] Log_spec ignored when pcen is set (extractSTFT:84)
2024-07-17 15:23:53.161 [ALFpaka] [WARNING] Log_spec ignored when pcen is set (extractSTFT:84)
2024-07-17 15:23:53.163 [ALFpaka] [WARNING] Log_spec ignored when pcen is set (extractSTFT:84)
2024-07-17 15:23:53.163 [ALFpaka] [WARNING] Log_spec ignored when pcen is set (extractSTFT:84)
2024-07-17 15:23:53.164 [ALFpaka] [WARNING] Log_spec ignored when pcen is set (extractSTFT:84)
2024-07-17 15:23:53.164 [ALFpaka] [WARNING] Log_spec ignored when pcen is set (extractSTFT:84)
2024-07-17 15:23:55.415 [ALFpaka] [INFO] Extracting features for class germany with id 1 (extractAndAddFeaturesToDataset:69)
2024-07-17 15:23:55.730 [ALFpaka] [WARNING] Log_spec ignored when pcen is set (extractSTFT:84)
2024-07-17 15:23:55.730 [ALFpaka] [WARNING] Log_spec ignored when pcen is set (extractSTFT:84)
2024-07-17 15:23:55.730 [ALFpaka] [WARNING] Log_spec ignored when pcen is set (extractSTFT:84)
2024-07-17 15:23:55.730 [ALFpaka] [WARNING] Log_spec ignored when pcen is set (extractSTFT:84)
2024-07-17 15:23:55.730 [ALFpaka] [WARNING] Log_spec ignored when pcen is set (extractSTFT:84)
2024-07-17 15:23:55.731 [ALFpaka] [WARNING] Log_spec ignored when pcen is set (extractSTFT:84)
2024-07-17 15:23:55.731 [ALFpaka] [WARNING] Log_spec ignored when pcen is set (extractSTFT:84)
2024-07-17 15:23:55.731 [ALFpaka] [WARNING] Log_spec ignored when pcen is set (extractSTFT:84)
2024-07-17 15:23:55.732 [ALFpaka] [WARNING] Log_spec ignored when pcen is set (extractSTFT:84)
2024-07-17 15:23:55.732 [ALFpaka] [WARNING] Log_spec ignored when pcen is set (extractSTFT:84)
2024-07-17 15:23:55.732 [ALFpaka] [WARNING] Log_spec ignored when pcen is set (extractSTFT:84)
2024-07-17 15:23:55.733 [ALFpaka] [WARNING] Log_spec ignored when pcen is set (extractSTFT:84)
2024-07-17 15:23:55.732 [ALFpaka] [WARNING] Log_spec ignored when pcen is set (extractSTFT:84)
2024-07-17 15:23:55.733 [ALFpaka] [WARNING] Log_spec ignored when pcen is set (extractSTFT:84)
2024-07-17 15:23:55.733 [ALFpaka] [WARNING] Log_spec ignored when pcen is set (extractSTFT:84)
2024-07-17 15:23:55.733 [ALFpaka] [WARNING] Log_spec ignored when pcen is set (extractSTFT:84)
2024-07-17 15:23:55.733 [ALFpaka] [WARNING] Log_spec ignored when pcen is set (extractSTFT:84)
2024-07-17 15:23:55.734 [ALFpaka] [WARNING] Log_spec ignored when pcen is set (extractSTFT:84)
2024-07-17 15:23:55.734 [ALFpaka] [WARNING] Log_spec ignored when pcen is set (extractSTFT:84)
2024-07-17 15:23:55.734 [ALFpaka] [WARNING] Log_spec ignored when pcen is set (extractSTFT:84)
2024-07-17 15:23:55.735 [ALFpaka] [WARNING] Log_spec ignored when pcen is set (extractSTFT:84)
2024-07-17 15:23:55.736 [ALFpaka] [WARNING] Log_spec ignored when pcen is set (extractSTFT:84)
2024-07-17 15:23:55.736 [ALFpaka] [WARNING] Log_spec ignored when pcen is set (extractSTFT:84)
2024-07-17 15:23:55.736 [ALFpaka] [WARNING] Log_spec ignored when pcen is set (extractSTFT:84)
2024-07-17 15:23:55.736 [ALFpaka] [WARNING] Log_spec ignored when pcen is set (extractSTFT:84)
2024-07-17 15:23:55.737 [ALFpaka] [WARNING] Log_spec ignored when pcen is set (extractSTFT:84)
2024-07-17 15:23:55.738 [ALFpaka] [WARNING] Log_spec ignored when pcen is set (extractSTFT:84)
2024-07-17 15:23:55.738 [ALFpaka] [WARNING] Log_spec ignored when pcen is set (extractSTFT:84)
2024-07-17 15:23:55.738 [ALFpaka] [WARNING] Log_spec ignored when pcen is set (extractSTFT:84)
2024-07-17 15:23:55.739 [ALFpaka] [WARNING] Log_spec ignored when pcen is set (extractSTFT:84)
2024-07-17 15:23:58.196 [ALFpaka] [INFO] Extracting features for class italy with id 2 (extractAndAddFeaturesToDataset:69)
2024-07-17 15:23:58.515 [ALFpaka] [WARNING] Log_spec ignored when pcen is set (extractSTFT:84)
2024-07-17 15:23:58.515 [ALFpaka] [WARNING] Log_spec ignored when pcen is set (extractSTFT:84)
2024-07-17 15:23:58.516 [ALFpaka] [WARNING] Log_spec ignored when pcen is set (extractSTFT:84)
2024-07-17 15:23:58.516 [ALFpaka] [WARNING] Log_spec ignored when pcen is set (extractSTFT:84)
2024-07-17 15:23:58.516 [ALFpaka] [WARNING] Log_spec ignored when pcen is set (extractSTFT:84)
2024-07-17 15:23:58.517 [ALFpaka] [WARNING] Log_spec ignored when pcen is set (extractSTFT:84)
2024-07-17 15:23:58.517 [ALFpaka] [WARNING] Log_spec ignored when pcen is set (extractSTFT:84)
2024-07-17 15:23:58.517 [ALFpaka] [WARNING] Log_spec ignored when pcen is set (extractSTFT:84)
2024-07-17 15:23:58.517 [ALFpaka] [WARNING] Log_spec ignored when pcen is set (extractSTFT:84)
2024-07-17 15:23:58.518 [ALFpaka] [WARNING] Log_spec ignored when pcen is set (extractSTFT:84)
2024-07-17 15:23:58.518 [ALFpaka] [WARNING] Log_spec ignored when pcen is set (extractSTFT:84)
2024-07-17 15:23:58.518 [ALFpaka] [WARNING] Log_spec ignored when pcen is set (extractSTFT:84)
2024-07-17 15:23:58.518 [ALFpaka] [WARNING] Log_spec ignored when pcen is set (extractSTFT:84)
2024-07-17 15:23:58.519 [ALFpaka] [WARNING] Log_spec ignored when pcen is set (extractSTFT:84)
2024-07-17 15:23:58.519 [ALFpaka] [WARNING] Log_spec ignored when pcen is set (extractSTFT:84)
2024-07-17 15:23:58.519 [ALFpaka] [WARNING] Log_spec ignored when pcen is set (extractSTFT:84)
2024-07-17 15:23:58.519 [ALFpaka] [WARNING] Log_spec ignored when pcen is set (extractSTFT:84)
2024-07-17 15:23:58.519 [ALFpaka] [WARNING] Log_spec ignored when pcen is set (extractSTFT:84)
2024-07-17 15:23:58.520 [ALFpaka] [WARNING] Log_spec ignored when pcen is set (extractSTFT:84)
2024-07-17 15:23:58.520 [ALFpaka] [WARNING] Log_spec ignored when pcen is set (extractSTFT:84)
2024-07-17 15:23:58.520 [ALFpaka] [WARNING] Log_spec ignored when pcen is set (extractSTFT:84)
2024-07-17 15:23:58.520 [ALFpaka] [WARNING] Log_spec ignored when pcen is set (extractSTFT:84)
2024-07-17 15:23:58.521 [ALFpaka] [WARNING] Log_spec ignored when pcen is set (extractSTFT:84)
2024-07-17 15:23:58.521 [ALFpaka] [WARNING] Log_spec ignored when pcen is set (extractSTFT:84)
2024-07-17 15:23:58.521 [ALFpaka] [WARNING] Log_spec ignored when pcen is set (extractSTFT:84)
2024-07-17 15:23:58.522 [ALFpaka] [WARNING] Log_spec ignored when pcen is set (extractSTFT:84)
2024-07-17 15:23:58.522 [ALFpaka] [WARNING] Log_spec ignored when pcen is set (extractSTFT:84)
2024-07-17 15:23:58.522 [ALFpaka] [WARNING] Log_spec ignored when pcen is set (extractSTFT:84)
2024-07-17 15:23:58.522 [ALFpaka] [WARNING] Log_spec ignored when pcen is set (extractSTFT:84)
2024-07-17 15:23:58.523 [ALFpaka] [WARNING] Log_spec ignored when pcen is set (extractSTFT:84)
2024-07-17 15:24:01.080 [ALFpaka] [INFO] Extracting features for class spain with id 3 (extractAndAddFeaturesToDataset:69)
2024-07-17 15:24:01.416 [ALFpaka] [WARNING] Log_spec ignored when pcen is set (extractSTFT:84)
2024-07-17 15:24:01.416 [ALFpaka] [WARNING] Log_spec ignored when pcen is set (extractSTFT:84)
2024-07-17 15:24:01.417 [ALFpaka] [WARNING] Log_spec ignored when pcen is set (extractSTFT:84)
2024-07-17 15:24:01.417 [ALFpaka] [WARNING] Log_spec ignored when pcen is set (extractSTFT:84)
2024-07-17 15:24:01.417 [ALFpaka] [WARNING] Log_spec ignored when pcen is set (extractSTFT:84)
2024-07-17 15:24:01.417 [ALFpaka] [WARNING] Log_spec ignored when pcen is set (extractSTFT:84)
2024-07-17 15:24:01.418 [ALFpaka] [WARNING] Log_spec ignored when pcen is set (extractSTFT:84)
2024-07-17 15:24:01.418 [ALFpaka] [WARNING] Log_spec ignored when pcen is set (extractSTFT:84)
2024-07-17 15:24:01.418 [ALFpaka] [WARNING] Log_spec ignored when pcen is set (extractSTFT:84)
2024-07-17 15:24:01.418 [ALFpaka] [WARNING] Log_spec ignored when pcen is set (extractSTFT:84)
2024-07-17 15:24:01.418 [ALFpaka] [WARNING] Log_spec ignored when pcen is set (extractSTFT:84)
2024-07-17 15:24:01.419 [ALFpaka] [WARNING] Log_spec ignored when pcen is set (extractSTFT:84)
2024-07-17 15:24:01.420 [ALFpaka] [WARNING] Log_spec ignored when pcen is set (extractSTFT:84)
2024-07-17 15:24:01.420 [ALFpaka] [WARNING] Log_spec ignored when pcen is set (extractSTFT:84)
2024-07-17 15:24:01.419 [ALFpaka] [WARNING] Log_spec ignored when pcen is set (extractSTFT:84)
2024-07-17 15:24:01.420 [ALFpaka] [WARNING] Log_spec ignored when pcen is set (extractSTFT:84)
2024-07-17 15:24:01.421 [ALFpaka] [WARNING] Log_spec ignored when pcen is set (extractSTFT:84)
2024-07-17 15:24:01.422 [ALFpaka] [WARNING] Log_spec ignored when pcen is set (extractSTFT:84)
2024-07-17 15:24:01.422 [ALFpaka] [WARNING] Log_spec ignored when pcen is set (extractSTFT:84)
2024-07-17 15:24:01.422 [ALFpaka] [WARNING] Log_spec ignored when pcen is set (extractSTFT:84)
2024-07-17 15:24:01.424 [ALFpaka] [WARNING] Log_spec ignored when pcen is set (extractSTFT:84)
2024-07-17 15:24:01.425 [ALFpaka] [WARNING] Log_spec ignored when pcen is set (extractSTFT:84)
2024-07-17 15:24:01.425 [ALFpaka] [WARNING] Log_spec ignored when pcen is set (extractSTFT:84)
2024-07-17 15:24:01.425 [ALFpaka] [WARNING] Log_spec ignored when pcen is set (extractSTFT:84)
2024-07-17 15:24:01.425 [ALFpaka] [WARNING] Log_spec ignored when pcen is set (extractSTFT:84)
2024-07-17 15:24:01.426 [ALFpaka] [WARNING] Log_spec ignored when pcen is set (extractSTFT:84)
2024-07-17 15:24:01.427 [ALFpaka] [WARNING] Log_spec ignored when pcen is set (extractSTFT:84)
2024-07-17 15:24:01.427 [ALFpaka] [WARNING] Log_spec ignored when pcen is set (extractSTFT:84)
2024-07-17 15:24:01.427 [ALFpaka] [WARNING] Log_spec ignored when pcen is set (extractSTFT:84)
2024-07-17 15:24:01.428 [ALFpaka] [WARNING] Log_spec ignored when pcen is set (extractSTFT:84)
2024-07-17 15:24:03.854 [ALFpaka] [INFO] Training using one GPU (run_training:144)
2024-07-17 15:24:03.855 [ALFpaka] [INFO] --- training data --- (get_dataset_and_print_stats:76)
2024-07-17 15:24:03.855 [ALFpaka] [INFO] france number of files 93 (get_dataset_and_print_stats:81)
2024-07-17 15:24:03.855 [ALFpaka] [INFO] germany number of files 93 (get_dataset_and_print_stats:81)
2024-07-17 15:24:03.855 [ALFpaka] [INFO] italy number of files 93 (get_dataset_and_print_stats:81)
2024-07-17 15:24:03.855 [ALFpaka] [INFO] spain number of files 93 (get_dataset_and_print_stats:81)
2024-07-17 15:24:03.856 [ALFpaka] [INFO] --- test data --- (get_dataset_and_print_stats:76)
2024-07-17 15:24:03.856 [ALFpaka] [INFO] france number of files 30 (get_dataset_and_print_stats:81)
2024-07-17 15:24:03.856 [ALFpaka] [INFO] germany number of files 30 (get_dataset_and_print_stats:81)
2024-07-17 15:24:03.856 [ALFpaka] [INFO] italy number of files 30 (get_dataset_and_print_stats:81)
2024-07-17 15:24:03.856 [ALFpaka] [INFO] spain number of files 30 (get_dataset_and_print_stats:81)
2024-07-17 15:24:04.432 [ALFpaka] [INFO] --- training data size --- (print_feature_stats:109)
2024-07-17 15:24:04.433 [ALFpaka] [INFO] X shape --> (1826, 64, 128, 2) (print_feature_stats:111)
2024-07-17 15:24:04.433 [ALFpaka] [INFO] Y shape --> (1826, 4) (print_feature_stats:112)
2024-07-17 15:24:04.433 [ALFpaka] [INFO] number of features per frame 2 (print_feature_stats:119)
2024-07-17 15:24:04.433 [ALFpaka] [INFO] number of feature frames 1826 (print_feature_stats:120)
2024-07-17 15:24:04.434 [ALFpaka] [INFO] ---------------- CV step 1 of 1 --------------- (run_training_per_cv_step:363)
2024-07-17 15:24:04.434 [ALFpaka] [WARNING] WARNING: No validation data found! (__train_model_per_cv_step:692)
2024-07-17 15:24:04.725 [ALFpaka] [INFO] Model summary: (__trainModelInternal:135)
2024-07-17 15:24:04.725 [ALFpaka] [INFO] Model: "res_net" (print_summary:185)
2024-07-17 15:24:04.725 [ALFpaka] [INFO] __________________________________________________________________________________________________ (print_summary:186)
2024-07-17 15:24:04.725 [ALFpaka] [INFO] Layer (type)                    Output Shape         Param #     Connected to                      (print_row:183)
2024-07-17 15:24:04.725 [ALFpaka] [INFO] ================================================================================================== (print_summary:188)
2024-07-17 15:24:04.726 [ALFpaka] [INFO] input_1 (InputLayer)            [(None, 64, 128, 2)] 0                                             (print_row:183)
2024-07-17 15:24:04.726 [ALFpaka] [INFO] __________________________________________________________________________________________________ (print_summary:258)
2024-07-17 15:24:04.726 [ALFpaka] [INFO] conv2d (Conv2D)                 (None, 32, 64, 64)   3200        input_1[0][0]                     (print_row:183)
2024-07-17 15:24:04.726 [ALFpaka] [INFO] __________________________________________________________________________________________________ (print_summary:258)
2024-07-17 15:24:04.726 [ALFpaka] [INFO] batch_normalization (BatchNorma (None, 32, 64, 64)   256         conv2d[0][0]                      (print_row:183)
2024-07-17 15:24:04.727 [ALFpaka] [INFO] __________________________________________________________________________________________________ (print_summary:258)
2024-07-17 15:24:04.727 [ALFpaka] [INFO] activation (Activation)         (None, 32, 64, 64)   0           batch_normalization[0][0]         (print_row:183)
2024-07-17 15:24:04.727 [ALFpaka] [INFO] __________________________________________________________________________________________________ (print_summary:258)
2024-07-17 15:24:04.727 [ALFpaka] [INFO] batch_normalization_1 (BatchNor (None, 32, 64, 64)   256         activation[0][0]                  (print_row:183)
2024-07-17 15:24:04.727 [ALFpaka] [INFO] __________________________________________________________________________________________________ (print_summary:258)
2024-07-17 15:24:04.727 [ALFpaka] [INFO] dropout (Dropout)               (None, 32, 64, 64)   0           batch_normalization_1[0][0]       (print_row:183)
2024-07-17 15:24:04.728 [ALFpaka] [INFO] __________________________________________________________________________________________________ (print_summary:258)
2024-07-17 15:24:04.728 [ALFpaka] [INFO] conv2d_1 (Conv2D)               (None, 32, 64, 64)   36864       dropout[0][0]                     (print_row:183)
2024-07-17 15:24:04.728 [ALFpaka] [INFO] __________________________________________________________________________________________________ (print_summary:258)
2024-07-17 15:24:04.728 [ALFpaka] [INFO] activation_1 (Activation)       (None, 32, 64, 64)   0           conv2d_1[0][0]                    (print_row:183)
2024-07-17 15:24:04.728 [ALFpaka] [INFO] __________________________________________________________________________________________________ (print_summary:258)
2024-07-17 15:24:04.728 [ALFpaka] [INFO] batch_normalization_2 (BatchNor (None, 32, 64, 64)   256         activation_1[0][0]                (print_row:183)
2024-07-17 15:24:04.729 [ALFpaka] [INFO] __________________________________________________________________________________________________ (print_summary:258)
2024-07-17 15:24:04.729 [ALFpaka] [INFO] dropout_1 (Dropout)             (None, 32, 64, 64)   0           batch_normalization_2[0][0]       (print_row:183)
2024-07-17 15:24:04.729 [ALFpaka] [INFO] __________________________________________________________________________________________________ (print_summary:258)
2024-07-17 15:24:04.729 [ALFpaka] [INFO] conv2d_2 (Conv2D)               (None, 32, 64, 64)   36864       dropout_1[0][0]                   (print_row:183)
2024-07-17 15:24:04.729 [ALFpaka] [INFO] __________________________________________________________________________________________________ (print_summary:258)
2024-07-17 15:24:04.729 [ALFpaka] [INFO] add (Add)                       (None, 32, 64, 64)   0           conv2d_2[0][0]                    (print_row:183)
2024-07-17 15:24:04.730 [ALFpaka] [INFO]                                                                  batch_normalization[0][0]         (print_row:183)
2024-07-17 15:24:04.730 [ALFpaka] [INFO] __________________________________________________________________________________________________ (print_summary:258)
2024-07-17 15:24:04.730 [ALFpaka] [INFO] average_pooling2d (AveragePooli (None, 16, 32, 64)   0           add[0][0]                         (print_row:183)
2024-07-17 15:24:04.730 [ALFpaka] [INFO] __________________________________________________________________________________________________ (print_summary:258)
2024-07-17 15:24:04.730 [ALFpaka] [INFO] activation_2 (Activation)       (None, 16, 32, 64)   0           average_pooling2d[0][0]           (print_row:183)
2024-07-17 15:24:04.730 [ALFpaka] [INFO] __________________________________________________________________________________________________ (print_summary:258)
2024-07-17 15:24:04.731 [ALFpaka] [INFO] batch_normalization_3 (BatchNor (None, 16, 32, 64)   256         activation_2[0][0]                (print_row:183)
2024-07-17 15:24:04.731 [ALFpaka] [INFO] __________________________________________________________________________________________________ (print_summary:258)
2024-07-17 15:24:04.731 [ALFpaka] [INFO] dropout_2 (Dropout)             (None, 16, 32, 64)   0           batch_normalization_3[0][0]       (print_row:183)
2024-07-17 15:24:04.731 [ALFpaka] [INFO] __________________________________________________________________________________________________ (print_summary:258)
2024-07-17 15:24:04.731 [ALFpaka] [INFO] conv2d_3 (Conv2D)               (None, 16, 32, 64)   36864       dropout_2[0][0]                   (print_row:183)
2024-07-17 15:24:04.731 [ALFpaka] [INFO] __________________________________________________________________________________________________ (print_summary:258)
2024-07-17 15:24:04.731 [ALFpaka] [INFO] activation_3 (Activation)       (None, 16, 32, 64)   0           conv2d_3[0][0]                    (print_row:183)
2024-07-17 15:24:04.732 [ALFpaka] [INFO] __________________________________________________________________________________________________ (print_summary:258)
2024-07-17 15:24:04.732 [ALFpaka] [INFO] batch_normalization_4 (BatchNor (None, 16, 32, 64)   256         activation_3[0][0]                (print_row:183)
2024-07-17 15:24:04.732 [ALFpaka] [INFO] __________________________________________________________________________________________________ (print_summary:258)
2024-07-17 15:24:04.732 [ALFpaka] [INFO] dropout_3 (Dropout)             (None, 16, 32, 64)   0           batch_normalization_4[0][0]       (print_row:183)
2024-07-17 15:24:04.732 [ALFpaka] [INFO] __________________________________________________________________________________________________ (print_summary:258)
2024-07-17 15:24:04.732 [ALFpaka] [INFO] conv2d_4 (Conv2D)               (None, 16, 32, 64)   4096        dropout_3[0][0]                   (print_row:183)
2024-07-17 15:24:04.733 [ALFpaka] [INFO] __________________________________________________________________________________________________ (print_summary:258)
2024-07-17 15:24:04.733 [ALFpaka] [INFO] add_1 (Add)                     (None, 16, 32, 64)   0           conv2d_4[0][0]                    (print_row:183)
2024-07-17 15:24:04.733 [ALFpaka] [INFO]                                                                  average_pooling2d[0][0]           (print_row:183)
2024-07-17 15:24:04.733 [ALFpaka] [INFO] __________________________________________________________________________________________________ (print_summary:258)
2024-07-17 15:24:04.733 [ALFpaka] [INFO] average_pooling2d_1 (AveragePoo (None, 8, 16, 64)    0           add_1[0][0]                       (print_row:183)
2024-07-17 15:24:04.733 [ALFpaka] [INFO] __________________________________________________________________________________________________ (print_summary:258)
2024-07-17 15:24:04.733 [ALFpaka] [INFO] activation_4 (Activation)       (None, 8, 16, 64)    0           average_pooling2d_1[0][0]         (print_row:183)
2024-07-17 15:24:04.734 [ALFpaka] [INFO] __________________________________________________________________________________________________ (print_summary:258)
2024-07-17 15:24:04.734 [ALFpaka] [INFO] batch_normalization_5 (BatchNor (None, 8, 16, 64)    256         activation_4[0][0]                (print_row:183)
2024-07-17 15:24:04.734 [ALFpaka] [INFO] __________________________________________________________________________________________________ (print_summary:258)
2024-07-17 15:24:04.734 [ALFpaka] [INFO] dropout_4 (Dropout)             (None, 8, 16, 64)    0           batch_normalization_5[0][0]       (print_row:183)
2024-07-17 15:24:04.734 [ALFpaka] [INFO] __________________________________________________________________________________________________ (print_summary:258)
2024-07-17 15:24:04.734 [ALFpaka] [INFO] conv2d_5 (Conv2D)               (None, 8, 16, 64)    36864       dropout_4[0][0]                   (print_row:183)
2024-07-17 15:24:04.735 [ALFpaka] [INFO] __________________________________________________________________________________________________ (print_summary:258)
2024-07-17 15:24:04.735 [ALFpaka] [INFO] activation_5 (Activation)       (None, 8, 16, 64)    0           conv2d_5[0][0]                    (print_row:183)
2024-07-17 15:24:04.735 [ALFpaka] [INFO] __________________________________________________________________________________________________ (print_summary:258)
2024-07-17 15:24:04.735 [ALFpaka] [INFO] batch_normalization_6 (BatchNor (None, 8, 16, 64)    256         activation_5[0][0]                (print_row:183)
2024-07-17 15:24:04.735 [ALFpaka] [INFO] __________________________________________________________________________________________________ (print_summary:258)
2024-07-17 15:24:04.735 [ALFpaka] [INFO] dropout_5 (Dropout)             (None, 8, 16, 64)    0           batch_normalization_6[0][0]       (print_row:183)
2024-07-17 15:24:04.736 [ALFpaka] [INFO] __________________________________________________________________________________________________ (print_summary:258)
2024-07-17 15:24:04.736 [ALFpaka] [INFO] conv2d_6 (Conv2D)               (None, 8, 16, 64)    36864       dropout_5[0][0]                   (print_row:183)
2024-07-17 15:24:04.736 [ALFpaka] [INFO] __________________________________________________________________________________________________ (print_summary:258)
2024-07-17 15:24:04.736 [ALFpaka] [INFO] add_2 (Add)                     (None, 8, 16, 64)    0           conv2d_6[0][0]                    (print_row:183)
2024-07-17 15:24:04.736 [ALFpaka] [INFO]                                                                  average_pooling2d_1[0][0]         (print_row:183)
2024-07-17 15:24:04.736 [ALFpaka] [INFO] __________________________________________________________________________________________________ (print_summary:258)
2024-07-17 15:24:04.736 [ALFpaka] [INFO] activation_6 (Activation)       (None, 8, 16, 64)    0           add_2[0][0]                       (print_row:183)
2024-07-17 15:24:04.737 [ALFpaka] [INFO] __________________________________________________________________________________________________ (print_summary:258)
2024-07-17 15:24:04.737 [ALFpaka] [INFO] batch_normalization_7 (BatchNor (None, 8, 16, 64)    256         activation_6[0][0]                (print_row:183)
2024-07-17 15:24:04.737 [ALFpaka] [INFO] __________________________________________________________________________________________________ (print_summary:258)
2024-07-17 15:24:04.737 [ALFpaka] [INFO] dropout_6 (Dropout)             (None, 8, 16, 64)    0           batch_normalization_7[0][0]       (print_row:183)
2024-07-17 15:24:04.737 [ALFpaka] [INFO] __________________________________________________________________________________________________ (print_summary:258)
2024-07-17 15:24:04.737 [ALFpaka] [INFO] conv2d_7 (Conv2D)               (None, 8, 16, 128)   73728       dropout_6[0][0]                   (print_row:183)
2024-07-17 15:24:04.738 [ALFpaka] [INFO] __________________________________________________________________________________________________ (print_summary:258)
2024-07-17 15:24:04.738 [ALFpaka] [INFO] activation_7 (Activation)       (None, 8, 16, 128)   0           conv2d_7[0][0]                    (print_row:183)
2024-07-17 15:24:04.738 [ALFpaka] [INFO] __________________________________________________________________________________________________ (print_summary:258)
2024-07-17 15:24:04.738 [ALFpaka] [INFO] batch_normalization_8 (BatchNor (None, 8, 16, 128)   512         activation_7[0][0]                (print_row:183)
2024-07-17 15:24:04.739 [ALFpaka] [INFO] __________________________________________________________________________________________________ (print_summary:258)
2024-07-17 15:24:04.739 [ALFpaka] [INFO] dropout_7 (Dropout)             (None, 8, 16, 128)   0           batch_normalization_8[0][0]       (print_row:183)
2024-07-17 15:24:04.739 [ALFpaka] [INFO] __________________________________________________________________________________________________ (print_summary:258)
2024-07-17 15:24:04.740 [ALFpaka] [INFO] conv2d_8 (Conv2D)               (None, 8, 16, 128)   16384       dropout_7[0][0]                   (print_row:183)
2024-07-17 15:24:04.740 [ALFpaka] [INFO] __________________________________________________________________________________________________ (print_summary:258)
2024-07-17 15:24:04.741 [ALFpaka] [INFO] conv2d_9 (Conv2D)               (None, 8, 16, 128)   8192        add_2[0][0]                       (print_row:183)
2024-07-17 15:24:04.741 [ALFpaka] [INFO] __________________________________________________________________________________________________ (print_summary:258)
2024-07-17 15:24:04.741 [ALFpaka] [INFO] add_3 (Add)                     (None, 8, 16, 128)   0           conv2d_8[0][0]                    (print_row:183)
2024-07-17 15:24:04.741 [ALFpaka] [INFO]                                                                  conv2d_9[0][0]                    (print_row:183)
2024-07-17 15:24:04.742 [ALFpaka] [INFO] __________________________________________________________________________________________________ (print_summary:258)
2024-07-17 15:24:04.742 [ALFpaka] [INFO] average_pooling2d_2 (AveragePoo (None, 4, 8, 128)    0           add_3[0][0]                       (print_row:183)
2024-07-17 15:24:04.742 [ALFpaka] [INFO] __________________________________________________________________________________________________ (print_summary:258)
2024-07-17 15:24:04.743 [ALFpaka] [INFO] activation_8 (Activation)       (None, 4, 8, 128)    0           average_pooling2d_2[0][0]         (print_row:183)
2024-07-17 15:24:04.743 [ALFpaka] [INFO] __________________________________________________________________________________________________ (print_summary:258)
2024-07-17 15:24:04.743 [ALFpaka] [INFO] batch_normalization_9 (BatchNor (None, 4, 8, 128)    512         activation_8[0][0]                (print_row:183)
2024-07-17 15:24:04.744 [ALFpaka] [INFO] __________________________________________________________________________________________________ (print_summary:258)
2024-07-17 15:24:04.744 [ALFpaka] [INFO] dropout_8 (Dropout)             (None, 4, 8, 128)    0           batch_normalization_9[0][0]       (print_row:183)
2024-07-17 15:24:04.744 [ALFpaka] [INFO] __________________________________________________________________________________________________ (print_summary:258)
2024-07-17 15:24:04.745 [ALFpaka] [INFO] conv2d_10 (Conv2D)              (None, 4, 8, 256)    32768       dropout_8[0][0]                   (print_row:183)
2024-07-17 15:24:04.745 [ALFpaka] [INFO] __________________________________________________________________________________________________ (print_summary:258)
2024-07-17 15:24:04.745 [ALFpaka] [INFO] activation_9 (Activation)       (None, 4, 8, 256)    0           conv2d_10[0][0]                   (print_row:183)
2024-07-17 15:24:04.745 [ALFpaka] [INFO] __________________________________________________________________________________________________ (print_summary:258)
2024-07-17 15:24:04.746 [ALFpaka] [INFO] batch_normalization_10 (BatchNo (None, 4, 8, 256)    1024        activation_9[0][0]                (print_row:183)
2024-07-17 15:24:04.746 [ALFpaka] [INFO] __________________________________________________________________________________________________ (print_summary:258)
2024-07-17 15:24:04.747 [ALFpaka] [INFO] dropout_9 (Dropout)             (None, 4, 8, 256)    0           batch_normalization_10[0][0]      (print_row:183)
2024-07-17 15:24:04.747 [ALFpaka] [INFO] __________________________________________________________________________________________________ (print_summary:258)
2024-07-17 15:24:04.747 [ALFpaka] [INFO] conv2d_11 (Conv2D)              (None, 4, 8, 256)    65536       dropout_9[0][0]                   (print_row:183)
2024-07-17 15:24:04.748 [ALFpaka] [INFO] __________________________________________________________________________________________________ (print_summary:258)
2024-07-17 15:24:04.748 [ALFpaka] [INFO] conv2d_12 (Conv2D)              (None, 4, 8, 256)    32768       average_pooling2d_2[0][0]         (print_row:183)
2024-07-17 15:24:04.748 [ALFpaka] [INFO] __________________________________________________________________________________________________ (print_summary:258)
2024-07-17 15:24:04.749 [ALFpaka] [INFO] add_4 (Add)                     (None, 4, 8, 256)    0           conv2d_11[0][0]                   (print_row:183)
2024-07-17 15:24:04.749 [ALFpaka] [INFO]                                                                  conv2d_12[0][0]                   (print_row:183)
2024-07-17 15:24:04.749 [ALFpaka] [INFO] __________________________________________________________________________________________________ (print_summary:258)
2024-07-17 15:24:04.749 [ALFpaka] [INFO] global_average_pooling2d (Globa (None, 256)          0           add_4[0][0]                       (print_row:183)
2024-07-17 15:24:04.749 [ALFpaka] [INFO] __________________________________________________________________________________________________ (print_summary:258)
2024-07-17 15:24:04.750 [ALFpaka] [INFO] dense (Dense)                   (None, 4)            1028        global_average_pooling2d[0][0]    (print_row:183)
2024-07-17 15:24:04.750 [ALFpaka] [INFO] ================================================================================================== (print_summary:256)
2024-07-17 15:24:04.752 [ALFpaka] [INFO] Total params: 426,116 (print_summary:267)
2024-07-17 15:24:04.752 [ALFpaka] [INFO] Trainable params: 424,068 (print_summary:268)
2024-07-17 15:24:04.753 [ALFpaka] [INFO] Non-trainable params: 2,048 (print_summary:269)
2024-07-17 15:24:04.753 [ALFpaka] [INFO] __________________________________________________________________________________________________ (print_summary:270)
2024-07-17 15:24:04.754 [ALFpaka] [WARNING] No validation data set! (__trainModelInternal:188)
2024-07-17 17:52:29.494 [ALFpaka] [INFO] Elapsed training time for cv_step ==> 02:28:25 (print_training_time:334)
2024-07-17 17:52:29.495 [ALFpaka] [INFO] --- test data size --- (print_feature_stats:109)
2024-07-17 17:52:29.495 [ALFpaka] [INFO] X shape --> (2148, 64, 128, 2) (print_feature_stats:111)
2024-07-17 17:52:29.495 [ALFpaka] [INFO] Y shape --> (2148, 4) (print_feature_stats:112)
2024-07-17 17:52:29.495 [ALFpaka] [INFO] number of features per frame 2 (print_feature_stats:119)
2024-07-17 17:52:29.495 [ALFpaka] [INFO] number of feature frames 2148 (print_feature_stats:120)
2024-07-17 17:52:34.182 [ALFpaka] [INFO] --- Evaluation results framewise_cv_step_1 --- (evaluate_results_with_conf_matrix_and_acc:498)
2024-07-17 17:52:34.182 [ALFpaka] [INFO] framewise_cv_step_1 accuracy (unweighted): 0.7001862197392924 (evaluate_results_with_conf_matrix_and_acc:500)
2024-07-17 17:52:34.183 [ALFpaka] [INFO] 
framewise_cv_step_1 confusion Matrix in %: 
[[ 65.89  6.98  1.36  25.78]
 [ 10.59  58.04  19.80  11.57]
 [ 0.82  6.55  72.83  19.80]
 [ 4.50  5.48  7.24  82.78]] (log_confusion_matrix:521)
2024-07-17 17:52:34.184 [ALFpaka] [INFO] framewise_cv_step_1 mean class accuracy: 69.89 % (log_confusion_matrix:522)
2024-07-17 17:52:34.201 [ALFpaka] [INFO] --- Evaluation results filewise_cv_step_1 --- (evaluate_results_with_conf_matrix_and_acc:498)
2024-07-17 17:52:34.201 [ALFpaka] [INFO] filewise_cv_step_1 accuracy (unweighted): 0.8 (evaluate_results_with_conf_matrix_and_acc:500)
2024-07-17 17:52:34.202 [ALFpaka] [INFO] 
filewise_cv_step_1 confusion Matrix in %: 
[[ 80.00  0.00  0.00  20.00]
 [ 6.67  66.67  13.33  13.33]
 [ 0.00  10.00  76.67  13.33]
 [ 3.33  0.00  0.00  96.67]] (log_confusion_matrix:521)
2024-07-17 17:52:34.202 [ALFpaka] [INFO] filewise_cv_step_1 mean class accuracy: 80.0 % (log_confusion_matrix:522)
2024-07-17 17:52:34.208 [ALFpaka] [INFO] 
--- Final results after 1 iterations ---
Frame acc mean:       0.700186219739
Frame acc stdev:      0.000000000000
File acc mean:        0.800000000000
File acc stdev:       0.000000000000
Highest file acc:     0.800000000000 (seed = 1)
Lowest file acc:      0.800000000000 (seed = 1)
 (print_results:200)
2024-07-17 17:52:34.209 [ALFpaka] [INFO] Mean Confusion Matrix (framewise): 
[[ 65.89  6.98  1.36  25.78]
 [ 10.59  58.04  19.80  11.57]
 [ 0.82  6.55  72.83  19.80]
 [ 4.50  5.48  7.24  82.78]] (log_final_confusion_matrices:237)
2024-07-17 17:52:34.210 [ALFpaka] [INFO] Mean Confusion Matrix (filewise): 
[[ 80.00  0.00  0.00  20.00]
 [ 6.67  66.67  13.33  13.33]
 [ 0.00  10.00  76.67  13.33]
 [ 3.33  0.00  0.00  96.67]] (log_final_confusion_matrices:242)
2024-07-17 17:52:34.214 [ALFpaka] [INFO] Elapsed training time for whole training ==> 02:29:02 (print_training_time:334)
2024-07-17 17:52:34.216 [ALFpaka] [INFO] Plotting Confusion Matrices ...  (plot_confusion_matrices:476)
2024-07-17 17:52:36.697 [ALFpaka] [INFO] Plotting Confusion Matrices ...  (plot_confusion_matrices:476)
2024-07-17 17:52:42.893 [ALFpaka] [WARNING] No GIT in PATH variables ([Errno 2] No such file or directory: '.git': '.git') (get_git_version:24)
2024-07-17 17:52:42.895 [ALFpaka] [INFO] ... FINISH TRAINING ... (__training_session:96)
2024-07-17 17:52:42.896 [ALFpaka] [INFO] Closing session ...  (__training_session:105)
