2024-07-17 15:30:57.657 [ALFpaka] [INFO] ... START TRAINING ... (__training_session:88)
2024-07-17 15:30:57.658 [ALFpaka] [INFO] Start-Time: 1721223057.6587877 (run_training:126)
2024-07-17 15:30:57.658 [ALFpaka] [INFO] spain-ambulance with id 0 (print_class_to_id:153)
2024-07-17 15:30:57.659 [ALFpaka] [INFO] spain-firefighter with id 1 (print_class_to_id:153)
2024-07-17 15:30:57.659 [ALFpaka] [INFO] spain-police with id 2 (print_class_to_id:153)
2024-07-17 15:30:57.660 [ALFpaka] [INFO] ------ Extracting features ------ (extractAllFeatures:34)
2024-07-17 15:30:57.751 [ALFpaka] [INFO] Extracting features for class spain-ambulance with id 0 (extractAndAddFeaturesToDataset:69)
2024-07-17 15:30:58.600 [ALFpaka] [WARNING] Log_spec ignored when pcen is set (extractSTFT:84)
2024-07-17 15:30:58.600 [ALFpaka] [WARNING] Log_spec ignored when pcen is set (extractSTFT:84)
2024-07-17 15:30:58.601 [ALFpaka] [WARNING] Log_spec ignored when pcen is set (extractSTFT:84)
2024-07-17 15:30:58.603 [ALFpaka] [WARNING] Log_spec ignored when pcen is set (extractSTFT:84)
2024-07-17 15:30:58.604 [ALFpaka] [WARNING] Log_spec ignored when pcen is set (extractSTFT:84)
2024-07-17 15:30:58.604 [ALFpaka] [WARNING] Log_spec ignored when pcen is set (extractSTFT:84)
2024-07-17 15:30:58.600 [ALFpaka] [WARNING] Log_spec ignored when pcen is set (extractSTFT:84)
2024-07-17 15:30:58.605 [ALFpaka] [WARNING] Log_spec ignored when pcen is set (extractSTFT:84)
2024-07-17 15:30:58.605 [ALFpaka] [WARNING] Log_spec ignored when pcen is set (extractSTFT:84)
2024-07-17 15:30:58.602 [ALFpaka] [WARNING] Log_spec ignored when pcen is set (extractSTFT:84)
2024-07-17 15:30:58.605 [ALFpaka] [WARNING] Log_spec ignored when pcen is set (extractSTFT:84)
2024-07-17 15:30:58.602 [ALFpaka] [WARNING] Log_spec ignored when pcen is set (extractSTFT:84)
2024-07-17 15:30:58.603 [ALFpaka] [WARNING] Log_spec ignored when pcen is set (extractSTFT:84)
2024-07-17 15:30:58.607 [ALFpaka] [WARNING] Log_spec ignored when pcen is set (extractSTFT:84)
2024-07-17 15:30:58.608 [ALFpaka] [WARNING] Log_spec ignored when pcen is set (extractSTFT:84)
2024-07-17 15:30:58.604 [ALFpaka] [WARNING] Log_spec ignored when pcen is set (extractSTFT:84)
2024-07-17 15:30:58.605 [ALFpaka] [WARNING] Log_spec ignored when pcen is set (extractSTFT:84)
2024-07-17 15:30:58.606 [ALFpaka] [WARNING] Log_spec ignored when pcen is set (extractSTFT:84)
2024-07-17 15:30:58.607 [ALFpaka] [WARNING] Log_spec ignored when pcen is set (extractSTFT:84)
2024-07-17 15:30:58.609 [ALFpaka] [WARNING] Log_spec ignored when pcen is set (extractSTFT:84)
2024-07-17 15:30:58.610 [ALFpaka] [WARNING] Log_spec ignored when pcen is set (extractSTFT:84)
2024-07-17 15:30:58.612 [ALFpaka] [WARNING] Log_spec ignored when pcen is set (extractSTFT:84)
2024-07-17 15:30:58.613 [ALFpaka] [WARNING] Log_spec ignored when pcen is set (extractSTFT:84)
2024-07-17 15:30:58.612 [ALFpaka] [WARNING] Log_spec ignored when pcen is set (extractSTFT:84)
2024-07-17 15:30:58.616 [ALFpaka] [WARNING] Log_spec ignored when pcen is set (extractSTFT:84)
2024-07-17 15:30:58.616 [ALFpaka] [WARNING] Log_spec ignored when pcen is set (extractSTFT:84)
2024-07-17 15:30:58.615 [ALFpaka] [WARNING] Log_spec ignored when pcen is set (extractSTFT:84)
2024-07-17 15:30:58.618 [ALFpaka] [WARNING] Log_spec ignored when pcen is set (extractSTFT:84)
2024-07-17 15:30:58.618 [ALFpaka] [WARNING] Log_spec ignored when pcen is set (extractSTFT:84)
2024-07-17 15:30:58.619 [ALFpaka] [WARNING] Log_spec ignored when pcen is set (extractSTFT:84)
2024-07-17 15:30:58.619 [ALFpaka] [WARNING] Log_spec ignored when pcen is set (extractSTFT:84)
2024-07-17 15:31:00.799 [ALFpaka] [INFO] Extracting features for class spain-firefighter with id 1 (extractAndAddFeaturesToDataset:69)
2024-07-17 15:31:01.791 [ALFpaka] [WARNING] Log_spec ignored when pcen is set (extractSTFT:84)
2024-07-17 15:31:01.791 [ALFpaka] [WARNING] Log_spec ignored when pcen is set (extractSTFT:84)
2024-07-17 15:31:01.791 [ALFpaka] [WARNING] Log_spec ignored when pcen is set (extractSTFT:84)
2024-07-17 15:31:01.791 [ALFpaka] [WARNING] Log_spec ignored when pcen is set (extractSTFT:84)
2024-07-17 15:31:01.792 [ALFpaka] [WARNING] Log_spec ignored when pcen is set (extractSTFT:84)
2024-07-17 15:31:01.793 [ALFpaka] [WARNING] Log_spec ignored when pcen is set (extractSTFT:84)
2024-07-17 15:31:01.793 [ALFpaka] [WARNING] Log_spec ignored when pcen is set (extractSTFT:84)
2024-07-17 15:31:01.793 [ALFpaka] [WARNING] Log_spec ignored when pcen is set (extractSTFT:84)
2024-07-17 15:31:01.793 [ALFpaka] [WARNING] Log_spec ignored when pcen is set (extractSTFT:84)
2024-07-17 15:31:01.794 [ALFpaka] [WARNING] Log_spec ignored when pcen is set (extractSTFT:84)
2024-07-17 15:31:01.794 [ALFpaka] [WARNING] Log_spec ignored when pcen is set (extractSTFT:84)
2024-07-17 15:31:01.794 [ALFpaka] [WARNING] Log_spec ignored when pcen is set (extractSTFT:84)
2024-07-17 15:31:01.794 [ALFpaka] [WARNING] Log_spec ignored when pcen is set (extractSTFT:84)
2024-07-17 15:31:01.794 [ALFpaka] [WARNING] Log_spec ignored when pcen is set (extractSTFT:84)
2024-07-17 15:31:01.795 [ALFpaka] [WARNING] Log_spec ignored when pcen is set (extractSTFT:84)
2024-07-17 15:31:01.795 [ALFpaka] [WARNING] Log_spec ignored when pcen is set (extractSTFT:84)
2024-07-17 15:31:01.795 [ALFpaka] [WARNING] Log_spec ignored when pcen is set (extractSTFT:84)
2024-07-17 15:31:01.795 [ALFpaka] [WARNING] Log_spec ignored when pcen is set (extractSTFT:84)
2024-07-17 15:31:01.795 [ALFpaka] [WARNING] Log_spec ignored when pcen is set (extractSTFT:84)
2024-07-17 15:31:01.796 [ALFpaka] [WARNING] Log_spec ignored when pcen is set (extractSTFT:84)
2024-07-17 15:31:01.796 [ALFpaka] [WARNING] Log_spec ignored when pcen is set (extractSTFT:84)
2024-07-17 15:31:01.796 [ALFpaka] [WARNING] Log_spec ignored when pcen is set (extractSTFT:84)
2024-07-17 15:31:01.796 [ALFpaka] [WARNING] Log_spec ignored when pcen is set (extractSTFT:84)
2024-07-17 15:31:01.797 [ALFpaka] [WARNING] Log_spec ignored when pcen is set (extractSTFT:84)
2024-07-17 15:31:01.796 [ALFpaka] [WARNING] Log_spec ignored when pcen is set (extractSTFT:84)
2024-07-17 15:31:01.797 [ALFpaka] [WARNING] Log_spec ignored when pcen is set (extractSTFT:84)
2024-07-17 15:31:01.798 [ALFpaka] [WARNING] Log_spec ignored when pcen is set (extractSTFT:84)
2024-07-17 15:31:01.799 [ALFpaka] [WARNING] Log_spec ignored when pcen is set (extractSTFT:84)
2024-07-17 15:31:01.798 [ALFpaka] [WARNING] Log_spec ignored when pcen is set (extractSTFT:84)
2024-07-17 15:31:01.809 [ALFpaka] [WARNING] Log_spec ignored when pcen is set (extractSTFT:84)
2024-07-17 15:31:01.809 [ALFpaka] [WARNING] Log_spec ignored when pcen is set (extractSTFT:84)
2024-07-17 15:31:03.700 [ALFpaka] [INFO] Extracting features for class spain-police with id 2 (extractAndAddFeaturesToDataset:69)
2024-07-17 15:31:04.714 [ALFpaka] [WARNING] Log_spec ignored when pcen is set (extractSTFT:84)
2024-07-17 15:31:04.714 [ALFpaka] [WARNING] Log_spec ignored when pcen is set (extractSTFT:84)
2024-07-17 15:31:04.714 [ALFpaka] [WARNING] Log_spec ignored when pcen is set (extractSTFT:84)
2024-07-17 15:31:04.715 [ALFpaka] [WARNING] Log_spec ignored when pcen is set (extractSTFT:84)
2024-07-17 15:31:04.714 [ALFpaka] [WARNING] Log_spec ignored when pcen is set (extractSTFT:84)
2024-07-17 15:31:04.715 [ALFpaka] [WARNING] Log_spec ignored when pcen is set (extractSTFT:84)
2024-07-17 15:31:04.715 [ALFpaka] [WARNING] Log_spec ignored when pcen is set (extractSTFT:84)
2024-07-17 15:31:04.715 [ALFpaka] [WARNING] Log_spec ignored when pcen is set (extractSTFT:84)
2024-07-17 15:31:04.716 [ALFpaka] [WARNING] Log_spec ignored when pcen is set (extractSTFT:84)
2024-07-17 15:31:04.715 [ALFpaka] [WARNING] Log_spec ignored when pcen is set (extractSTFT:84)
2024-07-17 15:31:04.716 [ALFpaka] [WARNING] Log_spec ignored when pcen is set (extractSTFT:84)
2024-07-17 15:31:04.716 [ALFpaka] [WARNING] Log_spec ignored when pcen is set (extractSTFT:84)
2024-07-17 15:31:04.716 [ALFpaka] [WARNING] Log_spec ignored when pcen is set (extractSTFT:84)
2024-07-17 15:31:04.716 [ALFpaka] [WARNING] Log_spec ignored when pcen is set (extractSTFT:84)
2024-07-17 15:31:04.716 [ALFpaka] [WARNING] Log_spec ignored when pcen is set (extractSTFT:84)
2024-07-17 15:31:04.717 [ALFpaka] [WARNING] Log_spec ignored when pcen is set (extractSTFT:84)
2024-07-17 15:31:04.717 [ALFpaka] [WARNING] Log_spec ignored when pcen is set (extractSTFT:84)
2024-07-17 15:31:04.717 [ALFpaka] [WARNING] Log_spec ignored when pcen is set (extractSTFT:84)
2024-07-17 15:31:04.717 [ALFpaka] [WARNING] Log_spec ignored when pcen is set (extractSTFT:84)
2024-07-17 15:31:04.717 [ALFpaka] [WARNING] Log_spec ignored when pcen is set (extractSTFT:84)
2024-07-17 15:31:04.717 [ALFpaka] [WARNING] Log_spec ignored when pcen is set (extractSTFT:84)
2024-07-17 15:31:04.717 [ALFpaka] [WARNING] Log_spec ignored when pcen is set (extractSTFT:84)
2024-07-17 15:31:04.718 [ALFpaka] [WARNING] Log_spec ignored when pcen is set (extractSTFT:84)
2024-07-17 15:31:04.718 [ALFpaka] [WARNING] Log_spec ignored when pcen is set (extractSTFT:84)
2024-07-17 15:31:04.719 [ALFpaka] [WARNING] Log_spec ignored when pcen is set (extractSTFT:84)
2024-07-17 15:31:04.719 [ALFpaka] [WARNING] Log_spec ignored when pcen is set (extractSTFT:84)
2024-07-17 15:31:04.719 [ALFpaka] [WARNING] Log_spec ignored when pcen is set (extractSTFT:84)
2024-07-17 15:31:04.720 [ALFpaka] [WARNING] Log_spec ignored when pcen is set (extractSTFT:84)
2024-07-17 15:31:04.720 [ALFpaka] [WARNING] Log_spec ignored when pcen is set (extractSTFT:84)
2024-07-17 15:31:04.720 [ALFpaka] [WARNING] Log_spec ignored when pcen is set (extractSTFT:84)
2024-07-17 15:31:04.722 [ALFpaka] [WARNING] Log_spec ignored when pcen is set (extractSTFT:84)
2024-07-17 15:31:06.778 [ALFpaka] [INFO] Extracting features for class spain-ambulance with id 0 (extractAndAddFeaturesToDataset:69)
2024-07-17 15:31:07.804 [ALFpaka] [WARNING] Log_spec ignored when pcen is set (extractSTFT:84)
2024-07-17 15:31:07.803 [ALFpaka] [WARNING] Log_spec ignored when pcen is set (extractSTFT:84)
2024-07-17 15:31:07.804 [ALFpaka] [WARNING] Log_spec ignored when pcen is set (extractSTFT:84)
2024-07-17 15:31:07.804 [ALFpaka] [WARNING] Log_spec ignored when pcen is set (extractSTFT:84)
2024-07-17 15:31:07.804 [ALFpaka] [WARNING] Log_spec ignored when pcen is set (extractSTFT:84)
2024-07-17 15:31:07.804 [ALFpaka] [WARNING] Log_spec ignored when pcen is set (extractSTFT:84)
2024-07-17 15:31:07.804 [ALFpaka] [WARNING] Log_spec ignored when pcen is set (extractSTFT:84)
2024-07-17 15:31:07.805 [ALFpaka] [WARNING] Log_spec ignored when pcen is set (extractSTFT:84)
2024-07-17 15:31:07.805 [ALFpaka] [WARNING] Log_spec ignored when pcen is set (extractSTFT:84)
2024-07-17 15:31:07.805 [ALFpaka] [WARNING] Log_spec ignored when pcen is set (extractSTFT:84)
2024-07-17 15:31:09.395 [ALFpaka] [INFO] Extracting features for class spain-firefighter with id 1 (extractAndAddFeaturesToDataset:69)
2024-07-17 15:31:10.561 [ALFpaka] [WARNING] Log_spec ignored when pcen is set (extractSTFT:84)
2024-07-17 15:31:10.561 [ALFpaka] [WARNING] Log_spec ignored when pcen is set (extractSTFT:84)
2024-07-17 15:31:10.561 [ALFpaka] [WARNING] Log_spec ignored when pcen is set (extractSTFT:84)
2024-07-17 15:31:10.562 [ALFpaka] [WARNING] Log_spec ignored when pcen is set (extractSTFT:84)
2024-07-17 15:31:10.562 [ALFpaka] [WARNING] Log_spec ignored when pcen is set (extractSTFT:84)
2024-07-17 15:31:10.562 [ALFpaka] [WARNING] Log_spec ignored when pcen is set (extractSTFT:84)
2024-07-17 15:31:10.564 [ALFpaka] [WARNING] Log_spec ignored when pcen is set (extractSTFT:84)
2024-07-17 15:31:10.563 [ALFpaka] [WARNING] Log_spec ignored when pcen is set (extractSTFT:84)
2024-07-17 15:31:10.565 [ALFpaka] [WARNING] Log_spec ignored when pcen is set (extractSTFT:84)
2024-07-17 15:31:10.565 [ALFpaka] [WARNING] Log_spec ignored when pcen is set (extractSTFT:84)
2024-07-17 15:31:12.355 [ALFpaka] [INFO] Extracting features for class spain-police with id 2 (extractAndAddFeaturesToDataset:69)
2024-07-17 15:31:13.679 [ALFpaka] [WARNING] Log_spec ignored when pcen is set (extractSTFT:84)
2024-07-17 15:31:13.679 [ALFpaka] [WARNING] Log_spec ignored when pcen is set (extractSTFT:84)
2024-07-17 15:31:13.679 [ALFpaka] [WARNING] Log_spec ignored when pcen is set (extractSTFT:84)
2024-07-17 15:31:13.680 [ALFpaka] [WARNING] Log_spec ignored when pcen is set (extractSTFT:84)
2024-07-17 15:31:13.679 [ALFpaka] [WARNING] Log_spec ignored when pcen is set (extractSTFT:84)
2024-07-17 15:31:13.680 [ALFpaka] [WARNING] Log_spec ignored when pcen is set (extractSTFT:84)
2024-07-17 15:31:13.680 [ALFpaka] [WARNING] Log_spec ignored when pcen is set (extractSTFT:84)
2024-07-17 15:31:13.680 [ALFpaka] [WARNING] Log_spec ignored when pcen is set (extractSTFT:84)
2024-07-17 15:31:13.680 [ALFpaka] [WARNING] Log_spec ignored when pcen is set (extractSTFT:84)
2024-07-17 15:31:13.680 [ALFpaka] [WARNING] Log_spec ignored when pcen is set (extractSTFT:84)
2024-07-17 15:31:15.511 [ALFpaka] [INFO] Training using one GPU (run_training:144)
2024-07-17 15:31:15.512 [ALFpaka] [INFO] --- training data --- (get_dataset_and_print_stats:76)
2024-07-17 15:31:15.513 [ALFpaka] [INFO] spain-ambulance number of files 31 (get_dataset_and_print_stats:81)
2024-07-17 15:31:15.513 [ALFpaka] [INFO] spain-firefighter number of files 31 (get_dataset_and_print_stats:81)
2024-07-17 15:31:15.513 [ALFpaka] [INFO] spain-police number of files 31 (get_dataset_and_print_stats:81)
2024-07-17 15:31:15.513 [ALFpaka] [INFO] --- test data --- (get_dataset_and_print_stats:76)
2024-07-17 15:31:15.513 [ALFpaka] [INFO] spain-ambulance number of files 10 (get_dataset_and_print_stats:81)
2024-07-17 15:31:15.514 [ALFpaka] [INFO] spain-firefighter number of files 10 (get_dataset_and_print_stats:81)
2024-07-17 15:31:15.514 [ALFpaka] [INFO] spain-police number of files 10 (get_dataset_and_print_stats:81)
2024-07-17 15:31:16.136 [ALFpaka] [INFO] --- training data size --- (print_feature_stats:109)
2024-07-17 15:31:16.137 [ALFpaka] [INFO] X shape --> (458, 64, 128, 2) (print_feature_stats:111)
2024-07-17 15:31:16.137 [ALFpaka] [INFO] Y shape --> (458, 3) (print_feature_stats:112)
2024-07-17 15:31:16.137 [ALFpaka] [INFO] number of features per frame 2 (print_feature_stats:119)
2024-07-17 15:31:16.137 [ALFpaka] [INFO] number of feature frames 458 (print_feature_stats:120)
2024-07-17 15:31:16.139 [ALFpaka] [INFO] ---------------- CV step 1 of 1 --------------- (run_training_per_cv_step:363)
2024-07-17 15:31:16.139 [ALFpaka] [WARNING] WARNING: No validation data found! (__train_model_per_cv_step:692)
2024-07-17 15:31:17.087 [ALFpaka] [INFO] Model summary: (__trainModelInternal:135)
2024-07-17 15:31:17.087 [ALFpaka] [INFO] Model: "res_net" (print_summary:185)
2024-07-17 15:31:17.088 [ALFpaka] [INFO] __________________________________________________________________________________________________ (print_summary:186)
2024-07-17 15:31:17.088 [ALFpaka] [INFO] Layer (type)                    Output Shape         Param #     Connected to                      (print_row:183)
2024-07-17 15:31:17.088 [ALFpaka] [INFO] ================================================================================================== (print_summary:188)
2024-07-17 15:31:17.089 [ALFpaka] [INFO] input_1 (InputLayer)            [(None, 64, 128, 2)] 0                                             (print_row:183)
2024-07-17 15:31:17.089 [ALFpaka] [INFO] __________________________________________________________________________________________________ (print_summary:258)
2024-07-17 15:31:17.089 [ALFpaka] [INFO] conv2d (Conv2D)                 (None, 32, 64, 64)   3200        input_1[0][0]                     (print_row:183)
2024-07-17 15:31:17.090 [ALFpaka] [INFO] __________________________________________________________________________________________________ (print_summary:258)
2024-07-17 15:31:17.091 [ALFpaka] [INFO] batch_normalization (BatchNorma (None, 32, 64, 64)   256         conv2d[0][0]                      (print_row:183)
2024-07-17 15:31:17.091 [ALFpaka] [INFO] __________________________________________________________________________________________________ (print_summary:258)
2024-07-17 15:31:17.092 [ALFpaka] [INFO] activation (Activation)         (None, 32, 64, 64)   0           batch_normalization[0][0]         (print_row:183)
2024-07-17 15:31:17.093 [ALFpaka] [INFO] __________________________________________________________________________________________________ (print_summary:258)
2024-07-17 15:31:17.095 [ALFpaka] [INFO] batch_normalization_1 (BatchNor (None, 32, 64, 64)   256         activation[0][0]                  (print_row:183)
2024-07-17 15:31:17.095 [ALFpaka] [INFO] __________________________________________________________________________________________________ (print_summary:258)
2024-07-17 15:31:17.096 [ALFpaka] [INFO] dropout (Dropout)               (None, 32, 64, 64)   0           batch_normalization_1[0][0]       (print_row:183)
2024-07-17 15:31:17.096 [ALFpaka] [INFO] __________________________________________________________________________________________________ (print_summary:258)
2024-07-17 15:31:17.097 [ALFpaka] [INFO] conv2d_1 (Conv2D)               (None, 32, 64, 64)   36864       dropout[0][0]                     (print_row:183)
2024-07-17 15:31:17.098 [ALFpaka] [INFO] __________________________________________________________________________________________________ (print_summary:258)
2024-07-17 15:31:17.100 [ALFpaka] [INFO] activation_1 (Activation)       (None, 32, 64, 64)   0           conv2d_1[0][0]                    (print_row:183)
2024-07-17 15:31:17.100 [ALFpaka] [INFO] __________________________________________________________________________________________________ (print_summary:258)
2024-07-17 15:31:17.102 [ALFpaka] [INFO] batch_normalization_2 (BatchNor (None, 32, 64, 64)   256         activation_1[0][0]                (print_row:183)
2024-07-17 15:31:17.106 [ALFpaka] [INFO] __________________________________________________________________________________________________ (print_summary:258)
2024-07-17 15:31:17.106 [ALFpaka] [INFO] dropout_1 (Dropout)             (None, 32, 64, 64)   0           batch_normalization_2[0][0]       (print_row:183)
2024-07-17 15:31:17.106 [ALFpaka] [INFO] __________________________________________________________________________________________________ (print_summary:258)
2024-07-17 15:31:17.107 [ALFpaka] [INFO] conv2d_2 (Conv2D)               (None, 32, 64, 64)   36864       dropout_1[0][0]                   (print_row:183)
2024-07-17 15:31:17.107 [ALFpaka] [INFO] __________________________________________________________________________________________________ (print_summary:258)
2024-07-17 15:31:17.107 [ALFpaka] [INFO] add (Add)                       (None, 32, 64, 64)   0           conv2d_2[0][0]                    (print_row:183)
2024-07-17 15:31:17.107 [ALFpaka] [INFO]                                                                  batch_normalization[0][0]         (print_row:183)
2024-07-17 15:31:17.107 [ALFpaka] [INFO] __________________________________________________________________________________________________ (print_summary:258)
2024-07-17 15:31:17.107 [ALFpaka] [INFO] average_pooling2d (AveragePooli (None, 16, 32, 64)   0           add[0][0]                         (print_row:183)
2024-07-17 15:31:17.108 [ALFpaka] [INFO] __________________________________________________________________________________________________ (print_summary:258)
2024-07-17 15:31:17.108 [ALFpaka] [INFO] activation_2 (Activation)       (None, 16, 32, 64)   0           average_pooling2d[0][0]           (print_row:183)
2024-07-17 15:31:17.108 [ALFpaka] [INFO] __________________________________________________________________________________________________ (print_summary:258)
2024-07-17 15:31:17.108 [ALFpaka] [INFO] batch_normalization_3 (BatchNor (None, 16, 32, 64)   256         activation_2[0][0]                (print_row:183)
2024-07-17 15:31:17.108 [ALFpaka] [INFO] __________________________________________________________________________________________________ (print_summary:258)
2024-07-17 15:31:17.109 [ALFpaka] [INFO] dropout_2 (Dropout)             (None, 16, 32, 64)   0           batch_normalization_3[0][0]       (print_row:183)
2024-07-17 15:31:17.109 [ALFpaka] [INFO] __________________________________________________________________________________________________ (print_summary:258)
2024-07-17 15:31:17.109 [ALFpaka] [INFO] conv2d_3 (Conv2D)               (None, 16, 32, 64)   36864       dropout_2[0][0]                   (print_row:183)
2024-07-17 15:31:17.109 [ALFpaka] [INFO] __________________________________________________________________________________________________ (print_summary:258)
2024-07-17 15:31:17.109 [ALFpaka] [INFO] activation_3 (Activation)       (None, 16, 32, 64)   0           conv2d_3[0][0]                    (print_row:183)
2024-07-17 15:31:17.109 [ALFpaka] [INFO] __________________________________________________________________________________________________ (print_summary:258)
2024-07-17 15:31:17.110 [ALFpaka] [INFO] batch_normalization_4 (BatchNor (None, 16, 32, 64)   256         activation_3[0][0]                (print_row:183)
2024-07-17 15:31:17.110 [ALFpaka] [INFO] __________________________________________________________________________________________________ (print_summary:258)
2024-07-17 15:31:17.110 [ALFpaka] [INFO] dropout_3 (Dropout)             (None, 16, 32, 64)   0           batch_normalization_4[0][0]       (print_row:183)
2024-07-17 15:31:17.110 [ALFpaka] [INFO] __________________________________________________________________________________________________ (print_summary:258)
2024-07-17 15:31:17.110 [ALFpaka] [INFO] conv2d_4 (Conv2D)               (None, 16, 32, 64)   4096        dropout_3[0][0]                   (print_row:183)
2024-07-17 15:31:17.111 [ALFpaka] [INFO] __________________________________________________________________________________________________ (print_summary:258)
2024-07-17 15:31:17.111 [ALFpaka] [INFO] add_1 (Add)                     (None, 16, 32, 64)   0           conv2d_4[0][0]                    (print_row:183)
2024-07-17 15:31:17.111 [ALFpaka] [INFO]                                                                  average_pooling2d[0][0]           (print_row:183)
2024-07-17 15:31:17.111 [ALFpaka] [INFO] __________________________________________________________________________________________________ (print_summary:258)
2024-07-17 15:31:17.111 [ALFpaka] [INFO] average_pooling2d_1 (AveragePoo (None, 8, 16, 64)    0           add_1[0][0]                       (print_row:183)
2024-07-17 15:31:17.111 [ALFpaka] [INFO] __________________________________________________________________________________________________ (print_summary:258)
2024-07-17 15:31:17.111 [ALFpaka] [INFO] activation_4 (Activation)       (None, 8, 16, 64)    0           average_pooling2d_1[0][0]         (print_row:183)
2024-07-17 15:31:17.112 [ALFpaka] [INFO] __________________________________________________________________________________________________ (print_summary:258)
2024-07-17 15:31:17.112 [ALFpaka] [INFO] batch_normalization_5 (BatchNor (None, 8, 16, 64)    256         activation_4[0][0]                (print_row:183)
2024-07-17 15:31:17.112 [ALFpaka] [INFO] __________________________________________________________________________________________________ (print_summary:258)
2024-07-17 15:31:17.112 [ALFpaka] [INFO] dropout_4 (Dropout)             (None, 8, 16, 64)    0           batch_normalization_5[0][0]       (print_row:183)
2024-07-17 15:31:17.112 [ALFpaka] [INFO] __________________________________________________________________________________________________ (print_summary:258)
2024-07-17 15:31:17.113 [ALFpaka] [INFO] conv2d_5 (Conv2D)               (None, 8, 16, 64)    36864       dropout_4[0][0]                   (print_row:183)
2024-07-17 15:31:17.113 [ALFpaka] [INFO] __________________________________________________________________________________________________ (print_summary:258)
2024-07-17 15:31:17.113 [ALFpaka] [INFO] activation_5 (Activation)       (None, 8, 16, 64)    0           conv2d_5[0][0]                    (print_row:183)
2024-07-17 15:31:17.113 [ALFpaka] [INFO] __________________________________________________________________________________________________ (print_summary:258)
2024-07-17 15:31:17.113 [ALFpaka] [INFO] batch_normalization_6 (BatchNor (None, 8, 16, 64)    256         activation_5[0][0]                (print_row:183)
2024-07-17 15:31:17.114 [ALFpaka] [INFO] __________________________________________________________________________________________________ (print_summary:258)
2024-07-17 15:31:17.114 [ALFpaka] [INFO] dropout_5 (Dropout)             (None, 8, 16, 64)    0           batch_normalization_6[0][0]       (print_row:183)
2024-07-17 15:31:17.114 [ALFpaka] [INFO] __________________________________________________________________________________________________ (print_summary:258)
2024-07-17 15:31:17.114 [ALFpaka] [INFO] conv2d_6 (Conv2D)               (None, 8, 16, 64)    36864       dropout_5[0][0]                   (print_row:183)
2024-07-17 15:31:17.114 [ALFpaka] [INFO] __________________________________________________________________________________________________ (print_summary:258)
2024-07-17 15:31:17.114 [ALFpaka] [INFO] add_2 (Add)                     (None, 8, 16, 64)    0           conv2d_6[0][0]                    (print_row:183)
2024-07-17 15:31:17.115 [ALFpaka] [INFO]                                                                  average_pooling2d_1[0][0]         (print_row:183)
2024-07-17 15:31:17.115 [ALFpaka] [INFO] __________________________________________________________________________________________________ (print_summary:258)
2024-07-17 15:31:17.115 [ALFpaka] [INFO] activation_6 (Activation)       (None, 8, 16, 64)    0           add_2[0][0]                       (print_row:183)
2024-07-17 15:31:17.115 [ALFpaka] [INFO] __________________________________________________________________________________________________ (print_summary:258)
2024-07-17 15:31:17.115 [ALFpaka] [INFO] batch_normalization_7 (BatchNor (None, 8, 16, 64)    256         activation_6[0][0]                (print_row:183)
2024-07-17 15:31:17.116 [ALFpaka] [INFO] __________________________________________________________________________________________________ (print_summary:258)
2024-07-17 15:31:17.116 [ALFpaka] [INFO] dropout_6 (Dropout)             (None, 8, 16, 64)    0           batch_normalization_7[0][0]       (print_row:183)
2024-07-17 15:31:17.116 [ALFpaka] [INFO] __________________________________________________________________________________________________ (print_summary:258)
2024-07-17 15:31:17.116 [ALFpaka] [INFO] conv2d_7 (Conv2D)               (None, 8, 16, 128)   73728       dropout_6[0][0]                   (print_row:183)
2024-07-17 15:31:17.116 [ALFpaka] [INFO] __________________________________________________________________________________________________ (print_summary:258)
2024-07-17 15:31:17.116 [ALFpaka] [INFO] activation_7 (Activation)       (None, 8, 16, 128)   0           conv2d_7[0][0]                    (print_row:183)
2024-07-17 15:31:17.117 [ALFpaka] [INFO] __________________________________________________________________________________________________ (print_summary:258)
2024-07-17 15:31:17.117 [ALFpaka] [INFO] batch_normalization_8 (BatchNor (None, 8, 16, 128)   512         activation_7[0][0]                (print_row:183)
2024-07-17 15:31:17.117 [ALFpaka] [INFO] __________________________________________________________________________________________________ (print_summary:258)
2024-07-17 15:31:17.117 [ALFpaka] [INFO] dropout_7 (Dropout)             (None, 8, 16, 128)   0           batch_normalization_8[0][0]       (print_row:183)
2024-07-17 15:31:17.117 [ALFpaka] [INFO] __________________________________________________________________________________________________ (print_summary:258)
2024-07-17 15:31:17.117 [ALFpaka] [INFO] conv2d_8 (Conv2D)               (None, 8, 16, 128)   16384       dropout_7[0][0]                   (print_row:183)
2024-07-17 15:31:17.118 [ALFpaka] [INFO] __________________________________________________________________________________________________ (print_summary:258)
2024-07-17 15:31:17.118 [ALFpaka] [INFO] conv2d_9 (Conv2D)               (None, 8, 16, 128)   8192        add_2[0][0]                       (print_row:183)
2024-07-17 15:31:17.118 [ALFpaka] [INFO] __________________________________________________________________________________________________ (print_summary:258)
2024-07-17 15:31:17.118 [ALFpaka] [INFO] add_3 (Add)                     (None, 8, 16, 128)   0           conv2d_8[0][0]                    (print_row:183)
2024-07-17 15:31:17.118 [ALFpaka] [INFO]                                                                  conv2d_9[0][0]                    (print_row:183)
2024-07-17 15:31:17.119 [ALFpaka] [INFO] __________________________________________________________________________________________________ (print_summary:258)
2024-07-17 15:31:17.119 [ALFpaka] [INFO] average_pooling2d_2 (AveragePoo (None, 4, 8, 128)    0           add_3[0][0]                       (print_row:183)
2024-07-17 15:31:17.119 [ALFpaka] [INFO] __________________________________________________________________________________________________ (print_summary:258)
2024-07-17 15:31:17.119 [ALFpaka] [INFO] activation_8 (Activation)       (None, 4, 8, 128)    0           average_pooling2d_2[0][0]         (print_row:183)
2024-07-17 15:31:17.119 [ALFpaka] [INFO] __________________________________________________________________________________________________ (print_summary:258)
2024-07-17 15:31:17.120 [ALFpaka] [INFO] batch_normalization_9 (BatchNor (None, 4, 8, 128)    512         activation_8[0][0]                (print_row:183)
2024-07-17 15:31:17.120 [ALFpaka] [INFO] __________________________________________________________________________________________________ (print_summary:258)
2024-07-17 15:31:17.120 [ALFpaka] [INFO] dropout_8 (Dropout)             (None, 4, 8, 128)    0           batch_normalization_9[0][0]       (print_row:183)
2024-07-17 15:31:17.120 [ALFpaka] [INFO] __________________________________________________________________________________________________ (print_summary:258)
2024-07-17 15:31:17.120 [ALFpaka] [INFO] conv2d_10 (Conv2D)              (None, 4, 8, 256)    32768       dropout_8[0][0]                   (print_row:183)
2024-07-17 15:31:17.120 [ALFpaka] [INFO] __________________________________________________________________________________________________ (print_summary:258)
2024-07-17 15:31:17.121 [ALFpaka] [INFO] activation_9 (Activation)       (None, 4, 8, 256)    0           conv2d_10[0][0]                   (print_row:183)
2024-07-17 15:31:17.121 [ALFpaka] [INFO] __________________________________________________________________________________________________ (print_summary:258)
2024-07-17 15:31:17.121 [ALFpaka] [INFO] batch_normalization_10 (BatchNo (None, 4, 8, 256)    1024        activation_9[0][0]                (print_row:183)
2024-07-17 15:31:17.121 [ALFpaka] [INFO] __________________________________________________________________________________________________ (print_summary:258)
2024-07-17 15:31:17.122 [ALFpaka] [INFO] dropout_9 (Dropout)             (None, 4, 8, 256)    0           batch_normalization_10[0][0]      (print_row:183)
2024-07-17 15:31:17.122 [ALFpaka] [INFO] __________________________________________________________________________________________________ (print_summary:258)
2024-07-17 15:31:17.122 [ALFpaka] [INFO] conv2d_11 (Conv2D)              (None, 4, 8, 256)    65536       dropout_9[0][0]                   (print_row:183)
2024-07-17 15:31:17.122 [ALFpaka] [INFO] __________________________________________________________________________________________________ (print_summary:258)
2024-07-17 15:31:17.122 [ALFpaka] [INFO] conv2d_12 (Conv2D)              (None, 4, 8, 256)    32768       average_pooling2d_2[0][0]         (print_row:183)
2024-07-17 15:31:17.122 [ALFpaka] [INFO] __________________________________________________________________________________________________ (print_summary:258)
2024-07-17 15:31:17.123 [ALFpaka] [INFO] add_4 (Add)                     (None, 4, 8, 256)    0           conv2d_11[0][0]                   (print_row:183)
2024-07-17 15:31:17.123 [ALFpaka] [INFO]                                                                  conv2d_12[0][0]                   (print_row:183)
2024-07-17 15:31:17.123 [ALFpaka] [INFO] __________________________________________________________________________________________________ (print_summary:258)
2024-07-17 15:31:17.123 [ALFpaka] [INFO] global_average_pooling2d (Globa (None, 256)          0           add_4[0][0]                       (print_row:183)
2024-07-17 15:31:17.123 [ALFpaka] [INFO] __________________________________________________________________________________________________ (print_summary:258)
2024-07-17 15:31:17.124 [ALFpaka] [INFO] dense (Dense)                   (None, 3)            771         global_average_pooling2d[0][0]    (print_row:183)
2024-07-17 15:31:17.124 [ALFpaka] [INFO] ================================================================================================== (print_summary:256)
2024-07-17 15:31:17.125 [ALFpaka] [INFO] Total params: 425,859 (print_summary:267)
2024-07-17 15:31:17.125 [ALFpaka] [INFO] Trainable params: 423,811 (print_summary:268)
2024-07-17 15:31:17.126 [ALFpaka] [INFO] Non-trainable params: 2,048 (print_summary:269)
2024-07-17 15:31:17.126 [ALFpaka] [INFO] __________________________________________________________________________________________________ (print_summary:270)
2024-07-17 15:31:17.126 [ALFpaka] [WARNING] No validation data set! (__trainModelInternal:188)
2024-07-17 16:39:27.504 [ALFpaka] [INFO] Elapsed training time for cv_step ==> 01:08:11 (print_training_time:334)
2024-07-17 16:39:27.505 [ALFpaka] [INFO] --- test data size --- (print_feature_stats:109)
2024-07-17 16:39:27.505 [ALFpaka] [INFO] X shape --> (511, 64, 128, 2) (print_feature_stats:111)
2024-07-17 16:39:27.505 [ALFpaka] [INFO] Y shape --> (511, 3) (print_feature_stats:112)
2024-07-17 16:39:27.505 [ALFpaka] [INFO] number of features per frame 2 (print_feature_stats:119)
2024-07-17 16:39:27.505 [ALFpaka] [INFO] number of feature frames 511 (print_feature_stats:120)
2024-07-17 16:39:33.297 [ALFpaka] [INFO] --- Evaluation results framewise_cv_step_1 --- (evaluate_results_with_conf_matrix_and_acc:498)
2024-07-17 16:39:33.298 [ALFpaka] [INFO] framewise_cv_step_1 accuracy (unweighted): 0.4481409001956947 (evaluate_results_with_conf_matrix_and_acc:500)
2024-07-17 16:39:33.301 [ALFpaka] [INFO] 
framewise_cv_step_1 confusion Matrix in %: 
[[ 84.24  4.89  10.87]
 [ 53.99  40.49  5.52]
 [ 95.12  0.00  4.88]] (log_confusion_matrix:521)
2024-07-17 16:39:33.301 [ALFpaka] [INFO] framewise_cv_step_1 mean class accuracy: 43.2 % (log_confusion_matrix:522)
2024-07-17 16:39:33.320 [ALFpaka] [INFO] --- Evaluation results filewise_cv_step_1 --- (evaluate_results_with_conf_matrix_and_acc:498)
2024-07-17 16:39:33.321 [ALFpaka] [INFO] filewise_cv_step_1 accuracy (unweighted): 0.5 (evaluate_results_with_conf_matrix_and_acc:500)
2024-07-17 16:39:33.322 [ALFpaka] [INFO] 
filewise_cv_step_1 confusion Matrix in %: 
[[ 90.00  0.00  10.00]
 [ 50.00  50.00  0.00]
 [ 90.00  0.00  10.00]] (log_confusion_matrix:521)
2024-07-17 16:39:33.323 [ALFpaka] [INFO] filewise_cv_step_1 mean class accuracy: 50.0 % (log_confusion_matrix:522)
2024-07-17 16:39:33.334 [ALFpaka] [INFO] 
--- Final results after 1 iterations ---
Frame acc mean:       0.448140900196
Frame acc stdev:      0.000000000000
File acc mean:        0.500000000000
File acc stdev:       0.000000000000
Highest file acc:     0.500000000000 (seed = 1)
Lowest file acc:      0.500000000000 (seed = 1)
 (print_results:200)
2024-07-17 16:39:33.335 [ALFpaka] [INFO] Mean Confusion Matrix (framewise): 
[[ 84.24  4.89  10.87]
 [ 53.99  40.49  5.52]
 [ 95.12  0.00  4.88]] (log_final_confusion_matrices:237)
2024-07-17 16:39:33.336 [ALFpaka] [INFO] Mean Confusion Matrix (filewise): 
[[ 90.00  0.00  10.00]
 [ 50.00  50.00  0.00]
 [ 90.00  0.00  10.00]] (log_final_confusion_matrices:242)
2024-07-17 16:39:33.343 [ALFpaka] [INFO] Elapsed training time for whole training ==> 01:08:35 (print_training_time:334)
2024-07-17 16:39:33.347 [ALFpaka] [INFO] Plotting Confusion Matrices ...  (plot_confusion_matrices:476)
2024-07-17 16:39:36.666 [ALFpaka] [INFO] Plotting Confusion Matrices ...  (plot_confusion_matrices:476)
2024-07-17 16:39:43.558 [ALFpaka] [WARNING] No GIT in PATH variables ([Errno 2] No such file or directory: '.git': '.git') (get_git_version:24)
2024-07-17 16:39:43.561 [ALFpaka] [INFO] ... FINISH TRAINING ... (__training_session:96)
2024-07-17 16:39:43.561 [ALFpaka] [INFO] Closing session ...  (__training_session:105)
