2025-04-21 16:45:16.346 [ALFpaka] [INFO] ... START TRAINING ... (__training_session:88)
2025-04-21 16:45:16.346 [ALFpaka] [INFO] Start-Time: 1745246716.3468976 (run_training:126)
2025-04-21 16:45:16.363 [ALFpaka] [INFO] spain-ambulance with id 0 (print_class_to_id:153)
2025-04-21 16:45:16.364 [ALFpaka] [INFO] spain-firefighter with id 1 (print_class_to_id:153)
2025-04-21 16:45:16.365 [ALFpaka] [INFO] spain-police with id 2 (print_class_to_id:153)
2025-04-21 16:45:16.368 [ALFpaka] [INFO] ------ Extracting features ------ (extractAllFeatures:34)
2025-04-21 16:45:17.042 [ALFpaka] [INFO] Extracting features for class spain-ambulance with id 0 (extractAndAddFeaturesToDataset:69)
2025-04-21 16:45:47.675 [ALFpaka] [INFO] Extracting features for class spain-firefighter with id 1 (extractAndAddFeaturesToDataset:69)
2025-04-21 16:46:14.293 [ALFpaka] [INFO] Extracting features for class spain-police with id 2 (extractAndAddFeaturesToDataset:69)
2025-04-21 16:46:41.327 [ALFpaka] [INFO] Extracting features for class spain-ambulance with id 0 (extractAndAddFeaturesToDataset:69)
2025-04-21 16:47:06.444 [ALFpaka] [INFO] Extracting features for class spain-firefighter with id 1 (extractAndAddFeaturesToDataset:69)
2025-04-21 16:47:31.341 [ALFpaka] [INFO] Extracting features for class spain-police with id 2 (extractAndAddFeaturesToDataset:69)
2025-04-21 16:47:57.325 [ALFpaka] [INFO] Training using one GPU (run_training:144)
2025-04-21 16:47:57.326 [ALFpaka] [INFO] --- training data --- (get_dataset_and_print_stats:76)
2025-04-21 16:47:57.326 [ALFpaka] [INFO] spain-ambulance number of files 124 (get_dataset_and_print_stats:81)
2025-04-21 16:47:57.326 [ALFpaka] [INFO] spain-firefighter number of files 124 (get_dataset_and_print_stats:81)
2025-04-21 16:47:57.326 [ALFpaka] [INFO] spain-police number of files 124 (get_dataset_and_print_stats:81)
2025-04-21 16:47:57.326 [ALFpaka] [INFO] --- test data --- (get_dataset_and_print_stats:76)
2025-04-21 16:47:57.326 [ALFpaka] [INFO] spain-ambulance number of files 40 (get_dataset_and_print_stats:81)
2025-04-21 16:47:57.326 [ALFpaka] [INFO] spain-firefighter number of files 40 (get_dataset_and_print_stats:81)
2025-04-21 16:47:57.326 [ALFpaka] [INFO] spain-police number of files 40 (get_dataset_and_print_stats:81)
2025-04-21 16:47:57.609 [ALFpaka] [INFO] --- training data size --- (print_feature_stats:109)
2025-04-21 16:47:57.609 [ALFpaka] [INFO] X shape --> (1832, 64, 128, 1) (print_feature_stats:111)
2025-04-21 16:47:57.609 [ALFpaka] [INFO] Y shape --> (1832, 3) (print_feature_stats:112)
2025-04-21 16:47:57.609 [ALFpaka] [INFO] number of features per frame 1 (print_feature_stats:119)
2025-04-21 16:47:57.609 [ALFpaka] [INFO] number of feature frames 1832 (print_feature_stats:120)
2025-04-21 16:47:57.629 [ALFpaka] [INFO] ---------------- CV step 1 of 1 --------------- (run_training_per_cv_step:363)
2025-04-21 16:47:57.629 [ALFpaka] [WARNING] WARNING: No validation data found! (__train_model_per_cv_step:692)
2025-04-21 16:47:57.894 [ALFpaka] [INFO] Model summary: (__trainModelInternal:135)
2025-04-21 16:47:57.894 [ALFpaka] [INFO] Model: "res_net" (print_summary:185)
2025-04-21 16:47:57.894 [ALFpaka] [INFO] __________________________________________________________________________________________________ (print_summary:186)
2025-04-21 16:47:57.894 [ALFpaka] [INFO] Layer (type)                    Output Shape         Param #     Connected to                      (print_row:183)
2025-04-21 16:47:57.894 [ALFpaka] [INFO] ================================================================================================== (print_summary:188)
2025-04-21 16:47:57.894 [ALFpaka] [INFO] input_1 (InputLayer)            [(None, 64, 128, 1)] 0                                             (print_row:183)
2025-04-21 16:47:57.894 [ALFpaka] [INFO] __________________________________________________________________________________________________ (print_summary:258)
2025-04-21 16:47:57.897 [ALFpaka] [INFO] conv2d (Conv2D)                 (None, 32, 64, 64)   1600        input_1[0][0]                     (print_row:183)
2025-04-21 16:47:57.897 [ALFpaka] [INFO] __________________________________________________________________________________________________ (print_summary:258)
2025-04-21 16:47:57.897 [ALFpaka] [INFO] batch_normalization (BatchNorma (None, 32, 64, 64)   256         conv2d[0][0]                      (print_row:183)
2025-04-21 16:47:57.897 [ALFpaka] [INFO] __________________________________________________________________________________________________ (print_summary:258)
2025-04-21 16:47:57.897 [ALFpaka] [INFO] activation (Activation)         (None, 32, 64, 64)   0           batch_normalization[0][0]         (print_row:183)
2025-04-21 16:47:57.897 [ALFpaka] [INFO] __________________________________________________________________________________________________ (print_summary:258)
2025-04-21 16:47:57.897 [ALFpaka] [INFO] batch_normalization_1 (BatchNor (None, 32, 64, 64)   256         activation[0][0]                  (print_row:183)
2025-04-21 16:47:57.900 [ALFpaka] [INFO] __________________________________________________________________________________________________ (print_summary:258)
2025-04-21 16:47:57.900 [ALFpaka] [INFO] dropout (Dropout)               (None, 32, 64, 64)   0           batch_normalization_1[0][0]       (print_row:183)
2025-04-21 16:47:57.900 [ALFpaka] [INFO] __________________________________________________________________________________________________ (print_summary:258)
2025-04-21 16:47:57.900 [ALFpaka] [INFO] conv2d_1 (Conv2D)               (None, 32, 64, 64)   36864       dropout[0][0]                     (print_row:183)
2025-04-21 16:47:57.901 [ALFpaka] [INFO] __________________________________________________________________________________________________ (print_summary:258)
2025-04-21 16:47:57.901 [ALFpaka] [INFO] activation_1 (Activation)       (None, 32, 64, 64)   0           conv2d_1[0][0]                    (print_row:183)
2025-04-21 16:47:57.901 [ALFpaka] [INFO] __________________________________________________________________________________________________ (print_summary:258)
2025-04-21 16:47:57.902 [ALFpaka] [INFO] batch_normalization_2 (BatchNor (None, 32, 64, 64)   256         activation_1[0][0]                (print_row:183)
2025-04-21 16:47:57.902 [ALFpaka] [INFO] __________________________________________________________________________________________________ (print_summary:258)
2025-04-21 16:47:57.902 [ALFpaka] [INFO] dropout_1 (Dropout)             (None, 32, 64, 64)   0           batch_normalization_2[0][0]       (print_row:183)
2025-04-21 16:47:57.902 [ALFpaka] [INFO] __________________________________________________________________________________________________ (print_summary:258)
2025-04-21 16:47:57.902 [ALFpaka] [INFO] conv2d_2 (Conv2D)               (None, 32, 64, 64)   36864       dropout_1[0][0]                   (print_row:183)
2025-04-21 16:47:57.902 [ALFpaka] [INFO] __________________________________________________________________________________________________ (print_summary:258)
2025-04-21 16:47:57.902 [ALFpaka] [INFO] add (Add)                       (None, 32, 64, 64)   0           conv2d_2[0][0]                    (print_row:183)
2025-04-21 16:47:57.902 [ALFpaka] [INFO]                                                                  batch_normalization[0][0]         (print_row:183)
2025-04-21 16:47:57.902 [ALFpaka] [INFO] __________________________________________________________________________________________________ (print_summary:258)
2025-04-21 16:47:57.905 [ALFpaka] [INFO] average_pooling2d (AveragePooli (None, 16, 32, 64)   0           add[0][0]                         (print_row:183)
2025-04-21 16:47:57.905 [ALFpaka] [INFO] __________________________________________________________________________________________________ (print_summary:258)
2025-04-21 16:47:57.905 [ALFpaka] [INFO] activation_2 (Activation)       (None, 16, 32, 64)   0           average_pooling2d[0][0]           (print_row:183)
2025-04-21 16:47:57.905 [ALFpaka] [INFO] __________________________________________________________________________________________________ (print_summary:258)
2025-04-21 16:47:57.905 [ALFpaka] [INFO] batch_normalization_3 (BatchNor (None, 16, 32, 64)   256         activation_2[0][0]                (print_row:183)
2025-04-21 16:47:57.905 [ALFpaka] [INFO] __________________________________________________________________________________________________ (print_summary:258)
2025-04-21 16:47:57.905 [ALFpaka] [INFO] dropout_2 (Dropout)             (None, 16, 32, 64)   0           batch_normalization_3[0][0]       (print_row:183)
2025-04-21 16:47:57.905 [ALFpaka] [INFO] __________________________________________________________________________________________________ (print_summary:258)
2025-04-21 16:47:57.905 [ALFpaka] [INFO] conv2d_3 (Conv2D)               (None, 16, 32, 64)   36864       dropout_2[0][0]                   (print_row:183)
2025-04-21 16:47:57.905 [ALFpaka] [INFO] __________________________________________________________________________________________________ (print_summary:258)
2025-04-21 16:47:57.905 [ALFpaka] [INFO] activation_3 (Activation)       (None, 16, 32, 64)   0           conv2d_3[0][0]                    (print_row:183)
2025-04-21 16:47:57.908 [ALFpaka] [INFO] __________________________________________________________________________________________________ (print_summary:258)
2025-04-21 16:47:57.908 [ALFpaka] [INFO] batch_normalization_4 (BatchNor (None, 16, 32, 64)   256         activation_3[0][0]                (print_row:183)
2025-04-21 16:47:57.908 [ALFpaka] [INFO] __________________________________________________________________________________________________ (print_summary:258)
2025-04-21 16:47:57.908 [ALFpaka] [INFO] dropout_3 (Dropout)             (None, 16, 32, 64)   0           batch_normalization_4[0][0]       (print_row:183)
2025-04-21 16:47:57.908 [ALFpaka] [INFO] __________________________________________________________________________________________________ (print_summary:258)
2025-04-21 16:47:57.908 [ALFpaka] [INFO] conv2d_4 (Conv2D)               (None, 16, 32, 64)   4096        dropout_3[0][0]                   (print_row:183)
2025-04-21 16:47:57.908 [ALFpaka] [INFO] __________________________________________________________________________________________________ (print_summary:258)
2025-04-21 16:47:57.908 [ALFpaka] [INFO] add_1 (Add)                     (None, 16, 32, 64)   0           conv2d_4[0][0]                    (print_row:183)
2025-04-21 16:47:57.908 [ALFpaka] [INFO]                                                                  average_pooling2d[0][0]           (print_row:183)
2025-04-21 16:47:57.908 [ALFpaka] [INFO] __________________________________________________________________________________________________ (print_summary:258)
2025-04-21 16:47:57.908 [ALFpaka] [INFO] average_pooling2d_1 (AveragePoo (None, 8, 16, 64)    0           add_1[0][0]                       (print_row:183)
2025-04-21 16:47:57.908 [ALFpaka] [INFO] __________________________________________________________________________________________________ (print_summary:258)
2025-04-21 16:47:57.908 [ALFpaka] [INFO] activation_4 (Activation)       (None, 8, 16, 64)    0           average_pooling2d_1[0][0]         (print_row:183)
2025-04-21 16:47:57.908 [ALFpaka] [INFO] __________________________________________________________________________________________________ (print_summary:258)
2025-04-21 16:47:57.913 [ALFpaka] [INFO] batch_normalization_5 (BatchNor (None, 8, 16, 64)    256         activation_4[0][0]                (print_row:183)
2025-04-21 16:47:57.913 [ALFpaka] [INFO] __________________________________________________________________________________________________ (print_summary:258)
2025-04-21 16:47:57.913 [ALFpaka] [INFO] dropout_4 (Dropout)             (None, 8, 16, 64)    0           batch_normalization_5[0][0]       (print_row:183)
2025-04-21 16:47:57.913 [ALFpaka] [INFO] __________________________________________________________________________________________________ (print_summary:258)
2025-04-21 16:47:57.914 [ALFpaka] [INFO] conv2d_5 (Conv2D)               (None, 8, 16, 64)    36864       dropout_4[0][0]                   (print_row:183)
2025-04-21 16:47:57.914 [ALFpaka] [INFO] __________________________________________________________________________________________________ (print_summary:258)
2025-04-21 16:47:57.914 [ALFpaka] [INFO] activation_5 (Activation)       (None, 8, 16, 64)    0           conv2d_5[0][0]                    (print_row:183)
2025-04-21 16:47:57.914 [ALFpaka] [INFO] __________________________________________________________________________________________________ (print_summary:258)
2025-04-21 16:47:57.915 [ALFpaka] [INFO] batch_normalization_6 (BatchNor (None, 8, 16, 64)    256         activation_5[0][0]                (print_row:183)
2025-04-21 16:47:57.916 [ALFpaka] [INFO] __________________________________________________________________________________________________ (print_summary:258)
2025-04-21 16:47:57.916 [ALFpaka] [INFO] dropout_5 (Dropout)             (None, 8, 16, 64)    0           batch_normalization_6[0][0]       (print_row:183)
2025-04-21 16:47:57.916 [ALFpaka] [INFO] __________________________________________________________________________________________________ (print_summary:258)
2025-04-21 16:47:57.916 [ALFpaka] [INFO] conv2d_6 (Conv2D)               (None, 8, 16, 64)    36864       dropout_5[0][0]                   (print_row:183)
2025-04-21 16:47:57.917 [ALFpaka] [INFO] __________________________________________________________________________________________________ (print_summary:258)
2025-04-21 16:47:57.917 [ALFpaka] [INFO] add_2 (Add)                     (None, 8, 16, 64)    0           conv2d_6[0][0]                    (print_row:183)
2025-04-21 16:47:57.917 [ALFpaka] [INFO]                                                                  average_pooling2d_1[0][0]         (print_row:183)
2025-04-21 16:47:57.917 [ALFpaka] [INFO] __________________________________________________________________________________________________ (print_summary:258)
2025-04-21 16:47:57.917 [ALFpaka] [INFO] activation_6 (Activation)       (None, 8, 16, 64)    0           add_2[0][0]                       (print_row:183)
2025-04-21 16:47:57.917 [ALFpaka] [INFO] __________________________________________________________________________________________________ (print_summary:258)
2025-04-21 16:47:57.917 [ALFpaka] [INFO] batch_normalization_7 (BatchNor (None, 8, 16, 64)    256         activation_6[0][0]                (print_row:183)
2025-04-21 16:47:57.917 [ALFpaka] [INFO] __________________________________________________________________________________________________ (print_summary:258)
2025-04-21 16:47:57.917 [ALFpaka] [INFO] dropout_6 (Dropout)             (None, 8, 16, 64)    0           batch_normalization_7[0][0]       (print_row:183)
2025-04-21 16:47:57.917 [ALFpaka] [INFO] __________________________________________________________________________________________________ (print_summary:258)
2025-04-21 16:47:57.917 [ALFpaka] [INFO] conv2d_7 (Conv2D)               (None, 8, 16, 128)   73728       dropout_6[0][0]                   (print_row:183)
2025-04-21 16:47:57.920 [ALFpaka] [INFO] __________________________________________________________________________________________________ (print_summary:258)
2025-04-21 16:47:57.920 [ALFpaka] [INFO] activation_7 (Activation)       (None, 8, 16, 128)   0           conv2d_7[0][0]                    (print_row:183)
2025-04-21 16:47:57.920 [ALFpaka] [INFO] __________________________________________________________________________________________________ (print_summary:258)
2025-04-21 16:47:57.920 [ALFpaka] [INFO] batch_normalization_8 (BatchNor (None, 8, 16, 128)   512         activation_7[0][0]                (print_row:183)
2025-04-21 16:47:57.922 [ALFpaka] [INFO] __________________________________________________________________________________________________ (print_summary:258)
2025-04-21 16:47:57.922 [ALFpaka] [INFO] dropout_7 (Dropout)             (None, 8, 16, 128)   0           batch_normalization_8[0][0]       (print_row:183)
2025-04-21 16:47:57.922 [ALFpaka] [INFO] __________________________________________________________________________________________________ (print_summary:258)
2025-04-21 16:47:57.922 [ALFpaka] [INFO] conv2d_8 (Conv2D)               (None, 8, 16, 128)   16384       dropout_7[0][0]                   (print_row:183)
2025-04-21 16:47:57.922 [ALFpaka] [INFO] __________________________________________________________________________________________________ (print_summary:258)
2025-04-21 16:47:57.922 [ALFpaka] [INFO] conv2d_9 (Conv2D)               (None, 8, 16, 128)   8192        add_2[0][0]                       (print_row:183)
2025-04-21 16:47:57.923 [ALFpaka] [INFO] __________________________________________________________________________________________________ (print_summary:258)
2025-04-21 16:47:57.923 [ALFpaka] [INFO] add_3 (Add)                     (None, 8, 16, 128)   0           conv2d_8[0][0]                    (print_row:183)
2025-04-21 16:47:57.923 [ALFpaka] [INFO]                                                                  conv2d_9[0][0]                    (print_row:183)
2025-04-21 16:47:57.923 [ALFpaka] [INFO] __________________________________________________________________________________________________ (print_summary:258)
2025-04-21 16:47:57.924 [ALFpaka] [INFO] average_pooling2d_2 (AveragePoo (None, 4, 8, 128)    0           add_3[0][0]                       (print_row:183)
2025-04-21 16:47:57.925 [ALFpaka] [INFO] __________________________________________________________________________________________________ (print_summary:258)
2025-04-21 16:47:57.925 [ALFpaka] [INFO] activation_8 (Activation)       (None, 4, 8, 128)    0           average_pooling2d_2[0][0]         (print_row:183)
2025-04-21 16:47:57.925 [ALFpaka] [INFO] __________________________________________________________________________________________________ (print_summary:258)
2025-04-21 16:47:57.925 [ALFpaka] [INFO] batch_normalization_9 (BatchNor (None, 4, 8, 128)    512         activation_8[0][0]                (print_row:183)
2025-04-21 16:47:57.925 [ALFpaka] [INFO] __________________________________________________________________________________________________ (print_summary:258)
2025-04-21 16:47:57.925 [ALFpaka] [INFO] dropout_8 (Dropout)             (None, 4, 8, 128)    0           batch_normalization_9[0][0]       (print_row:183)
2025-04-21 16:47:57.925 [ALFpaka] [INFO] __________________________________________________________________________________________________ (print_summary:258)
2025-04-21 16:47:57.928 [ALFpaka] [INFO] conv2d_10 (Conv2D)              (None, 4, 8, 256)    32768       dropout_8[0][0]                   (print_row:183)
2025-04-21 16:47:57.928 [ALFpaka] [INFO] __________________________________________________________________________________________________ (print_summary:258)
2025-04-21 16:47:57.928 [ALFpaka] [INFO] activation_9 (Activation)       (None, 4, 8, 256)    0           conv2d_10[0][0]                   (print_row:183)
2025-04-21 16:47:57.928 [ALFpaka] [INFO] __________________________________________________________________________________________________ (print_summary:258)
2025-04-21 16:47:57.929 [ALFpaka] [INFO] batch_normalization_10 (BatchNo (None, 4, 8, 256)    1024        activation_9[0][0]                (print_row:183)
2025-04-21 16:47:57.929 [ALFpaka] [INFO] __________________________________________________________________________________________________ (print_summary:258)
2025-04-21 16:47:57.929 [ALFpaka] [INFO] dropout_9 (Dropout)             (None, 4, 8, 256)    0           batch_normalization_10[0][0]      (print_row:183)
2025-04-21 16:47:57.929 [ALFpaka] [INFO] __________________________________________________________________________________________________ (print_summary:258)
2025-04-21 16:47:57.930 [ALFpaka] [INFO] conv2d_11 (Conv2D)              (None, 4, 8, 256)    65536       dropout_9[0][0]                   (print_row:183)
2025-04-21 16:47:57.930 [ALFpaka] [INFO] __________________________________________________________________________________________________ (print_summary:258)
2025-04-21 16:47:57.930 [ALFpaka] [INFO] conv2d_12 (Conv2D)              (None, 4, 8, 256)    32768       average_pooling2d_2[0][0]         (print_row:183)
2025-04-21 16:47:57.930 [ALFpaka] [INFO] __________________________________________________________________________________________________ (print_summary:258)
2025-04-21 16:47:57.930 [ALFpaka] [INFO] add_4 (Add)                     (None, 4, 8, 256)    0           conv2d_11[0][0]                   (print_row:183)
2025-04-21 16:47:57.931 [ALFpaka] [INFO]                                                                  conv2d_12[0][0]                   (print_row:183)
2025-04-21 16:47:57.932 [ALFpaka] [INFO] __________________________________________________________________________________________________ (print_summary:258)
2025-04-21 16:47:57.932 [ALFpaka] [INFO] global_average_pooling2d (Globa (None, 256)          0           add_4[0][0]                       (print_row:183)
2025-04-21 16:47:57.932 [ALFpaka] [INFO] __________________________________________________________________________________________________ (print_summary:258)
2025-04-21 16:47:57.932 [ALFpaka] [INFO] dense (Dense)                   (None, 3)            771         global_average_pooling2d[0][0]    (print_row:183)
2025-04-21 16:47:57.932 [ALFpaka] [INFO] ================================================================================================== (print_summary:256)
2025-04-21 16:47:57.934 [ALFpaka] [INFO] Total params: 424,259 (print_summary:267)
2025-04-21 16:47:57.934 [ALFpaka] [INFO] Trainable params: 422,211 (print_summary:268)
2025-04-21 16:47:57.934 [ALFpaka] [INFO] Non-trainable params: 2,048 (print_summary:269)
2025-04-21 16:47:57.936 [ALFpaka] [INFO] __________________________________________________________________________________________________ (print_summary:270)
2025-04-21 16:47:57.936 [ALFpaka] [WARNING] No validation data set! (__trainModelInternal:188)
2025-04-21 20:38:23.526 [ALFpaka] [INFO] Elapsed training time for cv_step ==> 03:50:26 (print_training_time:334)
2025-04-21 20:38:23.526 [ALFpaka] [INFO] --- test data size --- (print_feature_stats:109)
2025-04-21 20:38:23.526 [ALFpaka] [INFO] X shape --> (2044, 64, 128, 1) (print_feature_stats:111)
2025-04-21 20:38:23.526 [ALFpaka] [INFO] Y shape --> (2044, 3) (print_feature_stats:112)
2025-04-21 20:38:23.526 [ALFpaka] [INFO] number of features per frame 1 (print_feature_stats:119)
2025-04-21 20:38:23.528 [ALFpaka] [INFO] number of feature frames 2044 (print_feature_stats:120)
2025-04-21 20:38:32.984 [ALFpaka] [INFO] --- Evaluation results framewise_cv_step_1 --- (evaluate_results_with_conf_matrix_and_acc:498)
2025-04-21 20:38:32.984 [ALFpaka] [INFO] framewise_cv_step_1 accuracy (unweighted): 0.6404109589041096 (evaluate_results_with_conf_matrix_and_acc:500)
2025-04-21 20:38:32.988 [ALFpaka] [INFO] 
framewise_cv_step_1 confusion Matrix in %: 
[[ 43.34  18.89  37.77]
 [ 30.06  52.76  17.18]
 [ 0.15  1.37  98.48]] (log_confusion_matrix:521)
2025-04-21 20:38:32.988 [ALFpaka] [INFO] framewise_cv_step_1 mean class accuracy: 64.86 % (log_confusion_matrix:522)
2025-04-21 20:38:33.025 [ALFpaka] [INFO] --- Evaluation results filewise_cv_step_1 --- (evaluate_results_with_conf_matrix_and_acc:498)
2025-04-21 20:38:33.025 [ALFpaka] [INFO] filewise_cv_step_1 accuracy (unweighted): 0.6333333333333333 (evaluate_results_with_conf_matrix_and_acc:500)
2025-04-21 20:38:33.025 [ALFpaka] [INFO] 
filewise_cv_step_1 confusion Matrix in %: 
[[ 30.00  30.00  40.00]
 [ 22.50  60.00  17.50]
 [ 0.00  0.00  100.00]] (log_confusion_matrix:521)
2025-04-21 20:38:33.025 [ALFpaka] [INFO] filewise_cv_step_1 mean class accuracy: 63.33 % (log_confusion_matrix:522)
2025-04-21 20:38:33.049 [ALFpaka] [INFO] 
--- Final results after 1 iterations ---
Frame acc mean:       0.640410958904
Frame acc stdev:      0.000000000000
File acc mean:        0.633333333333
File acc stdev:       0.000000000000
Highest file acc:     0.633333333333 (seed = 1)
Lowest file acc:      0.633333333333 (seed = 1)
 (print_results:200)
2025-04-21 20:38:33.051 [ALFpaka] [INFO] Mean Confusion Matrix (framewise): 
[[ 43.34  18.89  37.77]
 [ 30.06  52.76  17.18]
 [ 0.15  1.37  98.48]] (log_final_confusion_matrices:237)
2025-04-21 20:38:33.051 [ALFpaka] [INFO] Mean Confusion Matrix (filewise): 
[[ 30.00  30.00  40.00]
 [ 22.50  60.00  17.50]
 [ 0.00  0.00  100.00]] (log_final_confusion_matrices:242)
2025-04-21 20:38:33.071 [ALFpaka] [INFO] Elapsed training time for whole training ==> 03:53:16 (print_training_time:334)
2025-04-21 20:38:33.087 [ALFpaka] [INFO] Plotting Confusion Matrices ...  (plot_confusion_matrices:476)
2025-04-21 20:38:35.034 [ALFpaka] [INFO] Plotting Confusion Matrices ...  (plot_confusion_matrices:476)
2025-04-21 20:38:41.272 [ALFpaka] [WARNING] No GIT in PATH variables ([WinError 267] The directory name is invalid) (get_git_version:24)
2025-04-21 20:38:41.272 [ALFpaka] [INFO] ... FINISH TRAINING ... (__training_session:96)
2025-04-21 20:38:41.272 [ALFpaka] [INFO] Closing session ...  (__training_session:105)
