2025-04-22 13:40:51.628 [ALFpaka] [INFO] ... START TRAINING ... (__training_session:88)
2025-04-22 13:40:51.628 [ALFpaka] [INFO] Start-Time: 1745322051.628051 (run_training:126)
2025-04-22 13:40:51.630 [ALFpaka] [INFO] france with id 0 (print_class_to_id:153)
2025-04-22 13:40:51.631 [ALFpaka] [INFO] germany with id 1 (print_class_to_id:153)
2025-04-22 13:40:51.631 [ALFpaka] [INFO] italy with id 2 (print_class_to_id:153)
2025-04-22 13:40:51.631 [ALFpaka] [INFO] spain with id 3 (print_class_to_id:153)
2025-04-22 13:40:51.634 [ALFpaka] [INFO] ------ Extracting features ------ (extractAllFeatures:34)
2025-04-22 13:40:52.290 [ALFpaka] [INFO] Extracting features for class france with id 0 (extractAndAddFeaturesToDataset:69)
2025-04-22 13:41:18.176 [ALFpaka] [INFO] Extracting features for class germany with id 1 (extractAndAddFeaturesToDataset:69)
2025-04-22 13:41:43.308 [ALFpaka] [INFO] Extracting features for class italy with id 2 (extractAndAddFeaturesToDataset:69)
2025-04-22 13:42:06.159 [ALFpaka] [INFO] Extracting features for class spain with id 3 (extractAndAddFeaturesToDataset:69)
2025-04-22 13:42:27.945 [ALFpaka] [INFO] Extracting features for class france with id 0 (extractAndAddFeaturesToDataset:69)
2025-04-22 13:42:49.356 [ALFpaka] [INFO] Extracting features for class germany with id 1 (extractAndAddFeaturesToDataset:69)
2025-04-22 13:43:15.062 [ALFpaka] [INFO] Extracting features for class italy with id 2 (extractAndAddFeaturesToDataset:69)
2025-04-22 13:43:42.567 [ALFpaka] [INFO] Extracting features for class spain with id 3 (extractAndAddFeaturesToDataset:69)
2025-04-22 13:44:12.495 [ALFpaka] [INFO] Training using one GPU (run_training:144)
2025-04-22 13:44:12.495 [ALFpaka] [INFO] --- training data --- (get_dataset_and_print_stats:76)
2025-04-22 13:44:12.495 [ALFpaka] [INFO] france number of files 372 (get_dataset_and_print_stats:81)
2025-04-22 13:44:12.495 [ALFpaka] [INFO] germany number of files 372 (get_dataset_and_print_stats:81)
2025-04-22 13:44:12.495 [ALFpaka] [INFO] italy number of files 372 (get_dataset_and_print_stats:81)
2025-04-22 13:44:12.497 [ALFpaka] [INFO] spain number of files 372 (get_dataset_and_print_stats:81)
2025-04-22 13:44:12.497 [ALFpaka] [INFO] --- test data --- (get_dataset_and_print_stats:76)
2025-04-22 13:44:12.497 [ALFpaka] [INFO] france number of files 120 (get_dataset_and_print_stats:81)
2025-04-22 13:44:12.497 [ALFpaka] [INFO] germany number of files 120 (get_dataset_and_print_stats:81)
2025-04-22 13:44:12.497 [ALFpaka] [INFO] italy number of files 120 (get_dataset_and_print_stats:81)
2025-04-22 13:44:12.497 [ALFpaka] [INFO] spain number of files 120 (get_dataset_and_print_stats:81)
2025-04-22 13:44:13.051 [ALFpaka] [INFO] --- training data size --- (print_feature_stats:109)
2025-04-22 13:44:13.051 [ALFpaka] [INFO] X shape --> (7316, 64, 128, 1) (print_feature_stats:111)
2025-04-22 13:44:13.052 [ALFpaka] [INFO] Y shape --> (7316, 4) (print_feature_stats:112)
2025-04-22 13:44:13.052 [ALFpaka] [INFO] number of features per frame 1 (print_feature_stats:119)
2025-04-22 13:44:13.052 [ALFpaka] [INFO] number of feature frames 7316 (print_feature_stats:120)
2025-04-22 13:44:13.064 [ALFpaka] [INFO] ---------------- CV step 1 of 1 --------------- (run_training_per_cv_step:363)
2025-04-22 13:44:13.065 [ALFpaka] [WARNING] WARNING: No validation data found! (__train_model_per_cv_step:692)
2025-04-22 13:44:13.338 [ALFpaka] [INFO] Model summary: (__trainModelInternal:135)
2025-04-22 13:44:13.338 [ALFpaka] [INFO] Model: "res_net" (print_summary:185)
2025-04-22 13:44:13.338 [ALFpaka] [INFO] __________________________________________________________________________________________________ (print_summary:186)
2025-04-22 13:44:13.338 [ALFpaka] [INFO] Layer (type)                    Output Shape         Param #     Connected to                      (print_row:183)
2025-04-22 13:44:13.338 [ALFpaka] [INFO] ================================================================================================== (print_summary:188)
2025-04-22 13:44:13.338 [ALFpaka] [INFO] input_1 (InputLayer)            [(None, 64, 128, 1)] 0                                             (print_row:183)
2025-04-22 13:44:13.338 [ALFpaka] [INFO] __________________________________________________________________________________________________ (print_summary:258)
2025-04-22 13:44:13.338 [ALFpaka] [INFO] conv2d (Conv2D)                 (None, 32, 64, 64)   1600        input_1[0][0]                     (print_row:183)
2025-04-22 13:44:13.338 [ALFpaka] [INFO] __________________________________________________________________________________________________ (print_summary:258)
2025-04-22 13:44:13.338 [ALFpaka] [INFO] batch_normalization (BatchNorma (None, 32, 64, 64)   256         conv2d[0][0]                      (print_row:183)
2025-04-22 13:44:13.338 [ALFpaka] [INFO] __________________________________________________________________________________________________ (print_summary:258)
2025-04-22 13:44:13.338 [ALFpaka] [INFO] activation (Activation)         (None, 32, 64, 64)   0           batch_normalization[0][0]         (print_row:183)
2025-04-22 13:44:13.338 [ALFpaka] [INFO] __________________________________________________________________________________________________ (print_summary:258)
2025-04-22 13:44:13.338 [ALFpaka] [INFO] batch_normalization_1 (BatchNor (None, 32, 64, 64)   256         activation[0][0]                  (print_row:183)
2025-04-22 13:44:13.338 [ALFpaka] [INFO] __________________________________________________________________________________________________ (print_summary:258)
2025-04-22 13:44:13.338 [ALFpaka] [INFO] dropout (Dropout)               (None, 32, 64, 64)   0           batch_normalization_1[0][0]       (print_row:183)
2025-04-22 13:44:13.338 [ALFpaka] [INFO] __________________________________________________________________________________________________ (print_summary:258)
2025-04-22 13:44:13.338 [ALFpaka] [INFO] conv2d_1 (Conv2D)               (None, 32, 64, 64)   36864       dropout[0][0]                     (print_row:183)
2025-04-22 13:44:13.338 [ALFpaka] [INFO] __________________________________________________________________________________________________ (print_summary:258)
2025-04-22 13:44:13.338 [ALFpaka] [INFO] activation_1 (Activation)       (None, 32, 64, 64)   0           conv2d_1[0][0]                    (print_row:183)
2025-04-22 13:44:13.338 [ALFpaka] [INFO] __________________________________________________________________________________________________ (print_summary:258)
2025-04-22 13:44:13.338 [ALFpaka] [INFO] batch_normalization_2 (BatchNor (None, 32, 64, 64)   256         activation_1[0][0]                (print_row:183)
2025-04-22 13:44:13.338 [ALFpaka] [INFO] __________________________________________________________________________________________________ (print_summary:258)
2025-04-22 13:44:13.350 [ALFpaka] [INFO] dropout_1 (Dropout)             (None, 32, 64, 64)   0           batch_normalization_2[0][0]       (print_row:183)
2025-04-22 13:44:13.350 [ALFpaka] [INFO] __________________________________________________________________________________________________ (print_summary:258)
2025-04-22 13:44:13.350 [ALFpaka] [INFO] conv2d_2 (Conv2D)               (None, 32, 64, 64)   36864       dropout_1[0][0]                   (print_row:183)
2025-04-22 13:44:13.350 [ALFpaka] [INFO] __________________________________________________________________________________________________ (print_summary:258)
2025-04-22 13:44:13.351 [ALFpaka] [INFO] add (Add)                       (None, 32, 64, 64)   0           conv2d_2[0][0]                    (print_row:183)
2025-04-22 13:44:13.351 [ALFpaka] [INFO]                                                                  batch_normalization[0][0]         (print_row:183)
2025-04-22 13:44:13.352 [ALFpaka] [INFO] __________________________________________________________________________________________________ (print_summary:258)
2025-04-22 13:44:13.352 [ALFpaka] [INFO] average_pooling2d (AveragePooli (None, 16, 32, 64)   0           add[0][0]                         (print_row:183)
2025-04-22 13:44:13.352 [ALFpaka] [INFO] __________________________________________________________________________________________________ (print_summary:258)
2025-04-22 13:44:13.352 [ALFpaka] [INFO] activation_2 (Activation)       (None, 16, 32, 64)   0           average_pooling2d[0][0]           (print_row:183)
2025-04-22 13:44:13.352 [ALFpaka] [INFO] __________________________________________________________________________________________________ (print_summary:258)
2025-04-22 13:44:13.353 [ALFpaka] [INFO] batch_normalization_3 (BatchNor (None, 16, 32, 64)   256         activation_2[0][0]                (print_row:183)
2025-04-22 13:44:13.353 [ALFpaka] [INFO] __________________________________________________________________________________________________ (print_summary:258)
2025-04-22 13:44:13.353 [ALFpaka] [INFO] dropout_2 (Dropout)             (None, 16, 32, 64)   0           batch_normalization_3[0][0]       (print_row:183)
2025-04-22 13:44:13.353 [ALFpaka] [INFO] __________________________________________________________________________________________________ (print_summary:258)
2025-04-22 13:44:13.354 [ALFpaka] [INFO] conv2d_3 (Conv2D)               (None, 16, 32, 64)   36864       dropout_2[0][0]                   (print_row:183)
2025-04-22 13:44:13.354 [ALFpaka] [INFO] __________________________________________________________________________________________________ (print_summary:258)
2025-04-22 13:44:13.354 [ALFpaka] [INFO] activation_3 (Activation)       (None, 16, 32, 64)   0           conv2d_3[0][0]                    (print_row:183)
2025-04-22 13:44:13.354 [ALFpaka] [INFO] __________________________________________________________________________________________________ (print_summary:258)
2025-04-22 13:44:13.354 [ALFpaka] [INFO] batch_normalization_4 (BatchNor (None, 16, 32, 64)   256         activation_3[0][0]                (print_row:183)
2025-04-22 13:44:13.354 [ALFpaka] [INFO] __________________________________________________________________________________________________ (print_summary:258)
2025-04-22 13:44:13.354 [ALFpaka] [INFO] dropout_3 (Dropout)             (None, 16, 32, 64)   0           batch_normalization_4[0][0]       (print_row:183)
2025-04-22 13:44:13.354 [ALFpaka] [INFO] __________________________________________________________________________________________________ (print_summary:258)
2025-04-22 13:44:13.354 [ALFpaka] [INFO] conv2d_4 (Conv2D)               (None, 16, 32, 64)   4096        dropout_3[0][0]                   (print_row:183)
2025-04-22 13:44:13.354 [ALFpaka] [INFO] __________________________________________________________________________________________________ (print_summary:258)
2025-04-22 13:44:13.354 [ALFpaka] [INFO] add_1 (Add)                     (None, 16, 32, 64)   0           conv2d_4[0][0]                    (print_row:183)
2025-04-22 13:44:13.354 [ALFpaka] [INFO]                                                                  average_pooling2d[0][0]           (print_row:183)
2025-04-22 13:44:13.354 [ALFpaka] [INFO] __________________________________________________________________________________________________ (print_summary:258)
2025-04-22 13:44:13.354 [ALFpaka] [INFO] average_pooling2d_1 (AveragePoo (None, 8, 16, 64)    0           add_1[0][0]                       (print_row:183)
2025-04-22 13:44:13.354 [ALFpaka] [INFO] __________________________________________________________________________________________________ (print_summary:258)
2025-04-22 13:44:13.354 [ALFpaka] [INFO] activation_4 (Activation)       (None, 8, 16, 64)    0           average_pooling2d_1[0][0]         (print_row:183)
2025-04-22 13:44:13.354 [ALFpaka] [INFO] __________________________________________________________________________________________________ (print_summary:258)
2025-04-22 13:44:13.354 [ALFpaka] [INFO] batch_normalization_5 (BatchNor (None, 8, 16, 64)    256         activation_4[0][0]                (print_row:183)
2025-04-22 13:44:13.354 [ALFpaka] [INFO] __________________________________________________________________________________________________ (print_summary:258)
2025-04-22 13:44:13.354 [ALFpaka] [INFO] dropout_4 (Dropout)             (None, 8, 16, 64)    0           batch_normalization_5[0][0]       (print_row:183)
2025-04-22 13:44:13.354 [ALFpaka] [INFO] __________________________________________________________________________________________________ (print_summary:258)
2025-04-22 13:44:13.359 [ALFpaka] [INFO] conv2d_5 (Conv2D)               (None, 8, 16, 64)    36864       dropout_4[0][0]                   (print_row:183)
2025-04-22 13:44:13.359 [ALFpaka] [INFO] __________________________________________________________________________________________________ (print_summary:258)
2025-04-22 13:44:13.359 [ALFpaka] [INFO] activation_5 (Activation)       (None, 8, 16, 64)    0           conv2d_5[0][0]                    (print_row:183)
2025-04-22 13:44:13.359 [ALFpaka] [INFO] __________________________________________________________________________________________________ (print_summary:258)
2025-04-22 13:44:13.360 [ALFpaka] [INFO] batch_normalization_6 (BatchNor (None, 8, 16, 64)    256         activation_5[0][0]                (print_row:183)
2025-04-22 13:44:13.360 [ALFpaka] [INFO] __________________________________________________________________________________________________ (print_summary:258)
2025-04-22 13:44:13.360 [ALFpaka] [INFO] dropout_5 (Dropout)             (None, 8, 16, 64)    0           batch_normalization_6[0][0]       (print_row:183)
2025-04-22 13:44:13.360 [ALFpaka] [INFO] __________________________________________________________________________________________________ (print_summary:258)
2025-04-22 13:44:13.360 [ALFpaka] [INFO] conv2d_6 (Conv2D)               (None, 8, 16, 64)    36864       dropout_5[0][0]                   (print_row:183)
2025-04-22 13:44:13.361 [ALFpaka] [INFO] __________________________________________________________________________________________________ (print_summary:258)
2025-04-22 13:44:13.361 [ALFpaka] [INFO] add_2 (Add)                     (None, 8, 16, 64)    0           conv2d_6[0][0]                    (print_row:183)
2025-04-22 13:44:13.361 [ALFpaka] [INFO]                                                                  average_pooling2d_1[0][0]         (print_row:183)
2025-04-22 13:44:13.361 [ALFpaka] [INFO] __________________________________________________________________________________________________ (print_summary:258)
2025-04-22 13:44:13.362 [ALFpaka] [INFO] activation_6 (Activation)       (None, 8, 16, 64)    0           add_2[0][0]                       (print_row:183)
2025-04-22 13:44:13.362 [ALFpaka] [INFO] __________________________________________________________________________________________________ (print_summary:258)
2025-04-22 13:44:13.362 [ALFpaka] [INFO] batch_normalization_7 (BatchNor (None, 8, 16, 64)    256         activation_6[0][0]                (print_row:183)
2025-04-22 13:44:13.362 [ALFpaka] [INFO] __________________________________________________________________________________________________ (print_summary:258)
2025-04-22 13:44:13.362 [ALFpaka] [INFO] dropout_6 (Dropout)             (None, 8, 16, 64)    0           batch_normalization_7[0][0]       (print_row:183)
2025-04-22 13:44:13.363 [ALFpaka] [INFO] __________________________________________________________________________________________________ (print_summary:258)
2025-04-22 13:44:13.363 [ALFpaka] [INFO] conv2d_7 (Conv2D)               (None, 8, 16, 128)   73728       dropout_6[0][0]                   (print_row:183)
2025-04-22 13:44:13.363 [ALFpaka] [INFO] __________________________________________________________________________________________________ (print_summary:258)
2025-04-22 13:44:13.363 [ALFpaka] [INFO] activation_7 (Activation)       (None, 8, 16, 128)   0           conv2d_7[0][0]                    (print_row:183)
2025-04-22 13:44:13.364 [ALFpaka] [INFO] __________________________________________________________________________________________________ (print_summary:258)
2025-04-22 13:44:13.364 [ALFpaka] [INFO] batch_normalization_8 (BatchNor (None, 8, 16, 128)   512         activation_7[0][0]                (print_row:183)
2025-04-22 13:44:13.364 [ALFpaka] [INFO] __________________________________________________________________________________________________ (print_summary:258)
2025-04-22 13:44:13.364 [ALFpaka] [INFO] dropout_7 (Dropout)             (None, 8, 16, 128)   0           batch_normalization_8[0][0]       (print_row:183)
2025-04-22 13:44:13.364 [ALFpaka] [INFO] __________________________________________________________________________________________________ (print_summary:258)
2025-04-22 13:44:13.364 [ALFpaka] [INFO] conv2d_8 (Conv2D)               (None, 8, 16, 128)   16384       dropout_7[0][0]                   (print_row:183)
2025-04-22 13:44:13.364 [ALFpaka] [INFO] __________________________________________________________________________________________________ (print_summary:258)
2025-04-22 13:44:13.364 [ALFpaka] [INFO] conv2d_9 (Conv2D)               (None, 8, 16, 128)   8192        add_2[0][0]                       (print_row:183)
2025-04-22 13:44:13.364 [ALFpaka] [INFO] __________________________________________________________________________________________________ (print_summary:258)
2025-04-22 13:44:13.367 [ALFpaka] [INFO] add_3 (Add)                     (None, 8, 16, 128)   0           conv2d_8[0][0]                    (print_row:183)
2025-04-22 13:44:13.367 [ALFpaka] [INFO]                                                                  conv2d_9[0][0]                    (print_row:183)
2025-04-22 13:44:13.367 [ALFpaka] [INFO] __________________________________________________________________________________________________ (print_summary:258)
2025-04-22 13:44:13.367 [ALFpaka] [INFO] average_pooling2d_2 (AveragePoo (None, 4, 8, 128)    0           add_3[0][0]                       (print_row:183)
2025-04-22 13:44:13.368 [ALFpaka] [INFO] __________________________________________________________________________________________________ (print_summary:258)
2025-04-22 13:44:13.368 [ALFpaka] [INFO] activation_8 (Activation)       (None, 4, 8, 128)    0           average_pooling2d_2[0][0]         (print_row:183)
2025-04-22 13:44:13.369 [ALFpaka] [INFO] __________________________________________________________________________________________________ (print_summary:258)
2025-04-22 13:44:13.369 [ALFpaka] [INFO] batch_normalization_9 (BatchNor (None, 4, 8, 128)    512         activation_8[0][0]                (print_row:183)
2025-04-22 13:44:13.369 [ALFpaka] [INFO] __________________________________________________________________________________________________ (print_summary:258)
2025-04-22 13:44:13.369 [ALFpaka] [INFO] dropout_8 (Dropout)             (None, 4, 8, 128)    0           batch_normalization_9[0][0]       (print_row:183)
2025-04-22 13:44:13.370 [ALFpaka] [INFO] __________________________________________________________________________________________________ (print_summary:258)
2025-04-22 13:44:13.370 [ALFpaka] [INFO] conv2d_10 (Conv2D)              (None, 4, 8, 256)    32768       dropout_8[0][0]                   (print_row:183)
2025-04-22 13:44:13.370 [ALFpaka] [INFO] __________________________________________________________________________________________________ (print_summary:258)
2025-04-22 13:44:13.371 [ALFpaka] [INFO] activation_9 (Activation)       (None, 4, 8, 256)    0           conv2d_10[0][0]                   (print_row:183)
2025-04-22 13:44:13.371 [ALFpaka] [INFO] __________________________________________________________________________________________________ (print_summary:258)
2025-04-22 13:44:13.372 [ALFpaka] [INFO] batch_normalization_10 (BatchNo (None, 4, 8, 256)    1024        activation_9[0][0]                (print_row:183)
2025-04-22 13:44:13.372 [ALFpaka] [INFO] __________________________________________________________________________________________________ (print_summary:258)
2025-04-22 13:44:13.372 [ALFpaka] [INFO] dropout_9 (Dropout)             (None, 4, 8, 256)    0           batch_normalization_10[0][0]      (print_row:183)
2025-04-22 13:44:13.372 [ALFpaka] [INFO] __________________________________________________________________________________________________ (print_summary:258)
2025-04-22 13:44:13.372 [ALFpaka] [INFO] conv2d_11 (Conv2D)              (None, 4, 8, 256)    65536       dropout_9[0][0]                   (print_row:183)
2025-04-22 13:44:13.372 [ALFpaka] [INFO] __________________________________________________________________________________________________ (print_summary:258)
2025-04-22 13:44:13.373 [ALFpaka] [INFO] conv2d_12 (Conv2D)              (None, 4, 8, 256)    32768       average_pooling2d_2[0][0]         (print_row:183)
2025-04-22 13:44:13.373 [ALFpaka] [INFO] __________________________________________________________________________________________________ (print_summary:258)
2025-04-22 13:44:13.373 [ALFpaka] [INFO] add_4 (Add)                     (None, 4, 8, 256)    0           conv2d_11[0][0]                   (print_row:183)
2025-04-22 13:44:13.373 [ALFpaka] [INFO]                                                                  conv2d_12[0][0]                   (print_row:183)
2025-04-22 13:44:13.373 [ALFpaka] [INFO] __________________________________________________________________________________________________ (print_summary:258)
2025-04-22 13:44:13.373 [ALFpaka] [INFO] global_average_pooling2d (Globa (None, 256)          0           add_4[0][0]                       (print_row:183)
2025-04-22 13:44:13.373 [ALFpaka] [INFO] __________________________________________________________________________________________________ (print_summary:258)
2025-04-22 13:44:13.373 [ALFpaka] [INFO] dense (Dense)                   (None, 4)            1028        global_average_pooling2d[0][0]    (print_row:183)
2025-04-22 13:44:13.373 [ALFpaka] [INFO] ================================================================================================== (print_summary:256)
2025-04-22 13:44:13.373 [ALFpaka] [INFO] Total params: 424,516 (print_summary:267)
2025-04-22 13:44:13.373 [ALFpaka] [INFO] Trainable params: 422,468 (print_summary:268)
2025-04-22 13:44:13.373 [ALFpaka] [INFO] Non-trainable params: 2,048 (print_summary:269)
2025-04-22 13:44:13.373 [ALFpaka] [INFO] __________________________________________________________________________________________________ (print_summary:270)
2025-04-22 13:44:13.380 [ALFpaka] [WARNING] No validation data set! (__trainModelInternal:188)
2025-04-23 05:33:52.382 [ALFpaka] [INFO] Elapsed training time for cv_step ==> 15:49:39 (print_training_time:334)
2025-04-23 05:33:52.382 [ALFpaka] [INFO] --- test data size --- (print_feature_stats:109)
2025-04-23 05:33:52.382 [ALFpaka] [INFO] X shape --> (8592, 64, 128, 1) (print_feature_stats:111)
2025-04-23 05:33:52.382 [ALFpaka] [INFO] Y shape --> (8592, 4) (print_feature_stats:112)
2025-04-23 05:33:52.382 [ALFpaka] [INFO] number of features per frame 1 (print_feature_stats:119)
2025-04-23 05:33:52.382 [ALFpaka] [INFO] number of feature frames 8592 (print_feature_stats:120)
2025-04-23 05:34:43.490 [ALFpaka] [INFO] --- Evaluation results framewise_cv_step_1 --- (evaluate_results_with_conf_matrix_and_acc:498)
2025-04-23 05:34:43.490 [ALFpaka] [INFO] framewise_cv_step_1 accuracy (unweighted): 0.6433891992551211 (evaluate_results_with_conf_matrix_and_acc:500)
2025-04-23 05:34:43.493 [ALFpaka] [INFO] 
framewise_cv_step_1 confusion Matrix in %: 
[[ 45.69  2.91  0.97  50.44]
 [ 2.40  61.13  7.30  29.17]
 [ 1.60  8.27  55.24  34.90]
 [ 1.61  0.29  0.83  97.26]] (log_confusion_matrix:521)
2025-04-23 05:34:43.493 [ALFpaka] [INFO] framewise_cv_step_1 mean class accuracy: 64.83 % (log_confusion_matrix:522)
2025-04-23 05:34:43.542 [ALFpaka] [INFO] --- Evaluation results filewise_cv_step_1 --- (evaluate_results_with_conf_matrix_and_acc:498)
2025-04-23 05:34:43.542 [ALFpaka] [INFO] filewise_cv_step_1 accuracy (unweighted): 0.7020833333333333 (evaluate_results_with_conf_matrix_and_acc:500)
2025-04-23 05:34:43.544 [ALFpaka] [INFO] 
filewise_cv_step_1 confusion Matrix in %: 
[[ 50.00  0.83  0.83  48.33]
 [ 2.50  80.83  0.83  15.83]
 [ 0.00  7.50  50.83  41.67]
 [ 0.83  0.00  0.00  99.17]] (log_confusion_matrix:521)
2025-04-23 05:34:43.544 [ALFpaka] [INFO] filewise_cv_step_1 mean class accuracy: 70.21 % (log_confusion_matrix:522)
2025-04-23 05:34:43.562 [ALFpaka] [INFO] 
--- Final results after 1 iterations ---
Frame acc mean:       0.643389199255
Frame acc stdev:      0.000000000000
File acc mean:        0.702083333333
File acc stdev:       0.000000000000
Highest file acc:     0.702083333333 (seed = 1)
Lowest file acc:      0.702083333333 (seed = 1)
 (print_results:200)
2025-04-23 05:34:43.567 [ALFpaka] [INFO] Mean Confusion Matrix (framewise): 
[[ 45.69  2.91  0.97  50.44]
 [ 2.40  61.13  7.30  29.17]
 [ 1.60  8.27  55.24  34.90]
 [ 1.61  0.29  0.83  97.26]] (log_final_confusion_matrices:237)
2025-04-23 05:34:43.568 [ALFpaka] [INFO] Mean Confusion Matrix (filewise): 
[[ 50.00  0.83  0.83  48.33]
 [ 2.50  80.83  0.83  15.83]
 [ 0.00  7.50  50.83  41.67]
 [ 0.83  0.00  0.00  99.17]] (log_final_confusion_matrices:242)
2025-04-23 05:34:43.591 [ALFpaka] [INFO] Elapsed training time for whole training ==> 15:53:51 (print_training_time:334)
2025-04-23 05:34:43.609 [ALFpaka] [INFO] Plotting Confusion Matrices ...  (plot_confusion_matrices:476)
2025-04-23 05:34:45.512 [ALFpaka] [INFO] Plotting Confusion Matrices ...  (plot_confusion_matrices:476)
2025-04-23 05:34:52.754 [ALFpaka] [WARNING] No GIT in PATH variables ([WinError 267] The directory name is invalid) (get_git_version:24)
2025-04-23 05:34:52.766 [ALFpaka] [INFO] ... FINISH TRAINING ... (__training_session:96)
2025-04-23 05:34:52.766 [ALFpaka] [INFO] Closing session ...  (__training_session:105)
