2025-04-18 16:10:49.958 [ALFpaka] [INFO] ... START TRAINING ... (__training_session:88)
2025-04-18 16:10:49.960 [ALFpaka] [INFO] Start-Time: 1744985449.960982 (run_training:126)
2025-04-18 16:10:49.961 [ALFpaka] [INFO] france-ambulance with id 0 (print_class_to_id:153)
2025-04-18 16:10:49.961 [ALFpaka] [INFO] france-firefighter with id 1 (print_class_to_id:153)
2025-04-18 16:10:49.961 [ALFpaka] [INFO] france-police with id 2 (print_class_to_id:153)
2025-04-18 16:10:49.965 [ALFpaka] [INFO] ------ Extracting features ------ (extractAllFeatures:34)
2025-04-18 16:10:50.936 [ALFpaka] [INFO] Extracting features for class france-ambulance with id 0 (extractAndAddFeaturesToDataset:69)
2025-04-18 16:11:22.797 [ALFpaka] [INFO] Extracting features for class france-firefighter with id 1 (extractAndAddFeaturesToDataset:69)
2025-04-18 16:11:52.873 [ALFpaka] [INFO] Extracting features for class france-police with id 2 (extractAndAddFeaturesToDataset:69)
2025-04-18 16:12:23.129 [ALFpaka] [INFO] Extracting features for class france-ambulance with id 0 (extractAndAddFeaturesToDataset:69)
2025-04-18 16:12:53.859 [ALFpaka] [INFO] Extracting features for class france-firefighter with id 1 (extractAndAddFeaturesToDataset:69)
2025-04-18 16:13:22.236 [ALFpaka] [INFO] Extracting features for class france-police with id 2 (extractAndAddFeaturesToDataset:69)
2025-04-18 16:13:53.130 [ALFpaka] [INFO] Training using one GPU (run_training:144)
2025-04-18 16:13:53.131 [ALFpaka] [INFO] --- training data --- (get_dataset_and_print_stats:76)
2025-04-18 16:13:53.132 [ALFpaka] [INFO] france-ambulance number of files 124 (get_dataset_and_print_stats:81)
2025-04-18 16:13:53.132 [ALFpaka] [INFO] france-firefighter number of files 124 (get_dataset_and_print_stats:81)
2025-04-18 16:13:53.133 [ALFpaka] [INFO] france-police number of files 124 (get_dataset_and_print_stats:81)
2025-04-18 16:13:53.133 [ALFpaka] [INFO] --- test data --- (get_dataset_and_print_stats:76)
2025-04-18 16:13:53.134 [ALFpaka] [INFO] france-ambulance number of files 40 (get_dataset_and_print_stats:81)
2025-04-18 16:13:53.134 [ALFpaka] [INFO] france-firefighter number of files 40 (get_dataset_and_print_stats:81)
2025-04-18 16:13:53.135 [ALFpaka] [INFO] france-police number of files 40 (get_dataset_and_print_stats:81)
2025-04-18 16:13:53.194 [ALFpaka] [INFO] Up-Sampling: class france-ambulance by factor 1 (up_sampling_features_one_hot:597)
2025-04-18 16:13:53.196 [ALFpaka] [INFO] Up-Sampling: class france-firefighter by factor 1 (up_sampling_features_one_hot:597)
2025-04-18 16:13:53.198 [ALFpaka] [INFO] Up-Sampling: class france-police by factor 1 (up_sampling_features_one_hot:597)
2025-04-18 16:13:53.504 [ALFpaka] [INFO] --- training data size --- (print_feature_stats:109)
2025-04-18 16:13:53.505 [ALFpaka] [INFO] X shape --> (1860, 64, 128, 1) (print_feature_stats:111)
2025-04-18 16:13:53.505 [ALFpaka] [INFO] Y shape --> (1860, 3) (print_feature_stats:112)
2025-04-18 16:13:53.505 [ALFpaka] [INFO] number of features per frame 1 (print_feature_stats:119)
2025-04-18 16:13:53.506 [ALFpaka] [INFO] number of feature frames 1860 (print_feature_stats:120)
2025-04-18 16:13:53.512 [ALFpaka] [INFO] ---------------- CV step 1 of 1 --------------- (run_training_per_cv_step:363)
2025-04-18 16:13:53.513 [ALFpaka] [WARNING] WARNING: No validation data found! (__train_model_per_cv_step:692)
2025-04-18 16:13:54.203 [ALFpaka] [INFO] Model summary: (__trainModelInternal:135)
2025-04-18 16:13:54.204 [ALFpaka] [INFO] Model: "res_net" (print_summary:185)
2025-04-18 16:13:54.204 [ALFpaka] [INFO] __________________________________________________________________________________________________ (print_summary:186)
2025-04-18 16:13:54.205 [ALFpaka] [INFO] Layer (type)                    Output Shape         Param #     Connected to                      (print_row:183)
2025-04-18 16:13:54.205 [ALFpaka] [INFO] ================================================================================================== (print_summary:188)
2025-04-18 16:13:54.206 [ALFpaka] [INFO] input_1 (InputLayer)            [(None, 64, 128, 1)] 0                                             (print_row:183)
2025-04-18 16:13:54.207 [ALFpaka] [INFO] __________________________________________________________________________________________________ (print_summary:258)
2025-04-18 16:13:54.207 [ALFpaka] [INFO] conv2d (Conv2D)                 (None, 32, 64, 64)   1600        input_1[0][0]                     (print_row:183)
2025-04-18 16:13:54.208 [ALFpaka] [INFO] __________________________________________________________________________________________________ (print_summary:258)
2025-04-18 16:13:54.209 [ALFpaka] [INFO] batch_normalization (BatchNorma (None, 32, 64, 64)   256         conv2d[0][0]                      (print_row:183)
2025-04-18 16:13:54.209 [ALFpaka] [INFO] __________________________________________________________________________________________________ (print_summary:258)
2025-04-18 16:13:54.210 [ALFpaka] [INFO] activation (Activation)         (None, 32, 64, 64)   0           batch_normalization[0][0]         (print_row:183)
2025-04-18 16:13:54.211 [ALFpaka] [INFO] __________________________________________________________________________________________________ (print_summary:258)
2025-04-18 16:13:54.211 [ALFpaka] [INFO] batch_normalization_1 (BatchNor (None, 32, 64, 64)   256         activation[0][0]                  (print_row:183)
2025-04-18 16:13:54.212 [ALFpaka] [INFO] __________________________________________________________________________________________________ (print_summary:258)
2025-04-18 16:13:54.213 [ALFpaka] [INFO] dropout (Dropout)               (None, 32, 64, 64)   0           batch_normalization_1[0][0]       (print_row:183)
2025-04-18 16:13:54.213 [ALFpaka] [INFO] __________________________________________________________________________________________________ (print_summary:258)
2025-04-18 16:13:54.213 [ALFpaka] [INFO] conv2d_1 (Conv2D)               (None, 32, 64, 64)   36864       dropout[0][0]                     (print_row:183)
2025-04-18 16:13:54.214 [ALFpaka] [INFO] __________________________________________________________________________________________________ (print_summary:258)
2025-04-18 16:13:54.214 [ALFpaka] [INFO] activation_1 (Activation)       (None, 32, 64, 64)   0           conv2d_1[0][0]                    (print_row:183)
2025-04-18 16:13:54.216 [ALFpaka] [INFO] __________________________________________________________________________________________________ (print_summary:258)
2025-04-18 16:13:54.216 [ALFpaka] [INFO] batch_normalization_2 (BatchNor (None, 32, 64, 64)   256         activation_1[0][0]                (print_row:183)
2025-04-18 16:13:54.217 [ALFpaka] [INFO] __________________________________________________________________________________________________ (print_summary:258)
2025-04-18 16:13:54.217 [ALFpaka] [INFO] dropout_1 (Dropout)             (None, 32, 64, 64)   0           batch_normalization_2[0][0]       (print_row:183)
2025-04-18 16:13:54.217 [ALFpaka] [INFO] __________________________________________________________________________________________________ (print_summary:258)
2025-04-18 16:13:54.218 [ALFpaka] [INFO] conv2d_2 (Conv2D)               (None, 32, 64, 64)   36864       dropout_1[0][0]                   (print_row:183)
2025-04-18 16:13:54.218 [ALFpaka] [INFO] __________________________________________________________________________________________________ (print_summary:258)
2025-04-18 16:13:54.218 [ALFpaka] [INFO] add (Add)                       (None, 32, 64, 64)   0           conv2d_2[0][0]                    (print_row:183)
2025-04-18 16:13:54.220 [ALFpaka] [INFO]                                                                  batch_normalization[0][0]         (print_row:183)
2025-04-18 16:13:54.220 [ALFpaka] [INFO] __________________________________________________________________________________________________ (print_summary:258)
2025-04-18 16:13:54.221 [ALFpaka] [INFO] average_pooling2d (AveragePooli (None, 16, 32, 64)   0           add[0][0]                         (print_row:183)
2025-04-18 16:13:54.221 [ALFpaka] [INFO] __________________________________________________________________________________________________ (print_summary:258)
2025-04-18 16:13:54.222 [ALFpaka] [INFO] activation_2 (Activation)       (None, 16, 32, 64)   0           average_pooling2d[0][0]           (print_row:183)
2025-04-18 16:13:54.222 [ALFpaka] [INFO] __________________________________________________________________________________________________ (print_summary:258)
2025-04-18 16:13:54.223 [ALFpaka] [INFO] batch_normalization_3 (BatchNor (None, 16, 32, 64)   256         activation_2[0][0]                (print_row:183)
2025-04-18 16:13:54.223 [ALFpaka] [INFO] __________________________________________________________________________________________________ (print_summary:258)
2025-04-18 16:13:54.224 [ALFpaka] [INFO] dropout_2 (Dropout)             (None, 16, 32, 64)   0           batch_normalization_3[0][0]       (print_row:183)
2025-04-18 16:13:54.224 [ALFpaka] [INFO] __________________________________________________________________________________________________ (print_summary:258)
2025-04-18 16:13:54.225 [ALFpaka] [INFO] conv2d_3 (Conv2D)               (None, 16, 32, 64)   36864       dropout_2[0][0]                   (print_row:183)
2025-04-18 16:13:54.225 [ALFpaka] [INFO] __________________________________________________________________________________________________ (print_summary:258)
2025-04-18 16:13:54.227 [ALFpaka] [INFO] activation_3 (Activation)       (None, 16, 32, 64)   0           conv2d_3[0][0]                    (print_row:183)
2025-04-18 16:13:54.227 [ALFpaka] [INFO] __________________________________________________________________________________________________ (print_summary:258)
2025-04-18 16:13:54.228 [ALFpaka] [INFO] batch_normalization_4 (BatchNor (None, 16, 32, 64)   256         activation_3[0][0]                (print_row:183)
2025-04-18 16:13:54.228 [ALFpaka] [INFO] __________________________________________________________________________________________________ (print_summary:258)
2025-04-18 16:13:54.229 [ALFpaka] [INFO] dropout_3 (Dropout)             (None, 16, 32, 64)   0           batch_normalization_4[0][0]       (print_row:183)
2025-04-18 16:13:54.229 [ALFpaka] [INFO] __________________________________________________________________________________________________ (print_summary:258)
2025-04-18 16:13:54.230 [ALFpaka] [INFO] conv2d_4 (Conv2D)               (None, 16, 32, 64)   4096        dropout_3[0][0]                   (print_row:183)
2025-04-18 16:13:54.231 [ALFpaka] [INFO] __________________________________________________________________________________________________ (print_summary:258)
2025-04-18 16:13:54.231 [ALFpaka] [INFO] add_1 (Add)                     (None, 16, 32, 64)   0           conv2d_4[0][0]                    (print_row:183)
2025-04-18 16:13:54.233 [ALFpaka] [INFO]                                                                  average_pooling2d[0][0]           (print_row:183)
2025-04-18 16:13:54.233 [ALFpaka] [INFO] __________________________________________________________________________________________________ (print_summary:258)
2025-04-18 16:13:54.234 [ALFpaka] [INFO] average_pooling2d_1 (AveragePoo (None, 8, 16, 64)    0           add_1[0][0]                       (print_row:183)
2025-04-18 16:13:54.234 [ALFpaka] [INFO] __________________________________________________________________________________________________ (print_summary:258)
2025-04-18 16:13:54.235 [ALFpaka] [INFO] activation_4 (Activation)       (None, 8, 16, 64)    0           average_pooling2d_1[0][0]         (print_row:183)
2025-04-18 16:13:54.235 [ALFpaka] [INFO] __________________________________________________________________________________________________ (print_summary:258)
2025-04-18 16:13:54.236 [ALFpaka] [INFO] batch_normalization_5 (BatchNor (None, 8, 16, 64)    256         activation_4[0][0]                (print_row:183)
2025-04-18 16:13:54.236 [ALFpaka] [INFO] __________________________________________________________________________________________________ (print_summary:258)
2025-04-18 16:13:54.237 [ALFpaka] [INFO] dropout_4 (Dropout)             (None, 8, 16, 64)    0           batch_normalization_5[0][0]       (print_row:183)
2025-04-18 16:13:54.237 [ALFpaka] [INFO] __________________________________________________________________________________________________ (print_summary:258)
2025-04-18 16:13:54.238 [ALFpaka] [INFO] conv2d_5 (Conv2D)               (None, 8, 16, 64)    36864       dropout_4[0][0]                   (print_row:183)
2025-04-18 16:13:54.238 [ALFpaka] [INFO] __________________________________________________________________________________________________ (print_summary:258)
2025-04-18 16:13:54.240 [ALFpaka] [INFO] activation_5 (Activation)       (None, 8, 16, 64)    0           conv2d_5[0][0]                    (print_row:183)
2025-04-18 16:13:54.240 [ALFpaka] [INFO] __________________________________________________________________________________________________ (print_summary:258)
2025-04-18 16:13:54.241 [ALFpaka] [INFO] batch_normalization_6 (BatchNor (None, 8, 16, 64)    256         activation_5[0][0]                (print_row:183)
2025-04-18 16:13:54.241 [ALFpaka] [INFO] __________________________________________________________________________________________________ (print_summary:258)
2025-04-18 16:13:54.242 [ALFpaka] [INFO] dropout_5 (Dropout)             (None, 8, 16, 64)    0           batch_normalization_6[0][0]       (print_row:183)
2025-04-18 16:13:54.242 [ALFpaka] [INFO] __________________________________________________________________________________________________ (print_summary:258)
2025-04-18 16:13:54.243 [ALFpaka] [INFO] conv2d_6 (Conv2D)               (None, 8, 16, 64)    36864       dropout_5[0][0]                   (print_row:183)
2025-04-18 16:13:54.243 [ALFpaka] [INFO] __________________________________________________________________________________________________ (print_summary:258)
2025-04-18 16:13:54.245 [ALFpaka] [INFO] add_2 (Add)                     (None, 8, 16, 64)    0           conv2d_6[0][0]                    (print_row:183)
2025-04-18 16:13:54.245 [ALFpaka] [INFO]                                                                  average_pooling2d_1[0][0]         (print_row:183)
2025-04-18 16:13:54.245 [ALFpaka] [INFO] __________________________________________________________________________________________________ (print_summary:258)
2025-04-18 16:13:54.246 [ALFpaka] [INFO] activation_6 (Activation)       (None, 8, 16, 64)    0           add_2[0][0]                       (print_row:183)
2025-04-18 16:13:54.246 [ALFpaka] [INFO] __________________________________________________________________________________________________ (print_summary:258)
2025-04-18 16:13:54.248 [ALFpaka] [INFO] batch_normalization_7 (BatchNor (None, 8, 16, 64)    256         activation_6[0][0]                (print_row:183)
2025-04-18 16:13:54.248 [ALFpaka] [INFO] __________________________________________________________________________________________________ (print_summary:258)
2025-04-18 16:13:54.249 [ALFpaka] [INFO] dropout_6 (Dropout)             (None, 8, 16, 64)    0           batch_normalization_7[0][0]       (print_row:183)
2025-04-18 16:13:54.249 [ALFpaka] [INFO] __________________________________________________________________________________________________ (print_summary:258)
2025-04-18 16:13:54.250 [ALFpaka] [INFO] conv2d_7 (Conv2D)               (None, 8, 16, 128)   73728       dropout_6[0][0]                   (print_row:183)
2025-04-18 16:13:54.250 [ALFpaka] [INFO] __________________________________________________________________________________________________ (print_summary:258)
2025-04-18 16:13:54.251 [ALFpaka] [INFO] activation_7 (Activation)       (None, 8, 16, 128)   0           conv2d_7[0][0]                    (print_row:183)
2025-04-18 16:13:54.251 [ALFpaka] [INFO] __________________________________________________________________________________________________ (print_summary:258)
2025-04-18 16:13:54.252 [ALFpaka] [INFO] batch_normalization_8 (BatchNor (None, 8, 16, 128)   512         activation_7[0][0]                (print_row:183)
2025-04-18 16:13:54.252 [ALFpaka] [INFO] __________________________________________________________________________________________________ (print_summary:258)
2025-04-18 16:13:54.253 [ALFpaka] [INFO] dropout_7 (Dropout)             (None, 8, 16, 128)   0           batch_normalization_8[0][0]       (print_row:183)
2025-04-18 16:13:54.253 [ALFpaka] [INFO] __________________________________________________________________________________________________ (print_summary:258)
2025-04-18 16:13:54.255 [ALFpaka] [INFO] conv2d_8 (Conv2D)               (None, 8, 16, 128)   16384       dropout_7[0][0]                   (print_row:183)
2025-04-18 16:13:54.255 [ALFpaka] [INFO] __________________________________________________________________________________________________ (print_summary:258)
2025-04-18 16:13:54.255 [ALFpaka] [INFO] conv2d_9 (Conv2D)               (None, 8, 16, 128)   8192        add_2[0][0]                       (print_row:183)
2025-04-18 16:13:54.257 [ALFpaka] [INFO] __________________________________________________________________________________________________ (print_summary:258)
2025-04-18 16:13:54.257 [ALFpaka] [INFO] add_3 (Add)                     (None, 8, 16, 128)   0           conv2d_8[0][0]                    (print_row:183)
2025-04-18 16:13:54.258 [ALFpaka] [INFO]                                                                  conv2d_9[0][0]                    (print_row:183)
2025-04-18 16:13:54.258 [ALFpaka] [INFO] __________________________________________________________________________________________________ (print_summary:258)
2025-04-18 16:13:54.259 [ALFpaka] [INFO] average_pooling2d_2 (AveragePoo (None, 4, 8, 128)    0           add_3[0][0]                       (print_row:183)
2025-04-18 16:13:54.259 [ALFpaka] [INFO] __________________________________________________________________________________________________ (print_summary:258)
2025-04-18 16:13:54.260 [ALFpaka] [INFO] activation_8 (Activation)       (None, 4, 8, 128)    0           average_pooling2d_2[0][0]         (print_row:183)
2025-04-18 16:13:54.260 [ALFpaka] [INFO] __________________________________________________________________________________________________ (print_summary:258)
2025-04-18 16:13:54.261 [ALFpaka] [INFO] batch_normalization_9 (BatchNor (None, 4, 8, 128)    512         activation_8[0][0]                (print_row:183)
2025-04-18 16:13:54.261 [ALFpaka] [INFO] __________________________________________________________________________________________________ (print_summary:258)
2025-04-18 16:13:54.262 [ALFpaka] [INFO] dropout_8 (Dropout)             (None, 4, 8, 128)    0           batch_normalization_9[0][0]       (print_row:183)
2025-04-18 16:13:54.262 [ALFpaka] [INFO] __________________________________________________________________________________________________ (print_summary:258)
2025-04-18 16:13:54.263 [ALFpaka] [INFO] conv2d_10 (Conv2D)              (None, 4, 8, 256)    32768       dropout_8[0][0]                   (print_row:183)
2025-04-18 16:13:54.263 [ALFpaka] [INFO] __________________________________________________________________________________________________ (print_summary:258)
2025-04-18 16:13:54.265 [ALFpaka] [INFO] activation_9 (Activation)       (None, 4, 8, 256)    0           conv2d_10[0][0]                   (print_row:183)
2025-04-18 16:13:54.265 [ALFpaka] [INFO] __________________________________________________________________________________________________ (print_summary:258)
2025-04-18 16:13:54.265 [ALFpaka] [INFO] batch_normalization_10 (BatchNo (None, 4, 8, 256)    1024        activation_9[0][0]                (print_row:183)
2025-04-18 16:13:54.266 [ALFpaka] [INFO] __________________________________________________________________________________________________ (print_summary:258)
2025-04-18 16:13:54.266 [ALFpaka] [INFO] dropout_9 (Dropout)             (None, 4, 8, 256)    0           batch_normalization_10[0][0]      (print_row:183)
2025-04-18 16:13:54.266 [ALFpaka] [INFO] __________________________________________________________________________________________________ (print_summary:258)
2025-04-18 16:13:54.268 [ALFpaka] [INFO] conv2d_11 (Conv2D)              (None, 4, 8, 256)    65536       dropout_9[0][0]                   (print_row:183)
2025-04-18 16:13:54.268 [ALFpaka] [INFO] __________________________________________________________________________________________________ (print_summary:258)
2025-04-18 16:13:54.269 [ALFpaka] [INFO] conv2d_12 (Conv2D)              (None, 4, 8, 256)    32768       average_pooling2d_2[0][0]         (print_row:183)
2025-04-18 16:13:54.269 [ALFpaka] [INFO] __________________________________________________________________________________________________ (print_summary:258)
2025-04-18 16:13:54.270 [ALFpaka] [INFO] add_4 (Add)                     (None, 4, 8, 256)    0           conv2d_11[0][0]                   (print_row:183)
2025-04-18 16:13:54.270 [ALFpaka] [INFO]                                                                  conv2d_12[0][0]                   (print_row:183)
2025-04-18 16:13:54.271 [ALFpaka] [INFO] __________________________________________________________________________________________________ (print_summary:258)
2025-04-18 16:13:54.271 [ALFpaka] [INFO] global_average_pooling2d (Globa (None, 256)          0           add_4[0][0]                       (print_row:183)
2025-04-18 16:13:54.272 [ALFpaka] [INFO] __________________________________________________________________________________________________ (print_summary:258)
2025-04-18 16:13:54.272 [ALFpaka] [INFO] dense (Dense)                   (None, 3)            771         global_average_pooling2d[0][0]    (print_row:183)
2025-04-18 16:13:54.273 [ALFpaka] [INFO] ================================================================================================== (print_summary:256)
2025-04-18 16:13:54.276 [ALFpaka] [INFO] Total params: 424,259 (print_summary:267)
2025-04-18 16:13:54.276 [ALFpaka] [INFO] Trainable params: 422,211 (print_summary:268)
2025-04-18 16:13:54.277 [ALFpaka] [INFO] Non-trainable params: 2,048 (print_summary:269)
2025-04-18 16:13:54.277 [ALFpaka] [INFO] __________________________________________________________________________________________________ (print_summary:270)
2025-04-18 16:13:54.282 [ALFpaka] [WARNING] No validation data set! (__trainModelInternal:188)
2025-04-18 21:03:19.257 [ALFpaka] [CRITICAL] Training aborted ...  (_logging_error:52)
Traceback (most recent call last):
  File "C:\Users\ju31\OneDrive - Technische Universität Ilmenau\TU Ilmenau\WiSe2023-24\Forschungsprojekt\Projekt\FP-Sirens\ResNet_model\alf\ALFpaka\start_training_session.py", line 93, in __training_session
    training_object.run_training()
  File "C:\Users\ju31\OneDrive - Technische Universität Ilmenau\TU Ilmenau\WiSe2023-24\Forschungsprojekt\Projekt\FP-Sirens\ResNet_model\alf\ALFpaka\core\training.py", line 147, in run_training
    training_per_cv_step.run_training_per_cv_step(cvStep=int(cvStep))
  File "C:\Users\ju31\OneDrive - Technische Universität Ilmenau\TU Ilmenau\WiSe2023-24\Forschungsprojekt\Projekt\FP-Sirens\ResNet_model\alf\ALFpaka\core\training.py", line 366, in run_training_per_cv_step
    self.__train_model_per_cv_step(cvStep)
  File "C:\Users\ju31\OneDrive - Technische Universität Ilmenau\TU Ilmenau\WiSe2023-24\Forschungsprojekt\Projekt\FP-Sirens\ResNet_model\alf\ALFpaka\core\training.py", line 693, in __train_model_per_cv_step
    self.__training_data_model.cv_step_data_model.modelTrain.trainModel(
  File "C:\Users\ju31\OneDrive - Technische Universität Ilmenau\TU Ilmenau\WiSe2023-24\Forschungsprojekt\Projekt\FP-Sirens\ResNet_model\alf\ALFpaka\core\train_keras_model.py", line 66, in trainModel
    return self.__trainModelInternal(featMat, idMat, None, None, trainingParams, cvStep)
  File "C:\Users\ju31\OneDrive - Technische Universität Ilmenau\TU Ilmenau\WiSe2023-24\Forschungsprojekt\Projekt\FP-Sirens\ResNet_model\alf\ALFpaka\core\train_keras_model.py", line 203, in __trainModelInternal
    plot_history(metric_history, val_history, metric, trainingParams.dir_save, cvStep)
  File "C:\Users\ju31\OneDrive - Technische Universität Ilmenau\TU Ilmenau\WiSe2023-24\Forschungsprojekt\Projekt\FP-Sirens\ResNet_model\alf\ALFpaka\core\visualization_functions.py", line 160, in plot_history
  File "<__array_function__ internals>", line 4, in save
TypeError: _save_dispatcher() got an unexpected keyword argument 'dpi'
2025-04-18 21:03:19.292 [ALFpaka] [INFO] Closing session ...  (__training_session:105)
