2024-07-17 15:30:01.381 [ALFpaka] [WARNING] global batch_size ignored when batch_size is set in generator (read_training_config:269)
2024-07-17 15:30:02.380 [ALFpaka] [WARNING] Log_spec ignored when pcen is set (librosa_extract_methods:84)
2024-07-17 15:30:02.380 [ALFpaka] [WARNING] Log_spec ignored when pcen is set (librosa_extract_methods:84)
2024-07-17 15:30:02.381 [ALFpaka] [WARNING] Log_spec ignored when pcen is set (librosa_extract_methods:84)
2024-07-17 15:30:02.382 [ALFpaka] [WARNING] Log_spec ignored when pcen is set (librosa_extract_methods:84)
2024-07-17 15:30:02.382 [ALFpaka] [WARNING] Log_spec ignored when pcen is set (librosa_extract_methods:84)
2024-07-17 15:30:02.383 [ALFpaka] [WARNING] Log_spec ignored when pcen is set (librosa_extract_methods:84)
2024-07-17 15:30:02.383 [ALFpaka] [WARNING] Log_spec ignored when pcen is set (librosa_extract_methods:84)
2024-07-17 15:30:02.384 [ALFpaka] [WARNING] Log_spec ignored when pcen is set (librosa_extract_methods:84)
2024-07-17 15:30:02.384 [ALFpaka] [WARNING] Log_spec ignored when pcen is set (librosa_extract_methods:84)
2024-07-17 15:30:02.384 [ALFpaka] [WARNING] Log_spec ignored when pcen is set (librosa_extract_methods:84)
2024-07-17 15:30:02.384 [ALFpaka] [WARNING] Log_spec ignored when pcen is set (librosa_extract_methods:84)
2024-07-17 15:30:02.385 [ALFpaka] [WARNING] Log_spec ignored when pcen is set (librosa_extract_methods:84)
2024-07-17 15:30:02.385 [ALFpaka] [WARNING] Log_spec ignored when pcen is set (librosa_extract_methods:84)
2024-07-17 15:30:02.385 [ALFpaka] [WARNING] Log_spec ignored when pcen is set (librosa_extract_methods:84)
2024-07-17 15:30:02.386 [ALFpaka] [WARNING] Log_spec ignored when pcen is set (librosa_extract_methods:84)
2024-07-17 15:30:02.386 [ALFpaka] [WARNING] Log_spec ignored when pcen is set (librosa_extract_methods:84)
2024-07-17 15:30:02.387 [ALFpaka] [WARNING] Log_spec ignored when pcen is set (librosa_extract_methods:84)
2024-07-17 15:30:02.386 [ALFpaka] [WARNING] Log_spec ignored when pcen is set (librosa_extract_methods:84)
2024-07-17 15:30:02.387 [ALFpaka] [WARNING] Log_spec ignored when pcen is set (librosa_extract_methods:84)
2024-07-17 15:30:02.388 [ALFpaka] [WARNING] Log_spec ignored when pcen is set (librosa_extract_methods:84)
2024-07-17 15:30:02.389 [ALFpaka] [WARNING] Log_spec ignored when pcen is set (librosa_extract_methods:84)
2024-07-17 15:30:02.389 [ALFpaka] [WARNING] Log_spec ignored when pcen is set (librosa_extract_methods:84)
2024-07-17 15:30:02.390 [ALFpaka] [WARNING] Log_spec ignored when pcen is set (librosa_extract_methods:84)
2024-07-17 15:30:02.390 [ALFpaka] [WARNING] Log_spec ignored when pcen is set (librosa_extract_methods:84)
2024-07-17 15:30:02.391 [ALFpaka] [WARNING] Log_spec ignored when pcen is set (librosa_extract_methods:84)
2024-07-17 15:30:02.391 [ALFpaka] [WARNING] Log_spec ignored when pcen is set (librosa_extract_methods:84)
2024-07-17 15:30:02.392 [ALFpaka] [WARNING] Log_spec ignored when pcen is set (librosa_extract_methods:84)
2024-07-17 15:30:02.393 [ALFpaka] [WARNING] Log_spec ignored when pcen is set (librosa_extract_methods:84)
2024-07-17 15:30:02.389 [ALFpaka] [WARNING] Log_spec ignored when pcen is set (librosa_extract_methods:84)
2024-07-17 15:30:02.389 [ALFpaka] [WARNING] Log_spec ignored when pcen is set (librosa_extract_methods:84)
2024-07-17 15:30:02.394 [ALFpaka] [WARNING] Log_spec ignored when pcen is set (librosa_extract_methods:84)
2024-07-17 15:30:05.277 [ALFpaka] [WARNING] Log_spec ignored when pcen is set (librosa_extract_methods:84)
2024-07-17 15:30:05.277 [ALFpaka] [WARNING] Log_spec ignored when pcen is set (librosa_extract_methods:84)
2024-07-17 15:30:05.278 [ALFpaka] [WARNING] Log_spec ignored when pcen is set (librosa_extract_methods:84)
2024-07-17 15:30:05.277 [ALFpaka] [WARNING] Log_spec ignored when pcen is set (librosa_extract_methods:84)
2024-07-17 15:30:05.279 [ALFpaka] [WARNING] Log_spec ignored when pcen is set (librosa_extract_methods:84)
2024-07-17 15:30:05.280 [ALFpaka] [WARNING] Log_spec ignored when pcen is set (librosa_extract_methods:84)
2024-07-17 15:30:05.280 [ALFpaka] [WARNING] Log_spec ignored when pcen is set (librosa_extract_methods:84)
2024-07-17 15:30:05.280 [ALFpaka] [WARNING] Log_spec ignored when pcen is set (librosa_extract_methods:84)
2024-07-17 15:30:05.280 [ALFpaka] [WARNING] Log_spec ignored when pcen is set (librosa_extract_methods:84)
2024-07-17 15:30:05.280 [ALFpaka] [WARNING] Log_spec ignored when pcen is set (librosa_extract_methods:84)
2024-07-17 15:30:05.280 [ALFpaka] [WARNING] Log_spec ignored when pcen is set (librosa_extract_methods:84)
2024-07-17 15:30:05.281 [ALFpaka] [WARNING] Log_spec ignored when pcen is set (librosa_extract_methods:84)
2024-07-17 15:30:05.284 [ALFpaka] [WARNING] Log_spec ignored when pcen is set (librosa_extract_methods:84)
2024-07-17 15:30:05.282 [ALFpaka] [WARNING] Log_spec ignored when pcen is set (librosa_extract_methods:84)
2024-07-17 15:30:05.282 [ALFpaka] [WARNING] Log_spec ignored when pcen is set (librosa_extract_methods:84)
2024-07-17 15:30:05.285 [ALFpaka] [WARNING] Log_spec ignored when pcen is set (librosa_extract_methods:84)
2024-07-17 15:30:05.282 [ALFpaka] [WARNING] Log_spec ignored when pcen is set (librosa_extract_methods:84)
2024-07-17 15:30:05.283 [ALFpaka] [WARNING] Log_spec ignored when pcen is set (librosa_extract_methods:84)
2024-07-17 15:30:05.286 [ALFpaka] [WARNING] Log_spec ignored when pcen is set (librosa_extract_methods:84)
2024-07-17 15:30:05.283 [ALFpaka] [WARNING] Log_spec ignored when pcen is set (librosa_extract_methods:84)
2024-07-17 15:30:05.286 [ALFpaka] [WARNING] Log_spec ignored when pcen is set (librosa_extract_methods:84)
2024-07-17 15:30:05.286 [ALFpaka] [WARNING] Log_spec ignored when pcen is set (librosa_extract_methods:84)
2024-07-17 15:30:05.286 [ALFpaka] [WARNING] Log_spec ignored when pcen is set (librosa_extract_methods:84)
2024-07-17 15:30:05.286 [ALFpaka] [WARNING] Log_spec ignored when pcen is set (librosa_extract_methods:84)
2024-07-17 15:30:05.286 [ALFpaka] [WARNING] Log_spec ignored when pcen is set (librosa_extract_methods:84)
2024-07-17 15:30:05.287 [ALFpaka] [WARNING] Log_spec ignored when pcen is set (librosa_extract_methods:84)
2024-07-17 15:30:05.288 [ALFpaka] [WARNING] Log_spec ignored when pcen is set (librosa_extract_methods:84)
2024-07-17 15:30:05.288 [ALFpaka] [WARNING] Log_spec ignored when pcen is set (librosa_extract_methods:84)
2024-07-17 15:30:05.288 [ALFpaka] [WARNING] Log_spec ignored when pcen is set (librosa_extract_methods:84)
2024-07-17 15:30:05.296 [ALFpaka] [WARNING] Log_spec ignored when pcen is set (librosa_extract_methods:84)
2024-07-17 15:30:05.296 [ALFpaka] [WARNING] Log_spec ignored when pcen is set (librosa_extract_methods:84)
2024-07-17 15:30:07.944 [ALFpaka] [WARNING] Log_spec ignored when pcen is set (librosa_extract_methods:84)
2024-07-17 15:30:07.945 [ALFpaka] [WARNING] Log_spec ignored when pcen is set (librosa_extract_methods:84)
2024-07-17 15:30:07.945 [ALFpaka] [WARNING] Log_spec ignored when pcen is set (librosa_extract_methods:84)
2024-07-17 15:30:07.945 [ALFpaka] [WARNING] Log_spec ignored when pcen is set (librosa_extract_methods:84)
2024-07-17 15:30:07.945 [ALFpaka] [WARNING] Log_spec ignored when pcen is set (librosa_extract_methods:84)
2024-07-17 15:30:07.945 [ALFpaka] [WARNING] Log_spec ignored when pcen is set (librosa_extract_methods:84)
2024-07-17 15:30:07.945 [ALFpaka] [WARNING] Log_spec ignored when pcen is set (librosa_extract_methods:84)
2024-07-17 15:30:07.948 [ALFpaka] [WARNING] Log_spec ignored when pcen is set (librosa_extract_methods:84)
2024-07-17 15:30:07.948 [ALFpaka] [WARNING] Log_spec ignored when pcen is set (librosa_extract_methods:84)
2024-07-17 15:30:07.949 [ALFpaka] [WARNING] Log_spec ignored when pcen is set (librosa_extract_methods:84)
2024-07-17 15:30:07.949 [ALFpaka] [WARNING] Log_spec ignored when pcen is set (librosa_extract_methods:84)
2024-07-17 15:30:07.949 [ALFpaka] [WARNING] Log_spec ignored when pcen is set (librosa_extract_methods:84)
2024-07-17 15:30:07.949 [ALFpaka] [WARNING] Log_spec ignored when pcen is set (librosa_extract_methods:84)
2024-07-17 15:30:07.949 [ALFpaka] [WARNING] Log_spec ignored when pcen is set (librosa_extract_methods:84)
2024-07-17 15:30:07.949 [ALFpaka] [WARNING] Log_spec ignored when pcen is set (librosa_extract_methods:84)
2024-07-17 15:30:07.950 [ALFpaka] [WARNING] Log_spec ignored when pcen is set (librosa_extract_methods:84)
2024-07-17 15:30:07.950 [ALFpaka] [WARNING] Log_spec ignored when pcen is set (librosa_extract_methods:84)
2024-07-17 15:30:07.950 [ALFpaka] [WARNING] Log_spec ignored when pcen is set (librosa_extract_methods:84)
2024-07-17 15:30:07.950 [ALFpaka] [WARNING] Log_spec ignored when pcen is set (librosa_extract_methods:84)
2024-07-17 15:30:07.951 [ALFpaka] [WARNING] Log_spec ignored when pcen is set (librosa_extract_methods:84)
2024-07-17 15:30:07.951 [ALFpaka] [WARNING] Log_spec ignored when pcen is set (librosa_extract_methods:84)
2024-07-17 15:30:07.951 [ALFpaka] [WARNING] Log_spec ignored when pcen is set (librosa_extract_methods:84)
2024-07-17 15:30:07.952 [ALFpaka] [WARNING] Log_spec ignored when pcen is set (librosa_extract_methods:84)
2024-07-17 15:30:07.954 [ALFpaka] [WARNING] Log_spec ignored when pcen is set (librosa_extract_methods:84)
2024-07-17 15:30:07.954 [ALFpaka] [WARNING] Log_spec ignored when pcen is set (librosa_extract_methods:84)
2024-07-17 15:30:07.954 [ALFpaka] [WARNING] Log_spec ignored when pcen is set (librosa_extract_methods:84)
2024-07-17 15:30:07.954 [ALFpaka] [WARNING] Log_spec ignored when pcen is set (librosa_extract_methods:84)
2024-07-17 15:30:07.954 [ALFpaka] [WARNING] Log_spec ignored when pcen is set (librosa_extract_methods:84)
2024-07-17 15:30:07.954 [ALFpaka] [WARNING] Log_spec ignored when pcen is set (librosa_extract_methods:84)
2024-07-17 15:30:07.954 [ALFpaka] [WARNING] Log_spec ignored when pcen is set (librosa_extract_methods:84)
2024-07-17 15:30:07.956 [ALFpaka] [WARNING] Log_spec ignored when pcen is set (librosa_extract_methods:84)
2024-07-17 15:30:10.793 [ALFpaka] [WARNING] Log_spec ignored when pcen is set (librosa_extract_methods:84)
2024-07-17 15:30:10.793 [ALFpaka] [WARNING] Log_spec ignored when pcen is set (librosa_extract_methods:84)
2024-07-17 15:30:10.794 [ALFpaka] [WARNING] Log_spec ignored when pcen is set (librosa_extract_methods:84)
2024-07-17 15:30:10.793 [ALFpaka] [WARNING] Log_spec ignored when pcen is set (librosa_extract_methods:84)
2024-07-17 15:30:10.794 [ALFpaka] [WARNING] Log_spec ignored when pcen is set (librosa_extract_methods:84)
2024-07-17 15:30:10.794 [ALFpaka] [WARNING] Log_spec ignored when pcen is set (librosa_extract_methods:84)
2024-07-17 15:30:10.794 [ALFpaka] [WARNING] Log_spec ignored when pcen is set (librosa_extract_methods:84)
2024-07-17 15:30:10.795 [ALFpaka] [WARNING] Log_spec ignored when pcen is set (librosa_extract_methods:84)
2024-07-17 15:30:10.794 [ALFpaka] [WARNING] Log_spec ignored when pcen is set (librosa_extract_methods:84)
2024-07-17 15:30:10.795 [ALFpaka] [WARNING] Log_spec ignored when pcen is set (librosa_extract_methods:84)
2024-07-17 15:30:12.953 [ALFpaka] [WARNING] Log_spec ignored when pcen is set (librosa_extract_methods:84)
2024-07-17 15:30:12.953 [ALFpaka] [WARNING] Log_spec ignored when pcen is set (librosa_extract_methods:84)
2024-07-17 15:30:12.953 [ALFpaka] [WARNING] Log_spec ignored when pcen is set (librosa_extract_methods:84)
2024-07-17 15:30:12.954 [ALFpaka] [WARNING] Log_spec ignored when pcen is set (librosa_extract_methods:84)
2024-07-17 15:30:12.954 [ALFpaka] [WARNING] Log_spec ignored when pcen is set (librosa_extract_methods:84)
2024-07-17 15:30:12.954 [ALFpaka] [WARNING] Log_spec ignored when pcen is set (librosa_extract_methods:84)
2024-07-17 15:30:12.954 [ALFpaka] [WARNING] Log_spec ignored when pcen is set (librosa_extract_methods:84)
2024-07-17 15:30:12.955 [ALFpaka] [WARNING] Log_spec ignored when pcen is set (librosa_extract_methods:84)
2024-07-17 15:30:12.955 [ALFpaka] [WARNING] Log_spec ignored when pcen is set (librosa_extract_methods:84)
2024-07-17 15:30:12.954 [ALFpaka] [WARNING] Log_spec ignored when pcen is set (librosa_extract_methods:84)
2024-07-17 15:30:15.124 [ALFpaka] [WARNING] Log_spec ignored when pcen is set (librosa_extract_methods:84)
2024-07-17 15:30:15.124 [ALFpaka] [WARNING] Log_spec ignored when pcen is set (librosa_extract_methods:84)
2024-07-17 15:30:15.124 [ALFpaka] [WARNING] Log_spec ignored when pcen is set (librosa_extract_methods:84)
2024-07-17 15:30:15.124 [ALFpaka] [WARNING] Log_spec ignored when pcen is set (librosa_extract_methods:84)
2024-07-17 15:30:15.124 [ALFpaka] [WARNING] Log_spec ignored when pcen is set (librosa_extract_methods:84)
2024-07-17 15:30:15.125 [ALFpaka] [WARNING] Log_spec ignored when pcen is set (librosa_extract_methods:84)
2024-07-17 15:30:15.125 [ALFpaka] [WARNING] Log_spec ignored when pcen is set (librosa_extract_methods:84)
2024-07-17 15:30:15.125 [ALFpaka] [WARNING] Log_spec ignored when pcen is set (librosa_extract_methods:84)
2024-07-17 15:30:15.125 [ALFpaka] [WARNING] Log_spec ignored when pcen is set (librosa_extract_methods:84)
2024-07-17 15:30:15.125 [ALFpaka] [WARNING] Log_spec ignored when pcen is set (librosa_extract_methods:84)
2024-07-17 15:30:18.005 [ALFpaka] [WARNING] WARNING: No validation data found! (training:692)
2024-07-17 15:30:18.515 [ALFpaka] [WARNING] No validation data set! (train_keras_model:188)
2024-07-17 16:39:31.898 [ALFpaka] [WARNING] No GIT in PATH variables ([Errno 2] No such file or directory: '.git': '.git') (versioning:24)
