2024-07-17 15:30:00.828 [ALFpaka] [INFO] ###################################################### (start_training_session:128)
2024-07-17 15:30:00.829 [ALFpaka] [INFO] ---- Config file 1 of 1 (start_training_session:129)
2024-07-17 15:30:00.829 [ALFpaka] [INFO]  Reading config .... resnet_siren_EU3_i.json (read_training_config:28)
2024-07-17 15:30:01.381 [ALFpaka] [WARNING] global batch_size ignored when batch_size is set in generator (read_training_config:269)
2024-07-17 15:30:01.384 [ALFpaka] [INFO]  Reading config .... done. (read_training_config:424)
2024-07-17 15:30:01.390 [ALFpaka] [INFO] ... START TRAINING ... (start_training_session:88)
2024-07-17 15:30:01.391 [ALFpaka] [INFO] Start-Time: 1721223001.39166 (training:126)
2024-07-17 15:30:01.392 [ALFpaka] [INFO] italy-ambulance with id 0 (evaluate_results:153)
2024-07-17 15:30:01.392 [ALFpaka] [INFO] italy-firefighter with id 1 (evaluate_results:153)
2024-07-17 15:30:01.392 [ALFpaka] [INFO] italy-police with id 2 (evaluate_results:153)
2024-07-17 15:30:01.393 [ALFpaka] [INFO] ------ Extracting features ------ (extract_features:34)
2024-07-17 15:30:01.481 [ALFpaka] [INFO] Extracting features for class italy-ambulance with id 0 (get_features_for_dataset:69)
2024-07-17 15:30:02.380 [ALFpaka] [WARNING] Log_spec ignored when pcen is set (librosa_extract_methods:84)
2024-07-17 15:30:02.380 [ALFpaka] [WARNING] Log_spec ignored when pcen is set (librosa_extract_methods:84)
2024-07-17 15:30:02.381 [ALFpaka] [WARNING] Log_spec ignored when pcen is set (librosa_extract_methods:84)
2024-07-17 15:30:02.382 [ALFpaka] [WARNING] Log_spec ignored when pcen is set (librosa_extract_methods:84)
2024-07-17 15:30:02.382 [ALFpaka] [WARNING] Log_spec ignored when pcen is set (librosa_extract_methods:84)
2024-07-17 15:30:02.383 [ALFpaka] [WARNING] Log_spec ignored when pcen is set (librosa_extract_methods:84)
2024-07-17 15:30:02.383 [ALFpaka] [WARNING] Log_spec ignored when pcen is set (librosa_extract_methods:84)
2024-07-17 15:30:02.384 [ALFpaka] [WARNING] Log_spec ignored when pcen is set (librosa_extract_methods:84)
2024-07-17 15:30:02.384 [ALFpaka] [WARNING] Log_spec ignored when pcen is set (librosa_extract_methods:84)
2024-07-17 15:30:02.384 [ALFpaka] [WARNING] Log_spec ignored when pcen is set (librosa_extract_methods:84)
2024-07-17 15:30:02.384 [ALFpaka] [WARNING] Log_spec ignored when pcen is set (librosa_extract_methods:84)
2024-07-17 15:30:02.385 [ALFpaka] [WARNING] Log_spec ignored when pcen is set (librosa_extract_methods:84)
2024-07-17 15:30:02.385 [ALFpaka] [WARNING] Log_spec ignored when pcen is set (librosa_extract_methods:84)
2024-07-17 15:30:02.385 [ALFpaka] [WARNING] Log_spec ignored when pcen is set (librosa_extract_methods:84)
2024-07-17 15:30:02.386 [ALFpaka] [WARNING] Log_spec ignored when pcen is set (librosa_extract_methods:84)
2024-07-17 15:30:02.386 [ALFpaka] [WARNING] Log_spec ignored when pcen is set (librosa_extract_methods:84)
2024-07-17 15:30:02.387 [ALFpaka] [WARNING] Log_spec ignored when pcen is set (librosa_extract_methods:84)
2024-07-17 15:30:02.386 [ALFpaka] [WARNING] Log_spec ignored when pcen is set (librosa_extract_methods:84)
2024-07-17 15:30:02.387 [ALFpaka] [WARNING] Log_spec ignored when pcen is set (librosa_extract_methods:84)
2024-07-17 15:30:02.388 [ALFpaka] [WARNING] Log_spec ignored when pcen is set (librosa_extract_methods:84)
2024-07-17 15:30:02.389 [ALFpaka] [WARNING] Log_spec ignored when pcen is set (librosa_extract_methods:84)
2024-07-17 15:30:02.389 [ALFpaka] [WARNING] Log_spec ignored when pcen is set (librosa_extract_methods:84)
2024-07-17 15:30:02.390 [ALFpaka] [WARNING] Log_spec ignored when pcen is set (librosa_extract_methods:84)
2024-07-17 15:30:02.390 [ALFpaka] [WARNING] Log_spec ignored when pcen is set (librosa_extract_methods:84)
2024-07-17 15:30:02.391 [ALFpaka] [WARNING] Log_spec ignored when pcen is set (librosa_extract_methods:84)
2024-07-17 15:30:02.391 [ALFpaka] [WARNING] Log_spec ignored when pcen is set (librosa_extract_methods:84)
2024-07-17 15:30:02.392 [ALFpaka] [WARNING] Log_spec ignored when pcen is set (librosa_extract_methods:84)
2024-07-17 15:30:02.393 [ALFpaka] [WARNING] Log_spec ignored when pcen is set (librosa_extract_methods:84)
2024-07-17 15:30:02.389 [ALFpaka] [WARNING] Log_spec ignored when pcen is set (librosa_extract_methods:84)
2024-07-17 15:30:02.389 [ALFpaka] [WARNING] Log_spec ignored when pcen is set (librosa_extract_methods:84)
2024-07-17 15:30:02.394 [ALFpaka] [WARNING] Log_spec ignored when pcen is set (librosa_extract_methods:84)
2024-07-17 15:30:04.374 [ALFpaka] [INFO] Extracting features for class italy-firefighter with id 1 (get_features_for_dataset:69)
2024-07-17 15:30:05.277 [ALFpaka] [WARNING] Log_spec ignored when pcen is set (librosa_extract_methods:84)
2024-07-17 15:30:05.277 [ALFpaka] [WARNING] Log_spec ignored when pcen is set (librosa_extract_methods:84)
2024-07-17 15:30:05.278 [ALFpaka] [WARNING] Log_spec ignored when pcen is set (librosa_extract_methods:84)
2024-07-17 15:30:05.277 [ALFpaka] [WARNING] Log_spec ignored when pcen is set (librosa_extract_methods:84)
2024-07-17 15:30:05.279 [ALFpaka] [WARNING] Log_spec ignored when pcen is set (librosa_extract_methods:84)
2024-07-17 15:30:05.280 [ALFpaka] [WARNING] Log_spec ignored when pcen is set (librosa_extract_methods:84)
2024-07-17 15:30:05.280 [ALFpaka] [WARNING] Log_spec ignored when pcen is set (librosa_extract_methods:84)
2024-07-17 15:30:05.280 [ALFpaka] [WARNING] Log_spec ignored when pcen is set (librosa_extract_methods:84)
2024-07-17 15:30:05.280 [ALFpaka] [WARNING] Log_spec ignored when pcen is set (librosa_extract_methods:84)
2024-07-17 15:30:05.280 [ALFpaka] [WARNING] Log_spec ignored when pcen is set (librosa_extract_methods:84)
2024-07-17 15:30:05.280 [ALFpaka] [WARNING] Log_spec ignored when pcen is set (librosa_extract_methods:84)
2024-07-17 15:30:05.281 [ALFpaka] [WARNING] Log_spec ignored when pcen is set (librosa_extract_methods:84)
2024-07-17 15:30:05.284 [ALFpaka] [WARNING] Log_spec ignored when pcen is set (librosa_extract_methods:84)
2024-07-17 15:30:05.282 [ALFpaka] [WARNING] Log_spec ignored when pcen is set (librosa_extract_methods:84)
2024-07-17 15:30:05.282 [ALFpaka] [WARNING] Log_spec ignored when pcen is set (librosa_extract_methods:84)
2024-07-17 15:30:05.285 [ALFpaka] [WARNING] Log_spec ignored when pcen is set (librosa_extract_methods:84)
2024-07-17 15:30:05.282 [ALFpaka] [WARNING] Log_spec ignored when pcen is set (librosa_extract_methods:84)
2024-07-17 15:30:05.283 [ALFpaka] [WARNING] Log_spec ignored when pcen is set (librosa_extract_methods:84)
2024-07-17 15:30:05.286 [ALFpaka] [WARNING] Log_spec ignored when pcen is set (librosa_extract_methods:84)
2024-07-17 15:30:05.283 [ALFpaka] [WARNING] Log_spec ignored when pcen is set (librosa_extract_methods:84)
2024-07-17 15:30:05.286 [ALFpaka] [WARNING] Log_spec ignored when pcen is set (librosa_extract_methods:84)
2024-07-17 15:30:05.286 [ALFpaka] [WARNING] Log_spec ignored when pcen is set (librosa_extract_methods:84)
2024-07-17 15:30:05.286 [ALFpaka] [WARNING] Log_spec ignored when pcen is set (librosa_extract_methods:84)
2024-07-17 15:30:05.286 [ALFpaka] [WARNING] Log_spec ignored when pcen is set (librosa_extract_methods:84)
2024-07-17 15:30:05.286 [ALFpaka] [WARNING] Log_spec ignored when pcen is set (librosa_extract_methods:84)
2024-07-17 15:30:05.287 [ALFpaka] [WARNING] Log_spec ignored when pcen is set (librosa_extract_methods:84)
2024-07-17 15:30:05.288 [ALFpaka] [WARNING] Log_spec ignored when pcen is set (librosa_extract_methods:84)
2024-07-17 15:30:05.288 [ALFpaka] [WARNING] Log_spec ignored when pcen is set (librosa_extract_methods:84)
2024-07-17 15:30:05.288 [ALFpaka] [WARNING] Log_spec ignored when pcen is set (librosa_extract_methods:84)
2024-07-17 15:30:05.296 [ALFpaka] [WARNING] Log_spec ignored when pcen is set (librosa_extract_methods:84)
2024-07-17 15:30:05.296 [ALFpaka] [WARNING] Log_spec ignored when pcen is set (librosa_extract_methods:84)
2024-07-17 15:30:07.074 [ALFpaka] [INFO] Extracting features for class italy-police with id 2 (get_features_for_dataset:69)
2024-07-17 15:30:07.944 [ALFpaka] [WARNING] Log_spec ignored when pcen is set (librosa_extract_methods:84)
2024-07-17 15:30:07.945 [ALFpaka] [WARNING] Log_spec ignored when pcen is set (librosa_extract_methods:84)
2024-07-17 15:30:07.945 [ALFpaka] [WARNING] Log_spec ignored when pcen is set (librosa_extract_methods:84)
2024-07-17 15:30:07.945 [ALFpaka] [WARNING] Log_spec ignored when pcen is set (librosa_extract_methods:84)
2024-07-17 15:30:07.945 [ALFpaka] [WARNING] Log_spec ignored when pcen is set (librosa_extract_methods:84)
2024-07-17 15:30:07.945 [ALFpaka] [WARNING] Log_spec ignored when pcen is set (librosa_extract_methods:84)
2024-07-17 15:30:07.945 [ALFpaka] [WARNING] Log_spec ignored when pcen is set (librosa_extract_methods:84)
2024-07-17 15:30:07.948 [ALFpaka] [WARNING] Log_spec ignored when pcen is set (librosa_extract_methods:84)
2024-07-17 15:30:07.948 [ALFpaka] [WARNING] Log_spec ignored when pcen is set (librosa_extract_methods:84)
2024-07-17 15:30:07.949 [ALFpaka] [WARNING] Log_spec ignored when pcen is set (librosa_extract_methods:84)
2024-07-17 15:30:07.949 [ALFpaka] [WARNING] Log_spec ignored when pcen is set (librosa_extract_methods:84)
2024-07-17 15:30:07.949 [ALFpaka] [WARNING] Log_spec ignored when pcen is set (librosa_extract_methods:84)
2024-07-17 15:30:07.949 [ALFpaka] [WARNING] Log_spec ignored when pcen is set (librosa_extract_methods:84)
2024-07-17 15:30:07.949 [ALFpaka] [WARNING] Log_spec ignored when pcen is set (librosa_extract_methods:84)
2024-07-17 15:30:07.949 [ALFpaka] [WARNING] Log_spec ignored when pcen is set (librosa_extract_methods:84)
2024-07-17 15:30:07.950 [ALFpaka] [WARNING] Log_spec ignored when pcen is set (librosa_extract_methods:84)
2024-07-17 15:30:07.950 [ALFpaka] [WARNING] Log_spec ignored when pcen is set (librosa_extract_methods:84)
2024-07-17 15:30:07.950 [ALFpaka] [WARNING] Log_spec ignored when pcen is set (librosa_extract_methods:84)
2024-07-17 15:30:07.950 [ALFpaka] [WARNING] Log_spec ignored when pcen is set (librosa_extract_methods:84)
2024-07-17 15:30:07.951 [ALFpaka] [WARNING] Log_spec ignored when pcen is set (librosa_extract_methods:84)
2024-07-17 15:30:07.951 [ALFpaka] [WARNING] Log_spec ignored when pcen is set (librosa_extract_methods:84)
2024-07-17 15:30:07.951 [ALFpaka] [WARNING] Log_spec ignored when pcen is set (librosa_extract_methods:84)
2024-07-17 15:30:07.952 [ALFpaka] [WARNING] Log_spec ignored when pcen is set (librosa_extract_methods:84)
2024-07-17 15:30:07.954 [ALFpaka] [WARNING] Log_spec ignored when pcen is set (librosa_extract_methods:84)
2024-07-17 15:30:07.954 [ALFpaka] [WARNING] Log_spec ignored when pcen is set (librosa_extract_methods:84)
2024-07-17 15:30:07.954 [ALFpaka] [WARNING] Log_spec ignored when pcen is set (librosa_extract_methods:84)
2024-07-17 15:30:07.954 [ALFpaka] [WARNING] Log_spec ignored when pcen is set (librosa_extract_methods:84)
2024-07-17 15:30:07.954 [ALFpaka] [WARNING] Log_spec ignored when pcen is set (librosa_extract_methods:84)
2024-07-17 15:30:07.954 [ALFpaka] [WARNING] Log_spec ignored when pcen is set (librosa_extract_methods:84)
2024-07-17 15:30:07.954 [ALFpaka] [WARNING] Log_spec ignored when pcen is set (librosa_extract_methods:84)
2024-07-17 15:30:07.956 [ALFpaka] [WARNING] Log_spec ignored when pcen is set (librosa_extract_methods:84)
2024-07-17 15:30:09.896 [ALFpaka] [INFO] Extracting features for class italy-ambulance with id 0 (get_features_for_dataset:69)
2024-07-17 15:30:10.793 [ALFpaka] [WARNING] Log_spec ignored when pcen is set (librosa_extract_methods:84)
2024-07-17 15:30:10.793 [ALFpaka] [WARNING] Log_spec ignored when pcen is set (librosa_extract_methods:84)
2024-07-17 15:30:10.794 [ALFpaka] [WARNING] Log_spec ignored when pcen is set (librosa_extract_methods:84)
2024-07-17 15:30:10.793 [ALFpaka] [WARNING] Log_spec ignored when pcen is set (librosa_extract_methods:84)
2024-07-17 15:30:10.794 [ALFpaka] [WARNING] Log_spec ignored when pcen is set (librosa_extract_methods:84)
2024-07-17 15:30:10.794 [ALFpaka] [WARNING] Log_spec ignored when pcen is set (librosa_extract_methods:84)
2024-07-17 15:30:10.794 [ALFpaka] [WARNING] Log_spec ignored when pcen is set (librosa_extract_methods:84)
2024-07-17 15:30:10.795 [ALFpaka] [WARNING] Log_spec ignored when pcen is set (librosa_extract_methods:84)
2024-07-17 15:30:10.794 [ALFpaka] [WARNING] Log_spec ignored when pcen is set (librosa_extract_methods:84)
2024-07-17 15:30:10.795 [ALFpaka] [WARNING] Log_spec ignored when pcen is set (librosa_extract_methods:84)
2024-07-17 15:30:12.060 [ALFpaka] [INFO] Extracting features for class italy-firefighter with id 1 (get_features_for_dataset:69)
2024-07-17 15:30:12.953 [ALFpaka] [WARNING] Log_spec ignored when pcen is set (librosa_extract_methods:84)
2024-07-17 15:30:12.953 [ALFpaka] [WARNING] Log_spec ignored when pcen is set (librosa_extract_methods:84)
2024-07-17 15:30:12.953 [ALFpaka] [WARNING] Log_spec ignored when pcen is set (librosa_extract_methods:84)
2024-07-17 15:30:12.954 [ALFpaka] [WARNING] Log_spec ignored when pcen is set (librosa_extract_methods:84)
2024-07-17 15:30:12.954 [ALFpaka] [WARNING] Log_spec ignored when pcen is set (librosa_extract_methods:84)
2024-07-17 15:30:12.954 [ALFpaka] [WARNING] Log_spec ignored when pcen is set (librosa_extract_methods:84)
2024-07-17 15:30:12.954 [ALFpaka] [WARNING] Log_spec ignored when pcen is set (librosa_extract_methods:84)
2024-07-17 15:30:12.955 [ALFpaka] [WARNING] Log_spec ignored when pcen is set (librosa_extract_methods:84)
2024-07-17 15:30:12.955 [ALFpaka] [WARNING] Log_spec ignored when pcen is set (librosa_extract_methods:84)
2024-07-17 15:30:12.954 [ALFpaka] [WARNING] Log_spec ignored when pcen is set (librosa_extract_methods:84)
2024-07-17 15:30:14.212 [ALFpaka] [INFO] Extracting features for class italy-police with id 2 (get_features_for_dataset:69)
2024-07-17 15:30:15.124 [ALFpaka] [WARNING] Log_spec ignored when pcen is set (librosa_extract_methods:84)
2024-07-17 15:30:15.124 [ALFpaka] [WARNING] Log_spec ignored when pcen is set (librosa_extract_methods:84)
2024-07-17 15:30:15.124 [ALFpaka] [WARNING] Log_spec ignored when pcen is set (librosa_extract_methods:84)
2024-07-17 15:30:15.124 [ALFpaka] [WARNING] Log_spec ignored when pcen is set (librosa_extract_methods:84)
2024-07-17 15:30:15.124 [ALFpaka] [WARNING] Log_spec ignored when pcen is set (librosa_extract_methods:84)
2024-07-17 15:30:15.125 [ALFpaka] [WARNING] Log_spec ignored when pcen is set (librosa_extract_methods:84)
2024-07-17 15:30:15.125 [ALFpaka] [WARNING] Log_spec ignored when pcen is set (librosa_extract_methods:84)
2024-07-17 15:30:15.125 [ALFpaka] [WARNING] Log_spec ignored when pcen is set (librosa_extract_methods:84)
2024-07-17 15:30:15.125 [ALFpaka] [WARNING] Log_spec ignored when pcen is set (librosa_extract_methods:84)
2024-07-17 15:30:15.125 [ALFpaka] [WARNING] Log_spec ignored when pcen is set (librosa_extract_methods:84)
2024-07-17 15:30:17.631 [ALFpaka] [INFO] Training using one GPU (training:144)
2024-07-17 15:30:17.632 [ALFpaka] [INFO] --- training data --- (evaluate_results:76)
2024-07-17 15:30:17.633 [ALFpaka] [INFO] italy-ambulance number of files 31 (evaluate_results:81)
2024-07-17 15:30:17.633 [ALFpaka] [INFO] italy-firefighter number of files 31 (evaluate_results:81)
2024-07-17 15:30:17.633 [ALFpaka] [INFO] italy-police number of files 31 (evaluate_results:81)
2024-07-17 15:30:17.634 [ALFpaka] [INFO] --- test data --- (evaluate_results:76)
2024-07-17 15:30:17.634 [ALFpaka] [INFO] italy-ambulance number of files 10 (evaluate_results:81)
2024-07-17 15:30:17.634 [ALFpaka] [INFO] italy-firefighter number of files 10 (evaluate_results:81)
2024-07-17 15:30:17.635 [ALFpaka] [INFO] italy-police number of files 10 (evaluate_results:81)
2024-07-17 15:30:18.002 [ALFpaka] [INFO] --- training data size --- (evaluate_results:109)
2024-07-17 15:30:18.003 [ALFpaka] [INFO] X shape --> (458, 64, 128, 2) (evaluate_results:111)
2024-07-17 15:30:18.003 [ALFpaka] [INFO] Y shape --> (458, 3) (evaluate_results:112)
2024-07-17 15:30:18.003 [ALFpaka] [INFO] number of features per frame 2 (evaluate_results:119)
2024-07-17 15:30:18.003 [ALFpaka] [INFO] number of feature frames 458 (evaluate_results:120)
2024-07-17 15:30:18.005 [ALFpaka] [INFO] ---------------- CV step 1 of 1 --------------- (training:363)
2024-07-17 15:30:18.005 [ALFpaka] [WARNING] WARNING: No validation data found! (training:692)
2024-07-17 15:30:18.474 [ALFpaka] [INFO] Model summary: (train_keras_model:135)
2024-07-17 15:30:18.474 [ALFpaka] [INFO] Model: "res_net" (layer_utils:185)
2024-07-17 15:30:18.474 [ALFpaka] [INFO] __________________________________________________________________________________________________ (layer_utils:186)
2024-07-17 15:30:18.475 [ALFpaka] [INFO] Layer (type)                    Output Shape         Param #     Connected to                      (layer_utils:183)
2024-07-17 15:30:18.475 [ALFpaka] [INFO] ================================================================================================== (layer_utils:188)
2024-07-17 15:30:18.475 [ALFpaka] [INFO] input_1 (InputLayer)            [(None, 64, 128, 2)] 0                                             (layer_utils:183)
2024-07-17 15:30:18.475 [ALFpaka] [INFO] __________________________________________________________________________________________________ (layer_utils:258)
2024-07-17 15:30:18.476 [ALFpaka] [INFO] conv2d (Conv2D)                 (None, 32, 64, 64)   3200        input_1[0][0]                     (layer_utils:183)
2024-07-17 15:30:18.476 [ALFpaka] [INFO] __________________________________________________________________________________________________ (layer_utils:258)
2024-07-17 15:30:18.476 [ALFpaka] [INFO] batch_normalization (BatchNorma (None, 32, 64, 64)   256         conv2d[0][0]                      (layer_utils:183)
2024-07-17 15:30:18.477 [ALFpaka] [INFO] __________________________________________________________________________________________________ (layer_utils:258)
2024-07-17 15:30:18.477 [ALFpaka] [INFO] activation (Activation)         (None, 32, 64, 64)   0           batch_normalization[0][0]         (layer_utils:183)
2024-07-17 15:30:18.477 [ALFpaka] [INFO] __________________________________________________________________________________________________ (layer_utils:258)
2024-07-17 15:30:18.477 [ALFpaka] [INFO] batch_normalization_1 (BatchNor (None, 32, 64, 64)   256         activation[0][0]                  (layer_utils:183)
2024-07-17 15:30:18.477 [ALFpaka] [INFO] __________________________________________________________________________________________________ (layer_utils:258)
2024-07-17 15:30:18.477 [ALFpaka] [INFO] dropout (Dropout)               (None, 32, 64, 64)   0           batch_normalization_1[0][0]       (layer_utils:183)
2024-07-17 15:30:18.478 [ALFpaka] [INFO] __________________________________________________________________________________________________ (layer_utils:258)
2024-07-17 15:30:18.478 [ALFpaka] [INFO] conv2d_1 (Conv2D)               (None, 32, 64, 64)   36864       dropout[0][0]                     (layer_utils:183)
2024-07-17 15:30:18.478 [ALFpaka] [INFO] __________________________________________________________________________________________________ (layer_utils:258)
2024-07-17 15:30:18.478 [ALFpaka] [INFO] activation_1 (Activation)       (None, 32, 64, 64)   0           conv2d_1[0][0]                    (layer_utils:183)
2024-07-17 15:30:18.479 [ALFpaka] [INFO] __________________________________________________________________________________________________ (layer_utils:258)
2024-07-17 15:30:18.479 [ALFpaka] [INFO] batch_normalization_2 (BatchNor (None, 32, 64, 64)   256         activation_1[0][0]                (layer_utils:183)
2024-07-17 15:30:18.479 [ALFpaka] [INFO] __________________________________________________________________________________________________ (layer_utils:258)
2024-07-17 15:30:18.480 [ALFpaka] [INFO] dropout_1 (Dropout)             (None, 32, 64, 64)   0           batch_normalization_2[0][0]       (layer_utils:183)
2024-07-17 15:30:18.480 [ALFpaka] [INFO] __________________________________________________________________________________________________ (layer_utils:258)
2024-07-17 15:30:18.480 [ALFpaka] [INFO] conv2d_2 (Conv2D)               (None, 32, 64, 64)   36864       dropout_1[0][0]                   (layer_utils:183)
2024-07-17 15:30:18.481 [ALFpaka] [INFO] __________________________________________________________________________________________________ (layer_utils:258)
2024-07-17 15:30:18.481 [ALFpaka] [INFO] add (Add)                       (None, 32, 64, 64)   0           conv2d_2[0][0]                    (layer_utils:183)
2024-07-17 15:30:18.481 [ALFpaka] [INFO]                                                                  batch_normalization[0][0]         (layer_utils:183)
2024-07-17 15:30:18.482 [ALFpaka] [INFO] __________________________________________________________________________________________________ (layer_utils:258)
2024-07-17 15:30:18.482 [ALFpaka] [INFO] average_pooling2d (AveragePooli (None, 16, 32, 64)   0           add[0][0]                         (layer_utils:183)
2024-07-17 15:30:18.482 [ALFpaka] [INFO] __________________________________________________________________________________________________ (layer_utils:258)
2024-07-17 15:30:18.482 [ALFpaka] [INFO] activation_2 (Activation)       (None, 16, 32, 64)   0           average_pooling2d[0][0]           (layer_utils:183)
2024-07-17 15:30:18.483 [ALFpaka] [INFO] __________________________________________________________________________________________________ (layer_utils:258)
2024-07-17 15:30:18.483 [ALFpaka] [INFO] batch_normalization_3 (BatchNor (None, 16, 32, 64)   256         activation_2[0][0]                (layer_utils:183)
2024-07-17 15:30:18.483 [ALFpaka] [INFO] __________________________________________________________________________________________________ (layer_utils:258)
2024-07-17 15:30:18.484 [ALFpaka] [INFO] dropout_2 (Dropout)             (None, 16, 32, 64)   0           batch_normalization_3[0][0]       (layer_utils:183)
2024-07-17 15:30:18.484 [ALFpaka] [INFO] __________________________________________________________________________________________________ (layer_utils:258)
2024-07-17 15:30:18.486 [ALFpaka] [INFO] conv2d_3 (Conv2D)               (None, 16, 32, 64)   36864       dropout_2[0][0]                   (layer_utils:183)
2024-07-17 15:30:18.486 [ALFpaka] [INFO] __________________________________________________________________________________________________ (layer_utils:258)
2024-07-17 15:30:18.486 [ALFpaka] [INFO] activation_3 (Activation)       (None, 16, 32, 64)   0           conv2d_3[0][0]                    (layer_utils:183)
2024-07-17 15:30:18.487 [ALFpaka] [INFO] __________________________________________________________________________________________________ (layer_utils:258)
2024-07-17 15:30:18.487 [ALFpaka] [INFO] batch_normalization_4 (BatchNor (None, 16, 32, 64)   256         activation_3[0][0]                (layer_utils:183)
2024-07-17 15:30:18.487 [ALFpaka] [INFO] __________________________________________________________________________________________________ (layer_utils:258)
2024-07-17 15:30:18.487 [ALFpaka] [INFO] dropout_3 (Dropout)             (None, 16, 32, 64)   0           batch_normalization_4[0][0]       (layer_utils:183)
2024-07-17 15:30:18.487 [ALFpaka] [INFO] __________________________________________________________________________________________________ (layer_utils:258)
2024-07-17 15:30:18.488 [ALFpaka] [INFO] conv2d_4 (Conv2D)               (None, 16, 32, 64)   4096        dropout_3[0][0]                   (layer_utils:183)
2024-07-17 15:30:18.488 [ALFpaka] [INFO] __________________________________________________________________________________________________ (layer_utils:258)
2024-07-17 15:30:18.488 [ALFpaka] [INFO] add_1 (Add)                     (None, 16, 32, 64)   0           conv2d_4[0][0]                    (layer_utils:183)
2024-07-17 15:30:18.488 [ALFpaka] [INFO]                                                                  average_pooling2d[0][0]           (layer_utils:183)
2024-07-17 15:30:18.488 [ALFpaka] [INFO] __________________________________________________________________________________________________ (layer_utils:258)
2024-07-17 15:30:18.488 [ALFpaka] [INFO] average_pooling2d_1 (AveragePoo (None, 8, 16, 64)    0           add_1[0][0]                       (layer_utils:183)
2024-07-17 15:30:18.488 [ALFpaka] [INFO] __________________________________________________________________________________________________ (layer_utils:258)
2024-07-17 15:30:18.489 [ALFpaka] [INFO] activation_4 (Activation)       (None, 8, 16, 64)    0           average_pooling2d_1[0][0]         (layer_utils:183)
2024-07-17 15:30:18.489 [ALFpaka] [INFO] __________________________________________________________________________________________________ (layer_utils:258)
2024-07-17 15:30:18.489 [ALFpaka] [INFO] batch_normalization_5 (BatchNor (None, 8, 16, 64)    256         activation_4[0][0]                (layer_utils:183)
2024-07-17 15:30:18.489 [ALFpaka] [INFO] __________________________________________________________________________________________________ (layer_utils:258)
2024-07-17 15:30:18.489 [ALFpaka] [INFO] dropout_4 (Dropout)             (None, 8, 16, 64)    0           batch_normalization_5[0][0]       (layer_utils:183)
2024-07-17 15:30:18.490 [ALFpaka] [INFO] __________________________________________________________________________________________________ (layer_utils:258)
2024-07-17 15:30:18.490 [ALFpaka] [INFO] conv2d_5 (Conv2D)               (None, 8, 16, 64)    36864       dropout_4[0][0]                   (layer_utils:183)
2024-07-17 15:30:18.490 [ALFpaka] [INFO] __________________________________________________________________________________________________ (layer_utils:258)
2024-07-17 15:30:18.490 [ALFpaka] [INFO] activation_5 (Activation)       (None, 8, 16, 64)    0           conv2d_5[0][0]                    (layer_utils:183)
2024-07-17 15:30:18.490 [ALFpaka] [INFO] __________________________________________________________________________________________________ (layer_utils:258)
2024-07-17 15:30:18.491 [ALFpaka] [INFO] batch_normalization_6 (BatchNor (None, 8, 16, 64)    256         activation_5[0][0]                (layer_utils:183)
2024-07-17 15:30:18.498 [ALFpaka] [INFO] __________________________________________________________________________________________________ (layer_utils:258)
2024-07-17 15:30:18.498 [ALFpaka] [INFO] dropout_5 (Dropout)             (None, 8, 16, 64)    0           batch_normalization_6[0][0]       (layer_utils:183)
2024-07-17 15:30:18.498 [ALFpaka] [INFO] __________________________________________________________________________________________________ (layer_utils:258)
2024-07-17 15:30:18.499 [ALFpaka] [INFO] conv2d_6 (Conv2D)               (None, 8, 16, 64)    36864       dropout_5[0][0]                   (layer_utils:183)
2024-07-17 15:30:18.503 [ALFpaka] [INFO] __________________________________________________________________________________________________ (layer_utils:258)
2024-07-17 15:30:18.504 [ALFpaka] [INFO] add_2 (Add)                     (None, 8, 16, 64)    0           conv2d_6[0][0]                    (layer_utils:183)
2024-07-17 15:30:18.504 [ALFpaka] [INFO]                                                                  average_pooling2d_1[0][0]         (layer_utils:183)
2024-07-17 15:30:18.504 [ALFpaka] [INFO] __________________________________________________________________________________________________ (layer_utils:258)
2024-07-17 15:30:18.504 [ALFpaka] [INFO] activation_6 (Activation)       (None, 8, 16, 64)    0           add_2[0][0]                       (layer_utils:183)
2024-07-17 15:30:18.504 [ALFpaka] [INFO] __________________________________________________________________________________________________ (layer_utils:258)
2024-07-17 15:30:18.505 [ALFpaka] [INFO] batch_normalization_7 (BatchNor (None, 8, 16, 64)    256         activation_6[0][0]                (layer_utils:183)
2024-07-17 15:30:18.505 [ALFpaka] [INFO] __________________________________________________________________________________________________ (layer_utils:258)
2024-07-17 15:30:18.505 [ALFpaka] [INFO] dropout_6 (Dropout)             (None, 8, 16, 64)    0           batch_normalization_7[0][0]       (layer_utils:183)
2024-07-17 15:30:18.505 [ALFpaka] [INFO] __________________________________________________________________________________________________ (layer_utils:258)
2024-07-17 15:30:18.505 [ALFpaka] [INFO] conv2d_7 (Conv2D)               (None, 8, 16, 128)   73728       dropout_6[0][0]                   (layer_utils:183)
2024-07-17 15:30:18.505 [ALFpaka] [INFO] __________________________________________________________________________________________________ (layer_utils:258)
2024-07-17 15:30:18.506 [ALFpaka] [INFO] activation_7 (Activation)       (None, 8, 16, 128)   0           conv2d_7[0][0]                    (layer_utils:183)
2024-07-17 15:30:18.506 [ALFpaka] [INFO] __________________________________________________________________________________________________ (layer_utils:258)
2024-07-17 15:30:18.506 [ALFpaka] [INFO] batch_normalization_8 (BatchNor (None, 8, 16, 128)   512         activation_7[0][0]                (layer_utils:183)
2024-07-17 15:30:18.506 [ALFpaka] [INFO] __________________________________________________________________________________________________ (layer_utils:258)
2024-07-17 15:30:18.506 [ALFpaka] [INFO] dropout_7 (Dropout)             (None, 8, 16, 128)   0           batch_normalization_8[0][0]       (layer_utils:183)
2024-07-17 15:30:18.506 [ALFpaka] [INFO] __________________________________________________________________________________________________ (layer_utils:258)
2024-07-17 15:30:18.507 [ALFpaka] [INFO] conv2d_8 (Conv2D)               (None, 8, 16, 128)   16384       dropout_7[0][0]                   (layer_utils:183)
2024-07-17 15:30:18.507 [ALFpaka] [INFO] __________________________________________________________________________________________________ (layer_utils:258)
2024-07-17 15:30:18.507 [ALFpaka] [INFO] conv2d_9 (Conv2D)               (None, 8, 16, 128)   8192        add_2[0][0]                       (layer_utils:183)
2024-07-17 15:30:18.507 [ALFpaka] [INFO] __________________________________________________________________________________________________ (layer_utils:258)
2024-07-17 15:30:18.507 [ALFpaka] [INFO] add_3 (Add)                     (None, 8, 16, 128)   0           conv2d_8[0][0]                    (layer_utils:183)
2024-07-17 15:30:18.508 [ALFpaka] [INFO]                                                                  conv2d_9[0][0]                    (layer_utils:183)
2024-07-17 15:30:18.508 [ALFpaka] [INFO] __________________________________________________________________________________________________ (layer_utils:258)
2024-07-17 15:30:18.508 [ALFpaka] [INFO] average_pooling2d_2 (AveragePoo (None, 4, 8, 128)    0           add_3[0][0]                       (layer_utils:183)
2024-07-17 15:30:18.508 [ALFpaka] [INFO] __________________________________________________________________________________________________ (layer_utils:258)
2024-07-17 15:30:18.508 [ALFpaka] [INFO] activation_8 (Activation)       (None, 4, 8, 128)    0           average_pooling2d_2[0][0]         (layer_utils:183)
2024-07-17 15:30:18.508 [ALFpaka] [INFO] __________________________________________________________________________________________________ (layer_utils:258)
2024-07-17 15:30:18.509 [ALFpaka] [INFO] batch_normalization_9 (BatchNor (None, 4, 8, 128)    512         activation_8[0][0]                (layer_utils:183)
2024-07-17 15:30:18.509 [ALFpaka] [INFO] __________________________________________________________________________________________________ (layer_utils:258)
2024-07-17 15:30:18.509 [ALFpaka] [INFO] dropout_8 (Dropout)             (None, 4, 8, 128)    0           batch_normalization_9[0][0]       (layer_utils:183)
2024-07-17 15:30:18.509 [ALFpaka] [INFO] __________________________________________________________________________________________________ (layer_utils:258)
2024-07-17 15:30:18.509 [ALFpaka] [INFO] conv2d_10 (Conv2D)              (None, 4, 8, 256)    32768       dropout_8[0][0]                   (layer_utils:183)
2024-07-17 15:30:18.509 [ALFpaka] [INFO] __________________________________________________________________________________________________ (layer_utils:258)
2024-07-17 15:30:18.510 [ALFpaka] [INFO] activation_9 (Activation)       (None, 4, 8, 256)    0           conv2d_10[0][0]                   (layer_utils:183)
2024-07-17 15:30:18.510 [ALFpaka] [INFO] __________________________________________________________________________________________________ (layer_utils:258)
2024-07-17 15:30:18.510 [ALFpaka] [INFO] batch_normalization_10 (BatchNo (None, 4, 8, 256)    1024        activation_9[0][0]                (layer_utils:183)
2024-07-17 15:30:18.510 [ALFpaka] [INFO] __________________________________________________________________________________________________ (layer_utils:258)
2024-07-17 15:30:18.510 [ALFpaka] [INFO] dropout_9 (Dropout)             (None, 4, 8, 256)    0           batch_normalization_10[0][0]      (layer_utils:183)
2024-07-17 15:30:18.511 [ALFpaka] [INFO] __________________________________________________________________________________________________ (layer_utils:258)
2024-07-17 15:30:18.511 [ALFpaka] [INFO] conv2d_11 (Conv2D)              (None, 4, 8, 256)    65536       dropout_9[0][0]                   (layer_utils:183)
2024-07-17 15:30:18.511 [ALFpaka] [INFO] __________________________________________________________________________________________________ (layer_utils:258)
2024-07-17 15:30:18.511 [ALFpaka] [INFO] conv2d_12 (Conv2D)              (None, 4, 8, 256)    32768       average_pooling2d_2[0][0]         (layer_utils:183)
2024-07-17 15:30:18.511 [ALFpaka] [INFO] __________________________________________________________________________________________________ (layer_utils:258)
2024-07-17 15:30:18.511 [ALFpaka] [INFO] add_4 (Add)                     (None, 4, 8, 256)    0           conv2d_11[0][0]                   (layer_utils:183)
2024-07-17 15:30:18.512 [ALFpaka] [INFO]                                                                  conv2d_12[0][0]                   (layer_utils:183)
2024-07-17 15:30:18.512 [ALFpaka] [INFO] __________________________________________________________________________________________________ (layer_utils:258)
2024-07-17 15:30:18.512 [ALFpaka] [INFO] global_average_pooling2d (Globa (None, 256)          0           add_4[0][0]                       (layer_utils:183)
2024-07-17 15:30:18.512 [ALFpaka] [INFO] __________________________________________________________________________________________________ (layer_utils:258)
2024-07-17 15:30:18.512 [ALFpaka] [INFO] dense (Dense)                   (None, 3)            771         global_average_pooling2d[0][0]    (layer_utils:183)
2024-07-17 15:30:18.512 [ALFpaka] [INFO] ================================================================================================== (layer_utils:256)
2024-07-17 15:30:18.514 [ALFpaka] [INFO] Total params: 425,859 (layer_utils:267)
2024-07-17 15:30:18.514 [ALFpaka] [INFO] Trainable params: 423,811 (layer_utils:268)
2024-07-17 15:30:18.514 [ALFpaka] [INFO] Non-trainable params: 2,048 (layer_utils:269)
2024-07-17 15:30:18.514 [ALFpaka] [INFO] __________________________________________________________________________________________________ (layer_utils:270)
2024-07-17 15:30:18.515 [ALFpaka] [WARNING] No validation data set! (train_keras_model:188)
2024-07-17 16:39:15.269 [ALFpaka] [INFO] Elapsed training time for cv_step ==> 01:08:57 (evaluate_results:334)
2024-07-17 16:39:15.270 [ALFpaka] [INFO] --- test data size --- (evaluate_results:109)
2024-07-17 16:39:15.270 [ALFpaka] [INFO] X shape --> (611, 64, 128, 2) (evaluate_results:111)
2024-07-17 16:39:15.270 [ALFpaka] [INFO] Y shape --> (611, 3) (evaluate_results:112)
2024-07-17 16:39:15.271 [ALFpaka] [INFO] number of features per frame 2 (evaluate_results:119)
2024-07-17 16:39:15.271 [ALFpaka] [INFO] number of feature frames 611 (evaluate_results:120)
2024-07-17 16:39:21.039 [ALFpaka] [INFO] --- Evaluation results framewise_cv_step_1 --- (evaluate_results:498)
2024-07-17 16:39:21.039 [ALFpaka] [INFO] framewise_cv_step_1 accuracy (unweighted): 0.574468085106383 (evaluate_results:500)
2024-07-17 16:39:21.042 [ALFpaka] [INFO] 
framewise_cv_step_1 confusion Matrix in %: 
[[ 40.85  21.13  38.03]
 [ 38.55  22.89  38.55]
 [ 7.26  8.58  84.16]] (evaluate_results:521)
2024-07-17 16:39:21.042 [ALFpaka] [INFO] framewise_cv_step_1 mean class accuracy: 49.3 % (evaluate_results:522)
2024-07-17 16:39:21.059 [ALFpaka] [INFO] --- Evaluation results filewise_cv_step_1 --- (evaluate_results:498)
2024-07-17 16:39:21.060 [ALFpaka] [INFO] filewise_cv_step_1 accuracy (unweighted): 0.4 (evaluate_results:500)
2024-07-17 16:39:21.061 [ALFpaka] [INFO] 
filewise_cv_step_1 confusion Matrix in %: 
[[ 40.00  10.00  50.00]
 [ 50.00  10.00  40.00]
 [ 0.00  30.00  70.00]] (evaluate_results:521)
2024-07-17 16:39:21.061 [ALFpaka] [INFO] filewise_cv_step_1 mean class accuracy: 40.0 % (evaluate_results:522)
2024-07-17 16:39:21.071 [ALFpaka] [INFO] 
--- Final results after 1 iterations ---
Frame acc mean:       0.574468085106
Frame acc stdev:      0.000000000000
File acc mean:        0.400000000000
File acc stdev:       0.000000000000
Highest file acc:     0.400000000000 (seed = 1)
Lowest file acc:      0.400000000000 (seed = 1)
 (evaluate_results:200)
2024-07-17 16:39:21.071 [ALFpaka] [INFO] Mean Confusion Matrix (framewise): 
[[ 40.85  21.13  38.03]
 [ 38.55  22.89  38.55]
 [ 7.26  8.58  84.16]] (evaluate_results:237)
2024-07-17 16:39:21.072 [ALFpaka] [INFO] Mean Confusion Matrix (filewise): 
[[ 40.00  10.00  50.00]
 [ 50.00  10.00  40.00]
 [ 0.00  30.00  70.00]] (evaluate_results:242)
2024-07-17 16:39:21.077 [ALFpaka] [INFO] Elapsed training time for whole training ==> 01:09:19 (evaluate_results:334)
2024-07-17 16:39:21.081 [ALFpaka] [INFO] Plotting Confusion Matrices ...  (evaluate_results:476)
2024-07-17 16:39:24.578 [ALFpaka] [INFO] Plotting Confusion Matrices ...  (evaluate_results:476)
2024-07-17 16:39:31.898 [ALFpaka] [WARNING] No GIT in PATH variables ([Errno 2] No such file or directory: '.git': '.git') (versioning:24)
2024-07-17 16:39:31.900 [ALFpaka] [INFO] ... FINISH TRAINING ... (start_training_session:96)
2024-07-17 16:39:31.900 [ALFpaka] [INFO] Closing session ...  (start_training_session:105)
2024-07-17 16:39:32.478 [ALFpaka] [INFO] Closing session ... done. (start_training_session:114)
2024-07-17 16:39:32.485 [ALFpaka] [INFO] Parsing result-files in /home/avdata/xtract/rodrjl/sirens_classification_experiments_EU/2_5s_italy_balance (result_parser:249)
2024-07-17 16:39:32.502 [ALFpaka] [INFO] Found 1 files. (result_parser:258)
2024-07-17 16:39:32.523 [ALFpaka] [INFO] Parsing finished and saved to /home/avdata/xtract/rodrjl/sirens_classification_experiments_EU/2_5s_italy_balance/results_final.csv (result_parser:520)
2024-07-17 16:39:32.527 [ALFpaka] [INFO] Parsing finished and saved to /home/avdata/xtract/rodrjl/sirens_classification_experiments_EU/2_5s_italy_balance/results_metrics.csv (result_parser:520)
