2025-04-18 15:31:05.979 [ALFpaka] [INFO] ... START TRAINING ... (__training_session:88)
2025-04-18 15:31:05.980 [ALFpaka] [INFO] Start-Time: 1744983065.9806194 (run_training:126)
2025-04-18 15:31:05.980 [ALFpaka] [INFO] france-ambulance with id 0 (print_class_to_id:153)
2025-04-18 15:31:05.981 [ALFpaka] [INFO] france-firefighter with id 1 (print_class_to_id:153)
2025-04-18 15:31:05.981 [ALFpaka] [INFO] france-police with id 2 (print_class_to_id:153)
2025-04-18 15:31:05.984 [ALFpaka] [INFO] ------ Extracting features ------ (extractAllFeatures:34)
2025-04-18 15:31:06.777 [ALFpaka] [INFO] Extracting features for class france-ambulance with id 0 (extractAndAddFeaturesToDataset:69)
2025-04-18 15:31:39.382 [ALFpaka] [INFO] Extracting features for class france-firefighter with id 1 (extractAndAddFeaturesToDataset:69)
2025-04-18 15:32:15.155 [ALFpaka] [INFO] Extracting features for class france-police with id 2 (extractAndAddFeaturesToDataset:69)
2025-04-18 15:32:44.813 [ALFpaka] [INFO] Extracting features for class france-ambulance with id 0 (extractAndAddFeaturesToDataset:69)
2025-04-18 15:33:13.870 [ALFpaka] [INFO] Extracting features for class france-firefighter with id 1 (extractAndAddFeaturesToDataset:69)
2025-04-18 15:33:46.942 [ALFpaka] [INFO] Extracting features for class france-police with id 2 (extractAndAddFeaturesToDataset:69)
2025-04-18 15:34:18.835 [ALFpaka] [INFO] Training using one GPU (run_training:144)
2025-04-18 15:34:18.836 [ALFpaka] [INFO] --- training data --- (get_dataset_and_print_stats:76)
2025-04-18 15:34:18.836 [ALFpaka] [INFO] france-ambulance number of files 124 (get_dataset_and_print_stats:81)
2025-04-18 15:34:18.836 [ALFpaka] [INFO] france-firefighter number of files 124 (get_dataset_and_print_stats:81)
2025-04-18 15:34:18.837 [ALFpaka] [INFO] france-police number of files 124 (get_dataset_and_print_stats:81)
2025-04-18 15:34:18.837 [ALFpaka] [INFO] --- test data --- (get_dataset_and_print_stats:76)
2025-04-18 15:34:18.838 [ALFpaka] [INFO] france-ambulance number of files 40 (get_dataset_and_print_stats:81)
2025-04-18 15:34:18.838 [ALFpaka] [INFO] france-firefighter number of files 40 (get_dataset_and_print_stats:81)
2025-04-18 15:34:18.838 [ALFpaka] [INFO] france-police number of files 40 (get_dataset_and_print_stats:81)
2025-04-18 15:34:18.919 [ALFpaka] [INFO] Up-Sampling: class france-ambulance by factor 1 (up_sampling_features_one_hot:597)
2025-04-18 15:34:18.921 [ALFpaka] [INFO] Up-Sampling: class france-firefighter by factor 1 (up_sampling_features_one_hot:597)
2025-04-18 15:34:18.922 [ALFpaka] [INFO] Up-Sampling: class france-police by factor 1 (up_sampling_features_one_hot:597)
2025-04-18 15:34:19.332 [ALFpaka] [INFO] --- training data size --- (print_feature_stats:109)
2025-04-18 15:34:19.332 [ALFpaka] [INFO] X shape --> (1860, 64, 128, 1) (print_feature_stats:111)
2025-04-18 15:34:19.332 [ALFpaka] [INFO] Y shape --> (1860, 3) (print_feature_stats:112)
2025-04-18 15:34:19.333 [ALFpaka] [INFO] number of features per frame 1 (print_feature_stats:119)
2025-04-18 15:34:19.333 [ALFpaka] [INFO] number of feature frames 1860 (print_feature_stats:120)
2025-04-18 15:34:19.348 [ALFpaka] [INFO] ---------------- CV step 1 of 1 --------------- (run_training_per_cv_step:363)
2025-04-18 15:34:19.348 [ALFpaka] [WARNING] WARNING: No validation data found! (__train_model_per_cv_step:692)
2025-04-18 15:34:21.009 [ALFpaka] [INFO] Model summary: (__trainModelInternal:135)
2025-04-18 15:34:21.010 [ALFpaka] [INFO] Model: "res_net" (print_summary:185)
2025-04-18 15:34:21.010 [ALFpaka] [INFO] __________________________________________________________________________________________________ (print_summary:186)
2025-04-18 15:34:21.011 [ALFpaka] [INFO] Layer (type)                    Output Shape         Param #     Connected to                      (print_row:183)
2025-04-18 15:34:21.011 [ALFpaka] [INFO] ================================================================================================== (print_summary:188)
2025-04-18 15:34:21.011 [ALFpaka] [INFO] input_1 (InputLayer)            [(None, 64, 128, 1)] 0                                             (print_row:183)
2025-04-18 15:34:21.013 [ALFpaka] [INFO] __________________________________________________________________________________________________ (print_summary:258)
2025-04-18 15:34:21.013 [ALFpaka] [INFO] conv2d (Conv2D)                 (None, 32, 64, 64)   1600        input_1[0][0]                     (print_row:183)
2025-04-18 15:34:21.013 [ALFpaka] [INFO] __________________________________________________________________________________________________ (print_summary:258)
2025-04-18 15:34:21.014 [ALFpaka] [INFO] batch_normalization (BatchNorma (None, 32, 64, 64)   256         conv2d[0][0]                      (print_row:183)
2025-04-18 15:34:21.014 [ALFpaka] [INFO] __________________________________________________________________________________________________ (print_summary:258)
2025-04-18 15:34:21.015 [ALFpaka] [INFO] activation (Activation)         (None, 32, 64, 64)   0           batch_normalization[0][0]         (print_row:183)
2025-04-18 15:34:21.015 [ALFpaka] [INFO] __________________________________________________________________________________________________ (print_summary:258)
2025-04-18 15:34:21.016 [ALFpaka] [INFO] batch_normalization_1 (BatchNor (None, 32, 64, 64)   256         activation[0][0]                  (print_row:183)
2025-04-18 15:34:21.016 [ALFpaka] [INFO] __________________________________________________________________________________________________ (print_summary:258)
2025-04-18 15:34:21.017 [ALFpaka] [INFO] dropout (Dropout)               (None, 32, 64, 64)   0           batch_normalization_1[0][0]       (print_row:183)
2025-04-18 15:34:21.017 [ALFpaka] [INFO] __________________________________________________________________________________________________ (print_summary:258)
2025-04-18 15:34:21.017 [ALFpaka] [INFO] conv2d_1 (Conv2D)               (None, 32, 64, 64)   36864       dropout[0][0]                     (print_row:183)
2025-04-18 15:34:21.018 [ALFpaka] [INFO] __________________________________________________________________________________________________ (print_summary:258)
2025-04-18 15:34:21.018 [ALFpaka] [INFO] activation_1 (Activation)       (None, 32, 64, 64)   0           conv2d_1[0][0]                    (print_row:183)
2025-04-18 15:34:21.018 [ALFpaka] [INFO] __________________________________________________________________________________________________ (print_summary:258)
2025-04-18 15:34:21.019 [ALFpaka] [INFO] batch_normalization_2 (BatchNor (None, 32, 64, 64)   256         activation_1[0][0]                (print_row:183)
2025-04-18 15:34:21.019 [ALFpaka] [INFO] __________________________________________________________________________________________________ (print_summary:258)
2025-04-18 15:34:21.019 [ALFpaka] [INFO] dropout_1 (Dropout)             (None, 32, 64, 64)   0           batch_normalization_2[0][0]       (print_row:183)
2025-04-18 15:34:21.021 [ALFpaka] [INFO] __________________________________________________________________________________________________ (print_summary:258)
2025-04-18 15:34:21.021 [ALFpaka] [INFO] conv2d_2 (Conv2D)               (None, 32, 64, 64)   36864       dropout_1[0][0]                   (print_row:183)
2025-04-18 15:34:21.022 [ALFpaka] [INFO] __________________________________________________________________________________________________ (print_summary:258)
2025-04-18 15:34:21.022 [ALFpaka] [INFO] add (Add)                       (None, 32, 64, 64)   0           conv2d_2[0][0]                    (print_row:183)
2025-04-18 15:34:21.022 [ALFpaka] [INFO]                                                                  batch_normalization[0][0]         (print_row:183)
2025-04-18 15:34:21.023 [ALFpaka] [INFO] __________________________________________________________________________________________________ (print_summary:258)
2025-04-18 15:34:21.023 [ALFpaka] [INFO] average_pooling2d (AveragePooli (None, 16, 32, 64)   0           add[0][0]                         (print_row:183)
2025-04-18 15:34:21.023 [ALFpaka] [INFO] __________________________________________________________________________________________________ (print_summary:258)
2025-04-18 15:34:21.024 [ALFpaka] [INFO] activation_2 (Activation)       (None, 16, 32, 64)   0           average_pooling2d[0][0]           (print_row:183)
2025-04-18 15:34:21.024 [ALFpaka] [INFO] __________________________________________________________________________________________________ (print_summary:258)
2025-04-18 15:34:21.025 [ALFpaka] [INFO] batch_normalization_3 (BatchNor (None, 16, 32, 64)   256         activation_2[0][0]                (print_row:183)
2025-04-18 15:34:21.025 [ALFpaka] [INFO] __________________________________________________________________________________________________ (print_summary:258)
2025-04-18 15:34:21.026 [ALFpaka] [INFO] dropout_2 (Dropout)             (None, 16, 32, 64)   0           batch_normalization_3[0][0]       (print_row:183)
2025-04-18 15:34:21.026 [ALFpaka] [INFO] __________________________________________________________________________________________________ (print_summary:258)
2025-04-18 15:34:21.026 [ALFpaka] [INFO] conv2d_3 (Conv2D)               (None, 16, 32, 64)   36864       dropout_2[0][0]                   (print_row:183)
2025-04-18 15:34:21.027 [ALFpaka] [INFO] __________________________________________________________________________________________________ (print_summary:258)
2025-04-18 15:34:21.027 [ALFpaka] [INFO] activation_3 (Activation)       (None, 16, 32, 64)   0           conv2d_3[0][0]                    (print_row:183)
2025-04-18 15:34:21.028 [ALFpaka] [INFO] __________________________________________________________________________________________________ (print_summary:258)
2025-04-18 15:34:21.028 [ALFpaka] [INFO] batch_normalization_4 (BatchNor (None, 16, 32, 64)   256         activation_3[0][0]                (print_row:183)
2025-04-18 15:34:21.029 [ALFpaka] [INFO] __________________________________________________________________________________________________ (print_summary:258)
2025-04-18 15:34:21.029 [ALFpaka] [INFO] dropout_3 (Dropout)             (None, 16, 32, 64)   0           batch_normalization_4[0][0]       (print_row:183)
2025-04-18 15:34:21.029 [ALFpaka] [INFO] __________________________________________________________________________________________________ (print_summary:258)
2025-04-18 15:34:21.030 [ALFpaka] [INFO] conv2d_4 (Conv2D)               (None, 16, 32, 64)   4096        dropout_3[0][0]                   (print_row:183)
2025-04-18 15:34:21.030 [ALFpaka] [INFO] __________________________________________________________________________________________________ (print_summary:258)
2025-04-18 15:34:21.031 [ALFpaka] [INFO] add_1 (Add)                     (None, 16, 32, 64)   0           conv2d_4[0][0]                    (print_row:183)
2025-04-18 15:34:21.031 [ALFpaka] [INFO]                                                                  average_pooling2d[0][0]           (print_row:183)
2025-04-18 15:34:21.031 [ALFpaka] [INFO] __________________________________________________________________________________________________ (print_summary:258)
2025-04-18 15:34:21.031 [ALFpaka] [INFO] average_pooling2d_1 (AveragePoo (None, 8, 16, 64)    0           add_1[0][0]                       (print_row:183)
2025-04-18 15:34:21.033 [ALFpaka] [INFO] __________________________________________________________________________________________________ (print_summary:258)
2025-04-18 15:34:21.033 [ALFpaka] [INFO] activation_4 (Activation)       (None, 8, 16, 64)    0           average_pooling2d_1[0][0]         (print_row:183)
2025-04-18 15:34:21.033 [ALFpaka] [INFO] __________________________________________________________________________________________________ (print_summary:258)
2025-04-18 15:34:21.034 [ALFpaka] [INFO] batch_normalization_5 (BatchNor (None, 8, 16, 64)    256         activation_4[0][0]                (print_row:183)
2025-04-18 15:34:21.034 [ALFpaka] [INFO] __________________________________________________________________________________________________ (print_summary:258)
2025-04-18 15:34:21.034 [ALFpaka] [INFO] dropout_4 (Dropout)             (None, 8, 16, 64)    0           batch_normalization_5[0][0]       (print_row:183)
2025-04-18 15:34:21.035 [ALFpaka] [INFO] __________________________________________________________________________________________________ (print_summary:258)
2025-04-18 15:34:21.035 [ALFpaka] [INFO] conv2d_5 (Conv2D)               (None, 8, 16, 64)    36864       dropout_4[0][0]                   (print_row:183)
2025-04-18 15:34:21.036 [ALFpaka] [INFO] __________________________________________________________________________________________________ (print_summary:258)
2025-04-18 15:34:21.036 [ALFpaka] [INFO] activation_5 (Activation)       (None, 8, 16, 64)    0           conv2d_5[0][0]                    (print_row:183)
2025-04-18 15:34:21.036 [ALFpaka] [INFO] __________________________________________________________________________________________________ (print_summary:258)
2025-04-18 15:34:21.037 [ALFpaka] [INFO] batch_normalization_6 (BatchNor (None, 8, 16, 64)    256         activation_5[0][0]                (print_row:183)
2025-04-18 15:34:21.037 [ALFpaka] [INFO] __________________________________________________________________________________________________ (print_summary:258)
2025-04-18 15:34:21.037 [ALFpaka] [INFO] dropout_5 (Dropout)             (None, 8, 16, 64)    0           batch_normalization_6[0][0]       (print_row:183)
2025-04-18 15:34:21.039 [ALFpaka] [INFO] __________________________________________________________________________________________________ (print_summary:258)
2025-04-18 15:34:21.039 [ALFpaka] [INFO] conv2d_6 (Conv2D)               (None, 8, 16, 64)    36864       dropout_5[0][0]                   (print_row:183)
2025-04-18 15:34:21.039 [ALFpaka] [INFO] __________________________________________________________________________________________________ (print_summary:258)
2025-04-18 15:34:21.040 [ALFpaka] [INFO] add_2 (Add)                     (None, 8, 16, 64)    0           conv2d_6[0][0]                    (print_row:183)
2025-04-18 15:34:21.040 [ALFpaka] [INFO]                                                                  average_pooling2d_1[0][0]         (print_row:183)
2025-04-18 15:34:21.040 [ALFpaka] [INFO] __________________________________________________________________________________________________ (print_summary:258)
2025-04-18 15:34:21.040 [ALFpaka] [INFO] activation_6 (Activation)       (None, 8, 16, 64)    0           add_2[0][0]                       (print_row:183)
2025-04-18 15:34:21.041 [ALFpaka] [INFO] __________________________________________________________________________________________________ (print_summary:258)
2025-04-18 15:34:21.041 [ALFpaka] [INFO] batch_normalization_7 (BatchNor (None, 8, 16, 64)    256         activation_6[0][0]                (print_row:183)
2025-04-18 15:34:21.042 [ALFpaka] [INFO] __________________________________________________________________________________________________ (print_summary:258)
2025-04-18 15:34:21.042 [ALFpaka] [INFO] dropout_6 (Dropout)             (None, 8, 16, 64)    0           batch_normalization_7[0][0]       (print_row:183)
2025-04-18 15:34:21.044 [ALFpaka] [INFO] __________________________________________________________________________________________________ (print_summary:258)
2025-04-18 15:34:21.044 [ALFpaka] [INFO] conv2d_7 (Conv2D)               (None, 8, 16, 128)   73728       dropout_6[0][0]                   (print_row:183)
2025-04-18 15:34:21.045 [ALFpaka] [INFO] __________________________________________________________________________________________________ (print_summary:258)
2025-04-18 15:34:21.045 [ALFpaka] [INFO] activation_7 (Activation)       (None, 8, 16, 128)   0           conv2d_7[0][0]                    (print_row:183)
2025-04-18 15:34:21.046 [ALFpaka] [INFO] __________________________________________________________________________________________________ (print_summary:258)
2025-04-18 15:34:21.047 [ALFpaka] [INFO] batch_normalization_8 (BatchNor (None, 8, 16, 128)   512         activation_7[0][0]                (print_row:183)
2025-04-18 15:34:21.047 [ALFpaka] [INFO] __________________________________________________________________________________________________ (print_summary:258)
2025-04-18 15:34:21.047 [ALFpaka] [INFO] dropout_7 (Dropout)             (None, 8, 16, 128)   0           batch_normalization_8[0][0]       (print_row:183)
2025-04-18 15:34:21.047 [ALFpaka] [INFO] __________________________________________________________________________________________________ (print_summary:258)
2025-04-18 15:34:21.049 [ALFpaka] [INFO] conv2d_8 (Conv2D)               (None, 8, 16, 128)   16384       dropout_7[0][0]                   (print_row:183)
2025-04-18 15:34:21.049 [ALFpaka] [INFO] __________________________________________________________________________________________________ (print_summary:258)
2025-04-18 15:34:21.050 [ALFpaka] [INFO] conv2d_9 (Conv2D)               (None, 8, 16, 128)   8192        add_2[0][0]                       (print_row:183)
2025-04-18 15:34:21.050 [ALFpaka] [INFO] __________________________________________________________________________________________________ (print_summary:258)
2025-04-18 15:34:21.050 [ALFpaka] [INFO] add_3 (Add)                     (None, 8, 16, 128)   0           conv2d_8[0][0]                    (print_row:183)
2025-04-18 15:34:21.051 [ALFpaka] [INFO]                                                                  conv2d_9[0][0]                    (print_row:183)
2025-04-18 15:34:21.051 [ALFpaka] [INFO] __________________________________________________________________________________________________ (print_summary:258)
2025-04-18 15:34:21.051 [ALFpaka] [INFO] average_pooling2d_2 (AveragePoo (None, 4, 8, 128)    0           add_3[0][0]                       (print_row:183)
2025-04-18 15:34:21.053 [ALFpaka] [INFO] __________________________________________________________________________________________________ (print_summary:258)
2025-04-18 15:34:21.053 [ALFpaka] [INFO] activation_8 (Activation)       (None, 4, 8, 128)    0           average_pooling2d_2[0][0]         (print_row:183)
2025-04-18 15:34:21.053 [ALFpaka] [INFO] __________________________________________________________________________________________________ (print_summary:258)
2025-04-18 15:34:21.054 [ALFpaka] [INFO] batch_normalization_9 (BatchNor (None, 4, 8, 128)    512         activation_8[0][0]                (print_row:183)
2025-04-18 15:34:21.054 [ALFpaka] [INFO] __________________________________________________________________________________________________ (print_summary:258)
2025-04-18 15:34:21.055 [ALFpaka] [INFO] dropout_8 (Dropout)             (None, 4, 8, 128)    0           batch_normalization_9[0][0]       (print_row:183)
2025-04-18 15:34:21.055 [ALFpaka] [INFO] __________________________________________________________________________________________________ (print_summary:258)
2025-04-18 15:34:21.056 [ALFpaka] [INFO] conv2d_10 (Conv2D)              (None, 4, 8, 256)    32768       dropout_8[0][0]                   (print_row:183)
2025-04-18 15:34:21.056 [ALFpaka] [INFO] __________________________________________________________________________________________________ (print_summary:258)
2025-04-18 15:34:21.057 [ALFpaka] [INFO] activation_9 (Activation)       (None, 4, 8, 256)    0           conv2d_10[0][0]                   (print_row:183)
2025-04-18 15:34:21.057 [ALFpaka] [INFO] __________________________________________________________________________________________________ (print_summary:258)
2025-04-18 15:34:21.058 [ALFpaka] [INFO] batch_normalization_10 (BatchNo (None, 4, 8, 256)    1024        activation_9[0][0]                (print_row:183)
2025-04-18 15:34:21.058 [ALFpaka] [INFO] __________________________________________________________________________________________________ (print_summary:258)
2025-04-18 15:34:21.059 [ALFpaka] [INFO] dropout_9 (Dropout)             (None, 4, 8, 256)    0           batch_normalization_10[0][0]      (print_row:183)
2025-04-18 15:34:21.059 [ALFpaka] [INFO] __________________________________________________________________________________________________ (print_summary:258)
2025-04-18 15:34:21.060 [ALFpaka] [INFO] conv2d_11 (Conv2D)              (None, 4, 8, 256)    65536       dropout_9[0][0]                   (print_row:183)
2025-04-18 15:34:21.060 [ALFpaka] [INFO] __________________________________________________________________________________________________ (print_summary:258)
2025-04-18 15:34:21.060 [ALFpaka] [INFO] conv2d_12 (Conv2D)              (None, 4, 8, 256)    32768       average_pooling2d_2[0][0]         (print_row:183)
2025-04-18 15:34:21.061 [ALFpaka] [INFO] __________________________________________________________________________________________________ (print_summary:258)
2025-04-18 15:34:21.061 [ALFpaka] [INFO] add_4 (Add)                     (None, 4, 8, 256)    0           conv2d_11[0][0]                   (print_row:183)
2025-04-18 15:34:21.062 [ALFpaka] [INFO]                                                                  conv2d_12[0][0]                   (print_row:183)
2025-04-18 15:34:21.062 [ALFpaka] [INFO] __________________________________________________________________________________________________ (print_summary:258)
2025-04-18 15:34:21.063 [ALFpaka] [INFO] global_average_pooling2d (Globa (None, 256)          0           add_4[0][0]                       (print_row:183)
2025-04-18 15:34:21.063 [ALFpaka] [INFO] __________________________________________________________________________________________________ (print_summary:258)
2025-04-18 15:34:21.064 [ALFpaka] [INFO] dense (Dense)                   (None, 3)            771         global_average_pooling2d[0][0]    (print_row:183)
2025-04-18 15:34:21.064 [ALFpaka] [INFO] ================================================================================================== (print_summary:256)
2025-04-18 15:34:21.066 [ALFpaka] [INFO] Total params: 424,259 (print_summary:267)
2025-04-18 15:34:21.067 [ALFpaka] [INFO] Trainable params: 422,211 (print_summary:268)
2025-04-18 15:34:21.067 [ALFpaka] [INFO] Non-trainable params: 2,048 (print_summary:269)
2025-04-18 15:34:21.068 [ALFpaka] [INFO] __________________________________________________________________________________________________ (print_summary:270)
2025-04-18 15:34:21.072 [ALFpaka] [WARNING] No validation data set! (__trainModelInternal:188)
2025-04-18 16:03:04.463 [ALFpaka] [WARNING] ... Keyboard-Interrupt ...  (__training_session:98)
2025-04-18 16:03:04.465 [ALFpaka] [INFO] Closing session ...  (__training_session:105)
