2024-06-04 22:01:19.725 [ALFpaka] [INFO] ###################################################### (start_training_session:128)
2024-06-04 22:01:19.726 [ALFpaka] [INFO] ---- Config file 1 of 1 (start_training_session:129)
2024-06-04 22:01:19.726 [ALFpaka] [INFO]  Reading config .... resnet_siren_EU2_wns.json (read_training_config:28)
2024-06-04 22:01:20.176 [ALFpaka] [WARNING] global batch_size ignored when batch_size is set in generator (read_training_config:269)
2024-06-04 22:01:20.191 [ALFpaka] [INFO]  Reading config .... done. (read_training_config:424)
2024-06-04 22:01:20.192 [ALFpaka] [INFO] ... START TRAINING ... (start_training_session:88)
2024-06-04 22:01:20.192 [ALFpaka] [INFO] Start-Time: 1717531280.1924856 (training:126)
2024-06-04 22:01:20.192 [ALFpaka] [INFO] france-ambulance with id 0 (evaluate_results:153)
2024-06-04 22:01:20.192 [ALFpaka] [INFO] france-firefighter with id 1 (evaluate_results:153)
2024-06-04 22:01:20.193 [ALFpaka] [INFO] france-police with id 2 (evaluate_results:153)
2024-06-04 22:01:20.193 [ALFpaka] [INFO] germany-ambulance with id 3 (evaluate_results:153)
2024-06-04 22:01:20.193 [ALFpaka] [INFO] germany-firefighter with id 4 (evaluate_results:153)
2024-06-04 22:01:20.193 [ALFpaka] [INFO] germany-police with id 5 (evaluate_results:153)
2024-06-04 22:01:20.193 [ALFpaka] [INFO] italy-ambulance with id 6 (evaluate_results:153)
2024-06-04 22:01:20.193 [ALFpaka] [INFO] italy-firefighter with id 7 (evaluate_results:153)
2024-06-04 22:01:20.193 [ALFpaka] [INFO] italy-police with id 8 (evaluate_results:153)
2024-06-04 22:01:20.194 [ALFpaka] [INFO] spain-ambulance with id 9 (evaluate_results:153)
2024-06-04 22:01:20.194 [ALFpaka] [INFO] spain-firefighter with id 10 (evaluate_results:153)
2024-06-04 22:01:20.194 [ALFpaka] [INFO] spain-police with id 11 (evaluate_results:153)
2024-06-04 22:01:20.195 [ALFpaka] [INFO] ------ Extracting features ------ (extract_features:34)
2024-06-04 22:01:20.620 [ALFpaka] [INFO] Extracting features for class france-ambulance with id 0 (get_features_for_dataset:69)
2024-06-04 22:01:21.548 [ALFpaka] [WARNING] Log_spec ignored when pcen is set (librosa_extract_methods:84)
2024-06-04 22:01:21.548 [ALFpaka] [WARNING] Log_spec ignored when pcen is set (librosa_extract_methods:84)
2024-06-04 22:01:21.548 [ALFpaka] [WARNING] Log_spec ignored when pcen is set (librosa_extract_methods:84)
2024-06-04 22:01:21.548 [ALFpaka] [WARNING] Log_spec ignored when pcen is set (librosa_extract_methods:84)
2024-06-04 22:01:21.548 [ALFpaka] [WARNING] Log_spec ignored when pcen is set (librosa_extract_methods:84)
2024-06-04 22:01:21.549 [ALFpaka] [WARNING] Log_spec ignored when pcen is set (librosa_extract_methods:84)
2024-06-04 22:01:21.550 [ALFpaka] [WARNING] Log_spec ignored when pcen is set (librosa_extract_methods:84)
2024-06-04 22:01:21.549 [ALFpaka] [WARNING] Log_spec ignored when pcen is set (librosa_extract_methods:84)
2024-06-04 22:01:22.429 [ALFpaka] [INFO] Extracting features for class france-firefighter with id 1 (get_features_for_dataset:69)
2024-06-04 22:01:23.300 [ALFpaka] [WARNING] Log_spec ignored when pcen is set (librosa_extract_methods:84)
2024-06-04 22:01:23.300 [ALFpaka] [WARNING] Log_spec ignored when pcen is set (librosa_extract_methods:84)
2024-06-04 22:01:23.300 [ALFpaka] [WARNING] Log_spec ignored when pcen is set (librosa_extract_methods:84)
2024-06-04 22:01:23.299 [ALFpaka] [WARNING] Log_spec ignored when pcen is set (librosa_extract_methods:84)
2024-06-04 22:01:23.302 [ALFpaka] [WARNING] Log_spec ignored when pcen is set (librosa_extract_methods:84)
2024-06-04 22:01:23.301 [ALFpaka] [WARNING] Log_spec ignored when pcen is set (librosa_extract_methods:84)
2024-06-04 22:01:23.304 [ALFpaka] [WARNING] Log_spec ignored when pcen is set (librosa_extract_methods:84)
2024-06-04 22:01:23.305 [ALFpaka] [WARNING] Log_spec ignored when pcen is set (librosa_extract_methods:84)
2024-06-04 22:01:23.303 [ALFpaka] [WARNING] Log_spec ignored when pcen is set (librosa_extract_methods:84)
2024-06-04 22:01:23.305 [ALFpaka] [WARNING] Log_spec ignored when pcen is set (librosa_extract_methods:84)
2024-06-04 22:01:23.305 [ALFpaka] [WARNING] Log_spec ignored when pcen is set (librosa_extract_methods:84)
2024-06-04 22:01:23.308 [ALFpaka] [WARNING] Log_spec ignored when pcen is set (librosa_extract_methods:84)
2024-06-04 22:01:23.306 [ALFpaka] [WARNING] Log_spec ignored when pcen is set (librosa_extract_methods:84)
2024-06-04 22:01:24.337 [ALFpaka] [INFO] Extracting features for class france-police with id 2 (get_features_for_dataset:69)
2024-06-04 22:01:25.218 [ALFpaka] [WARNING] Log_spec ignored when pcen is set (librosa_extract_methods:84)
2024-06-04 22:01:25.218 [ALFpaka] [WARNING] Log_spec ignored when pcen is set (librosa_extract_methods:84)
2024-06-04 22:01:25.219 [ALFpaka] [WARNING] Log_spec ignored when pcen is set (librosa_extract_methods:84)
2024-06-04 22:01:25.220 [ALFpaka] [WARNING] Log_spec ignored when pcen is set (librosa_extract_methods:84)
2024-06-04 22:01:25.221 [ALFpaka] [WARNING] Log_spec ignored when pcen is set (librosa_extract_methods:84)
2024-06-04 22:01:25.221 [ALFpaka] [WARNING] Log_spec ignored when pcen is set (librosa_extract_methods:84)
2024-06-04 22:01:25.222 [ALFpaka] [WARNING] Log_spec ignored when pcen is set (librosa_extract_methods:84)
2024-06-04 22:01:25.222 [ALFpaka] [WARNING] Log_spec ignored when pcen is set (librosa_extract_methods:84)
2024-06-04 22:01:25.222 [ALFpaka] [WARNING] Log_spec ignored when pcen is set (librosa_extract_methods:84)
2024-06-04 22:01:25.222 [ALFpaka] [WARNING] Log_spec ignored when pcen is set (librosa_extract_methods:84)
2024-06-04 22:01:25.223 [ALFpaka] [WARNING] Log_spec ignored when pcen is set (librosa_extract_methods:84)
2024-06-04 22:01:25.223 [ALFpaka] [WARNING] Log_spec ignored when pcen is set (librosa_extract_methods:84)
2024-06-04 22:01:25.225 [ALFpaka] [WARNING] Log_spec ignored when pcen is set (librosa_extract_methods:84)
2024-06-04 22:01:25.225 [ALFpaka] [WARNING] Log_spec ignored when pcen is set (librosa_extract_methods:84)
2024-06-04 22:01:25.226 [ALFpaka] [WARNING] Log_spec ignored when pcen is set (librosa_extract_methods:84)
2024-06-04 22:01:25.224 [ALFpaka] [WARNING] Log_spec ignored when pcen is set (librosa_extract_methods:84)
2024-06-04 22:01:26.365 [ALFpaka] [INFO] Extracting features for class germany-ambulance with id 3 (get_features_for_dataset:69)
2024-06-04 22:01:27.180 [ALFpaka] [WARNING] Log_spec ignored when pcen is set (librosa_extract_methods:84)
2024-06-04 22:01:27.180 [ALFpaka] [WARNING] Log_spec ignored when pcen is set (librosa_extract_methods:84)
2024-06-04 22:01:27.180 [ALFpaka] [WARNING] Log_spec ignored when pcen is set (librosa_extract_methods:84)
2024-06-04 22:01:27.180 [ALFpaka] [WARNING] Log_spec ignored when pcen is set (librosa_extract_methods:84)
2024-06-04 22:01:27.181 [ALFpaka] [WARNING] Log_spec ignored when pcen is set (librosa_extract_methods:84)
2024-06-04 22:01:27.181 [ALFpaka] [WARNING] Log_spec ignored when pcen is set (librosa_extract_methods:84)
2024-06-04 22:01:27.181 [ALFpaka] [WARNING] Log_spec ignored when pcen is set (librosa_extract_methods:84)
2024-06-04 22:01:27.181 [ALFpaka] [WARNING] Log_spec ignored when pcen is set (librosa_extract_methods:84)
2024-06-04 22:01:27.182 [ALFpaka] [WARNING] Log_spec ignored when pcen is set (librosa_extract_methods:84)
2024-06-04 22:01:27.182 [ALFpaka] [WARNING] Log_spec ignored when pcen is set (librosa_extract_methods:84)
2024-06-04 22:01:27.182 [ALFpaka] [WARNING] Log_spec ignored when pcen is set (librosa_extract_methods:84)
2024-06-04 22:01:27.187 [ALFpaka] [WARNING] Log_spec ignored when pcen is set (librosa_extract_methods:84)
2024-06-04 22:01:27.183 [ALFpaka] [WARNING] Log_spec ignored when pcen is set (librosa_extract_methods:84)
2024-06-04 22:01:27.188 [ALFpaka] [WARNING] Log_spec ignored when pcen is set (librosa_extract_methods:84)
2024-06-04 22:01:27.184 [ALFpaka] [WARNING] Log_spec ignored when pcen is set (librosa_extract_methods:84)
2024-06-04 22:01:27.186 [ALFpaka] [WARNING] Log_spec ignored when pcen is set (librosa_extract_methods:84)
2024-06-04 22:01:27.185 [ALFpaka] [WARNING] Log_spec ignored when pcen is set (librosa_extract_methods:84)
2024-06-04 22:01:28.489 [ALFpaka] [INFO] Extracting features for class germany-firefighter with id 4 (get_features_for_dataset:69)
2024-06-04 22:01:29.313 [ALFpaka] [WARNING] Log_spec ignored when pcen is set (librosa_extract_methods:84)
2024-06-04 22:01:29.313 [ALFpaka] [WARNING] Log_spec ignored when pcen is set (librosa_extract_methods:84)
2024-06-04 22:01:29.313 [ALFpaka] [WARNING] Log_spec ignored when pcen is set (librosa_extract_methods:84)
2024-06-04 22:01:29.313 [ALFpaka] [WARNING] Log_spec ignored when pcen is set (librosa_extract_methods:84)
2024-06-04 22:01:29.313 [ALFpaka] [WARNING] Log_spec ignored when pcen is set (librosa_extract_methods:84)
2024-06-04 22:01:29.313 [ALFpaka] [WARNING] Log_spec ignored when pcen is set (librosa_extract_methods:84)
2024-06-04 22:01:29.314 [ALFpaka] [WARNING] Log_spec ignored when pcen is set (librosa_extract_methods:84)
2024-06-04 22:01:29.314 [ALFpaka] [WARNING] Log_spec ignored when pcen is set (librosa_extract_methods:84)
2024-06-04 22:01:29.314 [ALFpaka] [WARNING] Log_spec ignored when pcen is set (librosa_extract_methods:84)
2024-06-04 22:01:29.314 [ALFpaka] [WARNING] Log_spec ignored when pcen is set (librosa_extract_methods:84)
2024-06-04 22:01:29.315 [ALFpaka] [WARNING] Log_spec ignored when pcen is set (librosa_extract_methods:84)
2024-06-04 22:01:30.169 [ALFpaka] [INFO] Extracting features for class germany-police with id 5 (get_features_for_dataset:69)
2024-06-04 22:01:30.969 [ALFpaka] [WARNING] Log_spec ignored when pcen is set (librosa_extract_methods:84)
2024-06-04 22:01:30.969 [ALFpaka] [WARNING] Log_spec ignored when pcen is set (librosa_extract_methods:84)
2024-06-04 22:01:30.969 [ALFpaka] [WARNING] Log_spec ignored when pcen is set (librosa_extract_methods:84)
2024-06-04 22:01:30.969 [ALFpaka] [WARNING] Log_spec ignored when pcen is set (librosa_extract_methods:84)
2024-06-04 22:01:30.969 [ALFpaka] [WARNING] Log_spec ignored when pcen is set (librosa_extract_methods:84)
2024-06-04 22:01:30.970 [ALFpaka] [WARNING] Log_spec ignored when pcen is set (librosa_extract_methods:84)
2024-06-04 22:01:30.970 [ALFpaka] [WARNING] Log_spec ignored when pcen is set (librosa_extract_methods:84)
2024-06-04 22:01:30.970 [ALFpaka] [WARNING] Log_spec ignored when pcen is set (librosa_extract_methods:84)
2024-06-04 22:01:30.971 [ALFpaka] [WARNING] Log_spec ignored when pcen is set (librosa_extract_methods:84)
2024-06-04 22:01:30.971 [ALFpaka] [WARNING] Log_spec ignored when pcen is set (librosa_extract_methods:84)
2024-06-04 22:01:30.971 [ALFpaka] [WARNING] Log_spec ignored when pcen is set (librosa_extract_methods:84)
2024-06-04 22:01:30.971 [ALFpaka] [WARNING] Log_spec ignored when pcen is set (librosa_extract_methods:84)
2024-06-04 22:01:30.971 [ALFpaka] [WARNING] Log_spec ignored when pcen is set (librosa_extract_methods:84)
2024-06-04 22:01:30.972 [ALFpaka] [WARNING] Log_spec ignored when pcen is set (librosa_extract_methods:84)
2024-06-04 22:01:30.972 [ALFpaka] [WARNING] Log_spec ignored when pcen is set (librosa_extract_methods:84)
2024-06-04 22:01:32.290 [ALFpaka] [INFO] Extracting features for class italy-ambulance with id 6 (get_features_for_dataset:69)
2024-06-04 22:01:33.029 [ALFpaka] [WARNING] Log_spec ignored when pcen is set (librosa_extract_methods:84)
2024-06-04 22:01:33.029 [ALFpaka] [WARNING] Log_spec ignored when pcen is set (librosa_extract_methods:84)
2024-06-04 22:01:33.029 [ALFpaka] [WARNING] Log_spec ignored when pcen is set (librosa_extract_methods:84)
2024-06-04 22:01:33.029 [ALFpaka] [WARNING] Log_spec ignored when pcen is set (librosa_extract_methods:84)
2024-06-04 22:01:33.029 [ALFpaka] [WARNING] Log_spec ignored when pcen is set (librosa_extract_methods:84)
2024-06-04 22:01:33.029 [ALFpaka] [WARNING] Log_spec ignored when pcen is set (librosa_extract_methods:84)
2024-06-04 22:01:33.030 [ALFpaka] [WARNING] Log_spec ignored when pcen is set (librosa_extract_methods:84)
2024-06-04 22:01:33.030 [ALFpaka] [WARNING] Log_spec ignored when pcen is set (librosa_extract_methods:84)
2024-06-04 22:01:33.030 [ALFpaka] [WARNING] Log_spec ignored when pcen is set (librosa_extract_methods:84)
2024-06-04 22:01:33.030 [ALFpaka] [WARNING] Log_spec ignored when pcen is set (librosa_extract_methods:84)
2024-06-04 22:01:33.031 [ALFpaka] [WARNING] Log_spec ignored when pcen is set (librosa_extract_methods:84)
2024-06-04 22:01:33.031 [ALFpaka] [WARNING] Log_spec ignored when pcen is set (librosa_extract_methods:84)
2024-06-04 22:01:33.031 [ALFpaka] [WARNING] Log_spec ignored when pcen is set (librosa_extract_methods:84)
2024-06-04 22:01:34.103 [ALFpaka] [INFO] Extracting features for class italy-firefighter with id 7 (get_features_for_dataset:69)
2024-06-04 22:01:34.810 [ALFpaka] [WARNING] Log_spec ignored when pcen is set (librosa_extract_methods:84)
2024-06-04 22:01:34.810 [ALFpaka] [WARNING] Log_spec ignored when pcen is set (librosa_extract_methods:84)
2024-06-04 22:01:34.810 [ALFpaka] [WARNING] Log_spec ignored when pcen is set (librosa_extract_methods:84)
2024-06-04 22:01:34.811 [ALFpaka] [WARNING] Log_spec ignored when pcen is set (librosa_extract_methods:84)
2024-06-04 22:01:34.811 [ALFpaka] [WARNING] Log_spec ignored when pcen is set (librosa_extract_methods:84)
2024-06-04 22:01:34.811 [ALFpaka] [WARNING] Log_spec ignored when pcen is set (librosa_extract_methods:84)
2024-06-04 22:01:34.811 [ALFpaka] [WARNING] Log_spec ignored when pcen is set (librosa_extract_methods:84)
2024-06-04 22:01:34.811 [ALFpaka] [WARNING] Log_spec ignored when pcen is set (librosa_extract_methods:84)
2024-06-04 22:01:34.812 [ALFpaka] [WARNING] Log_spec ignored when pcen is set (librosa_extract_methods:84)
2024-06-04 22:01:34.812 [ALFpaka] [WARNING] Log_spec ignored when pcen is set (librosa_extract_methods:84)
2024-06-04 22:01:34.812 [ALFpaka] [WARNING] Log_spec ignored when pcen is set (librosa_extract_methods:84)
2024-06-04 22:01:34.812 [ALFpaka] [WARNING] Log_spec ignored when pcen is set (librosa_extract_methods:84)
2024-06-04 22:01:34.813 [ALFpaka] [WARNING] Log_spec ignored when pcen is set (librosa_extract_methods:84)
2024-06-04 22:01:34.813 [ALFpaka] [WARNING] Log_spec ignored when pcen is set (librosa_extract_methods:84)
2024-06-04 22:01:34.821 [ALFpaka] [WARNING] Log_spec ignored when pcen is set (librosa_extract_methods:84)
2024-06-04 22:01:34.821 [ALFpaka] [WARNING] Log_spec ignored when pcen is set (librosa_extract_methods:84)
2024-06-04 22:01:34.821 [ALFpaka] [WARNING] Log_spec ignored when pcen is set (librosa_extract_methods:84)
2024-06-04 22:01:34.822 [ALFpaka] [WARNING] Log_spec ignored when pcen is set (librosa_extract_methods:84)
2024-06-04 22:01:34.823 [ALFpaka] [WARNING] Log_spec ignored when pcen is set (librosa_extract_methods:84)
2024-06-04 22:01:34.822 [ALFpaka] [WARNING] Log_spec ignored when pcen is set (librosa_extract_methods:84)
2024-06-04 22:01:34.825 [ALFpaka] [WARNING] Log_spec ignored when pcen is set (librosa_extract_methods:84)
2024-06-04 22:01:34.827 [ALFpaka] [WARNING] Log_spec ignored when pcen is set (librosa_extract_methods:84)
2024-06-04 22:01:34.830 [ALFpaka] [WARNING] Log_spec ignored when pcen is set (librosa_extract_methods:84)
2024-06-04 22:01:34.826 [ALFpaka] [WARNING] Log_spec ignored when pcen is set (librosa_extract_methods:84)
2024-06-04 22:01:34.824 [ALFpaka] [WARNING] Log_spec ignored when pcen is set (librosa_extract_methods:84)
2024-06-04 22:01:34.831 [ALFpaka] [WARNING] Log_spec ignored when pcen is set (librosa_extract_methods:84)
2024-06-04 22:01:34.832 [ALFpaka] [WARNING] Log_spec ignored when pcen is set (librosa_extract_methods:84)
2024-06-04 22:01:34.829 [ALFpaka] [WARNING] Log_spec ignored when pcen is set (librosa_extract_methods:84)
2024-06-04 22:01:36.599 [ALFpaka] [INFO] Extracting features for class italy-police with id 8 (get_features_for_dataset:69)
2024-06-04 22:01:37.492 [ALFpaka] [WARNING] Log_spec ignored when pcen is set (librosa_extract_methods:84)
2024-06-04 22:01:37.493 [ALFpaka] [WARNING] Log_spec ignored when pcen is set (librosa_extract_methods:84)
2024-06-04 22:01:37.493 [ALFpaka] [WARNING] Log_spec ignored when pcen is set (librosa_extract_methods:84)
2024-06-04 22:01:37.494 [ALFpaka] [WARNING] Log_spec ignored when pcen is set (librosa_extract_methods:84)
2024-06-04 22:01:37.494 [ALFpaka] [WARNING] Log_spec ignored when pcen is set (librosa_extract_methods:84)
2024-06-04 22:01:37.494 [ALFpaka] [WARNING] Log_spec ignored when pcen is set (librosa_extract_methods:84)
2024-06-04 22:01:37.494 [ALFpaka] [WARNING] Log_spec ignored when pcen is set (librosa_extract_methods:84)
2024-06-04 22:01:37.495 [ALFpaka] [WARNING] Log_spec ignored when pcen is set (librosa_extract_methods:84)
2024-06-04 22:01:37.495 [ALFpaka] [WARNING] Log_spec ignored when pcen is set (librosa_extract_methods:84)
2024-06-04 22:01:37.495 [ALFpaka] [WARNING] Log_spec ignored when pcen is set (librosa_extract_methods:84)
2024-06-04 22:01:37.495 [ALFpaka] [WARNING] Log_spec ignored when pcen is set (librosa_extract_methods:84)
2024-06-04 22:01:37.494 [ALFpaka] [WARNING] Log_spec ignored when pcen is set (librosa_extract_methods:84)
2024-06-04 22:01:37.496 [ALFpaka] [WARNING] Log_spec ignored when pcen is set (librosa_extract_methods:84)
2024-06-04 22:01:37.496 [ALFpaka] [WARNING] Log_spec ignored when pcen is set (librosa_extract_methods:84)
2024-06-04 22:01:37.496 [ALFpaka] [WARNING] Log_spec ignored when pcen is set (librosa_extract_methods:84)
2024-06-04 22:01:37.496 [ALFpaka] [WARNING] Log_spec ignored when pcen is set (librosa_extract_methods:84)
2024-06-04 22:01:37.496 [ALFpaka] [WARNING] Log_spec ignored when pcen is set (librosa_extract_methods:84)
2024-06-04 22:01:37.497 [ALFpaka] [WARNING] Log_spec ignored when pcen is set (librosa_extract_methods:84)
2024-06-04 22:01:37.497 [ALFpaka] [WARNING] Log_spec ignored when pcen is set (librosa_extract_methods:84)
2024-06-04 22:01:37.497 [ALFpaka] [WARNING] Log_spec ignored when pcen is set (librosa_extract_methods:84)
2024-06-04 22:01:37.497 [ALFpaka] [WARNING] Log_spec ignored when pcen is set (librosa_extract_methods:84)
2024-06-04 22:01:37.497 [ALFpaka] [WARNING] Log_spec ignored when pcen is set (librosa_extract_methods:84)
2024-06-04 22:01:37.498 [ALFpaka] [WARNING] Log_spec ignored when pcen is set (librosa_extract_methods:84)
2024-06-04 22:01:37.498 [ALFpaka] [WARNING] Log_spec ignored when pcen is set (librosa_extract_methods:84)
2024-06-04 22:01:37.498 [ALFpaka] [WARNING] Log_spec ignored when pcen is set (librosa_extract_methods:84)
2024-06-04 22:01:37.499 [ALFpaka] [WARNING] Log_spec ignored when pcen is set (librosa_extract_methods:84)
2024-06-04 22:01:37.499 [ALFpaka] [WARNING] Log_spec ignored when pcen is set (librosa_extract_methods:84)
2024-06-04 22:01:37.499 [ALFpaka] [WARNING] Log_spec ignored when pcen is set (librosa_extract_methods:84)
2024-06-04 22:01:37.500 [ALFpaka] [WARNING] Log_spec ignored when pcen is set (librosa_extract_methods:84)
2024-06-04 22:01:37.500 [ALFpaka] [WARNING] Log_spec ignored when pcen is set (librosa_extract_methods:84)
2024-06-04 22:01:37.500 [ALFpaka] [WARNING] Log_spec ignored when pcen is set (librosa_extract_methods:84)
2024-06-04 22:01:37.502 [ALFpaka] [WARNING] Log_spec ignored when pcen is set (librosa_extract_methods:84)
2024-06-04 22:01:37.501 [ALFpaka] [WARNING] Log_spec ignored when pcen is set (librosa_extract_methods:84)
2024-06-04 22:01:39.357 [ALFpaka] [INFO] Extracting features for class spain-ambulance with id 9 (get_features_for_dataset:69)
2024-06-04 22:01:40.053 [ALFpaka] [WARNING] Log_spec ignored when pcen is set (librosa_extract_methods:84)
2024-06-04 22:01:40.052 [ALFpaka] [WARNING] Log_spec ignored when pcen is set (librosa_extract_methods:84)
2024-06-04 22:01:40.052 [ALFpaka] [WARNING] Log_spec ignored when pcen is set (librosa_extract_methods:84)
2024-06-04 22:01:40.052 [ALFpaka] [WARNING] Log_spec ignored when pcen is set (librosa_extract_methods:84)
2024-06-04 22:01:40.053 [ALFpaka] [WARNING] Log_spec ignored when pcen is set (librosa_extract_methods:84)
2024-06-04 22:01:40.053 [ALFpaka] [WARNING] Log_spec ignored when pcen is set (librosa_extract_methods:84)
2024-06-04 22:01:40.054 [ALFpaka] [WARNING] Log_spec ignored when pcen is set (librosa_extract_methods:84)
2024-06-04 22:01:40.054 [ALFpaka] [WARNING] Log_spec ignored when pcen is set (librosa_extract_methods:84)
2024-06-04 22:01:40.054 [ALFpaka] [WARNING] Log_spec ignored when pcen is set (librosa_extract_methods:84)
2024-06-04 22:01:40.054 [ALFpaka] [WARNING] Log_spec ignored when pcen is set (librosa_extract_methods:84)
2024-06-04 22:01:40.054 [ALFpaka] [WARNING] Log_spec ignored when pcen is set (librosa_extract_methods:84)
2024-06-04 22:01:40.054 [ALFpaka] [WARNING] Log_spec ignored when pcen is set (librosa_extract_methods:84)
2024-06-04 22:01:40.055 [ALFpaka] [WARNING] Log_spec ignored when pcen is set (librosa_extract_methods:84)
2024-06-04 22:01:40.055 [ALFpaka] [WARNING] Log_spec ignored when pcen is set (librosa_extract_methods:84)
2024-06-04 22:01:40.055 [ALFpaka] [WARNING] Log_spec ignored when pcen is set (librosa_extract_methods:84)
2024-06-04 22:01:40.056 [ALFpaka] [WARNING] Log_spec ignored when pcen is set (librosa_extract_methods:84)
2024-06-04 22:01:40.056 [ALFpaka] [WARNING] Log_spec ignored when pcen is set (librosa_extract_methods:84)
2024-06-04 22:01:40.057 [ALFpaka] [WARNING] Log_spec ignored when pcen is set (librosa_extract_methods:84)
2024-06-04 22:01:41.197 [ALFpaka] [INFO] Extracting features for class spain-firefighter with id 10 (get_features_for_dataset:69)
2024-06-04 22:01:41.763 [ALFpaka] [WARNING] Log_spec ignored when pcen is set (librosa_extract_methods:84)
2024-06-04 22:01:41.764 [ALFpaka] [WARNING] Log_spec ignored when pcen is set (librosa_extract_methods:84)
2024-06-04 22:01:41.764 [ALFpaka] [WARNING] Log_spec ignored when pcen is set (librosa_extract_methods:84)
2024-06-04 22:01:41.764 [ALFpaka] [WARNING] Log_spec ignored when pcen is set (librosa_extract_methods:84)
2024-06-04 22:01:41.764 [ALFpaka] [WARNING] Log_spec ignored when pcen is set (librosa_extract_methods:84)
2024-06-04 22:01:41.764 [ALFpaka] [WARNING] Log_spec ignored when pcen is set (librosa_extract_methods:84)
2024-06-04 22:01:41.765 [ALFpaka] [WARNING] Log_spec ignored when pcen is set (librosa_extract_methods:84)
2024-06-04 22:01:41.765 [ALFpaka] [WARNING] Log_spec ignored when pcen is set (librosa_extract_methods:84)
2024-06-04 22:01:41.765 [ALFpaka] [WARNING] Log_spec ignored when pcen is set (librosa_extract_methods:84)
2024-06-04 22:01:41.765 [ALFpaka] [WARNING] Log_spec ignored when pcen is set (librosa_extract_methods:84)
2024-06-04 22:01:41.765 [ALFpaka] [WARNING] Log_spec ignored when pcen is set (librosa_extract_methods:84)
2024-06-04 22:01:41.766 [ALFpaka] [WARNING] Log_spec ignored when pcen is set (librosa_extract_methods:84)
2024-06-04 22:01:41.766 [ALFpaka] [WARNING] Log_spec ignored when pcen is set (librosa_extract_methods:84)
2024-06-04 22:01:41.766 [ALFpaka] [WARNING] Log_spec ignored when pcen is set (librosa_extract_methods:84)
2024-06-04 22:01:41.766 [ALFpaka] [WARNING] Log_spec ignored when pcen is set (librosa_extract_methods:84)
2024-06-04 22:01:41.766 [ALFpaka] [WARNING] Log_spec ignored when pcen is set (librosa_extract_methods:84)
2024-06-04 22:01:41.766 [ALFpaka] [WARNING] Log_spec ignored when pcen is set (librosa_extract_methods:84)
2024-06-04 22:01:41.766 [ALFpaka] [WARNING] Log_spec ignored when pcen is set (librosa_extract_methods:84)
2024-06-04 22:01:41.767 [ALFpaka] [WARNING] Log_spec ignored when pcen is set (librosa_extract_methods:84)
2024-06-04 22:01:41.767 [ALFpaka] [WARNING] Log_spec ignored when pcen is set (librosa_extract_methods:84)
2024-06-04 22:01:41.767 [ALFpaka] [WARNING] Log_spec ignored when pcen is set (librosa_extract_methods:84)
2024-06-04 22:01:41.767 [ALFpaka] [WARNING] Log_spec ignored when pcen is set (librosa_extract_methods:84)
2024-06-04 22:01:41.767 [ALFpaka] [WARNING] Log_spec ignored when pcen is set (librosa_extract_methods:84)
2024-06-04 22:01:41.768 [ALFpaka] [WARNING] Log_spec ignored when pcen is set (librosa_extract_methods:84)
2024-06-04 22:01:41.768 [ALFpaka] [WARNING] Log_spec ignored when pcen is set (librosa_extract_methods:84)
2024-06-04 22:01:41.768 [ALFpaka] [WARNING] Log_spec ignored when pcen is set (librosa_extract_methods:84)
2024-06-04 22:01:41.768 [ALFpaka] [WARNING] Log_spec ignored when pcen is set (librosa_extract_methods:84)
2024-06-04 22:01:41.770 [ALFpaka] [WARNING] Log_spec ignored when pcen is set (librosa_extract_methods:84)
2024-06-04 22:01:41.771 [ALFpaka] [WARNING] Log_spec ignored when pcen is set (librosa_extract_methods:84)
2024-06-04 22:01:41.771 [ALFpaka] [WARNING] Log_spec ignored when pcen is set (librosa_extract_methods:84)
2024-06-04 22:01:41.772 [ALFpaka] [WARNING] Log_spec ignored when pcen is set (librosa_extract_methods:84)
2024-06-04 22:01:41.774 [ALFpaka] [WARNING] Log_spec ignored when pcen is set (librosa_extract_methods:84)
2024-06-04 22:01:41.773 [ALFpaka] [WARNING] Log_spec ignored when pcen is set (librosa_extract_methods:84)
2024-06-04 22:01:41.775 [ALFpaka] [WARNING] Log_spec ignored when pcen is set (librosa_extract_methods:84)
2024-06-04 22:01:41.775 [ALFpaka] [WARNING] Log_spec ignored when pcen is set (librosa_extract_methods:84)
2024-06-04 22:01:41.775 [ALFpaka] [WARNING] Log_spec ignored when pcen is set (librosa_extract_methods:84)
2024-06-04 22:01:41.775 [ALFpaka] [WARNING] Log_spec ignored when pcen is set (librosa_extract_methods:84)
2024-06-04 22:01:41.775 [ALFpaka] [WARNING] Log_spec ignored when pcen is set (librosa_extract_methods:84)
2024-06-04 22:01:41.776 [ALFpaka] [WARNING] Log_spec ignored when pcen is set (librosa_extract_methods:84)
2024-06-04 22:01:41.775 [ALFpaka] [WARNING] Log_spec ignored when pcen is set (librosa_extract_methods:84)
2024-06-04 22:01:41.780 [ALFpaka] [WARNING] Log_spec ignored when pcen is set (librosa_extract_methods:84)
2024-06-04 22:01:41.779 [ALFpaka] [WARNING] Log_spec ignored when pcen is set (librosa_extract_methods:84)
2024-06-04 22:01:41.777 [ALFpaka] [WARNING] Log_spec ignored when pcen is set (librosa_extract_methods:84)
2024-06-04 22:01:41.781 [ALFpaka] [WARNING] Log_spec ignored when pcen is set (librosa_extract_methods:84)
2024-06-04 22:01:41.803 [ALFpaka] [WARNING] Log_spec ignored when pcen is set (librosa_extract_methods:84)
2024-06-04 22:01:41.784 [ALFpaka] [WARNING] Log_spec ignored when pcen is set (librosa_extract_methods:84)
2024-06-04 22:01:41.782 [ALFpaka] [WARNING] Log_spec ignored when pcen is set (librosa_extract_methods:84)
2024-06-04 22:01:41.784 [ALFpaka] [WARNING] Log_spec ignored when pcen is set (librosa_extract_methods:84)
2024-06-04 22:01:42.456 [ALFpaka] [WARNING] Log_spec ignored when pcen is set (librosa_extract_methods:84)
2024-06-04 22:01:42.847 [ALFpaka] [WARNING] Log_spec ignored when pcen is set (librosa_extract_methods:84)
2024-06-04 22:01:44.452 [ALFpaka] [INFO] Extracting features for class spain-police with id 11 (get_features_for_dataset:69)
2024-06-04 22:01:45.170 [ALFpaka] [WARNING] Log_spec ignored when pcen is set (librosa_extract_methods:84)
2024-06-04 22:01:45.177 [ALFpaka] [WARNING] Log_spec ignored when pcen is set (librosa_extract_methods:84)
2024-06-04 22:01:45.175 [ALFpaka] [WARNING] Log_spec ignored when pcen is set (librosa_extract_methods:84)
2024-06-04 22:01:45.176 [ALFpaka] [WARNING] Log_spec ignored when pcen is set (librosa_extract_methods:84)
2024-06-04 22:01:45.174 [ALFpaka] [WARNING] Log_spec ignored when pcen is set (librosa_extract_methods:84)
2024-06-04 22:01:45.173 [ALFpaka] [WARNING] Log_spec ignored when pcen is set (librosa_extract_methods:84)
2024-06-04 22:01:45.180 [ALFpaka] [WARNING] Log_spec ignored when pcen is set (librosa_extract_methods:84)
2024-06-04 22:01:45.179 [ALFpaka] [WARNING] Log_spec ignored when pcen is set (librosa_extract_methods:84)
2024-06-04 22:01:45.184 [ALFpaka] [WARNING] Log_spec ignored when pcen is set (librosa_extract_methods:84)
2024-06-04 22:01:45.178 [ALFpaka] [WARNING] Log_spec ignored when pcen is set (librosa_extract_methods:84)
2024-06-04 22:01:45.190 [ALFpaka] [WARNING] Log_spec ignored when pcen is set (librosa_extract_methods:84)
2024-06-04 22:01:45.204 [ALFpaka] [WARNING] Log_spec ignored when pcen is set (librosa_extract_methods:84)
2024-06-04 22:01:45.207 [ALFpaka] [WARNING] Log_spec ignored when pcen is set (librosa_extract_methods:84)
2024-06-04 22:01:45.184 [ALFpaka] [WARNING] Log_spec ignored when pcen is set (librosa_extract_methods:84)
2024-06-04 22:01:45.185 [ALFpaka] [WARNING] Log_spec ignored when pcen is set (librosa_extract_methods:84)
2024-06-04 22:01:45.186 [ALFpaka] [WARNING] Log_spec ignored when pcen is set (librosa_extract_methods:84)
2024-06-04 22:01:45.186 [ALFpaka] [WARNING] Log_spec ignored when pcen is set (librosa_extract_methods:84)
2024-06-04 22:01:45.186 [ALFpaka] [WARNING] Log_spec ignored when pcen is set (librosa_extract_methods:84)
2024-06-04 22:01:45.210 [ALFpaka] [WARNING] Log_spec ignored when pcen is set (librosa_extract_methods:84)
2024-06-04 22:01:45.211 [ALFpaka] [WARNING] Log_spec ignored when pcen is set (librosa_extract_methods:84)
2024-06-04 22:01:45.211 [ALFpaka] [WARNING] Log_spec ignored when pcen is set (librosa_extract_methods:84)
2024-06-04 22:01:45.187 [ALFpaka] [WARNING] Log_spec ignored when pcen is set (librosa_extract_methods:84)
2024-06-04 22:01:45.187 [ALFpaka] [WARNING] Log_spec ignored when pcen is set (librosa_extract_methods:84)
2024-06-04 22:01:45.187 [ALFpaka] [WARNING] Log_spec ignored when pcen is set (librosa_extract_methods:84)
2024-06-04 22:01:45.179 [ALFpaka] [WARNING] Log_spec ignored when pcen is set (librosa_extract_methods:84)
2024-06-04 22:01:45.187 [ALFpaka] [WARNING] Log_spec ignored when pcen is set (librosa_extract_methods:84)
2024-06-04 22:01:45.185 [ALFpaka] [WARNING] Log_spec ignored when pcen is set (librosa_extract_methods:84)
2024-06-04 22:01:45.187 [ALFpaka] [WARNING] Log_spec ignored when pcen is set (librosa_extract_methods:84)
2024-06-04 22:01:45.189 [ALFpaka] [WARNING] Log_spec ignored when pcen is set (librosa_extract_methods:84)
2024-06-04 22:01:45.182 [ALFpaka] [WARNING] Log_spec ignored when pcen is set (librosa_extract_methods:84)
2024-06-04 22:01:45.187 [ALFpaka] [WARNING] Log_spec ignored when pcen is set (librosa_extract_methods:84)
2024-06-04 22:01:45.187 [ALFpaka] [WARNING] Log_spec ignored when pcen is set (librosa_extract_methods:84)
2024-06-04 22:01:45.194 [ALFpaka] [WARNING] Log_spec ignored when pcen is set (librosa_extract_methods:84)
2024-06-04 22:01:45.199 [ALFpaka] [WARNING] Log_spec ignored when pcen is set (librosa_extract_methods:84)
2024-06-04 22:01:45.198 [ALFpaka] [WARNING] Log_spec ignored when pcen is set (librosa_extract_methods:84)
2024-06-04 22:01:45.196 [ALFpaka] [WARNING] Log_spec ignored when pcen is set (librosa_extract_methods:84)
2024-06-04 22:01:45.201 [ALFpaka] [WARNING] Log_spec ignored when pcen is set (librosa_extract_methods:84)
2024-06-04 22:01:45.203 [ALFpaka] [WARNING] Log_spec ignored when pcen is set (librosa_extract_methods:84)
2024-06-04 22:01:45.200 [ALFpaka] [WARNING] Log_spec ignored when pcen is set (librosa_extract_methods:84)
2024-06-04 22:01:45.195 [ALFpaka] [WARNING] Log_spec ignored when pcen is set (librosa_extract_methods:84)
2024-06-04 22:01:45.191 [ALFpaka] [WARNING] Log_spec ignored when pcen is set (librosa_extract_methods:84)
2024-06-04 22:01:45.193 [ALFpaka] [WARNING] Log_spec ignored when pcen is set (librosa_extract_methods:84)
2024-06-04 22:01:45.204 [ALFpaka] [WARNING] Log_spec ignored when pcen is set (librosa_extract_methods:84)
2024-06-04 22:01:45.206 [ALFpaka] [WARNING] Log_spec ignored when pcen is set (librosa_extract_methods:84)
2024-06-04 22:01:45.209 [ALFpaka] [WARNING] Log_spec ignored when pcen is set (librosa_extract_methods:84)
2024-06-04 22:01:45.205 [ALFpaka] [WARNING] Log_spec ignored when pcen is set (librosa_extract_methods:84)
2024-06-04 22:01:45.208 [ALFpaka] [WARNING] Log_spec ignored when pcen is set (librosa_extract_methods:84)
2024-06-04 22:01:45.210 [ALFpaka] [WARNING] Log_spec ignored when pcen is set (librosa_extract_methods:84)
2024-06-04 22:01:46.180 [ALFpaka] [WARNING] Log_spec ignored when pcen is set (librosa_extract_methods:84)
2024-06-04 22:01:46.198 [ALFpaka] [WARNING] Log_spec ignored when pcen is set (librosa_extract_methods:84)
2024-06-04 22:01:46.252 [ALFpaka] [WARNING] Log_spec ignored when pcen is set (librosa_extract_methods:84)
2024-06-04 22:01:46.292 [ALFpaka] [WARNING] Log_spec ignored when pcen is set (librosa_extract_methods:84)
2024-06-04 22:01:46.372 [ALFpaka] [WARNING] Log_spec ignored when pcen is set (librosa_extract_methods:84)
2024-06-04 22:01:47.064 [ALFpaka] [WARNING] Log_spec ignored when pcen is set (librosa_extract_methods:84)
2024-06-04 22:01:47.065 [ALFpaka] [WARNING] Log_spec ignored when pcen is set (librosa_extract_methods:84)
2024-06-04 22:01:47.069 [ALFpaka] [WARNING] Log_spec ignored when pcen is set (librosa_extract_methods:84)
2024-06-04 22:01:47.062 [ALFpaka] [WARNING] Log_spec ignored when pcen is set (librosa_extract_methods:84)
2024-06-04 22:01:47.302 [ALFpaka] [WARNING] Log_spec ignored when pcen is set (librosa_extract_methods:84)
2024-06-04 22:01:47.299 [ALFpaka] [WARNING] Log_spec ignored when pcen is set (librosa_extract_methods:84)
2024-06-04 22:01:47.301 [ALFpaka] [WARNING] Log_spec ignored when pcen is set (librosa_extract_methods:84)
2024-06-04 22:01:47.300 [ALFpaka] [WARNING] Log_spec ignored when pcen is set (librosa_extract_methods:84)
2024-06-04 22:01:47.303 [ALFpaka] [WARNING] Log_spec ignored when pcen is set (librosa_extract_methods:84)
2024-06-04 22:01:47.326 [ALFpaka] [WARNING] Log_spec ignored when pcen is set (librosa_extract_methods:84)
2024-06-04 22:01:47.328 [ALFpaka] [WARNING] Log_spec ignored when pcen is set (librosa_extract_methods:84)
2024-06-04 22:01:47.329 [ALFpaka] [WARNING] Log_spec ignored when pcen is set (librosa_extract_methods:84)
2024-06-04 22:01:47.326 [ALFpaka] [WARNING] Log_spec ignored when pcen is set (librosa_extract_methods:84)
2024-06-04 22:01:47.330 [ALFpaka] [WARNING] Log_spec ignored when pcen is set (librosa_extract_methods:84)
2024-06-04 22:01:47.332 [ALFpaka] [WARNING] Log_spec ignored when pcen is set (librosa_extract_methods:84)
2024-06-04 22:01:47.342 [ALFpaka] [WARNING] Log_spec ignored when pcen is set (librosa_extract_methods:84)
2024-06-04 22:01:47.343 [ALFpaka] [WARNING] Log_spec ignored when pcen is set (librosa_extract_methods:84)
2024-06-04 22:01:47.346 [ALFpaka] [WARNING] Log_spec ignored when pcen is set (librosa_extract_methods:84)
2024-06-04 22:01:47.347 [ALFpaka] [WARNING] Log_spec ignored when pcen is set (librosa_extract_methods:84)
2024-06-04 22:01:47.348 [ALFpaka] [WARNING] Log_spec ignored when pcen is set (librosa_extract_methods:84)
2024-06-04 22:01:47.368 [ALFpaka] [WARNING] Log_spec ignored when pcen is set (librosa_extract_methods:84)
2024-06-04 22:01:47.372 [ALFpaka] [WARNING] Log_spec ignored when pcen is set (librosa_extract_methods:84)
2024-06-04 22:01:47.369 [ALFpaka] [WARNING] Log_spec ignored when pcen is set (librosa_extract_methods:84)
2024-06-04 22:01:47.374 [ALFpaka] [WARNING] Log_spec ignored when pcen is set (librosa_extract_methods:84)
2024-06-04 22:01:47.375 [ALFpaka] [WARNING] Log_spec ignored when pcen is set (librosa_extract_methods:84)
2024-06-04 22:01:47.379 [ALFpaka] [WARNING] Log_spec ignored when pcen is set (librosa_extract_methods:84)
2024-06-04 22:01:47.381 [ALFpaka] [WARNING] Log_spec ignored when pcen is set (librosa_extract_methods:84)
2024-06-04 22:01:47.427 [ALFpaka] [WARNING] Log_spec ignored when pcen is set (librosa_extract_methods:84)
2024-06-04 22:01:47.426 [ALFpaka] [WARNING] Log_spec ignored when pcen is set (librosa_extract_methods:84)
2024-06-04 22:01:47.425 [ALFpaka] [WARNING] Log_spec ignored when pcen is set (librosa_extract_methods:84)
2024-06-04 22:01:47.453 [ALFpaka] [WARNING] Log_spec ignored when pcen is set (librosa_extract_methods:84)
2024-06-04 22:01:47.455 [ALFpaka] [WARNING] Log_spec ignored when pcen is set (librosa_extract_methods:84)
2024-06-04 22:01:47.491 [ALFpaka] [WARNING] Log_spec ignored when pcen is set (librosa_extract_methods:84)
2024-06-04 22:01:47.518 [ALFpaka] [WARNING] Log_spec ignored when pcen is set (librosa_extract_methods:84)
2024-06-04 22:01:47.552 [ALFpaka] [WARNING] Log_spec ignored when pcen is set (librosa_extract_methods:84)
2024-06-04 22:01:47.568 [ALFpaka] [WARNING] Log_spec ignored when pcen is set (librosa_extract_methods:84)
2024-06-04 22:01:47.573 [ALFpaka] [WARNING] Log_spec ignored when pcen is set (librosa_extract_methods:84)
2024-06-04 22:01:47.663 [ALFpaka] [WARNING] Log_spec ignored when pcen is set (librosa_extract_methods:84)
2024-06-04 22:01:47.887 [ALFpaka] [WARNING] Log_spec ignored when pcen is set (librosa_extract_methods:84)
2024-06-04 22:01:48.013 [ALFpaka] [WARNING] Log_spec ignored when pcen is set (librosa_extract_methods:84)
2024-06-04 22:01:48.485 [ALFpaka] [WARNING] Log_spec ignored when pcen is set (librosa_extract_methods:84)
2024-06-04 22:01:48.490 [ALFpaka] [WARNING] Log_spec ignored when pcen is set (librosa_extract_methods:84)
2024-06-04 22:01:48.490 [ALFpaka] [WARNING] Log_spec ignored when pcen is set (librosa_extract_methods:84)
2024-06-04 22:01:48.484 [ALFpaka] [WARNING] Log_spec ignored when pcen is set (librosa_extract_methods:84)
2024-06-04 22:01:48.499 [ALFpaka] [WARNING] Log_spec ignored when pcen is set (librosa_extract_methods:84)
2024-06-04 22:01:48.525 [ALFpaka] [WARNING] Log_spec ignored when pcen is set (librosa_extract_methods:84)
2024-06-04 22:01:49.158 [ALFpaka] [WARNING] Log_spec ignored when pcen is set (librosa_extract_methods:84)
2024-06-04 22:01:49.313 [ALFpaka] [WARNING] Log_spec ignored when pcen is set (librosa_extract_methods:84)
2024-06-04 22:01:49.384 [ALFpaka] [WARNING] Log_spec ignored when pcen is set (librosa_extract_methods:84)
2024-06-04 22:01:49.427 [ALFpaka] [WARNING] Log_spec ignored when pcen is set (librosa_extract_methods:84)
2024-06-04 22:01:49.457 [ALFpaka] [WARNING] Log_spec ignored when pcen is set (librosa_extract_methods:84)
2024-06-04 22:01:49.456 [ALFpaka] [WARNING] Log_spec ignored when pcen is set (librosa_extract_methods:84)
2024-06-04 22:01:49.526 [ALFpaka] [WARNING] Log_spec ignored when pcen is set (librosa_extract_methods:84)
2024-06-04 22:01:49.543 [ALFpaka] [WARNING] Log_spec ignored when pcen is set (librosa_extract_methods:84)
2024-06-04 22:01:49.608 [ALFpaka] [WARNING] Log_spec ignored when pcen is set (librosa_extract_methods:84)
2024-06-04 22:01:49.608 [ALFpaka] [WARNING] Log_spec ignored when pcen is set (librosa_extract_methods:84)
2024-06-04 22:01:49.609 [ALFpaka] [WARNING] Log_spec ignored when pcen is set (librosa_extract_methods:84)
2024-06-04 22:01:49.621 [ALFpaka] [WARNING] Log_spec ignored when pcen is set (librosa_extract_methods:84)
2024-06-04 22:01:49.632 [ALFpaka] [WARNING] Log_spec ignored when pcen is set (librosa_extract_methods:84)
2024-06-04 22:01:49.635 [ALFpaka] [WARNING] Log_spec ignored when pcen is set (librosa_extract_methods:84)
2024-06-04 22:01:49.660 [ALFpaka] [WARNING] Log_spec ignored when pcen is set (librosa_extract_methods:84)
2024-06-04 22:01:49.666 [ALFpaka] [WARNING] Log_spec ignored when pcen is set (librosa_extract_methods:84)
2024-06-04 22:01:49.892 [ALFpaka] [WARNING] Log_spec ignored when pcen is set (librosa_extract_methods:84)
2024-06-04 22:01:49.892 [ALFpaka] [WARNING] Log_spec ignored when pcen is set (librosa_extract_methods:84)
2024-06-04 22:01:49.893 [ALFpaka] [WARNING] Log_spec ignored when pcen is set (librosa_extract_methods:84)
2024-06-04 22:01:49.895 [ALFpaka] [WARNING] Log_spec ignored when pcen is set (librosa_extract_methods:84)
2024-06-04 22:01:49.894 [ALFpaka] [WARNING] Log_spec ignored when pcen is set (librosa_extract_methods:84)
2024-06-04 22:01:50.172 [ALFpaka] [WARNING] Log_spec ignored when pcen is set (librosa_extract_methods:84)
2024-06-04 22:01:50.326 [ALFpaka] [WARNING] Log_spec ignored when pcen is set (librosa_extract_methods:84)
2024-06-04 22:01:50.368 [ALFpaka] [WARNING] Log_spec ignored when pcen is set (librosa_extract_methods:84)
2024-06-04 22:01:50.372 [ALFpaka] [WARNING] Log_spec ignored when pcen is set (librosa_extract_methods:84)
2024-06-04 22:01:50.743 [ALFpaka] [WARNING] Log_spec ignored when pcen is set (librosa_extract_methods:84)
2024-06-04 22:01:50.745 [ALFpaka] [WARNING] Log_spec ignored when pcen is set (librosa_extract_methods:84)
2024-06-04 22:01:50.747 [ALFpaka] [WARNING] Log_spec ignored when pcen is set (librosa_extract_methods:84)
2024-06-04 22:01:50.746 [ALFpaka] [WARNING] Log_spec ignored when pcen is set (librosa_extract_methods:84)
2024-06-04 22:01:50.743 [ALFpaka] [WARNING] Log_spec ignored when pcen is set (librosa_extract_methods:84)
2024-06-04 22:01:50.748 [ALFpaka] [WARNING] Log_spec ignored when pcen is set (librosa_extract_methods:84)
2024-06-04 22:01:50.770 [ALFpaka] [WARNING] Log_spec ignored when pcen is set (librosa_extract_methods:84)
2024-06-04 22:01:50.863 [ALFpaka] [WARNING] Log_spec ignored when pcen is set (librosa_extract_methods:84)
2024-06-04 22:01:53.107 [ALFpaka] [INFO] Extracting features for class france-ambulance with id 0 (get_features_for_dataset:69)
2024-06-04 22:01:54.009 [ALFpaka] [WARNING] Log_spec ignored when pcen is set (librosa_extract_methods:84)
2024-06-04 22:01:54.010 [ALFpaka] [WARNING] Log_spec ignored when pcen is set (librosa_extract_methods:84)
2024-06-04 22:01:54.008 [ALFpaka] [WARNING] Log_spec ignored when pcen is set (librosa_extract_methods:84)
2024-06-04 22:01:54.006 [ALFpaka] [WARNING] Log_spec ignored when pcen is set (librosa_extract_methods:84)
2024-06-04 22:01:54.010 [ALFpaka] [WARNING] Log_spec ignored when pcen is set (librosa_extract_methods:84)
2024-06-04 22:01:54.010 [ALFpaka] [WARNING] Log_spec ignored when pcen is set (librosa_extract_methods:84)
2024-06-04 22:01:54.010 [ALFpaka] [WARNING] Log_spec ignored when pcen is set (librosa_extract_methods:84)
2024-06-04 22:01:54.010 [ALFpaka] [WARNING] Log_spec ignored when pcen is set (librosa_extract_methods:84)
2024-06-04 22:01:54.011 [ALFpaka] [WARNING] Log_spec ignored when pcen is set (librosa_extract_methods:84)
2024-06-04 22:01:54.013 [ALFpaka] [WARNING] Log_spec ignored when pcen is set (librosa_extract_methods:84)
2024-06-04 22:01:55.504 [ALFpaka] [INFO] Extracting features for class france-firefighter with id 1 (get_features_for_dataset:69)
2024-06-04 22:01:56.236 [ALFpaka] [WARNING] Log_spec ignored when pcen is set (librosa_extract_methods:84)
2024-06-04 22:01:56.236 [ALFpaka] [WARNING] Log_spec ignored when pcen is set (librosa_extract_methods:84)
2024-06-04 22:01:56.236 [ALFpaka] [WARNING] Log_spec ignored when pcen is set (librosa_extract_methods:84)
2024-06-04 22:01:56.239 [ALFpaka] [WARNING] Log_spec ignored when pcen is set (librosa_extract_methods:84)
2024-06-04 22:01:56.240 [ALFpaka] [WARNING] Log_spec ignored when pcen is set (librosa_extract_methods:84)
2024-06-04 22:01:56.240 [ALFpaka] [WARNING] Log_spec ignored when pcen is set (librosa_extract_methods:84)
2024-06-04 22:01:56.240 [ALFpaka] [WARNING] Log_spec ignored when pcen is set (librosa_extract_methods:84)
2024-06-04 22:01:56.240 [ALFpaka] [WARNING] Log_spec ignored when pcen is set (librosa_extract_methods:84)
2024-06-04 22:01:56.238 [ALFpaka] [WARNING] Log_spec ignored when pcen is set (librosa_extract_methods:84)
2024-06-04 22:01:56.237 [ALFpaka] [WARNING] Log_spec ignored when pcen is set (librosa_extract_methods:84)
2024-06-04 22:01:57.546 [ALFpaka] [INFO] Extracting features for class france-police with id 2 (get_features_for_dataset:69)
2024-06-04 22:01:58.400 [ALFpaka] [WARNING] Log_spec ignored when pcen is set (librosa_extract_methods:84)
2024-06-04 22:01:58.400 [ALFpaka] [WARNING] Log_spec ignored when pcen is set (librosa_extract_methods:84)
2024-06-04 22:01:58.401 [ALFpaka] [WARNING] Log_spec ignored when pcen is set (librosa_extract_methods:84)
2024-06-04 22:01:58.401 [ALFpaka] [WARNING] Log_spec ignored when pcen is set (librosa_extract_methods:84)
2024-06-04 22:01:58.401 [ALFpaka] [WARNING] Log_spec ignored when pcen is set (librosa_extract_methods:84)
2024-06-04 22:01:58.402 [ALFpaka] [WARNING] Log_spec ignored when pcen is set (librosa_extract_methods:84)
2024-06-04 22:01:58.403 [ALFpaka] [WARNING] Log_spec ignored when pcen is set (librosa_extract_methods:84)
2024-06-04 22:01:58.403 [ALFpaka] [WARNING] Log_spec ignored when pcen is set (librosa_extract_methods:84)
2024-06-04 22:01:58.402 [ALFpaka] [WARNING] Log_spec ignored when pcen is set (librosa_extract_methods:84)
2024-06-04 22:01:58.403 [ALFpaka] [WARNING] Log_spec ignored when pcen is set (librosa_extract_methods:84)
2024-06-04 22:02:00.134 [ALFpaka] [INFO] Extracting features for class germany-ambulance with id 3 (get_features_for_dataset:69)
2024-06-04 22:02:00.879 [ALFpaka] [WARNING] Log_spec ignored when pcen is set (librosa_extract_methods:84)
2024-06-04 22:02:00.879 [ALFpaka] [WARNING] Log_spec ignored when pcen is set (librosa_extract_methods:84)
2024-06-04 22:02:00.879 [ALFpaka] [WARNING] Log_spec ignored when pcen is set (librosa_extract_methods:84)
2024-06-04 22:02:00.880 [ALFpaka] [WARNING] Log_spec ignored when pcen is set (librosa_extract_methods:84)
2024-06-04 22:02:00.879 [ALFpaka] [WARNING] Log_spec ignored when pcen is set (librosa_extract_methods:84)
2024-06-04 22:02:00.881 [ALFpaka] [WARNING] Log_spec ignored when pcen is set (librosa_extract_methods:84)
2024-06-04 22:02:00.881 [ALFpaka] [WARNING] Log_spec ignored when pcen is set (librosa_extract_methods:84)
2024-06-04 22:02:00.882 [ALFpaka] [WARNING] Log_spec ignored when pcen is set (librosa_extract_methods:84)
2024-06-04 22:02:00.882 [ALFpaka] [WARNING] Log_spec ignored when pcen is set (librosa_extract_methods:84)
2024-06-04 22:02:00.883 [ALFpaka] [WARNING] Log_spec ignored when pcen is set (librosa_extract_methods:84)
2024-06-04 22:02:02.288 [ALFpaka] [INFO] Extracting features for class germany-firefighter with id 4 (get_features_for_dataset:69)
2024-06-04 22:02:03.275 [ALFpaka] [WARNING] Log_spec ignored when pcen is set (librosa_extract_methods:84)
2024-06-04 22:02:03.278 [ALFpaka] [WARNING] Log_spec ignored when pcen is set (librosa_extract_methods:84)
2024-06-04 22:02:03.278 [ALFpaka] [WARNING] Log_spec ignored when pcen is set (librosa_extract_methods:84)
2024-06-04 22:02:03.279 [ALFpaka] [WARNING] Log_spec ignored when pcen is set (librosa_extract_methods:84)
2024-06-04 22:02:03.279 [ALFpaka] [WARNING] Log_spec ignored when pcen is set (librosa_extract_methods:84)
2024-06-04 22:02:03.279 [ALFpaka] [WARNING] Log_spec ignored when pcen is set (librosa_extract_methods:84)
2024-06-04 22:02:03.281 [ALFpaka] [WARNING] Log_spec ignored when pcen is set (librosa_extract_methods:84)
2024-06-04 22:02:03.279 [ALFpaka] [WARNING] Log_spec ignored when pcen is set (librosa_extract_methods:84)
2024-06-04 22:02:03.281 [ALFpaka] [WARNING] Log_spec ignored when pcen is set (librosa_extract_methods:84)
2024-06-04 22:02:03.282 [ALFpaka] [WARNING] Log_spec ignored when pcen is set (librosa_extract_methods:84)
2024-06-04 22:02:04.783 [ALFpaka] [INFO] Extracting features for class germany-police with id 5 (get_features_for_dataset:69)
2024-06-04 22:02:05.708 [ALFpaka] [WARNING] Log_spec ignored when pcen is set (librosa_extract_methods:84)
2024-06-04 22:02:05.709 [ALFpaka] [WARNING] Log_spec ignored when pcen is set (librosa_extract_methods:84)
2024-06-04 22:02:05.709 [ALFpaka] [WARNING] Log_spec ignored when pcen is set (librosa_extract_methods:84)
2024-06-04 22:02:05.709 [ALFpaka] [WARNING] Log_spec ignored when pcen is set (librosa_extract_methods:84)
2024-06-04 22:02:05.707 [ALFpaka] [WARNING] Log_spec ignored when pcen is set (librosa_extract_methods:84)
2024-06-04 22:02:05.710 [ALFpaka] [WARNING] Log_spec ignored when pcen is set (librosa_extract_methods:84)
2024-06-04 22:02:05.709 [ALFpaka] [WARNING] Log_spec ignored when pcen is set (librosa_extract_methods:84)
2024-06-04 22:02:05.711 [ALFpaka] [WARNING] Log_spec ignored when pcen is set (librosa_extract_methods:84)
2024-06-04 22:02:05.713 [ALFpaka] [WARNING] Log_spec ignored when pcen is set (librosa_extract_methods:84)
2024-06-04 22:02:05.712 [ALFpaka] [WARNING] Log_spec ignored when pcen is set (librosa_extract_methods:84)
2024-06-04 22:02:07.563 [ALFpaka] [INFO] Extracting features for class italy-ambulance with id 6 (get_features_for_dataset:69)
2024-06-04 22:02:08.230 [ALFpaka] [WARNING] Log_spec ignored when pcen is set (librosa_extract_methods:84)
2024-06-04 22:02:08.230 [ALFpaka] [WARNING] Log_spec ignored when pcen is set (librosa_extract_methods:84)
2024-06-04 22:02:08.231 [ALFpaka] [WARNING] Log_spec ignored when pcen is set (librosa_extract_methods:84)
2024-06-04 22:02:08.231 [ALFpaka] [WARNING] Log_spec ignored when pcen is set (librosa_extract_methods:84)
2024-06-04 22:02:08.231 [ALFpaka] [WARNING] Log_spec ignored when pcen is set (librosa_extract_methods:84)
2024-06-04 22:02:08.231 [ALFpaka] [WARNING] Log_spec ignored when pcen is set (librosa_extract_methods:84)
2024-06-04 22:02:08.231 [ALFpaka] [WARNING] Log_spec ignored when pcen is set (librosa_extract_methods:84)
2024-06-04 22:02:08.231 [ALFpaka] [WARNING] Log_spec ignored when pcen is set (librosa_extract_methods:84)
2024-06-04 22:02:08.232 [ALFpaka] [WARNING] Log_spec ignored when pcen is set (librosa_extract_methods:84)
2024-06-04 22:02:08.232 [ALFpaka] [WARNING] Log_spec ignored when pcen is set (librosa_extract_methods:84)
2024-06-04 22:02:09.419 [ALFpaka] [INFO] Extracting features for class italy-firefighter with id 7 (get_features_for_dataset:69)
2024-06-04 22:02:10.192 [ALFpaka] [WARNING] Log_spec ignored when pcen is set (librosa_extract_methods:84)
2024-06-04 22:02:10.192 [ALFpaka] [WARNING] Log_spec ignored when pcen is set (librosa_extract_methods:84)
2024-06-04 22:02:10.192 [ALFpaka] [WARNING] Log_spec ignored when pcen is set (librosa_extract_methods:84)
2024-06-04 22:02:10.192 [ALFpaka] [WARNING] Log_spec ignored when pcen is set (librosa_extract_methods:84)
2024-06-04 22:02:10.192 [ALFpaka] [WARNING] Log_spec ignored when pcen is set (librosa_extract_methods:84)
2024-06-04 22:02:10.193 [ALFpaka] [WARNING] Log_spec ignored when pcen is set (librosa_extract_methods:84)
2024-06-04 22:02:10.193 [ALFpaka] [WARNING] Log_spec ignored when pcen is set (librosa_extract_methods:84)
2024-06-04 22:02:10.193 [ALFpaka] [WARNING] Log_spec ignored when pcen is set (librosa_extract_methods:84)
2024-06-04 22:02:10.193 [ALFpaka] [WARNING] Log_spec ignored when pcen is set (librosa_extract_methods:84)
2024-06-04 22:02:11.347 [ALFpaka] [INFO] Extracting features for class italy-police with id 8 (get_features_for_dataset:69)
2024-06-04 22:02:12.235 [ALFpaka] [WARNING] Log_spec ignored when pcen is set (librosa_extract_methods:84)
2024-06-04 22:02:12.237 [ALFpaka] [WARNING] Log_spec ignored when pcen is set (librosa_extract_methods:84)
2024-06-04 22:02:12.257 [ALFpaka] [WARNING] Log_spec ignored when pcen is set (librosa_extract_methods:84)
2024-06-04 22:02:12.271 [ALFpaka] [WARNING] Log_spec ignored when pcen is set (librosa_extract_methods:84)
2024-06-04 22:02:12.273 [ALFpaka] [WARNING] Log_spec ignored when pcen is set (librosa_extract_methods:84)
2024-06-04 22:02:12.273 [ALFpaka] [WARNING] Log_spec ignored when pcen is set (librosa_extract_methods:84)
2024-06-04 22:02:12.273 [ALFpaka] [WARNING] Log_spec ignored when pcen is set (librosa_extract_methods:84)
2024-06-04 22:02:12.274 [ALFpaka] [WARNING] Log_spec ignored when pcen is set (librosa_extract_methods:84)
2024-06-04 22:02:12.276 [ALFpaka] [WARNING] Log_spec ignored when pcen is set (librosa_extract_methods:84)
2024-06-04 22:02:12.274 [ALFpaka] [WARNING] Log_spec ignored when pcen is set (librosa_extract_methods:84)
2024-06-04 22:02:14.311 [ALFpaka] [INFO] Extracting features for class spain-ambulance with id 9 (get_features_for_dataset:69)
2024-06-04 22:02:15.191 [ALFpaka] [WARNING] Log_spec ignored when pcen is set (librosa_extract_methods:84)
2024-06-04 22:02:15.191 [ALFpaka] [WARNING] Log_spec ignored when pcen is set (librosa_extract_methods:84)
2024-06-04 22:02:15.191 [ALFpaka] [WARNING] Log_spec ignored when pcen is set (librosa_extract_methods:84)
2024-06-04 22:02:15.191 [ALFpaka] [WARNING] Log_spec ignored when pcen is set (librosa_extract_methods:84)
2024-06-04 22:02:15.190 [ALFpaka] [WARNING] Log_spec ignored when pcen is set (librosa_extract_methods:84)
2024-06-04 22:02:15.192 [ALFpaka] [WARNING] Log_spec ignored when pcen is set (librosa_extract_methods:84)
2024-06-04 22:02:15.193 [ALFpaka] [WARNING] Log_spec ignored when pcen is set (librosa_extract_methods:84)
2024-06-04 22:02:15.193 [ALFpaka] [WARNING] Log_spec ignored when pcen is set (librosa_extract_methods:84)
2024-06-04 22:02:15.193 [ALFpaka] [WARNING] Log_spec ignored when pcen is set (librosa_extract_methods:84)
2024-06-04 22:02:16.709 [ALFpaka] [INFO] Extracting features for class spain-firefighter with id 10 (get_features_for_dataset:69)
2024-06-04 22:02:17.693 [ALFpaka] [WARNING] Log_spec ignored when pcen is set (librosa_extract_methods:84)
2024-06-04 22:02:17.693 [ALFpaka] [WARNING] Log_spec ignored when pcen is set (librosa_extract_methods:84)
2024-06-04 22:02:17.694 [ALFpaka] [WARNING] Log_spec ignored when pcen is set (librosa_extract_methods:84)
2024-06-04 22:02:17.694 [ALFpaka] [WARNING] Log_spec ignored when pcen is set (librosa_extract_methods:84)
2024-06-04 22:02:17.694 [ALFpaka] [WARNING] Log_spec ignored when pcen is set (librosa_extract_methods:84)
2024-06-04 22:02:17.694 [ALFpaka] [WARNING] Log_spec ignored when pcen is set (librosa_extract_methods:84)
2024-06-04 22:02:17.694 [ALFpaka] [WARNING] Log_spec ignored when pcen is set (librosa_extract_methods:84)
2024-06-04 22:02:18.936 [ALFpaka] [INFO] Extracting features for class spain-police with id 11 (get_features_for_dataset:69)
2024-06-04 22:02:19.479 [ALFpaka] [WARNING] Log_spec ignored when pcen is set (librosa_extract_methods:84)
2024-06-04 22:02:19.480 [ALFpaka] [WARNING] Log_spec ignored when pcen is set (librosa_extract_methods:84)
2024-06-04 22:02:19.481 [ALFpaka] [WARNING] Log_spec ignored when pcen is set (librosa_extract_methods:84)
2024-06-04 22:02:19.479 [ALFpaka] [WARNING] Log_spec ignored when pcen is set (librosa_extract_methods:84)
2024-06-04 22:02:19.482 [ALFpaka] [WARNING] Log_spec ignored when pcen is set (librosa_extract_methods:84)
2024-06-04 22:02:19.482 [ALFpaka] [WARNING] Log_spec ignored when pcen is set (librosa_extract_methods:84)
2024-06-04 22:02:19.482 [ALFpaka] [WARNING] Log_spec ignored when pcen is set (librosa_extract_methods:84)
2024-06-04 22:02:19.482 [ALFpaka] [WARNING] Log_spec ignored when pcen is set (librosa_extract_methods:84)
2024-06-04 22:02:19.483 [ALFpaka] [WARNING] Log_spec ignored when pcen is set (librosa_extract_methods:84)
2024-06-04 22:02:19.481 [ALFpaka] [WARNING] Log_spec ignored when pcen is set (librosa_extract_methods:84)
2024-06-04 22:02:23.082 [ALFpaka] [INFO] Training using one GPU (training:144)
2024-06-04 22:02:23.083 [ALFpaka] [INFO] --- training data --- (evaluate_results:76)
2024-06-04 22:02:23.083 [ALFpaka] [INFO] france-ambulance number of files 8 (evaluate_results:81)
2024-06-04 22:02:23.084 [ALFpaka] [INFO] france-firefighter number of files 13 (evaluate_results:81)
2024-06-04 22:02:23.084 [ALFpaka] [INFO] france-police number of files 16 (evaluate_results:81)
2024-06-04 22:02:23.084 [ALFpaka] [INFO] germany-ambulance number of files 17 (evaluate_results:81)
2024-06-04 22:02:23.084 [ALFpaka] [INFO] germany-firefighter number of files 11 (evaluate_results:81)
2024-06-04 22:02:23.084 [ALFpaka] [INFO] germany-police number of files 15 (evaluate_results:81)
2024-06-04 22:02:23.084 [ALFpaka] [INFO] italy-ambulance number of files 13 (evaluate_results:81)
2024-06-04 22:02:23.085 [ALFpaka] [INFO] italy-firefighter number of files 28 (evaluate_results:81)
2024-06-04 22:02:23.085 [ALFpaka] [INFO] italy-police number of files 33 (evaluate_results:81)
2024-06-04 22:02:23.085 [ALFpaka] [INFO] spain-ambulance number of files 18 (evaluate_results:81)
2024-06-04 22:02:23.085 [ALFpaka] [INFO] spain-firefighter number of files 50 (evaluate_results:81)
2024-06-04 22:02:23.085 [ALFpaka] [INFO] spain-police number of files 132 (evaluate_results:81)
2024-06-04 22:02:23.085 [ALFpaka] [INFO] --- test data --- (evaluate_results:76)
2024-06-04 22:02:23.086 [ALFpaka] [INFO] france-ambulance number of files 10 (evaluate_results:81)
2024-06-04 22:02:23.086 [ALFpaka] [INFO] france-firefighter number of files 10 (evaluate_results:81)
2024-06-04 22:02:23.086 [ALFpaka] [INFO] france-police number of files 10 (evaluate_results:81)
2024-06-04 22:02:23.086 [ALFpaka] [INFO] germany-ambulance number of files 10 (evaluate_results:81)
2024-06-04 22:02:23.086 [ALFpaka] [INFO] germany-firefighter number of files 10 (evaluate_results:81)
2024-06-04 22:02:23.086 [ALFpaka] [INFO] germany-police number of files 10 (evaluate_results:81)
2024-06-04 22:02:23.087 [ALFpaka] [INFO] italy-ambulance number of files 10 (evaluate_results:81)
2024-06-04 22:02:23.087 [ALFpaka] [INFO] italy-firefighter number of files 9 (evaluate_results:81)
2024-06-04 22:02:23.087 [ALFpaka] [INFO] italy-police number of files 10 (evaluate_results:81)
2024-06-04 22:02:23.087 [ALFpaka] [INFO] spain-ambulance number of files 9 (evaluate_results:81)
2024-06-04 22:02:23.087 [ALFpaka] [INFO] spain-firefighter number of files 7 (evaluate_results:81)
2024-06-04 22:02:23.087 [ALFpaka] [INFO] spain-police number of files 10 (evaluate_results:81)
2024-06-04 22:02:23.767 [ALFpaka] [INFO] --- training data size --- (evaluate_results:109)
2024-06-04 22:02:23.767 [ALFpaka] [INFO] X shape --> (1736, 64, 128, 2) (evaluate_results:111)
2024-06-04 22:02:23.767 [ALFpaka] [INFO] Y shape --> (1736, 12) (evaluate_results:112)
2024-06-04 22:02:23.767 [ALFpaka] [INFO] number of features per frame 2 (evaluate_results:119)
2024-06-04 22:02:23.767 [ALFpaka] [INFO] number of feature frames 1736 (evaluate_results:120)
2024-06-04 22:02:23.769 [ALFpaka] [INFO] ---------------- CV step 1 of 1 --------------- (training:363)
2024-06-04 22:02:23.769 [ALFpaka] [WARNING] WARNING: No validation data found! (training:692)
2024-06-04 22:02:24.183 [ALFpaka] [INFO] Model summary: (train_keras_model:135)
2024-06-04 22:02:24.184 [ALFpaka] [INFO] Model: "res_net" (layer_utils:185)
2024-06-04 22:02:24.184 [ALFpaka] [INFO] __________________________________________________________________________________________________ (layer_utils:186)
2024-06-04 22:02:24.184 [ALFpaka] [INFO] Layer (type)                    Output Shape         Param #     Connected to                      (layer_utils:183)
2024-06-04 22:02:24.184 [ALFpaka] [INFO] ================================================================================================== (layer_utils:188)
2024-06-04 22:02:24.185 [ALFpaka] [INFO] input_1 (InputLayer)            [(None, 64, 128, 2)] 0                                             (layer_utils:183)
2024-06-04 22:02:24.185 [ALFpaka] [INFO] __________________________________________________________________________________________________ (layer_utils:258)
2024-06-04 22:02:24.185 [ALFpaka] [INFO] conv2d (Conv2D)                 (None, 32, 64, 64)   3200        input_1[0][0]                     (layer_utils:183)
2024-06-04 22:02:24.185 [ALFpaka] [INFO] __________________________________________________________________________________________________ (layer_utils:258)
2024-06-04 22:02:24.186 [ALFpaka] [INFO] batch_normalization (BatchNorma (None, 32, 64, 64)   256         conv2d[0][0]                      (layer_utils:183)
2024-06-04 22:02:24.186 [ALFpaka] [INFO] __________________________________________________________________________________________________ (layer_utils:258)
2024-06-04 22:02:24.186 [ALFpaka] [INFO] activation (Activation)         (None, 32, 64, 64)   0           batch_normalization[0][0]         (layer_utils:183)
2024-06-04 22:02:24.186 [ALFpaka] [INFO] __________________________________________________________________________________________________ (layer_utils:258)
2024-06-04 22:02:24.187 [ALFpaka] [INFO] batch_normalization_1 (BatchNor (None, 32, 64, 64)   256         activation[0][0]                  (layer_utils:183)
2024-06-04 22:02:24.187 [ALFpaka] [INFO] __________________________________________________________________________________________________ (layer_utils:258)
2024-06-04 22:02:24.187 [ALFpaka] [INFO] dropout (Dropout)               (None, 32, 64, 64)   0           batch_normalization_1[0][0]       (layer_utils:183)
2024-06-04 22:02:24.187 [ALFpaka] [INFO] __________________________________________________________________________________________________ (layer_utils:258)
2024-06-04 22:02:24.187 [ALFpaka] [INFO] conv2d_1 (Conv2D)               (None, 32, 64, 64)   36864       dropout[0][0]                     (layer_utils:183)
2024-06-04 22:02:24.188 [ALFpaka] [INFO] __________________________________________________________________________________________________ (layer_utils:258)
2024-06-04 22:02:24.188 [ALFpaka] [INFO] activation_1 (Activation)       (None, 32, 64, 64)   0           conv2d_1[0][0]                    (layer_utils:183)
2024-06-04 22:02:24.188 [ALFpaka] [INFO] __________________________________________________________________________________________________ (layer_utils:258)
2024-06-04 22:02:24.188 [ALFpaka] [INFO] batch_normalization_2 (BatchNor (None, 32, 64, 64)   256         activation_1[0][0]                (layer_utils:183)
2024-06-04 22:02:24.188 [ALFpaka] [INFO] __________________________________________________________________________________________________ (layer_utils:258)
2024-06-04 22:02:24.188 [ALFpaka] [INFO] dropout_1 (Dropout)             (None, 32, 64, 64)   0           batch_normalization_2[0][0]       (layer_utils:183)
2024-06-04 22:02:24.189 [ALFpaka] [INFO] __________________________________________________________________________________________________ (layer_utils:258)
2024-06-04 22:02:24.189 [ALFpaka] [INFO] conv2d_2 (Conv2D)               (None, 32, 64, 64)   36864       dropout_1[0][0]                   (layer_utils:183)
2024-06-04 22:02:24.189 [ALFpaka] [INFO] __________________________________________________________________________________________________ (layer_utils:258)
2024-06-04 22:02:24.189 [ALFpaka] [INFO] add (Add)                       (None, 32, 64, 64)   0           conv2d_2[0][0]                    (layer_utils:183)
2024-06-04 22:02:24.189 [ALFpaka] [INFO]                                                                  batch_normalization[0][0]         (layer_utils:183)
2024-06-04 22:02:24.189 [ALFpaka] [INFO] __________________________________________________________________________________________________ (layer_utils:258)
2024-06-04 22:02:24.190 [ALFpaka] [INFO] average_pooling2d (AveragePooli (None, 16, 32, 64)   0           add[0][0]                         (layer_utils:183)
2024-06-04 22:02:24.190 [ALFpaka] [INFO] __________________________________________________________________________________________________ (layer_utils:258)
2024-06-04 22:02:24.190 [ALFpaka] [INFO] activation_2 (Activation)       (None, 16, 32, 64)   0           average_pooling2d[0][0]           (layer_utils:183)
2024-06-04 22:02:24.190 [ALFpaka] [INFO] __________________________________________________________________________________________________ (layer_utils:258)
2024-06-04 22:02:24.190 [ALFpaka] [INFO] batch_normalization_3 (BatchNor (None, 16, 32, 64)   256         activation_2[0][0]                (layer_utils:183)
2024-06-04 22:02:24.191 [ALFpaka] [INFO] __________________________________________________________________________________________________ (layer_utils:258)
2024-06-04 22:02:24.191 [ALFpaka] [INFO] dropout_2 (Dropout)             (None, 16, 32, 64)   0           batch_normalization_3[0][0]       (layer_utils:183)
2024-06-04 22:02:24.191 [ALFpaka] [INFO] __________________________________________________________________________________________________ (layer_utils:258)
2024-06-04 22:02:24.191 [ALFpaka] [INFO] conv2d_3 (Conv2D)               (None, 16, 32, 64)   36864       dropout_2[0][0]                   (layer_utils:183)
2024-06-04 22:02:24.191 [ALFpaka] [INFO] __________________________________________________________________________________________________ (layer_utils:258)
2024-06-04 22:02:24.191 [ALFpaka] [INFO] activation_3 (Activation)       (None, 16, 32, 64)   0           conv2d_3[0][0]                    (layer_utils:183)
2024-06-04 22:02:24.191 [ALFpaka] [INFO] __________________________________________________________________________________________________ (layer_utils:258)
2024-06-04 22:02:24.192 [ALFpaka] [INFO] batch_normalization_4 (BatchNor (None, 16, 32, 64)   256         activation_3[0][0]                (layer_utils:183)
2024-06-04 22:02:24.192 [ALFpaka] [INFO] __________________________________________________________________________________________________ (layer_utils:258)
2024-06-04 22:02:24.192 [ALFpaka] [INFO] dropout_3 (Dropout)             (None, 16, 32, 64)   0           batch_normalization_4[0][0]       (layer_utils:183)
2024-06-04 22:02:24.192 [ALFpaka] [INFO] __________________________________________________________________________________________________ (layer_utils:258)
2024-06-04 22:02:24.192 [ALFpaka] [INFO] conv2d_4 (Conv2D)               (None, 16, 32, 64)   4096        dropout_3[0][0]                   (layer_utils:183)
2024-06-04 22:02:24.193 [ALFpaka] [INFO] __________________________________________________________________________________________________ (layer_utils:258)
2024-06-04 22:02:24.193 [ALFpaka] [INFO] add_1 (Add)                     (None, 16, 32, 64)   0           conv2d_4[0][0]                    (layer_utils:183)
2024-06-04 22:02:24.193 [ALFpaka] [INFO]                                                                  average_pooling2d[0][0]           (layer_utils:183)
2024-06-04 22:02:24.193 [ALFpaka] [INFO] __________________________________________________________________________________________________ (layer_utils:258)
2024-06-04 22:02:24.193 [ALFpaka] [INFO] average_pooling2d_1 (AveragePoo (None, 8, 16, 64)    0           add_1[0][0]                       (layer_utils:183)
2024-06-04 22:02:24.193 [ALFpaka] [INFO] __________________________________________________________________________________________________ (layer_utils:258)
2024-06-04 22:02:24.193 [ALFpaka] [INFO] activation_4 (Activation)       (None, 8, 16, 64)    0           average_pooling2d_1[0][0]         (layer_utils:183)
2024-06-04 22:02:24.194 [ALFpaka] [INFO] __________________________________________________________________________________________________ (layer_utils:258)
2024-06-04 22:02:24.194 [ALFpaka] [INFO] batch_normalization_5 (BatchNor (None, 8, 16, 64)    256         activation_4[0][0]                (layer_utils:183)
2024-06-04 22:02:24.194 [ALFpaka] [INFO] __________________________________________________________________________________________________ (layer_utils:258)
2024-06-04 22:02:24.194 [ALFpaka] [INFO] dropout_4 (Dropout)             (None, 8, 16, 64)    0           batch_normalization_5[0][0]       (layer_utils:183)
2024-06-04 22:02:24.194 [ALFpaka] [INFO] __________________________________________________________________________________________________ (layer_utils:258)
2024-06-04 22:02:24.194 [ALFpaka] [INFO] conv2d_5 (Conv2D)               (None, 8, 16, 64)    36864       dropout_4[0][0]                   (layer_utils:183)
2024-06-04 22:02:24.195 [ALFpaka] [INFO] __________________________________________________________________________________________________ (layer_utils:258)
2024-06-04 22:02:24.195 [ALFpaka] [INFO] activation_5 (Activation)       (None, 8, 16, 64)    0           conv2d_5[0][0]                    (layer_utils:183)
2024-06-04 22:02:24.195 [ALFpaka] [INFO] __________________________________________________________________________________________________ (layer_utils:258)
2024-06-04 22:02:24.195 [ALFpaka] [INFO] batch_normalization_6 (BatchNor (None, 8, 16, 64)    256         activation_5[0][0]                (layer_utils:183)
2024-06-04 22:02:24.195 [ALFpaka] [INFO] __________________________________________________________________________________________________ (layer_utils:258)
2024-06-04 22:02:24.195 [ALFpaka] [INFO] dropout_5 (Dropout)             (None, 8, 16, 64)    0           batch_normalization_6[0][0]       (layer_utils:183)
2024-06-04 22:02:24.196 [ALFpaka] [INFO] __________________________________________________________________________________________________ (layer_utils:258)
2024-06-04 22:02:24.196 [ALFpaka] [INFO] conv2d_6 (Conv2D)               (None, 8, 16, 64)    36864       dropout_5[0][0]                   (layer_utils:183)
2024-06-04 22:02:24.196 [ALFpaka] [INFO] __________________________________________________________________________________________________ (layer_utils:258)
2024-06-04 22:02:24.196 [ALFpaka] [INFO] add_2 (Add)                     (None, 8, 16, 64)    0           conv2d_6[0][0]                    (layer_utils:183)
2024-06-04 22:02:24.196 [ALFpaka] [INFO]                                                                  average_pooling2d_1[0][0]         (layer_utils:183)
2024-06-04 22:02:24.196 [ALFpaka] [INFO] __________________________________________________________________________________________________ (layer_utils:258)
2024-06-04 22:02:24.197 [ALFpaka] [INFO] activation_6 (Activation)       (None, 8, 16, 64)    0           add_2[0][0]                       (layer_utils:183)
2024-06-04 22:02:24.197 [ALFpaka] [INFO] __________________________________________________________________________________________________ (layer_utils:258)
2024-06-04 22:02:24.197 [ALFpaka] [INFO] batch_normalization_7 (BatchNor (None, 8, 16, 64)    256         activation_6[0][0]                (layer_utils:183)
2024-06-04 22:02:24.197 [ALFpaka] [INFO] __________________________________________________________________________________________________ (layer_utils:258)
2024-06-04 22:02:24.197 [ALFpaka] [INFO] dropout_6 (Dropout)             (None, 8, 16, 64)    0           batch_normalization_7[0][0]       (layer_utils:183)
2024-06-04 22:02:24.197 [ALFpaka] [INFO] __________________________________________________________________________________________________ (layer_utils:258)
2024-06-04 22:02:24.198 [ALFpaka] [INFO] conv2d_7 (Conv2D)               (None, 8, 16, 128)   73728       dropout_6[0][0]                   (layer_utils:183)
2024-06-04 22:02:24.198 [ALFpaka] [INFO] __________________________________________________________________________________________________ (layer_utils:258)
2024-06-04 22:02:24.198 [ALFpaka] [INFO] activation_7 (Activation)       (None, 8, 16, 128)   0           conv2d_7[0][0]                    (layer_utils:183)
2024-06-04 22:02:24.198 [ALFpaka] [INFO] __________________________________________________________________________________________________ (layer_utils:258)
2024-06-04 22:02:24.198 [ALFpaka] [INFO] batch_normalization_8 (BatchNor (None, 8, 16, 128)   512         activation_7[0][0]                (layer_utils:183)
2024-06-04 22:02:24.199 [ALFpaka] [INFO] __________________________________________________________________________________________________ (layer_utils:258)
2024-06-04 22:02:24.199 [ALFpaka] [INFO] dropout_7 (Dropout)             (None, 8, 16, 128)   0           batch_normalization_8[0][0]       (layer_utils:183)
2024-06-04 22:02:24.199 [ALFpaka] [INFO] __________________________________________________________________________________________________ (layer_utils:258)
2024-06-04 22:02:24.199 [ALFpaka] [INFO] conv2d_8 (Conv2D)               (None, 8, 16, 128)   16384       dropout_7[0][0]                   (layer_utils:183)
2024-06-04 22:02:24.199 [ALFpaka] [INFO] __________________________________________________________________________________________________ (layer_utils:258)
2024-06-04 22:02:24.199 [ALFpaka] [INFO] conv2d_9 (Conv2D)               (None, 8, 16, 128)   8192        add_2[0][0]                       (layer_utils:183)
2024-06-04 22:02:24.200 [ALFpaka] [INFO] __________________________________________________________________________________________________ (layer_utils:258)
2024-06-04 22:02:24.200 [ALFpaka] [INFO] add_3 (Add)                     (None, 8, 16, 128)   0           conv2d_8[0][0]                    (layer_utils:183)
2024-06-04 22:02:24.200 [ALFpaka] [INFO]                                                                  conv2d_9[0][0]                    (layer_utils:183)
2024-06-04 22:02:24.200 [ALFpaka] [INFO] __________________________________________________________________________________________________ (layer_utils:258)
2024-06-04 22:02:24.200 [ALFpaka] [INFO] average_pooling2d_2 (AveragePoo (None, 4, 8, 128)    0           add_3[0][0]                       (layer_utils:183)
2024-06-04 22:02:24.200 [ALFpaka] [INFO] __________________________________________________________________________________________________ (layer_utils:258)
2024-06-04 22:02:24.200 [ALFpaka] [INFO] activation_8 (Activation)       (None, 4, 8, 128)    0           average_pooling2d_2[0][0]         (layer_utils:183)
2024-06-04 22:02:24.201 [ALFpaka] [INFO] __________________________________________________________________________________________________ (layer_utils:258)
2024-06-04 22:02:24.201 [ALFpaka] [INFO] batch_normalization_9 (BatchNor (None, 4, 8, 128)    512         activation_8[0][0]                (layer_utils:183)
2024-06-04 22:02:24.201 [ALFpaka] [INFO] __________________________________________________________________________________________________ (layer_utils:258)
2024-06-04 22:02:24.201 [ALFpaka] [INFO] dropout_8 (Dropout)             (None, 4, 8, 128)    0           batch_normalization_9[0][0]       (layer_utils:183)
2024-06-04 22:02:24.201 [ALFpaka] [INFO] __________________________________________________________________________________________________ (layer_utils:258)
2024-06-04 22:02:24.201 [ALFpaka] [INFO] conv2d_10 (Conv2D)              (None, 4, 8, 256)    32768       dropout_8[0][0]                   (layer_utils:183)
2024-06-04 22:02:24.202 [ALFpaka] [INFO] __________________________________________________________________________________________________ (layer_utils:258)
2024-06-04 22:02:24.202 [ALFpaka] [INFO] activation_9 (Activation)       (None, 4, 8, 256)    0           conv2d_10[0][0]                   (layer_utils:183)
2024-06-04 22:02:24.202 [ALFpaka] [INFO] __________________________________________________________________________________________________ (layer_utils:258)
2024-06-04 22:02:24.202 [ALFpaka] [INFO] batch_normalization_10 (BatchNo (None, 4, 8, 256)    1024        activation_9[0][0]                (layer_utils:183)
2024-06-04 22:02:24.202 [ALFpaka] [INFO] __________________________________________________________________________________________________ (layer_utils:258)
2024-06-04 22:02:24.203 [ALFpaka] [INFO] dropout_9 (Dropout)             (None, 4, 8, 256)    0           batch_normalization_10[0][0]      (layer_utils:183)
2024-06-04 22:02:24.203 [ALFpaka] [INFO] __________________________________________________________________________________________________ (layer_utils:258)
2024-06-04 22:02:24.203 [ALFpaka] [INFO] conv2d_11 (Conv2D)              (None, 4, 8, 256)    65536       dropout_9[0][0]                   (layer_utils:183)
2024-06-04 22:02:24.203 [ALFpaka] [INFO] __________________________________________________________________________________________________ (layer_utils:258)
2024-06-04 22:02:24.203 [ALFpaka] [INFO] conv2d_12 (Conv2D)              (None, 4, 8, 256)    32768       average_pooling2d_2[0][0]         (layer_utils:183)
2024-06-04 22:02:24.203 [ALFpaka] [INFO] __________________________________________________________________________________________________ (layer_utils:258)
2024-06-04 22:02:24.204 [ALFpaka] [INFO] add_4 (Add)                     (None, 4, 8, 256)    0           conv2d_11[0][0]                   (layer_utils:183)
2024-06-04 22:02:24.204 [ALFpaka] [INFO]                                                                  conv2d_12[0][0]                   (layer_utils:183)
2024-06-04 22:02:24.204 [ALFpaka] [INFO] __________________________________________________________________________________________________ (layer_utils:258)
2024-06-04 22:02:24.204 [ALFpaka] [INFO] global_average_pooling2d (Globa (None, 256)          0           add_4[0][0]                       (layer_utils:183)
2024-06-04 22:02:24.204 [ALFpaka] [INFO] __________________________________________________________________________________________________ (layer_utils:258)
2024-06-04 22:02:24.204 [ALFpaka] [INFO] dense (Dense)                   (None, 12)           3084        global_average_pooling2d[0][0]    (layer_utils:183)
2024-06-04 22:02:24.204 [ALFpaka] [INFO] ================================================================================================== (layer_utils:256)
2024-06-04 22:02:24.206 [ALFpaka] [INFO] Total params: 428,172 (layer_utils:267)
2024-06-04 22:02:24.206 [ALFpaka] [INFO] Trainable params: 426,124 (layer_utils:268)
2024-06-04 22:02:24.206 [ALFpaka] [INFO] Non-trainable params: 2,048 (layer_utils:269)
2024-06-04 22:02:24.206 [ALFpaka] [INFO] __________________________________________________________________________________________________ (layer_utils:270)
2024-06-04 22:02:24.207 [ALFpaka] [WARNING] No validation data set! (train_keras_model:188)
2024-06-05 01:57:41.228 [ALFpaka] [INFO] Elapsed training time for cv_step ==> 03:55:18 (evaluate_results:334)
2024-06-05 01:57:41.229 [ALFpaka] [INFO] --- test data size --- (evaluate_results:109)
2024-06-05 01:57:41.229 [ALFpaka] [INFO] X shape --> (2085, 64, 128, 2) (evaluate_results:111)
2024-06-05 01:57:41.229 [ALFpaka] [INFO] Y shape --> (2085, 12) (evaluate_results:112)
2024-06-05 01:57:41.229 [ALFpaka] [INFO] number of features per frame 2 (evaluate_results:119)
2024-06-05 01:57:41.229 [ALFpaka] [INFO] number of feature frames 2085 (evaluate_results:120)
2024-06-05 01:57:47.061 [ALFpaka] [INFO] --- Evaluation results framewise_cv_step_1 --- (evaluate_results:498)
2024-06-05 01:57:47.062 [ALFpaka] [INFO] framewise_cv_step_1 accuracy (unweighted): 0.24700239808153476 (evaluate_results:500)
2024-06-05 01:57:47.065 [ALFpaka] [INFO] 
framewise_cv_step_1 confusion Matrix in %: 
[[ 0.00  0.58  1.16  2.31  0.58  1.73  1.16  0.00  32.95  19.65  2.89
   36.99]
 [ 13.33  36.67  6.67  4.17  5.00  0.00  0.00  0.00  10.00  5.83  4.17
   14.17]
 [ 0.00  0.00  0.00  15.25  0.00  0.90  0.90  0.00  46.19  13.45  6.73
   16.59]
 [ 0.00  0.00  0.00  2.97  4.95  3.96  4.95  0.99  62.38  0.00  3.96
   15.84]
 [ 0.00  0.00  1.08  27.96  3.23  1.61  0.54  1.08  13.98  0.00  31.18
   19.35]
 [ 0.00  0.45  0.00  9.42  0.90  6.73  4.93  0.90  61.43  0.00  1.35
   13.90]
 [ 0.00  1.41  1.41  0.70  1.41  0.00  30.28  14.08  19.72  4.93  0.70
   25.35]
 [ 0.65  0.00  0.00  5.19  0.65  0.00  33.12  12.34  16.88  7.14  2.60
   21.43]
 [ 0.00  0.33  0.00  0.66  0.00  0.00  11.22  4.29  67.33  2.64  4.62
   8.91]
 [ 0.00  0.00  0.00  0.00  0.00  0.58  0.00  2.33  1.74  66.28  0.00
   29.07]
 [ 0.00  0.00  0.81  0.00  0.00  0.00  0.81  0.00  0.81  54.03  11.29
   32.26]
 [ 1.22  1.22  0.00  7.32  0.61  1.83  2.44  14.63  10.37  25.61  2.44
   32.32]] (evaluate_results:521)
2024-06-05 01:57:47.066 [ALFpaka] [INFO] framewise_cv_step_1 mean class accuracy: 22.45 % (evaluate_results:522)
2024-06-05 01:57:47.117 [ALFpaka] [INFO] --- Evaluation results filewise_cv_step_1 --- (evaluate_results:498)
2024-06-05 01:57:47.118 [ALFpaka] [INFO] filewise_cv_step_1 accuracy (unweighted): 0.25217391304347825 (evaluate_results:500)
2024-06-05 01:57:47.120 [ALFpaka] [INFO] 
filewise_cv_step_1 confusion Matrix in %: 
[[ 0.00  0.00  0.00  0.00  0.00  0.00  0.00  0.00  20.00  20.00  0.00
   60.00]
 [ 0.00  70.00  0.00  0.00  0.00  0.00  0.00  0.00  0.00  10.00  0.00
   20.00]
 [ 0.00  0.00  0.00  0.00  0.00  0.00  0.00  0.00  50.00  10.00  10.00
   30.00]
 [ 0.00  0.00  0.00  0.00  10.00  0.00  0.00  0.00  70.00  0.00  0.00
   20.00]
 [ 0.00  0.00  0.00  10.00  0.00  0.00  0.00  0.00  20.00  0.00  40.00
   30.00]
 [ 0.00  0.00  0.00  10.00  0.00  0.00  0.00  0.00  90.00  0.00  0.00
   0.00]
 [ 0.00  0.00  0.00  0.00  0.00  0.00  30.00  20.00  10.00  0.00  0.00
   40.00]
 [ 0.00  0.00  0.00  0.00  0.00  0.00  55.56  22.22  0.00  0.00  0.00
   22.22]
 [ 0.00  0.00  0.00  0.00  0.00  0.00  10.00  10.00  70.00  0.00  0.00
   10.00]
 [ 0.00  0.00  0.00  0.00  0.00  0.00  0.00  0.00  0.00  55.56  0.00
   44.44]
 [ 0.00  0.00  0.00  0.00  0.00  0.00  0.00  0.00  0.00  57.14  14.29
   28.57]
 [ 0.00  0.00  0.00  10.00  0.00  0.00  0.00  10.00  0.00  40.00  0.00
   40.00]] (evaluate_results:521)
2024-06-05 01:57:47.133 [ALFpaka] [INFO] filewise_cv_step_1 mean class accuracy: 25.17 % (evaluate_results:522)
2024-06-05 01:57:47.143 [ALFpaka] [INFO] 
--- Final results after 1 iterations ---
Frame acc mean:       0.247002398082
Frame acc stdev:      0.000000000000
File acc mean:        0.252173913043
File acc stdev:       0.000000000000
Highest file acc:     0.252173913043 (seed = 1)
Lowest file acc:      0.252173913043 (seed = 1)
 (evaluate_results:200)
2024-06-05 01:57:47.145 [ALFpaka] [INFO] Mean Confusion Matrix (framewise): 
[[ 0.00  0.58  1.16  2.31  0.58  1.73  1.16  0.00  32.95  19.65  2.89
   36.99]
 [ 13.33  36.67  6.67  4.17  5.00  0.00  0.00  0.00  10.00  5.83  4.17
   14.17]
 [ 0.00  0.00  0.00  15.25  0.00  0.90  0.90  0.00  46.19  13.45  6.73
   16.59]
 [ 0.00  0.00  0.00  2.97  4.95  3.96  4.95  0.99  62.38  0.00  3.96
   15.84]
 [ 0.00  0.00  1.08  27.96  3.23  1.61  0.54  1.08  13.98  0.00  31.18
   19.35]
 [ 0.00  0.45  0.00  9.42  0.90  6.73  4.93  0.90  61.43  0.00  1.35
   13.90]
 [ 0.00  1.41  1.41  0.70  1.41  0.00  30.28  14.08  19.72  4.93  0.70
   25.35]
 [ 0.65  0.00  0.00  5.19  0.65  0.00  33.12  12.34  16.88  7.14  2.60
   21.43]
 [ 0.00  0.33  0.00  0.66  0.00  0.00  11.22  4.29  67.33  2.64  4.62
   8.91]
 [ 0.00  0.00  0.00  0.00  0.00  0.58  0.00  2.33  1.74  66.28  0.00
   29.07]
 [ 0.00  0.00  0.81  0.00  0.00  0.00  0.81  0.00  0.81  54.03  11.29
   32.26]
 [ 1.22  1.22  0.00  7.32  0.61  1.83  2.44  14.63  10.37  25.61  2.44
   32.32]] (evaluate_results:237)
2024-06-05 01:57:47.147 [ALFpaka] [INFO] Mean Confusion Matrix (filewise): 
[[ 0.00  0.00  0.00  0.00  0.00  0.00  0.00  0.00  20.00  20.00  0.00
   60.00]
 [ 0.00  70.00  0.00  0.00  0.00  0.00  0.00  0.00  0.00  10.00  0.00
   20.00]
 [ 0.00  0.00  0.00  0.00  0.00  0.00  0.00  0.00  50.00  10.00  10.00
   30.00]
 [ 0.00  0.00  0.00  0.00  10.00  0.00  0.00  0.00  70.00  0.00  0.00
   20.00]
 [ 0.00  0.00  0.00  10.00  0.00  0.00  0.00  0.00  20.00  0.00  40.00
   30.00]
 [ 0.00  0.00  0.00  10.00  0.00  0.00  0.00  0.00  90.00  0.00  0.00
   0.00]
 [ 0.00  0.00  0.00  0.00  0.00  0.00  30.00  20.00  10.00  0.00  0.00
   40.00]
 [ 0.00  0.00  0.00  0.00  0.00  0.00  55.56  22.22  0.00  0.00  0.00
   22.22]
 [ 0.00  0.00  0.00  0.00  0.00  0.00  10.00  10.00  70.00  0.00  0.00
   10.00]
 [ 0.00  0.00  0.00  0.00  0.00  0.00  0.00  0.00  0.00  55.56  0.00
   44.44]
 [ 0.00  0.00  0.00  0.00  0.00  0.00  0.00  0.00  0.00  57.14  14.29
   28.57]
 [ 0.00  0.00  0.00  10.00  0.00  0.00  0.00  10.00  0.00  40.00  0.00
   40.00]] (evaluate_results:242)
2024-06-05 01:57:47.172 [ALFpaka] [INFO] Elapsed training time for whole training ==> 03:56:26 (evaluate_results:334)
2024-06-05 01:57:47.180 [ALFpaka] [INFO] Plotting Confusion Matrices ...  (evaluate_results:476)
2024-06-05 01:57:53.115 [ALFpaka] [INFO] Plotting Confusion Matrices ...  (evaluate_results:476)
2024-06-05 01:58:03.344 [ALFpaka] [WARNING] No GIT in PATH variables ([Errno 2] No such file or directory: '.git': '.git') (versioning:24)
2024-06-05 01:58:03.346 [ALFpaka] [INFO] ... FINISH TRAINING ... (start_training_session:96)
2024-06-05 01:58:03.346 [ALFpaka] [INFO] Closing session ...  (start_training_session:105)
2024-06-05 01:58:03.848 [ALFpaka] [INFO] Closing session ... done. (start_training_session:114)
2024-06-05 01:58:03.869 [ALFpaka] [INFO] Parsing result-files in /home/avdata/xtract/rodrjl/sirens_classification_experiments_EU/sirentype_country_2_5s_wns (result_parser:249)
2024-06-05 01:58:03.882 [ALFpaka] [INFO] Found 1 files. (result_parser:258)
2024-06-05 01:58:03.907 [ALFpaka] [INFO] Parsing finished and saved to /home/avdata/xtract/rodrjl/sirens_classification_experiments_EU/sirentype_country_2_5s_wns/results_final.csv (result_parser:520)
2024-06-05 01:58:03.909 [ALFpaka] [INFO] Parsing finished and saved to /home/avdata/xtract/rodrjl/sirens_classification_experiments_EU/sirentype_country_2_5s_wns/results_metrics.csv (result_parser:520)
