2025-04-21 20:38:53.353 [ALFpaka] [INFO] ###################################################### (start_training_session:128)
2025-04-21 20:38:53.353 [ALFpaka] [INFO] ---- Config file 1 of 1 (start_training_session:129)
2025-04-21 20:38:53.353 [ALFpaka] [INFO]  Reading config .... resnet_siren_EU2_g.json (read_training_config:28)
2025-04-21 20:38:53.991 [ALFpaka] [WARNING] global batch_size ignored when batch_size is set in generator (read_training_config:269)
2025-04-21 20:38:53.995 [ALFpaka] [INFO]  Reading config .... done. (read_training_config:424)
2025-04-21 20:38:54.001 [ALFpaka] [INFO] ... START TRAINING ... (start_training_session:88)
2025-04-21 20:38:54.001 [ALFpaka] [INFO] Start-Time: 1745260734.0017104 (training:126)
2025-04-21 20:38:54.001 [ALFpaka] [INFO] germany-ambulance with id 0 (evaluate_results:153)
2025-04-21 20:38:54.004 [ALFpaka] [INFO] germany-firefighter with id 1 (evaluate_results:153)
2025-04-21 20:38:54.004 [ALFpaka] [INFO] germany-police with id 2 (evaluate_results:153)
2025-04-21 20:38:54.004 [ALFpaka] [INFO] ------ Extracting features ------ (extract_features:34)
2025-04-21 20:38:54.681 [ALFpaka] [INFO] Extracting features for class germany-ambulance with id 0 (get_features_for_dataset:69)
2025-04-21 20:39:25.534 [ALFpaka] [INFO] Extracting features for class germany-firefighter with id 1 (get_features_for_dataset:69)
2025-04-21 20:39:51.931 [ALFpaka] [INFO] Extracting features for class germany-police with id 2 (get_features_for_dataset:69)
2025-04-21 20:40:18.556 [ALFpaka] [INFO] Extracting features for class germany-ambulance with id 0 (get_features_for_dataset:69)
2025-04-21 20:40:44.350 [ALFpaka] [INFO] Extracting features for class germany-firefighter with id 1 (get_features_for_dataset:69)
2025-04-21 20:41:08.759 [ALFpaka] [INFO] Extracting features for class germany-police with id 2 (get_features_for_dataset:69)
2025-04-21 20:41:34.687 [ALFpaka] [INFO] Training using one GPU (training:144)
2025-04-21 20:41:34.687 [ALFpaka] [INFO] --- training data --- (evaluate_results:76)
2025-04-21 20:41:34.687 [ALFpaka] [INFO] germany-ambulance number of files 124 (evaluate_results:81)
2025-04-21 20:41:34.697 [ALFpaka] [INFO] germany-firefighter number of files 124 (evaluate_results:81)
2025-04-21 20:41:34.697 [ALFpaka] [INFO] germany-police number of files 124 (evaluate_results:81)
2025-04-21 20:41:34.697 [ALFpaka] [INFO] --- test data --- (evaluate_results:76)
2025-04-21 20:41:34.697 [ALFpaka] [INFO] germany-ambulance number of files 40 (evaluate_results:81)
2025-04-21 20:41:34.697 [ALFpaka] [INFO] germany-firefighter number of files 40 (evaluate_results:81)
2025-04-21 20:41:34.699 [ALFpaka] [INFO] germany-police number of files 40 (evaluate_results:81)
2025-04-21 20:41:34.911 [ALFpaka] [INFO] --- training data size --- (evaluate_results:109)
2025-04-21 20:41:34.911 [ALFpaka] [INFO] X shape --> (1848, 64, 128, 1) (evaluate_results:111)
2025-04-21 20:41:34.911 [ALFpaka] [INFO] Y shape --> (1848, 3) (evaluate_results:112)
2025-04-21 20:41:34.911 [ALFpaka] [INFO] number of features per frame 1 (evaluate_results:119)
2025-04-21 20:41:34.911 [ALFpaka] [INFO] number of feature frames 1848 (evaluate_results:120)
2025-04-21 20:41:34.930 [ALFpaka] [INFO] ---------------- CV step 1 of 1 --------------- (training:363)
2025-04-21 20:41:34.930 [ALFpaka] [WARNING] WARNING: No validation data found! (training:692)
2025-04-21 20:41:35.134 [ALFpaka] [INFO] Model summary: (train_keras_model:135)
2025-04-21 20:41:35.134 [ALFpaka] [INFO] Model: "res_net" (layer_utils:185)
2025-04-21 20:41:35.134 [ALFpaka] [INFO] __________________________________________________________________________________________________ (layer_utils:186)
2025-04-21 20:41:35.134 [ALFpaka] [INFO] Layer (type)                    Output Shape         Param #     Connected to                      (layer_utils:183)
2025-04-21 20:41:35.134 [ALFpaka] [INFO] ================================================================================================== (layer_utils:188)
2025-04-21 20:41:35.134 [ALFpaka] [INFO] input_1 (InputLayer)            [(None, 64, 128, 1)] 0                                             (layer_utils:183)
2025-04-21 20:41:35.134 [ALFpaka] [INFO] __________________________________________________________________________________________________ (layer_utils:258)
2025-04-21 20:41:35.134 [ALFpaka] [INFO] conv2d (Conv2D)                 (None, 32, 64, 64)   1600        input_1[0][0]                     (layer_utils:183)
2025-04-21 20:41:35.134 [ALFpaka] [INFO] __________________________________________________________________________________________________ (layer_utils:258)
2025-04-21 20:41:35.134 [ALFpaka] [INFO] batch_normalization (BatchNorma (None, 32, 64, 64)   256         conv2d[0][0]                      (layer_utils:183)
2025-04-21 20:41:35.134 [ALFpaka] [INFO] __________________________________________________________________________________________________ (layer_utils:258)
2025-04-21 20:41:35.134 [ALFpaka] [INFO] activation (Activation)         (None, 32, 64, 64)   0           batch_normalization[0][0]         (layer_utils:183)
2025-04-21 20:41:35.134 [ALFpaka] [INFO] __________________________________________________________________________________________________ (layer_utils:258)
2025-04-21 20:41:35.134 [ALFpaka] [INFO] batch_normalization_1 (BatchNor (None, 32, 64, 64)   256         activation[0][0]                  (layer_utils:183)
2025-04-21 20:41:35.134 [ALFpaka] [INFO] __________________________________________________________________________________________________ (layer_utils:258)
2025-04-21 20:41:35.134 [ALFpaka] [INFO] dropout (Dropout)               (None, 32, 64, 64)   0           batch_normalization_1[0][0]       (layer_utils:183)
2025-04-21 20:41:35.134 [ALFpaka] [INFO] __________________________________________________________________________________________________ (layer_utils:258)
2025-04-21 20:41:35.134 [ALFpaka] [INFO] conv2d_1 (Conv2D)               (None, 32, 64, 64)   36864       dropout[0][0]                     (layer_utils:183)
2025-04-21 20:41:35.134 [ALFpaka] [INFO] __________________________________________________________________________________________________ (layer_utils:258)
2025-04-21 20:41:35.134 [ALFpaka] [INFO] activation_1 (Activation)       (None, 32, 64, 64)   0           conv2d_1[0][0]                    (layer_utils:183)
2025-04-21 20:41:35.134 [ALFpaka] [INFO] __________________________________________________________________________________________________ (layer_utils:258)
2025-04-21 20:41:35.134 [ALFpaka] [INFO] batch_normalization_2 (BatchNor (None, 32, 64, 64)   256         activation_1[0][0]                (layer_utils:183)
2025-04-21 20:41:35.134 [ALFpaka] [INFO] __________________________________________________________________________________________________ (layer_utils:258)
2025-04-21 20:41:35.134 [ALFpaka] [INFO] dropout_1 (Dropout)             (None, 32, 64, 64)   0           batch_normalization_2[0][0]       (layer_utils:183)
2025-04-21 20:41:35.134 [ALFpaka] [INFO] __________________________________________________________________________________________________ (layer_utils:258)
2025-04-21 20:41:35.134 [ALFpaka] [INFO] conv2d_2 (Conv2D)               (None, 32, 64, 64)   36864       dropout_1[0][0]                   (layer_utils:183)
2025-04-21 20:41:35.134 [ALFpaka] [INFO] __________________________________________________________________________________________________ (layer_utils:258)
2025-04-21 20:41:35.134 [ALFpaka] [INFO] add (Add)                       (None, 32, 64, 64)   0           conv2d_2[0][0]                    (layer_utils:183)
2025-04-21 20:41:35.134 [ALFpaka] [INFO]                                                                  batch_normalization[0][0]         (layer_utils:183)
2025-04-21 20:41:35.134 [ALFpaka] [INFO] __________________________________________________________________________________________________ (layer_utils:258)
2025-04-21 20:41:35.134 [ALFpaka] [INFO] average_pooling2d (AveragePooli (None, 16, 32, 64)   0           add[0][0]                         (layer_utils:183)
2025-04-21 20:41:35.147 [ALFpaka] [INFO] __________________________________________________________________________________________________ (layer_utils:258)
2025-04-21 20:41:35.147 [ALFpaka] [INFO] activation_2 (Activation)       (None, 16, 32, 64)   0           average_pooling2d[0][0]           (layer_utils:183)
2025-04-21 20:41:35.147 [ALFpaka] [INFO] __________________________________________________________________________________________________ (layer_utils:258)
2025-04-21 20:41:35.147 [ALFpaka] [INFO] batch_normalization_3 (BatchNor (None, 16, 32, 64)   256         activation_2[0][0]                (layer_utils:183)
2025-04-21 20:41:35.148 [ALFpaka] [INFO] __________________________________________________________________________________________________ (layer_utils:258)
2025-04-21 20:41:35.148 [ALFpaka] [INFO] dropout_2 (Dropout)             (None, 16, 32, 64)   0           batch_normalization_3[0][0]       (layer_utils:183)
2025-04-21 20:41:35.148 [ALFpaka] [INFO] __________________________________________________________________________________________________ (layer_utils:258)
2025-04-21 20:41:35.148 [ALFpaka] [INFO] conv2d_3 (Conv2D)               (None, 16, 32, 64)   36864       dropout_2[0][0]                   (layer_utils:183)
2025-04-21 20:41:35.149 [ALFpaka] [INFO] __________________________________________________________________________________________________ (layer_utils:258)
2025-04-21 20:41:35.149 [ALFpaka] [INFO] activation_3 (Activation)       (None, 16, 32, 64)   0           conv2d_3[0][0]                    (layer_utils:183)
2025-04-21 20:41:35.149 [ALFpaka] [INFO] __________________________________________________________________________________________________ (layer_utils:258)
2025-04-21 20:41:35.149 [ALFpaka] [INFO] batch_normalization_4 (BatchNor (None, 16, 32, 64)   256         activation_3[0][0]                (layer_utils:183)
2025-04-21 20:41:35.149 [ALFpaka] [INFO] __________________________________________________________________________________________________ (layer_utils:258)
2025-04-21 20:41:35.151 [ALFpaka] [INFO] dropout_3 (Dropout)             (None, 16, 32, 64)   0           batch_normalization_4[0][0]       (layer_utils:183)
2025-04-21 20:41:35.151 [ALFpaka] [INFO] __________________________________________________________________________________________________ (layer_utils:258)
2025-04-21 20:41:35.151 [ALFpaka] [INFO] conv2d_4 (Conv2D)               (None, 16, 32, 64)   4096        dropout_3[0][0]                   (layer_utils:183)
2025-04-21 20:41:35.151 [ALFpaka] [INFO] __________________________________________________________________________________________________ (layer_utils:258)
2025-04-21 20:41:35.151 [ALFpaka] [INFO] add_1 (Add)                     (None, 16, 32, 64)   0           conv2d_4[0][0]                    (layer_utils:183)
2025-04-21 20:41:35.151 [ALFpaka] [INFO]                                                                  average_pooling2d[0][0]           (layer_utils:183)
2025-04-21 20:41:35.151 [ALFpaka] [INFO] __________________________________________________________________________________________________ (layer_utils:258)
2025-04-21 20:41:35.151 [ALFpaka] [INFO] average_pooling2d_1 (AveragePoo (None, 8, 16, 64)    0           add_1[0][0]                       (layer_utils:183)
2025-04-21 20:41:35.151 [ALFpaka] [INFO] __________________________________________________________________________________________________ (layer_utils:258)
2025-04-21 20:41:35.151 [ALFpaka] [INFO] activation_4 (Activation)       (None, 8, 16, 64)    0           average_pooling2d_1[0][0]         (layer_utils:183)
2025-04-21 20:41:35.151 [ALFpaka] [INFO] __________________________________________________________________________________________________ (layer_utils:258)
2025-04-21 20:41:35.151 [ALFpaka] [INFO] batch_normalization_5 (BatchNor (None, 8, 16, 64)    256         activation_4[0][0]                (layer_utils:183)
2025-04-21 20:41:35.151 [ALFpaka] [INFO] __________________________________________________________________________________________________ (layer_utils:258)
2025-04-21 20:41:35.151 [ALFpaka] [INFO] dropout_4 (Dropout)             (None, 8, 16, 64)    0           batch_normalization_5[0][0]       (layer_utils:183)
2025-04-21 20:41:35.151 [ALFpaka] [INFO] __________________________________________________________________________________________________ (layer_utils:258)
2025-04-21 20:41:35.151 [ALFpaka] [INFO] conv2d_5 (Conv2D)               (None, 8, 16, 64)    36864       dropout_4[0][0]                   (layer_utils:183)
2025-04-21 20:41:35.151 [ALFpaka] [INFO] __________________________________________________________________________________________________ (layer_utils:258)
2025-04-21 20:41:35.155 [ALFpaka] [INFO] activation_5 (Activation)       (None, 8, 16, 64)    0           conv2d_5[0][0]                    (layer_utils:183)
2025-04-21 20:41:35.155 [ALFpaka] [INFO] __________________________________________________________________________________________________ (layer_utils:258)
2025-04-21 20:41:35.155 [ALFpaka] [INFO] batch_normalization_6 (BatchNor (None, 8, 16, 64)    256         activation_5[0][0]                (layer_utils:183)
2025-04-21 20:41:35.155 [ALFpaka] [INFO] __________________________________________________________________________________________________ (layer_utils:258)
2025-04-21 20:41:35.156 [ALFpaka] [INFO] dropout_5 (Dropout)             (None, 8, 16, 64)    0           batch_normalization_6[0][0]       (layer_utils:183)
2025-04-21 20:41:35.156 [ALFpaka] [INFO] __________________________________________________________________________________________________ (layer_utils:258)
2025-04-21 20:41:35.156 [ALFpaka] [INFO] conv2d_6 (Conv2D)               (None, 8, 16, 64)    36864       dropout_5[0][0]                   (layer_utils:183)
2025-04-21 20:41:35.156 [ALFpaka] [INFO] __________________________________________________________________________________________________ (layer_utils:258)
2025-04-21 20:41:35.157 [ALFpaka] [INFO] add_2 (Add)                     (None, 8, 16, 64)    0           conv2d_6[0][0]                    (layer_utils:183)
2025-04-21 20:41:35.157 [ALFpaka] [INFO]                                                                  average_pooling2d_1[0][0]         (layer_utils:183)
2025-04-21 20:41:35.157 [ALFpaka] [INFO] __________________________________________________________________________________________________ (layer_utils:258)
2025-04-21 20:41:35.157 [ALFpaka] [INFO] activation_6 (Activation)       (None, 8, 16, 64)    0           add_2[0][0]                       (layer_utils:183)
2025-04-21 20:41:35.157 [ALFpaka] [INFO] __________________________________________________________________________________________________ (layer_utils:258)
2025-04-21 20:41:35.158 [ALFpaka] [INFO] batch_normalization_7 (BatchNor (None, 8, 16, 64)    256         activation_6[0][0]                (layer_utils:183)
2025-04-21 20:41:35.158 [ALFpaka] [INFO] __________________________________________________________________________________________________ (layer_utils:258)
2025-04-21 20:41:35.158 [ALFpaka] [INFO] dropout_6 (Dropout)             (None, 8, 16, 64)    0           batch_normalization_7[0][0]       (layer_utils:183)
2025-04-21 20:41:35.158 [ALFpaka] [INFO] __________________________________________________________________________________________________ (layer_utils:258)
2025-04-21 20:41:35.159 [ALFpaka] [INFO] conv2d_7 (Conv2D)               (None, 8, 16, 128)   73728       dropout_6[0][0]                   (layer_utils:183)
2025-04-21 20:41:35.159 [ALFpaka] [INFO] __________________________________________________________________________________________________ (layer_utils:258)
2025-04-21 20:41:35.159 [ALFpaka] [INFO] activation_7 (Activation)       (None, 8, 16, 128)   0           conv2d_7[0][0]                    (layer_utils:183)
2025-04-21 20:41:35.160 [ALFpaka] [INFO] __________________________________________________________________________________________________ (layer_utils:258)
2025-04-21 20:41:35.160 [ALFpaka] [INFO] batch_normalization_8 (BatchNor (None, 8, 16, 128)   512         activation_7[0][0]                (layer_utils:183)
2025-04-21 20:41:35.160 [ALFpaka] [INFO] __________________________________________________________________________________________________ (layer_utils:258)
2025-04-21 20:41:35.160 [ALFpaka] [INFO] dropout_7 (Dropout)             (None, 8, 16, 128)   0           batch_normalization_8[0][0]       (layer_utils:183)
2025-04-21 20:41:35.161 [ALFpaka] [INFO] __________________________________________________________________________________________________ (layer_utils:258)
2025-04-21 20:41:35.161 [ALFpaka] [INFO] conv2d_8 (Conv2D)               (None, 8, 16, 128)   16384       dropout_7[0][0]                   (layer_utils:183)
2025-04-21 20:41:35.161 [ALFpaka] [INFO] __________________________________________________________________________________________________ (layer_utils:258)
2025-04-21 20:41:35.161 [ALFpaka] [INFO] conv2d_9 (Conv2D)               (None, 8, 16, 128)   8192        add_2[0][0]                       (layer_utils:183)
2025-04-21 20:41:35.162 [ALFpaka] [INFO] __________________________________________________________________________________________________ (layer_utils:258)
2025-04-21 20:41:35.162 [ALFpaka] [INFO] add_3 (Add)                     (None, 8, 16, 128)   0           conv2d_8[0][0]                    (layer_utils:183)
2025-04-21 20:41:35.162 [ALFpaka] [INFO]                                                                  conv2d_9[0][0]                    (layer_utils:183)
2025-04-21 20:41:35.162 [ALFpaka] [INFO] __________________________________________________________________________________________________ (layer_utils:258)
2025-04-21 20:41:35.163 [ALFpaka] [INFO] average_pooling2d_2 (AveragePoo (None, 4, 8, 128)    0           add_3[0][0]                       (layer_utils:183)
2025-04-21 20:41:35.163 [ALFpaka] [INFO] __________________________________________________________________________________________________ (layer_utils:258)
2025-04-21 20:41:35.163 [ALFpaka] [INFO] activation_8 (Activation)       (None, 4, 8, 128)    0           average_pooling2d_2[0][0]         (layer_utils:183)
2025-04-21 20:41:35.163 [ALFpaka] [INFO] __________________________________________________________________________________________________ (layer_utils:258)
2025-04-21 20:41:35.163 [ALFpaka] [INFO] batch_normalization_9 (BatchNor (None, 4, 8, 128)    512         activation_8[0][0]                (layer_utils:183)
2025-04-21 20:41:35.165 [ALFpaka] [INFO] __________________________________________________________________________________________________ (layer_utils:258)
2025-04-21 20:41:35.165 [ALFpaka] [INFO] dropout_8 (Dropout)             (None, 4, 8, 128)    0           batch_normalization_9[0][0]       (layer_utils:183)
2025-04-21 20:41:35.165 [ALFpaka] [INFO] __________________________________________________________________________________________________ (layer_utils:258)
2025-04-21 20:41:35.165 [ALFpaka] [INFO] conv2d_10 (Conv2D)              (None, 4, 8, 256)    32768       dropout_8[0][0]                   (layer_utils:183)
2025-04-21 20:41:35.166 [ALFpaka] [INFO] __________________________________________________________________________________________________ (layer_utils:258)
2025-04-21 20:41:35.166 [ALFpaka] [INFO] activation_9 (Activation)       (None, 4, 8, 256)    0           conv2d_10[0][0]                   (layer_utils:183)
2025-04-21 20:41:35.166 [ALFpaka] [INFO] __________________________________________________________________________________________________ (layer_utils:258)
2025-04-21 20:41:35.166 [ALFpaka] [INFO] batch_normalization_10 (BatchNo (None, 4, 8, 256)    1024        activation_9[0][0]                (layer_utils:183)
2025-04-21 20:41:35.167 [ALFpaka] [INFO] __________________________________________________________________________________________________ (layer_utils:258)
2025-04-21 20:41:35.167 [ALFpaka] [INFO] dropout_9 (Dropout)             (None, 4, 8, 256)    0           batch_normalization_10[0][0]      (layer_utils:183)
2025-04-21 20:41:35.167 [ALFpaka] [INFO] __________________________________________________________________________________________________ (layer_utils:258)
2025-04-21 20:41:35.167 [ALFpaka] [INFO] conv2d_11 (Conv2D)              (None, 4, 8, 256)    65536       dropout_9[0][0]                   (layer_utils:183)
2025-04-21 20:41:35.168 [ALFpaka] [INFO] __________________________________________________________________________________________________ (layer_utils:258)
2025-04-21 20:41:35.168 [ALFpaka] [INFO] conv2d_12 (Conv2D)              (None, 4, 8, 256)    32768       average_pooling2d_2[0][0]         (layer_utils:183)
2025-04-21 20:41:35.168 [ALFpaka] [INFO] __________________________________________________________________________________________________ (layer_utils:258)
2025-04-21 20:41:35.168 [ALFpaka] [INFO] add_4 (Add)                     (None, 4, 8, 256)    0           conv2d_11[0][0]                   (layer_utils:183)
2025-04-21 20:41:35.169 [ALFpaka] [INFO]                                                                  conv2d_12[0][0]                   (layer_utils:183)
2025-04-21 20:41:35.169 [ALFpaka] [INFO] __________________________________________________________________________________________________ (layer_utils:258)
2025-04-21 20:41:35.169 [ALFpaka] [INFO] global_average_pooling2d (Globa (None, 256)          0           add_4[0][0]                       (layer_utils:183)
2025-04-21 20:41:35.169 [ALFpaka] [INFO] __________________________________________________________________________________________________ (layer_utils:258)
2025-04-21 20:41:35.170 [ALFpaka] [INFO] dense (Dense)                   (None, 3)            771         global_average_pooling2d[0][0]    (layer_utils:183)
2025-04-21 20:41:35.170 [ALFpaka] [INFO] ================================================================================================== (layer_utils:256)
2025-04-21 20:41:35.171 [ALFpaka] [INFO] Total params: 424,259 (layer_utils:267)
2025-04-21 20:41:35.171 [ALFpaka] [INFO] Trainable params: 422,211 (layer_utils:268)
2025-04-21 20:41:35.172 [ALFpaka] [INFO] Non-trainable params: 2,048 (layer_utils:269)
2025-04-21 20:41:35.172 [ALFpaka] [INFO] __________________________________________________________________________________________________ (layer_utils:270)
2025-04-21 20:41:35.173 [ALFpaka] [WARNING] No validation data set! (train_keras_model:188)
2025-04-22 00:32:11.031 [ALFpaka] [INFO] Elapsed training time for cv_step ==> 03:50:36 (evaluate_results:334)
2025-04-22 00:32:11.031 [ALFpaka] [INFO] --- test data size --- (evaluate_results:109)
2025-04-22 00:32:11.031 [ALFpaka] [INFO] X shape --> (2040, 64, 128, 1) (evaluate_results:111)
2025-04-22 00:32:11.031 [ALFpaka] [INFO] Y shape --> (2040, 3) (evaluate_results:112)
2025-04-22 00:32:11.031 [ALFpaka] [INFO] number of features per frame 1 (evaluate_results:119)
2025-04-22 00:32:11.031 [ALFpaka] [INFO] number of feature frames 2040 (evaluate_results:120)
2025-04-22 00:32:20.836 [ALFpaka] [INFO] --- Evaluation results framewise_cv_step_1 --- (evaluate_results:498)
2025-04-22 00:32:20.836 [ALFpaka] [INFO] framewise_cv_step_1 accuracy (unweighted): 0.2735294117647059 (evaluate_results:500)
2025-04-22 00:32:20.842 [ALFpaka] [INFO] 
framewise_cv_step_1 confusion Matrix in %: 
[[ 51.73  23.51  24.75]
 [ 70.56  26.48  2.96]
 [ 60.20  22.76  17.04]] (evaluate_results:521)
2025-04-22 00:32:20.842 [ALFpaka] [INFO] framewise_cv_step_1 mean class accuracy: 31.75 % (evaluate_results:522)
2025-04-22 00:32:20.871 [ALFpaka] [INFO] --- Evaluation results filewise_cv_step_1 --- (evaluate_results:498)
2025-04-22 00:32:20.878 [ALFpaka] [INFO] filewise_cv_step_1 accuracy (unweighted): 0.3333333333333333 (evaluate_results:500)
2025-04-22 00:32:20.878 [ALFpaka] [INFO] 
filewise_cv_step_1 confusion Matrix in %: 
[[ 60.00  15.00  25.00]
 [ 65.00  25.00  10.00]
 [ 45.00  40.00  15.00]] (evaluate_results:521)
2025-04-22 00:32:20.878 [ALFpaka] [INFO] filewise_cv_step_1 mean class accuracy: 33.33 % (evaluate_results:522)
2025-04-22 00:32:20.902 [ALFpaka] [INFO] 
--- Final results after 1 iterations ---
Frame acc mean:       0.273529411765
Frame acc stdev:      0.000000000000
File acc mean:        0.333333333333
File acc stdev:       0.000000000000
Highest file acc:     0.333333333333 (seed = 1)
Lowest file acc:      0.333333333333 (seed = 1)
 (evaluate_results:200)
2025-04-22 00:32:20.902 [ALFpaka] [INFO] Mean Confusion Matrix (framewise): 
[[ 51.73  23.51  24.75]
 [ 70.56  26.48  2.96]
 [ 60.20  22.76  17.04]] (evaluate_results:237)
2025-04-22 00:32:20.902 [ALFpaka] [INFO] Mean Confusion Matrix (filewise): 
[[ 60.00  15.00  25.00]
 [ 65.00  25.00  10.00]
 [ 45.00  40.00  15.00]] (evaluate_results:242)
2025-04-22 00:32:20.927 [ALFpaka] [INFO] Elapsed training time for whole training ==> 03:53:26 (evaluate_results:334)
2025-04-22 00:32:20.942 [ALFpaka] [INFO] Plotting Confusion Matrices ...  (evaluate_results:476)
2025-04-22 00:32:22.839 [ALFpaka] [INFO] Plotting Confusion Matrices ...  (evaluate_results:476)
2025-04-22 00:32:29.415 [ALFpaka] [WARNING] No GIT in PATH variables ([WinError 267] The directory name is invalid) (versioning:24)
2025-04-22 00:32:29.417 [ALFpaka] [INFO] ... FINISH TRAINING ... (start_training_session:96)
2025-04-22 00:32:29.418 [ALFpaka] [INFO] Closing session ...  (start_training_session:105)
2025-04-22 00:32:29.537 [ALFpaka] [INFO] Closing session ... done. (start_training_session:114)
2025-04-22 00:32:29.584 [ALFpaka] [INFO] Parsing result-files in C:/Users/ju31/OneDrive - Technische Universität Ilmenau/TU Ilmenau/WiSe2023-24/Forschungsprojekt/Projekt/FP-Sirens/ResNet_model/Results-2/2_5s_germany_balance (result_parser:249)
2025-04-22 00:32:29.601 [ALFpaka] [INFO] Found 1 files. (result_parser:258)
2025-04-22 00:32:29.632 [ALFpaka] [INFO] Parsing finished and saved to C:/Users/ju31/OneDrive - Technische Universität Ilmenau/TU Ilmenau/WiSe2023-24/Forschungsprojekt/Projekt/FP-Sirens/ResNet_model/Results-2/2_5s_germany_balance\results_final.csv (result_parser:520)
2025-04-22 00:32:29.642 [ALFpaka] [INFO] Parsing finished and saved to C:/Users/ju31/OneDrive - Technische Universität Ilmenau/TU Ilmenau/WiSe2023-24/Forschungsprojekt/Projekt/FP-Sirens/ResNet_model/Results-2/2_5s_germany_balance\results_metrics.csv (result_parser:520)
