2025-04-20 21:01:26.403 [ALFpaka] [INFO] ... START TRAINING ... (__training_session:88)
2025-04-20 21:01:26.407 [ALFpaka] [INFO] Start-Time: 1745175686.4074037 (run_training:126)
2025-04-20 21:01:26.409 [ALFpaka] [INFO] france-ambulance with id 0 (print_class_to_id:153)
2025-04-20 21:01:26.409 [ALFpaka] [INFO] france-firefighter with id 1 (print_class_to_id:153)
2025-04-20 21:01:26.409 [ALFpaka] [INFO] france-police with id 2 (print_class_to_id:153)
2025-04-20 21:01:26.417 [ALFpaka] [INFO] ------ Extracting features ------ (extractAllFeatures:34)
2025-04-20 21:01:27.337 [ALFpaka] [INFO] Extracting features for class france-ambulance with id 0 (extractAndAddFeaturesToDataset:69)
2025-04-20 21:01:53.535 [ALFpaka] [INFO] Extracting features for class france-firefighter with id 1 (extractAndAddFeaturesToDataset:69)
2025-04-20 21:02:23.380 [ALFpaka] [INFO] Extracting features for class france-police with id 2 (extractAndAddFeaturesToDataset:69)
2025-04-20 21:02:45.465 [ALFpaka] [INFO] Extracting features for class france-ambulance with id 0 (extractAndAddFeaturesToDataset:69)
2025-04-20 21:03:06.423 [ALFpaka] [INFO] Extracting features for class france-firefighter with id 1 (extractAndAddFeaturesToDataset:69)
2025-04-20 21:03:28.177 [ALFpaka] [INFO] Extracting features for class france-police with id 2 (extractAndAddFeaturesToDataset:69)
2025-04-20 21:03:48.674 [ALFpaka] [INFO] Training using one GPU (run_training:144)
2025-04-20 21:03:48.674 [ALFpaka] [INFO] --- training data --- (get_dataset_and_print_stats:76)
2025-04-20 21:03:48.676 [ALFpaka] [INFO] france-ambulance number of files 124 (get_dataset_and_print_stats:81)
2025-04-20 21:03:48.676 [ALFpaka] [INFO] france-firefighter number of files 124 (get_dataset_and_print_stats:81)
2025-04-20 21:03:48.676 [ALFpaka] [INFO] france-police number of files 124 (get_dataset_and_print_stats:81)
2025-04-20 21:03:48.677 [ALFpaka] [INFO] --- test data --- (get_dataset_and_print_stats:76)
2025-04-20 21:03:48.677 [ALFpaka] [INFO] france-ambulance number of files 40 (get_dataset_and_print_stats:81)
2025-04-20 21:03:48.677 [ALFpaka] [INFO] france-firefighter number of files 40 (get_dataset_and_print_stats:81)
2025-04-20 21:03:48.677 [ALFpaka] [INFO] france-police number of files 40 (get_dataset_and_print_stats:81)
2025-04-20 21:03:48.734 [ALFpaka] [INFO] Up-Sampling: class france-ambulance by factor 1 (up_sampling_features_one_hot:597)
2025-04-20 21:03:48.740 [ALFpaka] [INFO] Up-Sampling: class france-firefighter by factor 1 (up_sampling_features_one_hot:597)
2025-04-20 21:03:48.741 [ALFpaka] [INFO] Up-Sampling: class france-police by factor 1 (up_sampling_features_one_hot:597)
2025-04-20 21:03:48.950 [ALFpaka] [INFO] --- training data size --- (print_feature_stats:109)
2025-04-20 21:03:48.950 [ALFpaka] [INFO] X shape --> (1860, 64, 128, 1) (print_feature_stats:111)
2025-04-20 21:03:48.951 [ALFpaka] [INFO] Y shape --> (1860, 3) (print_feature_stats:112)
2025-04-20 21:03:48.951 [ALFpaka] [INFO] number of features per frame 1 (print_feature_stats:119)
2025-04-20 21:03:48.951 [ALFpaka] [INFO] number of feature frames 1860 (print_feature_stats:120)
2025-04-20 21:03:48.962 [ALFpaka] [INFO] ---------------- CV step 1 of 1 --------------- (run_training_per_cv_step:363)
2025-04-20 21:03:48.963 [ALFpaka] [WARNING] WARNING: No validation data found! (__train_model_per_cv_step:692)
2025-04-20 21:03:49.337 [ALFpaka] [INFO] Model summary: (__trainModelInternal:135)
2025-04-20 21:03:49.337 [ALFpaka] [INFO] Model: "res_net" (print_summary:185)
2025-04-20 21:03:49.337 [ALFpaka] [INFO] __________________________________________________________________________________________________ (print_summary:186)
2025-04-20 21:03:49.338 [ALFpaka] [INFO] Layer (type)                    Output Shape         Param #     Connected to                      (print_row:183)
2025-04-20 21:03:49.338 [ALFpaka] [INFO] ================================================================================================== (print_summary:188)
2025-04-20 21:03:49.338 [ALFpaka] [INFO] input_1 (InputLayer)            [(None, 64, 128, 1)] 0                                             (print_row:183)
2025-04-20 21:03:49.340 [ALFpaka] [INFO] __________________________________________________________________________________________________ (print_summary:258)
2025-04-20 21:03:49.340 [ALFpaka] [INFO] conv2d (Conv2D)                 (None, 32, 64, 64)   1600        input_1[0][0]                     (print_row:183)
2025-04-20 21:03:49.340 [ALFpaka] [INFO] __________________________________________________________________________________________________ (print_summary:258)
2025-04-20 21:03:49.341 [ALFpaka] [INFO] batch_normalization (BatchNorma (None, 32, 64, 64)   256         conv2d[0][0]                      (print_row:183)
2025-04-20 21:03:49.341 [ALFpaka] [INFO] __________________________________________________________________________________________________ (print_summary:258)
2025-04-20 21:03:49.341 [ALFpaka] [INFO] activation (Activation)         (None, 32, 64, 64)   0           batch_normalization[0][0]         (print_row:183)
2025-04-20 21:03:49.341 [ALFpaka] [INFO] __________________________________________________________________________________________________ (print_summary:258)
2025-04-20 21:03:49.342 [ALFpaka] [INFO] batch_normalization_1 (BatchNor (None, 32, 64, 64)   256         activation[0][0]                  (print_row:183)
2025-04-20 21:03:49.342 [ALFpaka] [INFO] __________________________________________________________________________________________________ (print_summary:258)
2025-04-20 21:03:49.342 [ALFpaka] [INFO] dropout (Dropout)               (None, 32, 64, 64)   0           batch_normalization_1[0][0]       (print_row:183)
2025-04-20 21:03:49.342 [ALFpaka] [INFO] __________________________________________________________________________________________________ (print_summary:258)
2025-04-20 21:03:49.343 [ALFpaka] [INFO] conv2d_1 (Conv2D)               (None, 32, 64, 64)   36864       dropout[0][0]                     (print_row:183)
2025-04-20 21:03:49.343 [ALFpaka] [INFO] __________________________________________________________________________________________________ (print_summary:258)
2025-04-20 21:03:49.343 [ALFpaka] [INFO] activation_1 (Activation)       (None, 32, 64, 64)   0           conv2d_1[0][0]                    (print_row:183)
2025-04-20 21:03:49.343 [ALFpaka] [INFO] __________________________________________________________________________________________________ (print_summary:258)
2025-04-20 21:03:49.344 [ALFpaka] [INFO] batch_normalization_2 (BatchNor (None, 32, 64, 64)   256         activation_1[0][0]                (print_row:183)
2025-04-20 21:03:49.344 [ALFpaka] [INFO] __________________________________________________________________________________________________ (print_summary:258)
2025-04-20 21:03:49.345 [ALFpaka] [INFO] dropout_1 (Dropout)             (None, 32, 64, 64)   0           batch_normalization_2[0][0]       (print_row:183)
2025-04-20 21:03:49.345 [ALFpaka] [INFO] __________________________________________________________________________________________________ (print_summary:258)
2025-04-20 21:03:49.345 [ALFpaka] [INFO] conv2d_2 (Conv2D)               (None, 32, 64, 64)   36864       dropout_1[0][0]                   (print_row:183)
2025-04-20 21:03:49.345 [ALFpaka] [INFO] __________________________________________________________________________________________________ (print_summary:258)
2025-04-20 21:03:49.345 [ALFpaka] [INFO] add (Add)                       (None, 32, 64, 64)   0           conv2d_2[0][0]                    (print_row:183)
2025-04-20 21:03:49.346 [ALFpaka] [INFO]                                                                  batch_normalization[0][0]         (print_row:183)
2025-04-20 21:03:49.346 [ALFpaka] [INFO] __________________________________________________________________________________________________ (print_summary:258)
2025-04-20 21:03:49.346 [ALFpaka] [INFO] average_pooling2d (AveragePooli (None, 16, 32, 64)   0           add[0][0]                         (print_row:183)
2025-04-20 21:03:49.346 [ALFpaka] [INFO] __________________________________________________________________________________________________ (print_summary:258)
2025-04-20 21:03:49.348 [ALFpaka] [INFO] activation_2 (Activation)       (None, 16, 32, 64)   0           average_pooling2d[0][0]           (print_row:183)
2025-04-20 21:03:49.348 [ALFpaka] [INFO] __________________________________________________________________________________________________ (print_summary:258)
2025-04-20 21:03:49.348 [ALFpaka] [INFO] batch_normalization_3 (BatchNor (None, 16, 32, 64)   256         activation_2[0][0]                (print_row:183)
2025-04-20 21:03:49.348 [ALFpaka] [INFO] __________________________________________________________________________________________________ (print_summary:258)
2025-04-20 21:03:49.349 [ALFpaka] [INFO] dropout_2 (Dropout)             (None, 16, 32, 64)   0           batch_normalization_3[0][0]       (print_row:183)
2025-04-20 21:03:49.349 [ALFpaka] [INFO] __________________________________________________________________________________________________ (print_summary:258)
2025-04-20 21:03:49.349 [ALFpaka] [INFO] conv2d_3 (Conv2D)               (None, 16, 32, 64)   36864       dropout_2[0][0]                   (print_row:183)
2025-04-20 21:03:49.349 [ALFpaka] [INFO] __________________________________________________________________________________________________ (print_summary:258)
2025-04-20 21:03:49.349 [ALFpaka] [INFO] activation_3 (Activation)       (None, 16, 32, 64)   0           conv2d_3[0][0]                    (print_row:183)
2025-04-20 21:03:49.350 [ALFpaka] [INFO] __________________________________________________________________________________________________ (print_summary:258)
2025-04-20 21:03:49.350 [ALFpaka] [INFO] batch_normalization_4 (BatchNor (None, 16, 32, 64)   256         activation_3[0][0]                (print_row:183)
2025-04-20 21:03:49.350 [ALFpaka] [INFO] __________________________________________________________________________________________________ (print_summary:258)
2025-04-20 21:03:49.350 [ALFpaka] [INFO] dropout_3 (Dropout)             (None, 16, 32, 64)   0           batch_normalization_4[0][0]       (print_row:183)
2025-04-20 21:03:49.352 [ALFpaka] [INFO] __________________________________________________________________________________________________ (print_summary:258)
2025-04-20 21:03:49.352 [ALFpaka] [INFO] conv2d_4 (Conv2D)               (None, 16, 32, 64)   4096        dropout_3[0][0]                   (print_row:183)
2025-04-20 21:03:49.353 [ALFpaka] [INFO] __________________________________________________________________________________________________ (print_summary:258)
2025-04-20 21:03:49.353 [ALFpaka] [INFO] add_1 (Add)                     (None, 16, 32, 64)   0           conv2d_4[0][0]                    (print_row:183)
2025-04-20 21:03:49.353 [ALFpaka] [INFO]                                                                  average_pooling2d[0][0]           (print_row:183)
2025-04-20 21:03:49.353 [ALFpaka] [INFO] __________________________________________________________________________________________________ (print_summary:258)
2025-04-20 21:03:49.353 [ALFpaka] [INFO] average_pooling2d_1 (AveragePoo (None, 8, 16, 64)    0           add_1[0][0]                       (print_row:183)
2025-04-20 21:03:49.354 [ALFpaka] [INFO] __________________________________________________________________________________________________ (print_summary:258)
2025-04-20 21:03:49.354 [ALFpaka] [INFO] activation_4 (Activation)       (None, 8, 16, 64)    0           average_pooling2d_1[0][0]         (print_row:183)
2025-04-20 21:03:49.354 [ALFpaka] [INFO] __________________________________________________________________________________________________ (print_summary:258)
2025-04-20 21:03:49.354 [ALFpaka] [INFO] batch_normalization_5 (BatchNor (None, 8, 16, 64)    256         activation_4[0][0]                (print_row:183)
2025-04-20 21:03:49.356 [ALFpaka] [INFO] __________________________________________________________________________________________________ (print_summary:258)
2025-04-20 21:03:49.356 [ALFpaka] [INFO] dropout_4 (Dropout)             (None, 8, 16, 64)    0           batch_normalization_5[0][0]       (print_row:183)
2025-04-20 21:03:49.356 [ALFpaka] [INFO] __________________________________________________________________________________________________ (print_summary:258)
2025-04-20 21:03:49.356 [ALFpaka] [INFO] conv2d_5 (Conv2D)               (None, 8, 16, 64)    36864       dropout_4[0][0]                   (print_row:183)
2025-04-20 21:03:49.357 [ALFpaka] [INFO] __________________________________________________________________________________________________ (print_summary:258)
2025-04-20 21:03:49.357 [ALFpaka] [INFO] activation_5 (Activation)       (None, 8, 16, 64)    0           conv2d_5[0][0]                    (print_row:183)
2025-04-20 21:03:49.357 [ALFpaka] [INFO] __________________________________________________________________________________________________ (print_summary:258)
2025-04-20 21:03:49.358 [ALFpaka] [INFO] batch_normalization_6 (BatchNor (None, 8, 16, 64)    256         activation_5[0][0]                (print_row:183)
2025-04-20 21:03:49.359 [ALFpaka] [INFO] __________________________________________________________________________________________________ (print_summary:258)
2025-04-20 21:03:49.361 [ALFpaka] [INFO] dropout_5 (Dropout)             (None, 8, 16, 64)    0           batch_normalization_6[0][0]       (print_row:183)
2025-04-20 21:03:49.362 [ALFpaka] [INFO] __________________________________________________________________________________________________ (print_summary:258)
2025-04-20 21:03:49.363 [ALFpaka] [INFO] conv2d_6 (Conv2D)               (None, 8, 16, 64)    36864       dropout_5[0][0]                   (print_row:183)
2025-04-20 21:03:49.363 [ALFpaka] [INFO] __________________________________________________________________________________________________ (print_summary:258)
2025-04-20 21:03:49.374 [ALFpaka] [INFO] add_2 (Add)                     (None, 8, 16, 64)    0           conv2d_6[0][0]                    (print_row:183)
2025-04-20 21:03:49.378 [ALFpaka] [INFO]                                                                  average_pooling2d_1[0][0]         (print_row:183)
2025-04-20 21:03:49.387 [ALFpaka] [INFO] __________________________________________________________________________________________________ (print_summary:258)
2025-04-20 21:03:49.388 [ALFpaka] [INFO] activation_6 (Activation)       (None, 8, 16, 64)    0           add_2[0][0]                       (print_row:183)
2025-04-20 21:03:49.390 [ALFpaka] [INFO] __________________________________________________________________________________________________ (print_summary:258)
2025-04-20 21:03:49.392 [ALFpaka] [INFO] batch_normalization_7 (BatchNor (None, 8, 16, 64)    256         activation_6[0][0]                (print_row:183)
2025-04-20 21:03:49.392 [ALFpaka] [INFO] __________________________________________________________________________________________________ (print_summary:258)
2025-04-20 21:03:49.393 [ALFpaka] [INFO] dropout_6 (Dropout)             (None, 8, 16, 64)    0           batch_normalization_7[0][0]       (print_row:183)
2025-04-20 21:03:49.393 [ALFpaka] [INFO] __________________________________________________________________________________________________ (print_summary:258)
2025-04-20 21:03:49.393 [ALFpaka] [INFO] conv2d_7 (Conv2D)               (None, 8, 16, 128)   73728       dropout_6[0][0]                   (print_row:183)
2025-04-20 21:03:49.394 [ALFpaka] [INFO] __________________________________________________________________________________________________ (print_summary:258)
2025-04-20 21:03:49.394 [ALFpaka] [INFO] activation_7 (Activation)       (None, 8, 16, 128)   0           conv2d_7[0][0]                    (print_row:183)
2025-04-20 21:03:49.394 [ALFpaka] [INFO] __________________________________________________________________________________________________ (print_summary:258)
2025-04-20 21:03:49.396 [ALFpaka] [INFO] batch_normalization_8 (BatchNor (None, 8, 16, 128)   512         activation_7[0][0]                (print_row:183)
2025-04-20 21:03:49.396 [ALFpaka] [INFO] __________________________________________________________________________________________________ (print_summary:258)
2025-04-20 21:03:49.397 [ALFpaka] [INFO] dropout_7 (Dropout)             (None, 8, 16, 128)   0           batch_normalization_8[0][0]       (print_row:183)
2025-04-20 21:03:49.397 [ALFpaka] [INFO] __________________________________________________________________________________________________ (print_summary:258)
2025-04-20 21:03:49.397 [ALFpaka] [INFO] conv2d_8 (Conv2D)               (None, 8, 16, 128)   16384       dropout_7[0][0]                   (print_row:183)
2025-04-20 21:03:49.397 [ALFpaka] [INFO] __________________________________________________________________________________________________ (print_summary:258)
2025-04-20 21:03:49.398 [ALFpaka] [INFO] conv2d_9 (Conv2D)               (None, 8, 16, 128)   8192        add_2[0][0]                       (print_row:183)
2025-04-20 21:03:49.398 [ALFpaka] [INFO] __________________________________________________________________________________________________ (print_summary:258)
2025-04-20 21:03:49.399 [ALFpaka] [INFO] add_3 (Add)                     (None, 8, 16, 128)   0           conv2d_8[0][0]                    (print_row:183)
2025-04-20 21:03:49.399 [ALFpaka] [INFO]                                                                  conv2d_9[0][0]                    (print_row:183)
2025-04-20 21:03:49.403 [ALFpaka] [INFO] __________________________________________________________________________________________________ (print_summary:258)
2025-04-20 21:03:49.404 [ALFpaka] [INFO] average_pooling2d_2 (AveragePoo (None, 4, 8, 128)    0           add_3[0][0]                       (print_row:183)
2025-04-20 21:03:49.404 [ALFpaka] [INFO] __________________________________________________________________________________________________ (print_summary:258)
2025-04-20 21:03:49.405 [ALFpaka] [INFO] activation_8 (Activation)       (None, 4, 8, 128)    0           average_pooling2d_2[0][0]         (print_row:183)
2025-04-20 21:03:49.405 [ALFpaka] [INFO] __________________________________________________________________________________________________ (print_summary:258)
2025-04-20 21:03:49.407 [ALFpaka] [INFO] batch_normalization_9 (BatchNor (None, 4, 8, 128)    512         activation_8[0][0]                (print_row:183)
2025-04-20 21:03:49.407 [ALFpaka] [INFO] __________________________________________________________________________________________________ (print_summary:258)
2025-04-20 21:03:49.408 [ALFpaka] [INFO] dropout_8 (Dropout)             (None, 4, 8, 128)    0           batch_normalization_9[0][0]       (print_row:183)
2025-04-20 21:03:49.408 [ALFpaka] [INFO] __________________________________________________________________________________________________ (print_summary:258)
2025-04-20 21:03:49.409 [ALFpaka] [INFO] conv2d_10 (Conv2D)              (None, 4, 8, 256)    32768       dropout_8[0][0]                   (print_row:183)
2025-04-20 21:03:49.409 [ALFpaka] [INFO] __________________________________________________________________________________________________ (print_summary:258)
2025-04-20 21:03:49.409 [ALFpaka] [INFO] activation_9 (Activation)       (None, 4, 8, 256)    0           conv2d_10[0][0]                   (print_row:183)
2025-04-20 21:03:49.410 [ALFpaka] [INFO] __________________________________________________________________________________________________ (print_summary:258)
2025-04-20 21:03:49.410 [ALFpaka] [INFO] batch_normalization_10 (BatchNo (None, 4, 8, 256)    1024        activation_9[0][0]                (print_row:183)
2025-04-20 21:03:49.410 [ALFpaka] [INFO] __________________________________________________________________________________________________ (print_summary:258)
2025-04-20 21:03:49.411 [ALFpaka] [INFO] dropout_9 (Dropout)             (None, 4, 8, 256)    0           batch_normalization_10[0][0]      (print_row:183)
2025-04-20 21:03:49.411 [ALFpaka] [INFO] __________________________________________________________________________________________________ (print_summary:258)
2025-04-20 21:03:49.411 [ALFpaka] [INFO] conv2d_11 (Conv2D)              (None, 4, 8, 256)    65536       dropout_9[0][0]                   (print_row:183)
2025-04-20 21:03:49.412 [ALFpaka] [INFO] __________________________________________________________________________________________________ (print_summary:258)
2025-04-20 21:03:49.412 [ALFpaka] [INFO] conv2d_12 (Conv2D)              (None, 4, 8, 256)    32768       average_pooling2d_2[0][0]         (print_row:183)
2025-04-20 21:03:49.412 [ALFpaka] [INFO] __________________________________________________________________________________________________ (print_summary:258)
2025-04-20 21:03:49.412 [ALFpaka] [INFO] add_4 (Add)                     (None, 4, 8, 256)    0           conv2d_11[0][0]                   (print_row:183)
2025-04-20 21:03:49.413 [ALFpaka] [INFO]                                                                  conv2d_12[0][0]                   (print_row:183)
2025-04-20 21:03:49.413 [ALFpaka] [INFO] __________________________________________________________________________________________________ (print_summary:258)
2025-04-20 21:03:49.414 [ALFpaka] [INFO] global_average_pooling2d (Globa (None, 256)          0           add_4[0][0]                       (print_row:183)
2025-04-20 21:03:49.414 [ALFpaka] [INFO] __________________________________________________________________________________________________ (print_summary:258)
2025-04-20 21:03:49.416 [ALFpaka] [INFO] dense (Dense)                   (None, 3)            771         global_average_pooling2d[0][0]    (print_row:183)
2025-04-20 21:03:49.416 [ALFpaka] [INFO] ================================================================================================== (print_summary:256)
2025-04-20 21:03:49.418 [ALFpaka] [INFO] Total params: 424,259 (print_summary:267)
2025-04-20 21:03:49.419 [ALFpaka] [INFO] Trainable params: 422,211 (print_summary:268)
2025-04-20 21:03:49.419 [ALFpaka] [INFO] Non-trainable params: 2,048 (print_summary:269)
2025-04-20 21:03:49.419 [ALFpaka] [INFO] __________________________________________________________________________________________________ (print_summary:270)
2025-04-20 21:03:49.423 [ALFpaka] [WARNING] No validation data set! (__trainModelInternal:188)
2025-04-21 01:38:27.783 [ALFpaka] [INFO] Elapsed training time for cv_step ==> 04:34:39 (print_training_time:334)
2025-04-21 01:38:27.783 [ALFpaka] [INFO] --- test data size --- (print_feature_stats:109)
2025-04-21 01:38:27.785 [ALFpaka] [INFO] X shape --> (2064, 64, 128, 1) (print_feature_stats:111)
2025-04-21 01:38:27.785 [ALFpaka] [INFO] Y shape --> (2064, 3) (print_feature_stats:112)
2025-04-21 01:38:27.785 [ALFpaka] [INFO] number of features per frame 1 (print_feature_stats:119)
2025-04-21 01:38:27.785 [ALFpaka] [INFO] number of feature frames 2064 (print_feature_stats:120)
2025-04-21 01:38:38.425 [ALFpaka] [INFO] --- Evaluation results framewise_cv_step_1 --- (evaluate_results_with_conf_matrix_and_acc:498)
2025-04-21 01:38:38.427 [ALFpaka] [INFO] framewise_cv_step_1 accuracy (unweighted): 0.7194767441860465 (evaluate_results_with_conf_matrix_and_acc:500)
2025-04-21 01:38:38.432 [ALFpaka] [INFO] 
framewise_cv_step_1 confusion Matrix in %: 
[[ 55.92  27.60  16.47]
 [ 0.62  99.38  0.00]
 [ 7.62  22.76  69.62]] (log_confusion_matrix:521)
2025-04-21 01:38:38.433 [ALFpaka] [INFO] framewise_cv_step_1 mean class accuracy: 74.97 % (log_confusion_matrix:522)
2025-04-21 01:38:38.479 [ALFpaka] [INFO] --- Evaluation results filewise_cv_step_1 --- (evaluate_results_with_conf_matrix_and_acc:498)
2025-04-21 01:38:38.479 [ALFpaka] [INFO] filewise_cv_step_1 accuracy (unweighted): 0.8166666666666667 (evaluate_results_with_conf_matrix_and_acc:500)
2025-04-21 01:38:38.484 [ALFpaka] [INFO] 
filewise_cv_step_1 confusion Matrix in %: 
[[ 70.00  27.50  2.50]
 [ 0.00  100.00  0.00]
 [ 5.00  20.00  75.00]] (log_confusion_matrix:521)
2025-04-21 01:38:38.484 [ALFpaka] [INFO] filewise_cv_step_1 mean class accuracy: 81.67 % (log_confusion_matrix:522)
2025-04-21 01:38:38.514 [ALFpaka] [INFO] 
--- Final results after 1 iterations ---
Frame acc mean:       0.719476744186
Frame acc stdev:      0.000000000000
File acc mean:        0.816666666667
File acc stdev:       0.000000000000
Highest file acc:     0.816666666667 (seed = 1)
Lowest file acc:      0.816666666667 (seed = 1)
 (print_results:200)
2025-04-21 01:38:38.514 [ALFpaka] [INFO] Mean Confusion Matrix (framewise): 
[[ 55.92  27.60  16.47]
 [ 0.62  99.38  0.00]
 [ 7.62  22.76  69.62]] (log_final_confusion_matrices:237)
2025-04-21 01:38:38.517 [ALFpaka] [INFO] Mean Confusion Matrix (filewise): 
[[ 70.00  27.50  2.50]
 [ 0.00  100.00  0.00]
 [ 5.00  20.00  75.00]] (log_final_confusion_matrices:242)
2025-04-21 01:38:38.543 [ALFpaka] [INFO] Elapsed training time for whole training ==> 04:37:12 (print_training_time:334)
2025-04-21 01:38:38.561 [ALFpaka] [INFO] Plotting Confusion Matrices ...  (plot_confusion_matrices:476)
2025-04-21 01:38:40.687 [ALFpaka] [INFO] Plotting Confusion Matrices ...  (plot_confusion_matrices:476)
2025-04-21 01:38:48.021 [ALFpaka] [WARNING] No GIT in PATH variables ([WinError 267] The directory name is invalid) (get_git_version:24)
2025-04-21 01:38:48.025 [ALFpaka] [INFO] ... FINISH TRAINING ... (__training_session:96)
2025-04-21 01:38:48.025 [ALFpaka] [INFO] Closing session ...  (__training_session:105)
