2024-06-04 21:59:39.489 [ALFpaka] [INFO] ###################################################### (start_training_session:128)
2024-06-04 21:59:39.490 [ALFpaka] [INFO] ---- Config file 1 of 1 (start_training_session:129)
2024-06-04 21:59:39.490 [ALFpaka] [INFO]  Reading config .... resnet_siren_EU1_wns.json (read_training_config:28)
2024-06-04 21:59:41.070 [ALFpaka] [WARNING] global batch_size ignored when batch_size is set in generator (read_training_config:269)
2024-06-04 21:59:41.073 [ALFpaka] [INFO]  Reading config .... done. (read_training_config:424)
2024-06-04 21:59:41.074 [ALFpaka] [INFO] ... START TRAINING ... (start_training_session:88)
2024-06-04 21:59:41.074 [ALFpaka] [INFO] Start-Time: 1717531181.0749547 (training:126)
2024-06-04 21:59:41.075 [ALFpaka] [INFO] france with id 0 (evaluate_results:153)
2024-06-04 21:59:41.075 [ALFpaka] [INFO] germany with id 1 (evaluate_results:153)
2024-06-04 21:59:41.075 [ALFpaka] [INFO] italy with id 2 (evaluate_results:153)
2024-06-04 21:59:41.075 [ALFpaka] [INFO] spain with id 3 (evaluate_results:153)
2024-06-04 21:59:41.076 [ALFpaka] [INFO] ------ Extracting features ------ (extract_features:34)
2024-06-04 21:59:41.400 [ALFpaka] [INFO] Extracting features for class france with id 0 (get_features_for_dataset:69)
2024-06-04 21:59:41.790 [ALFpaka] [WARNING] Log_spec ignored when pcen is set (librosa_extract_methods:84)
2024-06-04 21:59:41.791 [ALFpaka] [WARNING] Log_spec ignored when pcen is set (librosa_extract_methods:84)
2024-06-04 21:59:41.792 [ALFpaka] [WARNING] Log_spec ignored when pcen is set (librosa_extract_methods:84)
2024-06-04 21:59:41.791 [ALFpaka] [WARNING] Log_spec ignored when pcen is set (librosa_extract_methods:84)
2024-06-04 21:59:41.792 [ALFpaka] [WARNING] Log_spec ignored when pcen is set (librosa_extract_methods:84)
2024-06-04 21:59:41.792 [ALFpaka] [WARNING] Log_spec ignored when pcen is set (librosa_extract_methods:84)
2024-06-04 21:59:41.794 [ALFpaka] [WARNING] Log_spec ignored when pcen is set (librosa_extract_methods:84)
2024-06-04 21:59:41.793 [ALFpaka] [WARNING] Log_spec ignored when pcen is set (librosa_extract_methods:84)
2024-06-04 21:59:41.795 [ALFpaka] [WARNING] Log_spec ignored when pcen is set (librosa_extract_methods:84)
2024-06-04 21:59:41.794 [ALFpaka] [WARNING] Log_spec ignored when pcen is set (librosa_extract_methods:84)
2024-06-04 21:59:41.799 [ALFpaka] [WARNING] Log_spec ignored when pcen is set (librosa_extract_methods:84)
2024-06-04 21:59:41.799 [ALFpaka] [WARNING] Log_spec ignored when pcen is set (librosa_extract_methods:84)
2024-06-04 21:59:41.800 [ALFpaka] [WARNING] Log_spec ignored when pcen is set (librosa_extract_methods:84)
2024-06-04 21:59:41.796 [ALFpaka] [WARNING] Log_spec ignored when pcen is set (librosa_extract_methods:84)
2024-06-04 21:59:41.800 [ALFpaka] [WARNING] Log_spec ignored when pcen is set (librosa_extract_methods:84)
2024-06-04 21:59:41.795 [ALFpaka] [WARNING] Log_spec ignored when pcen is set (librosa_extract_methods:84)
2024-06-04 21:59:41.801 [ALFpaka] [WARNING] Log_spec ignored when pcen is set (librosa_extract_methods:84)
2024-06-04 21:59:41.796 [ALFpaka] [WARNING] Log_spec ignored when pcen is set (librosa_extract_methods:84)
2024-06-04 21:59:41.797 [ALFpaka] [WARNING] Log_spec ignored when pcen is set (librosa_extract_methods:84)
2024-06-04 21:59:41.797 [ALFpaka] [WARNING] Log_spec ignored when pcen is set (librosa_extract_methods:84)
2024-06-04 21:59:41.802 [ALFpaka] [WARNING] Log_spec ignored when pcen is set (librosa_extract_methods:84)
2024-06-04 21:59:41.798 [ALFpaka] [WARNING] Log_spec ignored when pcen is set (librosa_extract_methods:84)
2024-06-04 21:59:41.808 [ALFpaka] [WARNING] Log_spec ignored when pcen is set (librosa_extract_methods:84)
2024-06-04 21:59:41.803 [ALFpaka] [WARNING] Log_spec ignored when pcen is set (librosa_extract_methods:84)
2024-06-04 21:59:41.808 [ALFpaka] [WARNING] Log_spec ignored when pcen is set (librosa_extract_methods:84)
2024-06-04 21:59:41.811 [ALFpaka] [WARNING] Log_spec ignored when pcen is set (librosa_extract_methods:84)
2024-06-04 21:59:41.799 [ALFpaka] [WARNING] Log_spec ignored when pcen is set (librosa_extract_methods:84)
2024-06-04 21:59:41.801 [ALFpaka] [WARNING] Log_spec ignored when pcen is set (librosa_extract_methods:84)
2024-06-04 21:59:41.808 [ALFpaka] [WARNING] Log_spec ignored when pcen is set (librosa_extract_methods:84)
2024-06-04 21:59:41.809 [ALFpaka] [WARNING] Log_spec ignored when pcen is set (librosa_extract_methods:84)
2024-06-04 21:59:41.806 [ALFpaka] [WARNING] Log_spec ignored when pcen is set (librosa_extract_methods:84)
2024-06-04 21:59:41.811 [ALFpaka] [WARNING] Log_spec ignored when pcen is set (librosa_extract_methods:84)
2024-06-04 21:59:41.811 [ALFpaka] [WARNING] Log_spec ignored when pcen is set (librosa_extract_methods:84)
2024-06-04 21:59:41.805 [ALFpaka] [WARNING] Log_spec ignored when pcen is set (librosa_extract_methods:84)
2024-06-04 21:59:41.812 [ALFpaka] [WARNING] Log_spec ignored when pcen is set (librosa_extract_methods:84)
2024-06-04 21:59:41.804 [ALFpaka] [WARNING] Log_spec ignored when pcen is set (librosa_extract_methods:84)
2024-06-04 21:59:41.813 [ALFpaka] [WARNING] Log_spec ignored when pcen is set (librosa_extract_methods:84)
2024-06-04 21:59:44.762 [ALFpaka] [INFO] Extracting features for class germany with id 1 (get_features_for_dataset:69)
2024-06-04 21:59:45.184 [ALFpaka] [WARNING] Log_spec ignored when pcen is set (librosa_extract_methods:84)
2024-06-04 21:59:45.184 [ALFpaka] [WARNING] Log_spec ignored when pcen is set (librosa_extract_methods:84)
2024-06-04 21:59:45.184 [ALFpaka] [WARNING] Log_spec ignored when pcen is set (librosa_extract_methods:84)
2024-06-04 21:59:45.185 [ALFpaka] [WARNING] Log_spec ignored when pcen is set (librosa_extract_methods:84)
2024-06-04 21:59:45.185 [ALFpaka] [WARNING] Log_spec ignored when pcen is set (librosa_extract_methods:84)
2024-06-04 21:59:45.184 [ALFpaka] [WARNING] Log_spec ignored when pcen is set (librosa_extract_methods:84)
2024-06-04 21:59:45.184 [ALFpaka] [WARNING] Log_spec ignored when pcen is set (librosa_extract_methods:84)
2024-06-04 21:59:45.184 [ALFpaka] [WARNING] Log_spec ignored when pcen is set (librosa_extract_methods:84)
2024-06-04 21:59:45.187 [ALFpaka] [WARNING] Log_spec ignored when pcen is set (librosa_extract_methods:84)
2024-06-04 21:59:45.185 [ALFpaka] [WARNING] Log_spec ignored when pcen is set (librosa_extract_methods:84)
2024-06-04 21:59:45.185 [ALFpaka] [WARNING] Log_spec ignored when pcen is set (librosa_extract_methods:84)
2024-06-04 21:59:45.186 [ALFpaka] [WARNING] Log_spec ignored when pcen is set (librosa_extract_methods:84)
2024-06-04 21:59:45.197 [ALFpaka] [WARNING] Log_spec ignored when pcen is set (librosa_extract_methods:84)
2024-06-04 21:59:45.198 [ALFpaka] [WARNING] Log_spec ignored when pcen is set (librosa_extract_methods:84)
2024-06-04 21:59:45.203 [ALFpaka] [WARNING] Log_spec ignored when pcen is set (librosa_extract_methods:84)
2024-06-04 21:59:45.202 [ALFpaka] [WARNING] Log_spec ignored when pcen is set (librosa_extract_methods:84)
2024-06-04 21:59:45.201 [ALFpaka] [WARNING] Log_spec ignored when pcen is set (librosa_extract_methods:84)
2024-06-04 21:59:45.200 [ALFpaka] [WARNING] Log_spec ignored when pcen is set (librosa_extract_methods:84)
2024-06-04 21:59:45.203 [ALFpaka] [WARNING] Log_spec ignored when pcen is set (librosa_extract_methods:84)
2024-06-04 21:59:45.198 [ALFpaka] [WARNING] Log_spec ignored when pcen is set (librosa_extract_methods:84)
2024-06-04 21:59:45.199 [ALFpaka] [WARNING] Log_spec ignored when pcen is set (librosa_extract_methods:84)
2024-06-04 21:59:45.207 [ALFpaka] [WARNING] Log_spec ignored when pcen is set (librosa_extract_methods:84)
2024-06-04 21:59:45.208 [ALFpaka] [WARNING] Log_spec ignored when pcen is set (librosa_extract_methods:84)
2024-06-04 21:59:45.208 [ALFpaka] [WARNING] Log_spec ignored when pcen is set (librosa_extract_methods:84)
2024-06-04 21:59:45.208 [ALFpaka] [WARNING] Log_spec ignored when pcen is set (librosa_extract_methods:84)
2024-06-04 21:59:45.209 [ALFpaka] [WARNING] Log_spec ignored when pcen is set (librosa_extract_methods:84)
2024-06-04 21:59:45.205 [ALFpaka] [WARNING] Log_spec ignored when pcen is set (librosa_extract_methods:84)
2024-06-04 21:59:45.204 [ALFpaka] [WARNING] Log_spec ignored when pcen is set (librosa_extract_methods:84)
2024-06-04 21:59:45.211 [ALFpaka] [WARNING] Log_spec ignored when pcen is set (librosa_extract_methods:84)
2024-06-04 21:59:45.213 [ALFpaka] [WARNING] Log_spec ignored when pcen is set (librosa_extract_methods:84)
2024-06-04 21:59:45.214 [ALFpaka] [WARNING] Log_spec ignored when pcen is set (librosa_extract_methods:84)
2024-06-04 21:59:45.216 [ALFpaka] [WARNING] Log_spec ignored when pcen is set (librosa_extract_methods:84)
2024-06-04 21:59:45.218 [ALFpaka] [WARNING] Log_spec ignored when pcen is set (librosa_extract_methods:84)
2024-06-04 21:59:45.206 [ALFpaka] [WARNING] Log_spec ignored when pcen is set (librosa_extract_methods:84)
2024-06-04 21:59:45.208 [ALFpaka] [WARNING] Log_spec ignored when pcen is set (librosa_extract_methods:84)
2024-06-04 21:59:45.209 [ALFpaka] [WARNING] Log_spec ignored when pcen is set (librosa_extract_methods:84)
2024-06-04 21:59:45.210 [ALFpaka] [WARNING] Log_spec ignored when pcen is set (librosa_extract_methods:84)
2024-06-04 21:59:45.212 [ALFpaka] [WARNING] Log_spec ignored when pcen is set (librosa_extract_methods:84)
2024-06-04 21:59:45.214 [ALFpaka] [WARNING] Log_spec ignored when pcen is set (librosa_extract_methods:84)
2024-06-04 21:59:45.216 [ALFpaka] [WARNING] Log_spec ignored when pcen is set (librosa_extract_methods:84)
2024-06-04 21:59:45.217 [ALFpaka] [WARNING] Log_spec ignored when pcen is set (librosa_extract_methods:84)
2024-06-04 21:59:45.219 [ALFpaka] [WARNING] Log_spec ignored when pcen is set (librosa_extract_methods:84)
2024-06-04 21:59:45.215 [ALFpaka] [WARNING] Log_spec ignored when pcen is set (librosa_extract_methods:84)
2024-06-04 21:59:47.452 [ALFpaka] [INFO] Extracting features for class italy with id 2 (get_features_for_dataset:69)
2024-06-04 21:59:47.774 [ALFpaka] [WARNING] Log_spec ignored when pcen is set (librosa_extract_methods:84)
2024-06-04 21:59:47.773 [ALFpaka] [WARNING] Log_spec ignored when pcen is set (librosa_extract_methods:84)
2024-06-04 21:59:47.777 [ALFpaka] [WARNING] Log_spec ignored when pcen is set (librosa_extract_methods:84)
2024-06-04 21:59:47.780 [ALFpaka] [WARNING] Log_spec ignored when pcen is set (librosa_extract_methods:84)
2024-06-04 21:59:47.781 [ALFpaka] [WARNING] Log_spec ignored when pcen is set (librosa_extract_methods:84)
2024-06-04 21:59:47.783 [ALFpaka] [WARNING] Log_spec ignored when pcen is set (librosa_extract_methods:84)
2024-06-04 21:59:47.785 [ALFpaka] [WARNING] Log_spec ignored when pcen is set (librosa_extract_methods:84)
2024-06-04 21:59:47.779 [ALFpaka] [WARNING] Log_spec ignored when pcen is set (librosa_extract_methods:84)
2024-06-04 21:59:47.784 [ALFpaka] [WARNING] Log_spec ignored when pcen is set (librosa_extract_methods:84)
2024-06-04 21:59:47.782 [ALFpaka] [WARNING] Log_spec ignored when pcen is set (librosa_extract_methods:84)
2024-06-04 21:59:47.774 [ALFpaka] [WARNING] Log_spec ignored when pcen is set (librosa_extract_methods:84)
2024-06-04 21:59:47.790 [ALFpaka] [WARNING] Log_spec ignored when pcen is set (librosa_extract_methods:84)
2024-06-04 21:59:47.775 [ALFpaka] [WARNING] Log_spec ignored when pcen is set (librosa_extract_methods:84)
2024-06-04 21:59:47.776 [ALFpaka] [WARNING] Log_spec ignored when pcen is set (librosa_extract_methods:84)
2024-06-04 21:59:47.778 [ALFpaka] [WARNING] Log_spec ignored when pcen is set (librosa_extract_methods:84)
2024-06-04 21:59:47.786 [ALFpaka] [WARNING] Log_spec ignored when pcen is set (librosa_extract_methods:84)
2024-06-04 21:59:47.786 [ALFpaka] [WARNING] Log_spec ignored when pcen is set (librosa_extract_methods:84)
2024-06-04 21:59:47.786 [ALFpaka] [WARNING] Log_spec ignored when pcen is set (librosa_extract_methods:84)
2024-06-04 21:59:47.787 [ALFpaka] [WARNING] Log_spec ignored when pcen is set (librosa_extract_methods:84)
2024-06-04 21:59:47.787 [ALFpaka] [WARNING] Log_spec ignored when pcen is set (librosa_extract_methods:84)
2024-06-04 21:59:47.788 [ALFpaka] [WARNING] Log_spec ignored when pcen is set (librosa_extract_methods:84)
2024-06-04 21:59:47.789 [ALFpaka] [WARNING] Log_spec ignored when pcen is set (librosa_extract_methods:84)
2024-06-04 21:59:47.792 [ALFpaka] [WARNING] Log_spec ignored when pcen is set (librosa_extract_methods:84)
2024-06-04 21:59:47.794 [ALFpaka] [WARNING] Log_spec ignored when pcen is set (librosa_extract_methods:84)
2024-06-04 21:59:47.794 [ALFpaka] [WARNING] Log_spec ignored when pcen is set (librosa_extract_methods:84)
2024-06-04 21:59:47.794 [ALFpaka] [WARNING] Log_spec ignored when pcen is set (librosa_extract_methods:84)
2024-06-04 21:59:47.793 [ALFpaka] [WARNING] Log_spec ignored when pcen is set (librosa_extract_methods:84)
2024-06-04 21:59:47.791 [ALFpaka] [WARNING] Log_spec ignored when pcen is set (librosa_extract_methods:84)
2024-06-04 21:59:47.794 [ALFpaka] [WARNING] Log_spec ignored when pcen is set (librosa_extract_methods:84)
2024-06-04 21:59:47.789 [ALFpaka] [WARNING] Log_spec ignored when pcen is set (librosa_extract_methods:84)
2024-06-04 21:59:47.795 [ALFpaka] [WARNING] Log_spec ignored when pcen is set (librosa_extract_methods:84)
2024-06-04 21:59:47.796 [ALFpaka] [WARNING] Log_spec ignored when pcen is set (librosa_extract_methods:84)
2024-06-04 21:59:47.796 [ALFpaka] [WARNING] Log_spec ignored when pcen is set (librosa_extract_methods:84)
2024-06-04 21:59:47.797 [ALFpaka] [WARNING] Log_spec ignored when pcen is set (librosa_extract_methods:84)
2024-06-04 21:59:47.797 [ALFpaka] [WARNING] Log_spec ignored when pcen is set (librosa_extract_methods:84)
2024-06-04 21:59:47.798 [ALFpaka] [WARNING] Log_spec ignored when pcen is set (librosa_extract_methods:84)
2024-06-04 21:59:47.799 [ALFpaka] [WARNING] Log_spec ignored when pcen is set (librosa_extract_methods:84)
2024-06-04 21:59:47.800 [ALFpaka] [WARNING] Log_spec ignored when pcen is set (librosa_extract_methods:84)
2024-06-04 21:59:47.804 [ALFpaka] [WARNING] Log_spec ignored when pcen is set (librosa_extract_methods:84)
2024-06-04 21:59:47.806 [ALFpaka] [WARNING] Log_spec ignored when pcen is set (librosa_extract_methods:84)
2024-06-04 21:59:47.807 [ALFpaka] [WARNING] Log_spec ignored when pcen is set (librosa_extract_methods:84)
2024-06-04 21:59:47.801 [ALFpaka] [WARNING] Log_spec ignored when pcen is set (librosa_extract_methods:84)
2024-06-04 21:59:47.804 [ALFpaka] [WARNING] Log_spec ignored when pcen is set (librosa_extract_methods:84)
2024-06-04 21:59:47.804 [ALFpaka] [WARNING] Log_spec ignored when pcen is set (librosa_extract_methods:84)
2024-06-04 21:59:47.805 [ALFpaka] [WARNING] Log_spec ignored when pcen is set (librosa_extract_methods:84)
2024-06-04 21:59:47.807 [ALFpaka] [WARNING] Log_spec ignored when pcen is set (librosa_extract_methods:84)
2024-06-04 21:59:47.803 [ALFpaka] [WARNING] Log_spec ignored when pcen is set (librosa_extract_methods:84)
2024-06-04 21:59:47.802 [ALFpaka] [WARNING] Log_spec ignored when pcen is set (librosa_extract_methods:84)
2024-06-04 21:59:48.359 [ALFpaka] [WARNING] Log_spec ignored when pcen is set (librosa_extract_methods:84)
2024-06-04 21:59:48.479 [ALFpaka] [WARNING] Log_spec ignored when pcen is set (librosa_extract_methods:84)
2024-06-04 21:59:48.753 [ALFpaka] [WARNING] Log_spec ignored when pcen is set (librosa_extract_methods:84)
2024-06-04 21:59:48.754 [ALFpaka] [WARNING] Log_spec ignored when pcen is set (librosa_extract_methods:84)
2024-06-04 21:59:48.814 [ALFpaka] [WARNING] Log_spec ignored when pcen is set (librosa_extract_methods:84)
2024-06-04 21:59:49.505 [ALFpaka] [WARNING] Log_spec ignored when pcen is set (librosa_extract_methods:84)
2024-06-04 21:59:49.553 [ALFpaka] [WARNING] Log_spec ignored when pcen is set (librosa_extract_methods:84)
2024-06-04 21:59:49.598 [ALFpaka] [WARNING] Log_spec ignored when pcen is set (librosa_extract_methods:84)
2024-06-04 21:59:49.647 [ALFpaka] [WARNING] Log_spec ignored when pcen is set (librosa_extract_methods:84)
2024-06-04 21:59:49.753 [ALFpaka] [WARNING] Log_spec ignored when pcen is set (librosa_extract_methods:84)
2024-06-04 21:59:49.757 [ALFpaka] [WARNING] Log_spec ignored when pcen is set (librosa_extract_methods:84)
2024-06-04 21:59:49.755 [ALFpaka] [WARNING] Log_spec ignored when pcen is set (librosa_extract_methods:84)
2024-06-04 21:59:49.759 [ALFpaka] [WARNING] Log_spec ignored when pcen is set (librosa_extract_methods:84)
2024-06-04 21:59:49.759 [ALFpaka] [WARNING] Log_spec ignored when pcen is set (librosa_extract_methods:84)
2024-06-04 21:59:49.766 [ALFpaka] [WARNING] Log_spec ignored when pcen is set (librosa_extract_methods:84)
2024-06-04 21:59:49.765 [ALFpaka] [WARNING] Log_spec ignored when pcen is set (librosa_extract_methods:84)
2024-06-04 21:59:49.772 [ALFpaka] [WARNING] Log_spec ignored when pcen is set (librosa_extract_methods:84)
2024-06-04 21:59:49.776 [ALFpaka] [WARNING] Log_spec ignored when pcen is set (librosa_extract_methods:84)
2024-06-04 21:59:49.760 [ALFpaka] [WARNING] Log_spec ignored when pcen is set (librosa_extract_methods:84)
2024-06-04 21:59:49.774 [ALFpaka] [WARNING] Log_spec ignored when pcen is set (librosa_extract_methods:84)
2024-06-04 21:59:49.770 [ALFpaka] [WARNING] Log_spec ignored when pcen is set (librosa_extract_methods:84)
2024-06-04 21:59:49.769 [ALFpaka] [WARNING] Log_spec ignored when pcen is set (librosa_extract_methods:84)
2024-06-04 21:59:49.776 [ALFpaka] [WARNING] Log_spec ignored when pcen is set (librosa_extract_methods:84)
2024-06-04 21:59:49.766 [ALFpaka] [WARNING] Log_spec ignored when pcen is set (librosa_extract_methods:84)
2024-06-04 21:59:49.778 [ALFpaka] [WARNING] Log_spec ignored when pcen is set (librosa_extract_methods:84)
2024-06-04 21:59:49.777 [ALFpaka] [WARNING] Log_spec ignored when pcen is set (librosa_extract_methods:84)
2024-06-04 21:59:51.804 [ALFpaka] [INFO] Extracting features for class spain with id 3 (get_features_for_dataset:69)
2024-06-04 21:59:52.534 [ALFpaka] [WARNING] Log_spec ignored when pcen is set (librosa_extract_methods:84)
2024-06-04 21:59:52.533 [ALFpaka] [WARNING] Log_spec ignored when pcen is set (librosa_extract_methods:84)
2024-06-04 21:59:52.536 [ALFpaka] [WARNING] Log_spec ignored when pcen is set (librosa_extract_methods:84)
2024-06-04 21:59:52.534 [ALFpaka] [WARNING] Log_spec ignored when pcen is set (librosa_extract_methods:84)
2024-06-04 21:59:52.535 [ALFpaka] [WARNING] Log_spec ignored when pcen is set (librosa_extract_methods:84)
2024-06-04 21:59:52.532 [ALFpaka] [WARNING] Log_spec ignored when pcen is set (librosa_extract_methods:84)
2024-06-04 21:59:52.536 [ALFpaka] [WARNING] Log_spec ignored when pcen is set (librosa_extract_methods:84)
2024-06-04 21:59:52.536 [ALFpaka] [WARNING] Log_spec ignored when pcen is set (librosa_extract_methods:84)
2024-06-04 21:59:52.538 [ALFpaka] [WARNING] Log_spec ignored when pcen is set (librosa_extract_methods:84)
2024-06-04 21:59:52.540 [ALFpaka] [WARNING] Log_spec ignored when pcen is set (librosa_extract_methods:84)
2024-06-04 21:59:52.541 [ALFpaka] [WARNING] Log_spec ignored when pcen is set (librosa_extract_methods:84)
2024-06-04 21:59:52.541 [ALFpaka] [WARNING] Log_spec ignored when pcen is set (librosa_extract_methods:84)
2024-06-04 21:59:52.537 [ALFpaka] [WARNING] Log_spec ignored when pcen is set (librosa_extract_methods:84)
2024-06-04 21:59:52.538 [ALFpaka] [WARNING] Log_spec ignored when pcen is set (librosa_extract_methods:84)
2024-06-04 21:59:52.542 [ALFpaka] [WARNING] Log_spec ignored when pcen is set (librosa_extract_methods:84)
2024-06-04 21:59:52.538 [ALFpaka] [WARNING] Log_spec ignored when pcen is set (librosa_extract_methods:84)
2024-06-04 21:59:52.544 [ALFpaka] [WARNING] Log_spec ignored when pcen is set (librosa_extract_methods:84)
2024-06-04 21:59:52.544 [ALFpaka] [WARNING] Log_spec ignored when pcen is set (librosa_extract_methods:84)
2024-06-04 21:59:52.550 [ALFpaka] [WARNING] Log_spec ignored when pcen is set (librosa_extract_methods:84)
2024-06-04 21:59:52.537 [ALFpaka] [WARNING] Log_spec ignored when pcen is set (librosa_extract_methods:84)
2024-06-04 21:59:52.540 [ALFpaka] [WARNING] Log_spec ignored when pcen is set (librosa_extract_methods:84)
2024-06-04 21:59:52.541 [ALFpaka] [WARNING] Log_spec ignored when pcen is set (librosa_extract_methods:84)
2024-06-04 21:59:52.538 [ALFpaka] [WARNING] Log_spec ignored when pcen is set (librosa_extract_methods:84)
2024-06-04 21:59:52.543 [ALFpaka] [WARNING] Log_spec ignored when pcen is set (librosa_extract_methods:84)
2024-06-04 21:59:52.552 [ALFpaka] [WARNING] Log_spec ignored when pcen is set (librosa_extract_methods:84)
2024-06-04 21:59:52.546 [ALFpaka] [WARNING] Log_spec ignored when pcen is set (librosa_extract_methods:84)
2024-06-04 21:59:52.545 [ALFpaka] [WARNING] Log_spec ignored when pcen is set (librosa_extract_methods:84)
2024-06-04 21:59:52.553 [ALFpaka] [WARNING] Log_spec ignored when pcen is set (librosa_extract_methods:84)
2024-06-04 21:59:52.555 [ALFpaka] [WARNING] Log_spec ignored when pcen is set (librosa_extract_methods:84)
2024-06-04 21:59:52.562 [ALFpaka] [WARNING] Log_spec ignored when pcen is set (librosa_extract_methods:84)
2024-06-04 21:59:52.564 [ALFpaka] [WARNING] Log_spec ignored when pcen is set (librosa_extract_methods:84)
2024-06-04 21:59:52.547 [ALFpaka] [WARNING] Log_spec ignored when pcen is set (librosa_extract_methods:84)
2024-06-04 21:59:52.547 [ALFpaka] [WARNING] Log_spec ignored when pcen is set (librosa_extract_methods:84)
2024-06-04 21:59:52.564 [ALFpaka] [WARNING] Log_spec ignored when pcen is set (librosa_extract_methods:84)
2024-06-04 21:59:52.564 [ALFpaka] [WARNING] Log_spec ignored when pcen is set (librosa_extract_methods:84)
2024-06-04 21:59:52.548 [ALFpaka] [WARNING] Log_spec ignored when pcen is set (librosa_extract_methods:84)
2024-06-04 21:59:52.554 [ALFpaka] [WARNING] Log_spec ignored when pcen is set (librosa_extract_methods:84)
2024-06-04 21:59:52.549 [ALFpaka] [WARNING] Log_spec ignored when pcen is set (librosa_extract_methods:84)
2024-06-04 21:59:52.554 [ALFpaka] [WARNING] Log_spec ignored when pcen is set (librosa_extract_methods:84)
2024-06-04 21:59:52.557 [ALFpaka] [WARNING] Log_spec ignored when pcen is set (librosa_extract_methods:84)
2024-06-04 21:59:52.558 [ALFpaka] [WARNING] Log_spec ignored when pcen is set (librosa_extract_methods:84)
2024-06-04 21:59:52.559 [ALFpaka] [WARNING] Log_spec ignored when pcen is set (librosa_extract_methods:84)
2024-06-04 21:59:52.556 [ALFpaka] [WARNING] Log_spec ignored when pcen is set (librosa_extract_methods:84)
2024-06-04 21:59:52.561 [ALFpaka] [WARNING] Log_spec ignored when pcen is set (librosa_extract_methods:84)
2024-06-04 21:59:52.564 [ALFpaka] [WARNING] Log_spec ignored when pcen is set (librosa_extract_methods:84)
2024-06-04 21:59:52.565 [ALFpaka] [WARNING] Log_spec ignored when pcen is set (librosa_extract_methods:84)
2024-06-04 21:59:52.560 [ALFpaka] [WARNING] Log_spec ignored when pcen is set (librosa_extract_methods:84)
2024-06-04 21:59:52.563 [ALFpaka] [WARNING] Log_spec ignored when pcen is set (librosa_extract_methods:84)
2024-06-04 21:59:53.105 [ALFpaka] [WARNING] Log_spec ignored when pcen is set (librosa_extract_methods:84)
2024-06-04 21:59:53.191 [ALFpaka] [WARNING] Log_spec ignored when pcen is set (librosa_extract_methods:84)
2024-06-04 21:59:53.763 [ALFpaka] [WARNING] Log_spec ignored when pcen is set (librosa_extract_methods:84)
2024-06-04 21:59:54.590 [ALFpaka] [WARNING] Log_spec ignored when pcen is set (librosa_extract_methods:84)
2024-06-04 21:59:54.587 [ALFpaka] [WARNING] Log_spec ignored when pcen is set (librosa_extract_methods:84)
2024-06-04 21:59:54.589 [ALFpaka] [WARNING] Log_spec ignored when pcen is set (librosa_extract_methods:84)
2024-06-04 21:59:54.587 [ALFpaka] [WARNING] Log_spec ignored when pcen is set (librosa_extract_methods:84)
2024-06-04 21:59:54.598 [ALFpaka] [WARNING] Log_spec ignored when pcen is set (librosa_extract_methods:84)
2024-06-04 21:59:54.618 [ALFpaka] [WARNING] Log_spec ignored when pcen is set (librosa_extract_methods:84)
2024-06-04 21:59:54.608 [ALFpaka] [WARNING] Log_spec ignored when pcen is set (librosa_extract_methods:84)
2024-06-04 21:59:54.610 [ALFpaka] [WARNING] Log_spec ignored when pcen is set (librosa_extract_methods:84)
2024-06-04 21:59:54.608 [ALFpaka] [WARNING] Log_spec ignored when pcen is set (librosa_extract_methods:84)
2024-06-04 21:59:54.612 [ALFpaka] [WARNING] Log_spec ignored when pcen is set (librosa_extract_methods:84)
2024-06-04 21:59:54.612 [ALFpaka] [WARNING] Log_spec ignored when pcen is set (librosa_extract_methods:84)
2024-06-04 21:59:54.614 [ALFpaka] [WARNING] Log_spec ignored when pcen is set (librosa_extract_methods:84)
2024-06-04 21:59:54.620 [ALFpaka] [WARNING] Log_spec ignored when pcen is set (librosa_extract_methods:84)
2024-06-04 21:59:54.622 [ALFpaka] [WARNING] Log_spec ignored when pcen is set (librosa_extract_methods:84)
2024-06-04 21:59:54.623 [ALFpaka] [WARNING] Log_spec ignored when pcen is set (librosa_extract_methods:84)
2024-06-04 21:59:54.643 [ALFpaka] [WARNING] Log_spec ignored when pcen is set (librosa_extract_methods:84)
2024-06-04 21:59:54.641 [ALFpaka] [WARNING] Log_spec ignored when pcen is set (librosa_extract_methods:84)
2024-06-04 21:59:54.639 [ALFpaka] [WARNING] Log_spec ignored when pcen is set (librosa_extract_methods:84)
2024-06-04 21:59:54.712 [ALFpaka] [WARNING] Log_spec ignored when pcen is set (librosa_extract_methods:84)
2024-06-04 21:59:54.653 [ALFpaka] [WARNING] Log_spec ignored when pcen is set (librosa_extract_methods:84)
2024-06-04 21:59:54.652 [ALFpaka] [WARNING] Log_spec ignored when pcen is set (librosa_extract_methods:84)
2024-06-04 21:59:54.686 [ALFpaka] [WARNING] Log_spec ignored when pcen is set (librosa_extract_methods:84)
2024-06-04 21:59:54.684 [ALFpaka] [WARNING] Log_spec ignored when pcen is set (librosa_extract_methods:84)
2024-06-04 21:59:54.720 [ALFpaka] [WARNING] Log_spec ignored when pcen is set (librosa_extract_methods:84)
2024-06-04 21:59:54.718 [ALFpaka] [WARNING] Log_spec ignored when pcen is set (librosa_extract_methods:84)
2024-06-04 21:59:54.748 [ALFpaka] [WARNING] Log_spec ignored when pcen is set (librosa_extract_methods:84)
2024-06-04 21:59:54.748 [ALFpaka] [WARNING] Log_spec ignored when pcen is set (librosa_extract_methods:84)
2024-06-04 21:59:54.751 [ALFpaka] [WARNING] Log_spec ignored when pcen is set (librosa_extract_methods:84)
2024-06-04 21:59:54.753 [ALFpaka] [WARNING] Log_spec ignored when pcen is set (librosa_extract_methods:84)
2024-06-04 21:59:54.779 [ALFpaka] [WARNING] Log_spec ignored when pcen is set (librosa_extract_methods:84)
2024-06-04 21:59:54.802 [ALFpaka] [WARNING] Log_spec ignored when pcen is set (librosa_extract_methods:84)
2024-06-04 21:59:54.809 [ALFpaka] [WARNING] Log_spec ignored when pcen is set (librosa_extract_methods:84)
2024-06-04 21:59:54.826 [ALFpaka] [WARNING] Log_spec ignored when pcen is set (librosa_extract_methods:84)
2024-06-04 21:59:54.852 [ALFpaka] [WARNING] Log_spec ignored when pcen is set (librosa_extract_methods:84)
2024-06-04 21:59:54.890 [ALFpaka] [WARNING] Log_spec ignored when pcen is set (librosa_extract_methods:84)
2024-06-04 21:59:54.888 [ALFpaka] [WARNING] Log_spec ignored when pcen is set (librosa_extract_methods:84)
2024-06-04 21:59:54.918 [ALFpaka] [WARNING] Log_spec ignored when pcen is set (librosa_extract_methods:84)
2024-06-04 21:59:54.935 [ALFpaka] [WARNING] Log_spec ignored when pcen is set (librosa_extract_methods:84)
2024-06-04 21:59:54.989 [ALFpaka] [WARNING] Log_spec ignored when pcen is set (librosa_extract_methods:84)
2024-06-04 21:59:54.997 [ALFpaka] [WARNING] Log_spec ignored when pcen is set (librosa_extract_methods:84)
2024-06-04 21:59:54.998 [ALFpaka] [WARNING] Log_spec ignored when pcen is set (librosa_extract_methods:84)
2024-06-04 21:59:55.006 [ALFpaka] [WARNING] Log_spec ignored when pcen is set (librosa_extract_methods:84)
2024-06-04 21:59:55.029 [ALFpaka] [WARNING] Log_spec ignored when pcen is set (librosa_extract_methods:84)
2024-06-04 21:59:55.033 [ALFpaka] [WARNING] Log_spec ignored when pcen is set (librosa_extract_methods:84)
2024-06-04 21:59:55.058 [ALFpaka] [WARNING] Log_spec ignored when pcen is set (librosa_extract_methods:84)
2024-06-04 21:59:55.808 [ALFpaka] [WARNING] Log_spec ignored when pcen is set (librosa_extract_methods:84)
2024-06-04 21:59:55.807 [ALFpaka] [WARNING] Log_spec ignored when pcen is set (librosa_extract_methods:84)
2024-06-04 21:59:56.095 [ALFpaka] [WARNING] Log_spec ignored when pcen is set (librosa_extract_methods:84)
2024-06-04 21:59:56.761 [ALFpaka] [WARNING] Log_spec ignored when pcen is set (librosa_extract_methods:84)
2024-06-04 21:59:56.780 [ALFpaka] [WARNING] Log_spec ignored when pcen is set (librosa_extract_methods:84)
2024-06-04 21:59:56.847 [ALFpaka] [WARNING] Log_spec ignored when pcen is set (librosa_extract_methods:84)
2024-06-04 21:59:57.079 [ALFpaka] [WARNING] Log_spec ignored when pcen is set (librosa_extract_methods:84)
2024-06-04 21:59:57.077 [ALFpaka] [WARNING] Log_spec ignored when pcen is set (librosa_extract_methods:84)
2024-06-04 21:59:57.087 [ALFpaka] [WARNING] Log_spec ignored when pcen is set (librosa_extract_methods:84)
2024-06-04 21:59:57.147 [ALFpaka] [WARNING] Log_spec ignored when pcen is set (librosa_extract_methods:84)
2024-06-04 21:59:57.150 [ALFpaka] [WARNING] Log_spec ignored when pcen is set (librosa_extract_methods:84)
2024-06-04 21:59:57.150 [ALFpaka] [WARNING] Log_spec ignored when pcen is set (librosa_extract_methods:84)
2024-06-04 21:59:57.152 [ALFpaka] [WARNING] Log_spec ignored when pcen is set (librosa_extract_methods:84)
2024-06-04 21:59:57.155 [ALFpaka] [WARNING] Log_spec ignored when pcen is set (librosa_extract_methods:84)
2024-06-04 21:59:57.157 [ALFpaka] [WARNING] Log_spec ignored when pcen is set (librosa_extract_methods:84)
2024-06-04 21:59:57.158 [ALFpaka] [WARNING] Log_spec ignored when pcen is set (librosa_extract_methods:84)
2024-06-04 21:59:57.161 [ALFpaka] [WARNING] Log_spec ignored when pcen is set (librosa_extract_methods:84)
2024-06-04 21:59:57.160 [ALFpaka] [WARNING] Log_spec ignored when pcen is set (librosa_extract_methods:84)
2024-06-04 21:59:57.257 [ALFpaka] [WARNING] Log_spec ignored when pcen is set (librosa_extract_methods:84)
2024-06-04 21:59:57.344 [ALFpaka] [WARNING] Log_spec ignored when pcen is set (librosa_extract_methods:84)
2024-06-04 21:59:57.489 [ALFpaka] [WARNING] Log_spec ignored when pcen is set (librosa_extract_methods:84)
2024-06-04 21:59:57.489 [ALFpaka] [WARNING] Log_spec ignored when pcen is set (librosa_extract_methods:84)
2024-06-04 21:59:57.487 [ALFpaka] [WARNING] Log_spec ignored when pcen is set (librosa_extract_methods:84)
2024-06-04 21:59:57.560 [ALFpaka] [WARNING] Log_spec ignored when pcen is set (librosa_extract_methods:84)
2024-06-04 21:59:57.558 [ALFpaka] [WARNING] Log_spec ignored when pcen is set (librosa_extract_methods:84)
2024-06-04 21:59:57.771 [ALFpaka] [WARNING] Log_spec ignored when pcen is set (librosa_extract_methods:84)
2024-06-04 21:59:57.583 [ALFpaka] [WARNING] Log_spec ignored when pcen is set (librosa_extract_methods:84)
2024-06-04 21:59:57.582 [ALFpaka] [WARNING] Log_spec ignored when pcen is set (librosa_extract_methods:84)
2024-06-04 21:59:57.783 [ALFpaka] [WARNING] Log_spec ignored when pcen is set (librosa_extract_methods:84)
2024-06-04 21:59:57.851 [ALFpaka] [WARNING] Log_spec ignored when pcen is set (librosa_extract_methods:84)
2024-06-04 21:59:57.904 [ALFpaka] [WARNING] Log_spec ignored when pcen is set (librosa_extract_methods:84)
2024-06-04 21:59:57.905 [ALFpaka] [WARNING] Log_spec ignored when pcen is set (librosa_extract_methods:84)
2024-06-04 21:59:57.906 [ALFpaka] [WARNING] Log_spec ignored when pcen is set (librosa_extract_methods:84)
2024-06-04 21:59:57.908 [ALFpaka] [WARNING] Log_spec ignored when pcen is set (librosa_extract_methods:84)
2024-06-04 21:59:57.908 [ALFpaka] [WARNING] Log_spec ignored when pcen is set (librosa_extract_methods:84)
2024-06-04 21:59:57.912 [ALFpaka] [WARNING] Log_spec ignored when pcen is set (librosa_extract_methods:84)
2024-06-04 21:59:57.910 [ALFpaka] [WARNING] Log_spec ignored when pcen is set (librosa_extract_methods:84)
2024-06-04 21:59:57.915 [ALFpaka] [WARNING] Log_spec ignored when pcen is set (librosa_extract_methods:84)
2024-06-04 21:59:57.928 [ALFpaka] [WARNING] Log_spec ignored when pcen is set (librosa_extract_methods:84)
2024-06-04 21:59:57.913 [ALFpaka] [WARNING] Log_spec ignored when pcen is set (librosa_extract_methods:84)
2024-06-04 21:59:57.914 [ALFpaka] [WARNING] Log_spec ignored when pcen is set (librosa_extract_methods:84)
2024-06-04 21:59:57.963 [ALFpaka] [WARNING] Log_spec ignored when pcen is set (librosa_extract_methods:84)
2024-06-04 21:59:58.077 [ALFpaka] [WARNING] Log_spec ignored when pcen is set (librosa_extract_methods:84)
2024-06-04 21:59:58.107 [ALFpaka] [WARNING] Log_spec ignored when pcen is set (librosa_extract_methods:84)
2024-06-04 21:59:58.141 [ALFpaka] [WARNING] Log_spec ignored when pcen is set (librosa_extract_methods:84)
2024-06-04 21:59:58.305 [ALFpaka] [WARNING] Log_spec ignored when pcen is set (librosa_extract_methods:84)
2024-06-04 21:59:58.316 [ALFpaka] [WARNING] Log_spec ignored when pcen is set (librosa_extract_methods:84)
2024-06-04 21:59:58.345 [ALFpaka] [WARNING] Log_spec ignored when pcen is set (librosa_extract_methods:84)
2024-06-04 21:59:58.386 [ALFpaka] [WARNING] Log_spec ignored when pcen is set (librosa_extract_methods:84)
2024-06-04 21:59:58.427 [ALFpaka] [WARNING] Log_spec ignored when pcen is set (librosa_extract_methods:84)
2024-06-04 21:59:58.531 [ALFpaka] [WARNING] Log_spec ignored when pcen is set (librosa_extract_methods:84)
2024-06-04 21:59:58.531 [ALFpaka] [WARNING] Log_spec ignored when pcen is set (librosa_extract_methods:84)
2024-06-04 21:59:59.081 [ALFpaka] [WARNING] Log_spec ignored when pcen is set (librosa_extract_methods:84)
2024-06-04 21:59:59.081 [ALFpaka] [WARNING] Log_spec ignored when pcen is set (librosa_extract_methods:84)
2024-06-04 21:59:59.085 [ALFpaka] [WARNING] Log_spec ignored when pcen is set (librosa_extract_methods:84)
2024-06-04 21:59:59.083 [ALFpaka] [WARNING] Log_spec ignored when pcen is set (librosa_extract_methods:84)
2024-06-04 21:59:59.181 [ALFpaka] [WARNING] Log_spec ignored when pcen is set (librosa_extract_methods:84)
2024-06-04 21:59:59.166 [ALFpaka] [WARNING] Log_spec ignored when pcen is set (librosa_extract_methods:84)
2024-06-04 21:59:59.329 [ALFpaka] [WARNING] Log_spec ignored when pcen is set (librosa_extract_methods:84)
2024-06-04 21:59:59.441 [ALFpaka] [WARNING] Log_spec ignored when pcen is set (librosa_extract_methods:84)
2024-06-04 21:59:59.511 [ALFpaka] [WARNING] Log_spec ignored when pcen is set (librosa_extract_methods:84)
2024-06-04 22:00:00.039 [ALFpaka] [WARNING] Log_spec ignored when pcen is set (librosa_extract_methods:84)
2024-06-04 22:00:00.037 [ALFpaka] [WARNING] Log_spec ignored when pcen is set (librosa_extract_methods:84)
2024-06-04 22:00:00.064 [ALFpaka] [WARNING] Log_spec ignored when pcen is set (librosa_extract_methods:84)
2024-06-04 22:00:00.052 [ALFpaka] [WARNING] Log_spec ignored when pcen is set (librosa_extract_methods:84)
2024-06-04 22:00:00.065 [ALFpaka] [WARNING] Log_spec ignored when pcen is set (librosa_extract_methods:84)
2024-06-04 22:00:00.074 [ALFpaka] [WARNING] Log_spec ignored when pcen is set (librosa_extract_methods:84)
2024-06-04 22:00:00.063 [ALFpaka] [WARNING] Log_spec ignored when pcen is set (librosa_extract_methods:84)
2024-06-04 22:00:00.150 [ALFpaka] [WARNING] Log_spec ignored when pcen is set (librosa_extract_methods:84)
2024-06-04 22:00:00.237 [ALFpaka] [WARNING] Log_spec ignored when pcen is set (librosa_extract_methods:84)
2024-06-04 22:00:00.231 [ALFpaka] [WARNING] Log_spec ignored when pcen is set (librosa_extract_methods:84)
2024-06-04 22:00:00.464 [ALFpaka] [WARNING] Log_spec ignored when pcen is set (librosa_extract_methods:84)
2024-06-04 22:00:00.580 [ALFpaka] [WARNING] Log_spec ignored when pcen is set (librosa_extract_methods:84)
2024-06-04 22:00:00.713 [ALFpaka] [WARNING] Log_spec ignored when pcen is set (librosa_extract_methods:84)
2024-06-04 22:00:00.713 [ALFpaka] [WARNING] Log_spec ignored when pcen is set (librosa_extract_methods:84)
2024-06-04 22:00:00.716 [ALFpaka] [WARNING] Log_spec ignored when pcen is set (librosa_extract_methods:84)
2024-06-04 22:00:00.715 [ALFpaka] [WARNING] Log_spec ignored when pcen is set (librosa_extract_methods:84)
2024-06-04 22:00:00.718 [ALFpaka] [WARNING] Log_spec ignored when pcen is set (librosa_extract_methods:84)
2024-06-04 22:00:00.719 [ALFpaka] [WARNING] Log_spec ignored when pcen is set (librosa_extract_methods:84)
2024-06-04 22:00:00.768 [ALFpaka] [WARNING] Log_spec ignored when pcen is set (librosa_extract_methods:84)
2024-06-04 22:00:00.948 [ALFpaka] [WARNING] Log_spec ignored when pcen is set (librosa_extract_methods:84)
2024-06-04 22:00:00.966 [ALFpaka] [WARNING] Log_spec ignored when pcen is set (librosa_extract_methods:84)
2024-06-04 22:00:01.299 [ALFpaka] [WARNING] Log_spec ignored when pcen is set (librosa_extract_methods:84)
2024-06-04 22:00:01.305 [ALFpaka] [WARNING] Log_spec ignored when pcen is set (librosa_extract_methods:84)
2024-06-04 22:00:01.387 [ALFpaka] [WARNING] Log_spec ignored when pcen is set (librosa_extract_methods:84)
2024-06-04 22:00:01.298 [ALFpaka] [WARNING] Log_spec ignored when pcen is set (librosa_extract_methods:84)
2024-06-04 22:00:01.399 [ALFpaka] [WARNING] Log_spec ignored when pcen is set (librosa_extract_methods:84)
2024-06-04 22:00:01.385 [ALFpaka] [WARNING] Log_spec ignored when pcen is set (librosa_extract_methods:84)
2024-06-04 22:00:01.449 [ALFpaka] [WARNING] Log_spec ignored when pcen is set (librosa_extract_methods:84)
2024-06-04 22:00:01.303 [ALFpaka] [WARNING] Log_spec ignored when pcen is set (librosa_extract_methods:84)
2024-06-04 22:00:01.375 [ALFpaka] [WARNING] Log_spec ignored when pcen is set (librosa_extract_methods:84)
2024-06-04 22:00:01.300 [ALFpaka] [WARNING] Log_spec ignored when pcen is set (librosa_extract_methods:84)
2024-06-04 22:00:01.538 [ALFpaka] [WARNING] Log_spec ignored when pcen is set (librosa_extract_methods:84)
2024-06-04 22:00:01.554 [ALFpaka] [WARNING] Log_spec ignored when pcen is set (librosa_extract_methods:84)
2024-06-04 22:00:01.852 [ALFpaka] [WARNING] Log_spec ignored when pcen is set (librosa_extract_methods:84)
2024-06-04 22:00:01.853 [ALFpaka] [WARNING] Log_spec ignored when pcen is set (librosa_extract_methods:84)
2024-06-04 22:00:01.855 [ALFpaka] [WARNING] Log_spec ignored when pcen is set (librosa_extract_methods:84)
2024-06-04 22:00:01.870 [ALFpaka] [WARNING] Log_spec ignored when pcen is set (librosa_extract_methods:84)
2024-06-04 22:00:01.949 [ALFpaka] [WARNING] Log_spec ignored when pcen is set (librosa_extract_methods:84)
2024-06-04 22:00:01.951 [ALFpaka] [WARNING] Log_spec ignored when pcen is set (librosa_extract_methods:84)
2024-06-04 22:00:01.953 [ALFpaka] [WARNING] Log_spec ignored when pcen is set (librosa_extract_methods:84)
2024-06-04 22:00:01.954 [ALFpaka] [WARNING] Log_spec ignored when pcen is set (librosa_extract_methods:84)
2024-06-04 22:00:01.959 [ALFpaka] [WARNING] Log_spec ignored when pcen is set (librosa_extract_methods:84)
2024-06-04 22:00:01.959 [ALFpaka] [WARNING] Log_spec ignored when pcen is set (librosa_extract_methods:84)
2024-06-04 22:00:04.328 [ALFpaka] [INFO] Extracting features for class france with id 0 (get_features_for_dataset:69)
2024-06-04 22:00:04.857 [ALFpaka] [WARNING] Log_spec ignored when pcen is set (librosa_extract_methods:84)
2024-06-04 22:00:04.857 [ALFpaka] [WARNING] Log_spec ignored when pcen is set (librosa_extract_methods:84)
2024-06-04 22:00:04.858 [ALFpaka] [WARNING] Log_spec ignored when pcen is set (librosa_extract_methods:84)
2024-06-04 22:00:04.857 [ALFpaka] [WARNING] Log_spec ignored when pcen is set (librosa_extract_methods:84)
2024-06-04 22:00:04.859 [ALFpaka] [WARNING] Log_spec ignored when pcen is set (librosa_extract_methods:84)
2024-06-04 22:00:04.858 [ALFpaka] [WARNING] Log_spec ignored when pcen is set (librosa_extract_methods:84)
2024-06-04 22:00:04.859 [ALFpaka] [WARNING] Log_spec ignored when pcen is set (librosa_extract_methods:84)
2024-06-04 22:00:04.859 [ALFpaka] [WARNING] Log_spec ignored when pcen is set (librosa_extract_methods:84)
2024-06-04 22:00:04.860 [ALFpaka] [WARNING] Log_spec ignored when pcen is set (librosa_extract_methods:84)
2024-06-04 22:00:04.860 [ALFpaka] [WARNING] Log_spec ignored when pcen is set (librosa_extract_methods:84)
2024-06-04 22:00:04.867 [ALFpaka] [WARNING] Log_spec ignored when pcen is set (librosa_extract_methods:84)
2024-06-04 22:00:04.869 [ALFpaka] [WARNING] Log_spec ignored when pcen is set (librosa_extract_methods:84)
2024-06-04 22:00:04.871 [ALFpaka] [WARNING] Log_spec ignored when pcen is set (librosa_extract_methods:84)
2024-06-04 22:00:04.862 [ALFpaka] [WARNING] Log_spec ignored when pcen is set (librosa_extract_methods:84)
2024-06-04 22:00:04.865 [ALFpaka] [WARNING] Log_spec ignored when pcen is set (librosa_extract_methods:84)
2024-06-04 22:00:04.867 [ALFpaka] [WARNING] Log_spec ignored when pcen is set (librosa_extract_methods:84)
2024-06-04 22:00:04.869 [ALFpaka] [WARNING] Log_spec ignored when pcen is set (librosa_extract_methods:84)
2024-06-04 22:00:04.866 [ALFpaka] [WARNING] Log_spec ignored when pcen is set (librosa_extract_methods:84)
2024-06-04 22:00:04.870 [ALFpaka] [WARNING] Log_spec ignored when pcen is set (librosa_extract_methods:84)
2024-06-04 22:00:04.864 [ALFpaka] [WARNING] Log_spec ignored when pcen is set (librosa_extract_methods:84)
2024-06-04 22:00:04.860 [ALFpaka] [WARNING] Log_spec ignored when pcen is set (librosa_extract_methods:84)
2024-06-04 22:00:04.863 [ALFpaka] [WARNING] Log_spec ignored when pcen is set (librosa_extract_methods:84)
2024-06-04 22:00:04.871 [ALFpaka] [WARNING] Log_spec ignored when pcen is set (librosa_extract_methods:84)
2024-06-04 22:00:04.873 [ALFpaka] [WARNING] Log_spec ignored when pcen is set (librosa_extract_methods:84)
2024-06-04 22:00:04.874 [ALFpaka] [WARNING] Log_spec ignored when pcen is set (librosa_extract_methods:84)
2024-06-04 22:00:04.861 [ALFpaka] [WARNING] Log_spec ignored when pcen is set (librosa_extract_methods:84)
2024-06-04 22:00:04.877 [ALFpaka] [WARNING] Log_spec ignored when pcen is set (librosa_extract_methods:84)
2024-06-04 22:00:04.877 [ALFpaka] [WARNING] Log_spec ignored when pcen is set (librosa_extract_methods:84)
2024-06-04 22:00:04.876 [ALFpaka] [WARNING] Log_spec ignored when pcen is set (librosa_extract_methods:84)
2024-06-04 22:00:04.875 [ALFpaka] [WARNING] Log_spec ignored when pcen is set (librosa_extract_methods:84)
2024-06-04 22:00:07.657 [ALFpaka] [INFO] Extracting features for class germany with id 1 (get_features_for_dataset:69)
2024-06-04 22:00:08.474 [ALFpaka] [WARNING] Log_spec ignored when pcen is set (librosa_extract_methods:84)
2024-06-04 22:00:08.475 [ALFpaka] [WARNING] Log_spec ignored when pcen is set (librosa_extract_methods:84)
2024-06-04 22:00:08.473 [ALFpaka] [WARNING] Log_spec ignored when pcen is set (librosa_extract_methods:84)
2024-06-04 22:00:08.472 [ALFpaka] [WARNING] Log_spec ignored when pcen is set (librosa_extract_methods:84)
2024-06-04 22:00:08.475 [ALFpaka] [WARNING] Log_spec ignored when pcen is set (librosa_extract_methods:84)
2024-06-04 22:00:08.477 [ALFpaka] [WARNING] Log_spec ignored when pcen is set (librosa_extract_methods:84)
2024-06-04 22:00:08.477 [ALFpaka] [WARNING] Log_spec ignored when pcen is set (librosa_extract_methods:84)
2024-06-04 22:00:08.477 [ALFpaka] [WARNING] Log_spec ignored when pcen is set (librosa_extract_methods:84)
2024-06-04 22:00:08.475 [ALFpaka] [WARNING] Log_spec ignored when pcen is set (librosa_extract_methods:84)
2024-06-04 22:00:08.478 [ALFpaka] [WARNING] Log_spec ignored when pcen is set (librosa_extract_methods:84)
2024-06-04 22:00:08.476 [ALFpaka] [WARNING] Log_spec ignored when pcen is set (librosa_extract_methods:84)
2024-06-04 22:00:08.479 [ALFpaka] [WARNING] Log_spec ignored when pcen is set (librosa_extract_methods:84)
2024-06-04 22:00:08.479 [ALFpaka] [WARNING] Log_spec ignored when pcen is set (librosa_extract_methods:84)
2024-06-04 22:00:08.482 [ALFpaka] [WARNING] Log_spec ignored when pcen is set (librosa_extract_methods:84)
2024-06-04 22:00:08.482 [ALFpaka] [WARNING] Log_spec ignored when pcen is set (librosa_extract_methods:84)
2024-06-04 22:00:08.481 [ALFpaka] [WARNING] Log_spec ignored when pcen is set (librosa_extract_methods:84)
2024-06-04 22:00:08.480 [ALFpaka] [WARNING] Log_spec ignored when pcen is set (librosa_extract_methods:84)
2024-06-04 22:00:08.483 [ALFpaka] [WARNING] Log_spec ignored when pcen is set (librosa_extract_methods:84)
2024-06-04 22:00:08.484 [ALFpaka] [WARNING] Log_spec ignored when pcen is set (librosa_extract_methods:84)
2024-06-04 22:00:08.483 [ALFpaka] [WARNING] Log_spec ignored when pcen is set (librosa_extract_methods:84)
2024-06-04 22:00:08.484 [ALFpaka] [WARNING] Log_spec ignored when pcen is set (librosa_extract_methods:84)
2024-06-04 22:00:08.486 [ALFpaka] [WARNING] Log_spec ignored when pcen is set (librosa_extract_methods:84)
2024-06-04 22:00:08.485 [ALFpaka] [WARNING] Log_spec ignored when pcen is set (librosa_extract_methods:84)
2024-06-04 22:00:08.487 [ALFpaka] [WARNING] Log_spec ignored when pcen is set (librosa_extract_methods:84)
2024-06-04 22:00:08.486 [ALFpaka] [WARNING] Log_spec ignored when pcen is set (librosa_extract_methods:84)
2024-06-04 22:00:08.488 [ALFpaka] [WARNING] Log_spec ignored when pcen is set (librosa_extract_methods:84)
2024-06-04 22:00:08.488 [ALFpaka] [WARNING] Log_spec ignored when pcen is set (librosa_extract_methods:84)
2024-06-04 22:00:08.488 [ALFpaka] [WARNING] Log_spec ignored when pcen is set (librosa_extract_methods:84)
2024-06-04 22:00:08.489 [ALFpaka] [WARNING] Log_spec ignored when pcen is set (librosa_extract_methods:84)
2024-06-04 22:00:08.487 [ALFpaka] [WARNING] Log_spec ignored when pcen is set (librosa_extract_methods:84)
2024-06-04 22:00:11.540 [ALFpaka] [INFO] Extracting features for class italy with id 2 (get_features_for_dataset:69)
2024-06-04 22:00:11.934 [ALFpaka] [WARNING] Log_spec ignored when pcen is set (librosa_extract_methods:84)
2024-06-04 22:00:11.934 [ALFpaka] [WARNING] Log_spec ignored when pcen is set (librosa_extract_methods:84)
2024-06-04 22:00:11.934 [ALFpaka] [WARNING] Log_spec ignored when pcen is set (librosa_extract_methods:84)
2024-06-04 22:00:11.934 [ALFpaka] [WARNING] Log_spec ignored when pcen is set (librosa_extract_methods:84)
2024-06-04 22:00:11.935 [ALFpaka] [WARNING] Log_spec ignored when pcen is set (librosa_extract_methods:84)
2024-06-04 22:00:11.935 [ALFpaka] [WARNING] Log_spec ignored when pcen is set (librosa_extract_methods:84)
2024-06-04 22:00:11.935 [ALFpaka] [WARNING] Log_spec ignored when pcen is set (librosa_extract_methods:84)
2024-06-04 22:00:11.935 [ALFpaka] [WARNING] Log_spec ignored when pcen is set (librosa_extract_methods:84)
2024-06-04 22:00:11.936 [ALFpaka] [WARNING] Log_spec ignored when pcen is set (librosa_extract_methods:84)
2024-06-04 22:00:11.936 [ALFpaka] [WARNING] Log_spec ignored when pcen is set (librosa_extract_methods:84)
2024-06-04 22:00:11.936 [ALFpaka] [WARNING] Log_spec ignored when pcen is set (librosa_extract_methods:84)
2024-06-04 22:00:11.936 [ALFpaka] [WARNING] Log_spec ignored when pcen is set (librosa_extract_methods:84)
2024-06-04 22:00:11.937 [ALFpaka] [WARNING] Log_spec ignored when pcen is set (librosa_extract_methods:84)
2024-06-04 22:00:11.937 [ALFpaka] [WARNING] Log_spec ignored when pcen is set (librosa_extract_methods:84)
2024-06-04 22:00:11.937 [ALFpaka] [WARNING] Log_spec ignored when pcen is set (librosa_extract_methods:84)
2024-06-04 22:00:11.938 [ALFpaka] [WARNING] Log_spec ignored when pcen is set (librosa_extract_methods:84)
2024-06-04 22:00:11.939 [ALFpaka] [WARNING] Log_spec ignored when pcen is set (librosa_extract_methods:84)
2024-06-04 22:00:11.939 [ALFpaka] [WARNING] Log_spec ignored when pcen is set (librosa_extract_methods:84)
2024-06-04 22:00:11.940 [ALFpaka] [WARNING] Log_spec ignored when pcen is set (librosa_extract_methods:84)
2024-06-04 22:00:11.937 [ALFpaka] [WARNING] Log_spec ignored when pcen is set (librosa_extract_methods:84)
2024-06-04 22:00:11.939 [ALFpaka] [WARNING] Log_spec ignored when pcen is set (librosa_extract_methods:84)
2024-06-04 22:00:11.939 [ALFpaka] [WARNING] Log_spec ignored when pcen is set (librosa_extract_methods:84)
2024-06-04 22:00:11.940 [ALFpaka] [WARNING] Log_spec ignored when pcen is set (librosa_extract_methods:84)
2024-06-04 22:00:11.941 [ALFpaka] [WARNING] Log_spec ignored when pcen is set (librosa_extract_methods:84)
2024-06-04 22:00:11.941 [ALFpaka] [WARNING] Log_spec ignored when pcen is set (librosa_extract_methods:84)
2024-06-04 22:00:11.942 [ALFpaka] [WARNING] Log_spec ignored when pcen is set (librosa_extract_methods:84)
2024-06-04 22:00:11.942 [ALFpaka] [WARNING] Log_spec ignored when pcen is set (librosa_extract_methods:84)
2024-06-04 22:00:11.942 [ALFpaka] [WARNING] Log_spec ignored when pcen is set (librosa_extract_methods:84)
2024-06-04 22:00:11.942 [ALFpaka] [WARNING] Log_spec ignored when pcen is set (librosa_extract_methods:84)
2024-06-04 22:00:14.803 [ALFpaka] [INFO] Extracting features for class spain with id 3 (get_features_for_dataset:69)
2024-06-04 22:00:15.285 [ALFpaka] [WARNING] Log_spec ignored when pcen is set (librosa_extract_methods:84)
2024-06-04 22:00:15.285 [ALFpaka] [WARNING] Log_spec ignored when pcen is set (librosa_extract_methods:84)
2024-06-04 22:00:15.286 [ALFpaka] [WARNING] Log_spec ignored when pcen is set (librosa_extract_methods:84)
2024-06-04 22:00:15.286 [ALFpaka] [WARNING] Log_spec ignored when pcen is set (librosa_extract_methods:84)
2024-06-04 22:00:15.286 [ALFpaka] [WARNING] Log_spec ignored when pcen is set (librosa_extract_methods:84)
2024-06-04 22:00:15.286 [ALFpaka] [WARNING] Log_spec ignored when pcen is set (librosa_extract_methods:84)
2024-06-04 22:00:15.287 [ALFpaka] [WARNING] Log_spec ignored when pcen is set (librosa_extract_methods:84)
2024-06-04 22:00:15.287 [ALFpaka] [WARNING] Log_spec ignored when pcen is set (librosa_extract_methods:84)
2024-06-04 22:00:15.287 [ALFpaka] [WARNING] Log_spec ignored when pcen is set (librosa_extract_methods:84)
2024-06-04 22:00:15.287 [ALFpaka] [WARNING] Log_spec ignored when pcen is set (librosa_extract_methods:84)
2024-06-04 22:00:15.287 [ALFpaka] [WARNING] Log_spec ignored when pcen is set (librosa_extract_methods:84)
2024-06-04 22:00:15.288 [ALFpaka] [WARNING] Log_spec ignored when pcen is set (librosa_extract_methods:84)
2024-06-04 22:00:15.288 [ALFpaka] [WARNING] Log_spec ignored when pcen is set (librosa_extract_methods:84)
2024-06-04 22:00:15.288 [ALFpaka] [WARNING] Log_spec ignored when pcen is set (librosa_extract_methods:84)
2024-06-04 22:00:15.288 [ALFpaka] [WARNING] Log_spec ignored when pcen is set (librosa_extract_methods:84)
2024-06-04 22:00:15.289 [ALFpaka] [WARNING] Log_spec ignored when pcen is set (librosa_extract_methods:84)
2024-06-04 22:00:15.290 [ALFpaka] [WARNING] Log_spec ignored when pcen is set (librosa_extract_methods:84)
2024-06-04 22:00:15.290 [ALFpaka] [WARNING] Log_spec ignored when pcen is set (librosa_extract_methods:84)
2024-06-04 22:00:15.290 [ALFpaka] [WARNING] Log_spec ignored when pcen is set (librosa_extract_methods:84)
2024-06-04 22:00:15.291 [ALFpaka] [WARNING] Log_spec ignored when pcen is set (librosa_extract_methods:84)
2024-06-04 22:00:15.292 [ALFpaka] [WARNING] Log_spec ignored when pcen is set (librosa_extract_methods:84)
2024-06-04 22:00:15.291 [ALFpaka] [WARNING] Log_spec ignored when pcen is set (librosa_extract_methods:84)
2024-06-04 22:00:15.292 [ALFpaka] [WARNING] Log_spec ignored when pcen is set (librosa_extract_methods:84)
2024-06-04 22:00:15.293 [ALFpaka] [WARNING] Log_spec ignored when pcen is set (librosa_extract_methods:84)
2024-06-04 22:00:15.293 [ALFpaka] [WARNING] Log_spec ignored when pcen is set (librosa_extract_methods:84)
2024-06-04 22:00:15.294 [ALFpaka] [WARNING] Log_spec ignored when pcen is set (librosa_extract_methods:84)
2024-06-04 22:00:18.062 [ALFpaka] [INFO] Training using one GPU (training:144)
2024-06-04 22:00:18.063 [ALFpaka] [INFO] --- training data --- (evaluate_results:76)
2024-06-04 22:00:18.063 [ALFpaka] [INFO] france number of files 37 (evaluate_results:81)
2024-06-04 22:00:18.063 [ALFpaka] [INFO] germany number of files 43 (evaluate_results:81)
2024-06-04 22:00:18.064 [ALFpaka] [INFO] italy number of files 74 (evaluate_results:81)
2024-06-04 22:00:18.064 [ALFpaka] [INFO] spain number of files 200 (evaluate_results:81)
2024-06-04 22:00:18.064 [ALFpaka] [INFO] --- test data --- (evaluate_results:76)
2024-06-04 22:00:18.064 [ALFpaka] [INFO] france number of files 30 (evaluate_results:81)
2024-06-04 22:00:18.064 [ALFpaka] [INFO] germany number of files 30 (evaluate_results:81)
2024-06-04 22:00:18.064 [ALFpaka] [INFO] italy number of files 29 (evaluate_results:81)
2024-06-04 22:00:18.064 [ALFpaka] [INFO] spain number of files 26 (evaluate_results:81)
2024-06-04 22:00:18.643 [ALFpaka] [INFO] --- training data size --- (evaluate_results:109)
2024-06-04 22:00:18.643 [ALFpaka] [INFO] X shape --> (1736, 64, 128, 2) (evaluate_results:111)
2024-06-04 22:00:18.643 [ALFpaka] [INFO] Y shape --> (1736, 4) (evaluate_results:112)
2024-06-04 22:00:18.643 [ALFpaka] [INFO] number of features per frame 2 (evaluate_results:119)
2024-06-04 22:00:18.644 [ALFpaka] [INFO] number of feature frames 1736 (evaluate_results:120)
2024-06-04 22:00:18.645 [ALFpaka] [INFO] ---------------- CV step 1 of 1 --------------- (training:363)
2024-06-04 22:00:18.645 [ALFpaka] [WARNING] WARNING: No validation data found! (training:692)
2024-06-04 22:00:19.148 [ALFpaka] [INFO] Model summary: (train_keras_model:135)
2024-06-04 22:00:19.148 [ALFpaka] [INFO] Model: "res_net" (layer_utils:185)
2024-06-04 22:00:19.148 [ALFpaka] [INFO] __________________________________________________________________________________________________ (layer_utils:186)
2024-06-04 22:00:19.148 [ALFpaka] [INFO] Layer (type)                    Output Shape         Param #     Connected to                      (layer_utils:183)
2024-06-04 22:00:19.148 [ALFpaka] [INFO] ================================================================================================== (layer_utils:188)
2024-06-04 22:00:19.149 [ALFpaka] [INFO] input_1 (InputLayer)            [(None, 64, 128, 2)] 0                                             (layer_utils:183)
2024-06-04 22:00:19.149 [ALFpaka] [INFO] __________________________________________________________________________________________________ (layer_utils:258)
2024-06-04 22:00:19.150 [ALFpaka] [INFO] conv2d (Conv2D)                 (None, 32, 64, 64)   3200        input_1[0][0]                     (layer_utils:183)
2024-06-04 22:00:19.150 [ALFpaka] [INFO] __________________________________________________________________________________________________ (layer_utils:258)
2024-06-04 22:00:19.151 [ALFpaka] [INFO] batch_normalization (BatchNorma (None, 32, 64, 64)   256         conv2d[0][0]                      (layer_utils:183)
2024-06-04 22:00:19.151 [ALFpaka] [INFO] __________________________________________________________________________________________________ (layer_utils:258)
2024-06-04 22:00:19.151 [ALFpaka] [INFO] activation (Activation)         (None, 32, 64, 64)   0           batch_normalization[0][0]         (layer_utils:183)
2024-06-04 22:00:19.151 [ALFpaka] [INFO] __________________________________________________________________________________________________ (layer_utils:258)
2024-06-04 22:00:19.152 [ALFpaka] [INFO] batch_normalization_1 (BatchNor (None, 32, 64, 64)   256         activation[0][0]                  (layer_utils:183)
2024-06-04 22:00:19.152 [ALFpaka] [INFO] __________________________________________________________________________________________________ (layer_utils:258)
2024-06-04 22:00:19.153 [ALFpaka] [INFO] dropout (Dropout)               (None, 32, 64, 64)   0           batch_normalization_1[0][0]       (layer_utils:183)
2024-06-04 22:00:19.153 [ALFpaka] [INFO] __________________________________________________________________________________________________ (layer_utils:258)
2024-06-04 22:00:19.153 [ALFpaka] [INFO] conv2d_1 (Conv2D)               (None, 32, 64, 64)   36864       dropout[0][0]                     (layer_utils:183)
2024-06-04 22:00:19.154 [ALFpaka] [INFO] __________________________________________________________________________________________________ (layer_utils:258)
2024-06-04 22:00:19.154 [ALFpaka] [INFO] activation_1 (Activation)       (None, 32, 64, 64)   0           conv2d_1[0][0]                    (layer_utils:183)
2024-06-04 22:00:19.154 [ALFpaka] [INFO] __________________________________________________________________________________________________ (layer_utils:258)
2024-06-04 22:00:19.155 [ALFpaka] [INFO] batch_normalization_2 (BatchNor (None, 32, 64, 64)   256         activation_1[0][0]                (layer_utils:183)
2024-06-04 22:00:19.155 [ALFpaka] [INFO] __________________________________________________________________________________________________ (layer_utils:258)
2024-06-04 22:00:19.155 [ALFpaka] [INFO] dropout_1 (Dropout)             (None, 32, 64, 64)   0           batch_normalization_2[0][0]       (layer_utils:183)
2024-06-04 22:00:19.156 [ALFpaka] [INFO] __________________________________________________________________________________________________ (layer_utils:258)
2024-06-04 22:00:19.156 [ALFpaka] [INFO] conv2d_2 (Conv2D)               (None, 32, 64, 64)   36864       dropout_1[0][0]                   (layer_utils:183)
2024-06-04 22:00:19.156 [ALFpaka] [INFO] __________________________________________________________________________________________________ (layer_utils:258)
2024-06-04 22:00:19.157 [ALFpaka] [INFO] add (Add)                       (None, 32, 64, 64)   0           conv2d_2[0][0]                    (layer_utils:183)
2024-06-04 22:00:19.157 [ALFpaka] [INFO]                                                                  batch_normalization[0][0]         (layer_utils:183)
2024-06-04 22:00:19.157 [ALFpaka] [INFO] __________________________________________________________________________________________________ (layer_utils:258)
2024-06-04 22:00:19.157 [ALFpaka] [INFO] average_pooling2d (AveragePooli (None, 16, 32, 64)   0           add[0][0]                         (layer_utils:183)
2024-06-04 22:00:19.158 [ALFpaka] [INFO] __________________________________________________________________________________________________ (layer_utils:258)
2024-06-04 22:00:19.158 [ALFpaka] [INFO] activation_2 (Activation)       (None, 16, 32, 64)   0           average_pooling2d[0][0]           (layer_utils:183)
2024-06-04 22:00:19.158 [ALFpaka] [INFO] __________________________________________________________________________________________________ (layer_utils:258)
2024-06-04 22:00:19.159 [ALFpaka] [INFO] batch_normalization_3 (BatchNor (None, 16, 32, 64)   256         activation_2[0][0]                (layer_utils:183)
2024-06-04 22:00:19.159 [ALFpaka] [INFO] __________________________________________________________________________________________________ (layer_utils:258)
2024-06-04 22:00:19.159 [ALFpaka] [INFO] dropout_2 (Dropout)             (None, 16, 32, 64)   0           batch_normalization_3[0][0]       (layer_utils:183)
2024-06-04 22:00:19.159 [ALFpaka] [INFO] __________________________________________________________________________________________________ (layer_utils:258)
2024-06-04 22:00:19.160 [ALFpaka] [INFO] conv2d_3 (Conv2D)               (None, 16, 32, 64)   36864       dropout_2[0][0]                   (layer_utils:183)
2024-06-04 22:00:19.160 [ALFpaka] [INFO] __________________________________________________________________________________________________ (layer_utils:258)
2024-06-04 22:00:19.160 [ALFpaka] [INFO] activation_3 (Activation)       (None, 16, 32, 64)   0           conv2d_3[0][0]                    (layer_utils:183)
2024-06-04 22:00:19.161 [ALFpaka] [INFO] __________________________________________________________________________________________________ (layer_utils:258)
2024-06-04 22:00:19.161 [ALFpaka] [INFO] batch_normalization_4 (BatchNor (None, 16, 32, 64)   256         activation_3[0][0]                (layer_utils:183)
2024-06-04 22:00:19.161 [ALFpaka] [INFO] __________________________________________________________________________________________________ (layer_utils:258)
2024-06-04 22:00:19.162 [ALFpaka] [INFO] dropout_3 (Dropout)             (None, 16, 32, 64)   0           batch_normalization_4[0][0]       (layer_utils:183)
2024-06-04 22:00:19.162 [ALFpaka] [INFO] __________________________________________________________________________________________________ (layer_utils:258)
2024-06-04 22:00:19.162 [ALFpaka] [INFO] conv2d_4 (Conv2D)               (None, 16, 32, 64)   4096        dropout_3[0][0]                   (layer_utils:183)
2024-06-04 22:00:19.162 [ALFpaka] [INFO] __________________________________________________________________________________________________ (layer_utils:258)
2024-06-04 22:00:19.163 [ALFpaka] [INFO] add_1 (Add)                     (None, 16, 32, 64)   0           conv2d_4[0][0]                    (layer_utils:183)
2024-06-04 22:00:19.163 [ALFpaka] [INFO]                                                                  average_pooling2d[0][0]           (layer_utils:183)
2024-06-04 22:00:19.163 [ALFpaka] [INFO] __________________________________________________________________________________________________ (layer_utils:258)
2024-06-04 22:00:19.164 [ALFpaka] [INFO] average_pooling2d_1 (AveragePoo (None, 8, 16, 64)    0           add_1[0][0]                       (layer_utils:183)
2024-06-04 22:00:19.164 [ALFpaka] [INFO] __________________________________________________________________________________________________ (layer_utils:258)
2024-06-04 22:00:19.164 [ALFpaka] [INFO] activation_4 (Activation)       (None, 8, 16, 64)    0           average_pooling2d_1[0][0]         (layer_utils:183)
2024-06-04 22:00:19.164 [ALFpaka] [INFO] __________________________________________________________________________________________________ (layer_utils:258)
2024-06-04 22:00:19.165 [ALFpaka] [INFO] batch_normalization_5 (BatchNor (None, 8, 16, 64)    256         activation_4[0][0]                (layer_utils:183)
2024-06-04 22:00:19.165 [ALFpaka] [INFO] __________________________________________________________________________________________________ (layer_utils:258)
2024-06-04 22:00:19.165 [ALFpaka] [INFO] dropout_4 (Dropout)             (None, 8, 16, 64)    0           batch_normalization_5[0][0]       (layer_utils:183)
2024-06-04 22:00:19.166 [ALFpaka] [INFO] __________________________________________________________________________________________________ (layer_utils:258)
2024-06-04 22:00:19.166 [ALFpaka] [INFO] conv2d_5 (Conv2D)               (None, 8, 16, 64)    36864       dropout_4[0][0]                   (layer_utils:183)
2024-06-04 22:00:19.166 [ALFpaka] [INFO] __________________________________________________________________________________________________ (layer_utils:258)
2024-06-04 22:00:19.167 [ALFpaka] [INFO] activation_5 (Activation)       (None, 8, 16, 64)    0           conv2d_5[0][0]                    (layer_utils:183)
2024-06-04 22:00:19.167 [ALFpaka] [INFO] __________________________________________________________________________________________________ (layer_utils:258)
2024-06-04 22:00:19.167 [ALFpaka] [INFO] batch_normalization_6 (BatchNor (None, 8, 16, 64)    256         activation_5[0][0]                (layer_utils:183)
2024-06-04 22:00:19.167 [ALFpaka] [INFO] __________________________________________________________________________________________________ (layer_utils:258)
2024-06-04 22:00:19.168 [ALFpaka] [INFO] dropout_5 (Dropout)             (None, 8, 16, 64)    0           batch_normalization_6[0][0]       (layer_utils:183)
2024-06-04 22:00:19.168 [ALFpaka] [INFO] __________________________________________________________________________________________________ (layer_utils:258)
2024-06-04 22:00:19.168 [ALFpaka] [INFO] conv2d_6 (Conv2D)               (None, 8, 16, 64)    36864       dropout_5[0][0]                   (layer_utils:183)
2024-06-04 22:00:19.169 [ALFpaka] [INFO] __________________________________________________________________________________________________ (layer_utils:258)
2024-06-04 22:00:19.169 [ALFpaka] [INFO] add_2 (Add)                     (None, 8, 16, 64)    0           conv2d_6[0][0]                    (layer_utils:183)
2024-06-04 22:00:19.169 [ALFpaka] [INFO]                                                                  average_pooling2d_1[0][0]         (layer_utils:183)
2024-06-04 22:00:19.169 [ALFpaka] [INFO] __________________________________________________________________________________________________ (layer_utils:258)
2024-06-04 22:00:19.170 [ALFpaka] [INFO] activation_6 (Activation)       (None, 8, 16, 64)    0           add_2[0][0]                       (layer_utils:183)
2024-06-04 22:00:19.170 [ALFpaka] [INFO] __________________________________________________________________________________________________ (layer_utils:258)
2024-06-04 22:00:19.170 [ALFpaka] [INFO] batch_normalization_7 (BatchNor (None, 8, 16, 64)    256         activation_6[0][0]                (layer_utils:183)
2024-06-04 22:00:19.170 [ALFpaka] [INFO] __________________________________________________________________________________________________ (layer_utils:258)
2024-06-04 22:00:19.171 [ALFpaka] [INFO] dropout_6 (Dropout)             (None, 8, 16, 64)    0           batch_normalization_7[0][0]       (layer_utils:183)
2024-06-04 22:00:19.171 [ALFpaka] [INFO] __________________________________________________________________________________________________ (layer_utils:258)
2024-06-04 22:00:19.171 [ALFpaka] [INFO] conv2d_7 (Conv2D)               (None, 8, 16, 128)   73728       dropout_6[0][0]                   (layer_utils:183)
2024-06-04 22:00:19.172 [ALFpaka] [INFO] __________________________________________________________________________________________________ (layer_utils:258)
2024-06-04 22:00:19.172 [ALFpaka] [INFO] activation_7 (Activation)       (None, 8, 16, 128)   0           conv2d_7[0][0]                    (layer_utils:183)
2024-06-04 22:00:19.172 [ALFpaka] [INFO] __________________________________________________________________________________________________ (layer_utils:258)
2024-06-04 22:00:19.173 [ALFpaka] [INFO] batch_normalization_8 (BatchNor (None, 8, 16, 128)   512         activation_7[0][0]                (layer_utils:183)
2024-06-04 22:00:19.173 [ALFpaka] [INFO] __________________________________________________________________________________________________ (layer_utils:258)
2024-06-04 22:00:19.173 [ALFpaka] [INFO] dropout_7 (Dropout)             (None, 8, 16, 128)   0           batch_normalization_8[0][0]       (layer_utils:183)
2024-06-04 22:00:19.173 [ALFpaka] [INFO] __________________________________________________________________________________________________ (layer_utils:258)
2024-06-04 22:00:19.174 [ALFpaka] [INFO] conv2d_8 (Conv2D)               (None, 8, 16, 128)   16384       dropout_7[0][0]                   (layer_utils:183)
2024-06-04 22:00:19.174 [ALFpaka] [INFO] __________________________________________________________________________________________________ (layer_utils:258)
2024-06-04 22:00:19.174 [ALFpaka] [INFO] conv2d_9 (Conv2D)               (None, 8, 16, 128)   8192        add_2[0][0]                       (layer_utils:183)
2024-06-04 22:00:19.174 [ALFpaka] [INFO] __________________________________________________________________________________________________ (layer_utils:258)
2024-06-04 22:00:19.175 [ALFpaka] [INFO] add_3 (Add)                     (None, 8, 16, 128)   0           conv2d_8[0][0]                    (layer_utils:183)
2024-06-04 22:00:19.175 [ALFpaka] [INFO]                                                                  conv2d_9[0][0]                    (layer_utils:183)
2024-06-04 22:00:19.175 [ALFpaka] [INFO] __________________________________________________________________________________________________ (layer_utils:258)
2024-06-04 22:00:19.175 [ALFpaka] [INFO] average_pooling2d_2 (AveragePoo (None, 4, 8, 128)    0           add_3[0][0]                       (layer_utils:183)
2024-06-04 22:00:19.176 [ALFpaka] [INFO] __________________________________________________________________________________________________ (layer_utils:258)
2024-06-04 22:00:19.176 [ALFpaka] [INFO] activation_8 (Activation)       (None, 4, 8, 128)    0           average_pooling2d_2[0][0]         (layer_utils:183)
2024-06-04 22:00:19.176 [ALFpaka] [INFO] __________________________________________________________________________________________________ (layer_utils:258)
2024-06-04 22:00:19.177 [ALFpaka] [INFO] batch_normalization_9 (BatchNor (None, 4, 8, 128)    512         activation_8[0][0]                (layer_utils:183)
2024-06-04 22:00:19.177 [ALFpaka] [INFO] __________________________________________________________________________________________________ (layer_utils:258)
2024-06-04 22:00:19.177 [ALFpaka] [INFO] dropout_8 (Dropout)             (None, 4, 8, 128)    0           batch_normalization_9[0][0]       (layer_utils:183)
2024-06-04 22:00:19.177 [ALFpaka] [INFO] __________________________________________________________________________________________________ (layer_utils:258)
2024-06-04 22:00:19.178 [ALFpaka] [INFO] conv2d_10 (Conv2D)              (None, 4, 8, 256)    32768       dropout_8[0][0]                   (layer_utils:183)
2024-06-04 22:00:19.178 [ALFpaka] [INFO] __________________________________________________________________________________________________ (layer_utils:258)
2024-06-04 22:00:19.178 [ALFpaka] [INFO] activation_9 (Activation)       (None, 4, 8, 256)    0           conv2d_10[0][0]                   (layer_utils:183)
2024-06-04 22:00:19.178 [ALFpaka] [INFO] __________________________________________________________________________________________________ (layer_utils:258)
2024-06-04 22:00:19.179 [ALFpaka] [INFO] batch_normalization_10 (BatchNo (None, 4, 8, 256)    1024        activation_9[0][0]                (layer_utils:183)
2024-06-04 22:00:19.179 [ALFpaka] [INFO] __________________________________________________________________________________________________ (layer_utils:258)
2024-06-04 22:00:19.179 [ALFpaka] [INFO] dropout_9 (Dropout)             (None, 4, 8, 256)    0           batch_normalization_10[0][0]      (layer_utils:183)
2024-06-04 22:00:19.180 [ALFpaka] [INFO] __________________________________________________________________________________________________ (layer_utils:258)
2024-06-04 22:00:19.180 [ALFpaka] [INFO] conv2d_11 (Conv2D)              (None, 4, 8, 256)    65536       dropout_9[0][0]                   (layer_utils:183)
2024-06-04 22:00:19.180 [ALFpaka] [INFO] __________________________________________________________________________________________________ (layer_utils:258)
2024-06-04 22:00:19.181 [ALFpaka] [INFO] conv2d_12 (Conv2D)              (None, 4, 8, 256)    32768       average_pooling2d_2[0][0]         (layer_utils:183)
2024-06-04 22:00:19.181 [ALFpaka] [INFO] __________________________________________________________________________________________________ (layer_utils:258)
2024-06-04 22:00:19.181 [ALFpaka] [INFO] add_4 (Add)                     (None, 4, 8, 256)    0           conv2d_11[0][0]                   (layer_utils:183)
2024-06-04 22:00:19.181 [ALFpaka] [INFO]                                                                  conv2d_12[0][0]                   (layer_utils:183)
2024-06-04 22:00:19.181 [ALFpaka] [INFO] __________________________________________________________________________________________________ (layer_utils:258)
2024-06-04 22:00:19.182 [ALFpaka] [INFO] global_average_pooling2d (Globa (None, 256)          0           add_4[0][0]                       (layer_utils:183)
2024-06-04 22:00:19.182 [ALFpaka] [INFO] __________________________________________________________________________________________________ (layer_utils:258)
2024-06-04 22:00:19.182 [ALFpaka] [INFO] dense (Dense)                   (None, 4)            1028        global_average_pooling2d[0][0]    (layer_utils:183)
2024-06-04 22:00:19.182 [ALFpaka] [INFO] ================================================================================================== (layer_utils:256)
2024-06-04 22:00:19.184 [ALFpaka] [INFO] Total params: 426,116 (layer_utils:267)
2024-06-04 22:00:19.185 [ALFpaka] [INFO] Trainable params: 424,068 (layer_utils:268)
2024-06-04 22:00:19.185 [ALFpaka] [INFO] Non-trainable params: 2,048 (layer_utils:269)
2024-06-04 22:00:19.185 [ALFpaka] [INFO] __________________________________________________________________________________________________ (layer_utils:270)
2024-06-04 22:00:19.186 [ALFpaka] [WARNING] No validation data set! (train_keras_model:188)
2024-06-05 01:54:09.062 [ALFpaka] [INFO] Elapsed training time for cv_step ==> 03:53:50 (evaluate_results:334)
2024-06-05 01:54:09.063 [ALFpaka] [INFO] --- test data size --- (evaluate_results:109)
2024-06-05 01:54:09.063 [ALFpaka] [INFO] X shape --> (2085, 64, 128, 2) (evaluate_results:111)
2024-06-05 01:54:09.063 [ALFpaka] [INFO] Y shape --> (2085, 4) (evaluate_results:112)
2024-06-05 01:54:09.063 [ALFpaka] [INFO] number of features per frame 2 (evaluate_results:119)
2024-06-05 01:54:09.063 [ALFpaka] [INFO] number of feature frames 2085 (evaluate_results:120)
2024-06-05 01:54:21.439 [ALFpaka] [INFO] --- Evaluation results framewise_cv_step_1 --- (evaluate_results:498)
2024-06-05 01:54:21.441 [ALFpaka] [INFO] framewise_cv_step_1 accuracy (unweighted): 0.5107913669064749 (evaluate_results:500)
2024-06-05 01:54:21.444 [ALFpaka] [INFO] 
framewise_cv_step_1 confusion Matrix in %: 
[[ 20.74  15.12  15.89  48.26]
 [ 1.37  26.47  29.41  42.75]
 [ 0.83  5.01  71.95  22.20]
 [ 0.22  7.61  6.96  85.22]] (evaluate_results:521)
2024-06-05 01:54:21.444 [ALFpaka] [INFO] framewise_cv_step_1 mean class accuracy: 51.09 % (evaluate_results:522)
2024-06-05 01:54:21.495 [ALFpaka] [INFO] --- Evaluation results filewise_cv_step_1 --- (evaluate_results:498)
2024-06-05 01:54:21.495 [ALFpaka] [INFO] filewise_cv_step_1 accuracy (unweighted): 0.5304347826086957 (evaluate_results:500)
2024-06-05 01:54:21.500 [ALFpaka] [INFO] 
filewise_cv_step_1 confusion Matrix in %: 
[[ 33.33  3.33  0.00  63.33]
 [ 0.00  13.33  33.33  53.33]
 [ 0.00  0.00  75.86  24.14]
 [ 0.00  3.85  0.00  96.15]] (evaluate_results:521)
2024-06-05 01:54:21.501 [ALFpaka] [INFO] filewise_cv_step_1 mean class accuracy: 54.67 % (evaluate_results:522)
2024-06-05 01:54:21.518 [ALFpaka] [INFO] 
--- Final results after 1 iterations ---
Frame acc mean:       0.510791366906
Frame acc stdev:      0.000000000000
File acc mean:        0.530434782609
File acc stdev:       0.000000000000
Highest file acc:     0.530434782609 (seed = 1)
Lowest file acc:      0.530434782609 (seed = 1)
 (evaluate_results:200)
2024-06-05 01:54:21.519 [ALFpaka] [INFO] Mean Confusion Matrix (framewise): 
[[ 20.74  15.12  15.89  48.26]
 [ 1.37  26.47  29.41  42.75]
 [ 0.83  5.01  71.95  22.20]
 [ 0.22  7.61  6.96  85.22]] (evaluate_results:237)
2024-06-05 01:54:21.520 [ALFpaka] [INFO] Mean Confusion Matrix (filewise): 
[[ 33.33  3.33  0.00  63.33]
 [ 0.00  13.33  33.33  53.33]
 [ 0.00  0.00  75.86  24.14]
 [ 0.00  3.85  0.00  96.15]] (evaluate_results:242)
2024-06-05 01:54:21.526 [ALFpaka] [INFO] Elapsed training time for whole training ==> 03:54:40 (evaluate_results:334)
2024-06-05 01:54:21.533 [ALFpaka] [INFO] Plotting Confusion Matrices ...  (evaluate_results:476)
2024-06-05 01:54:26.667 [ALFpaka] [INFO] Plotting Confusion Matrices ...  (evaluate_results:476)
2024-06-05 01:54:44.258 [ALFpaka] [WARNING] No GIT in PATH variables ([Errno 2] No such file or directory: '.git': '.git') (versioning:24)
2024-06-05 01:54:44.263 [ALFpaka] [INFO] ... FINISH TRAINING ... (start_training_session:96)
2024-06-05 01:54:44.264 [ALFpaka] [INFO] Closing session ...  (start_training_session:105)
2024-06-05 01:54:45.031 [ALFpaka] [INFO] Closing session ... done. (start_training_session:114)
2024-06-05 01:54:45.066 [ALFpaka] [INFO] Parsing result-files in /home/avdata/xtract/rodrjl/sirens_classification_experiments_EU/2_5s_wns (result_parser:249)
2024-06-05 01:54:45.085 [ALFpaka] [INFO] Found 1 files. (result_parser:258)
2024-06-05 01:54:45.168 [ALFpaka] [INFO] Parsing finished and saved to /home/avdata/xtract/rodrjl/sirens_classification_experiments_EU/2_5s_wns/results_final.csv (result_parser:520)
2024-06-05 01:54:45.174 [ALFpaka] [INFO] Parsing finished and saved to /home/avdata/xtract/rodrjl/sirens_classification_experiments_EU/2_5s_wns/results_metrics.csv (result_parser:520)
