2024-07-17 15:29:24.968 [ALFpaka] [INFO] ###################################################### (start_training_session:128)
2024-07-17 15:29:24.969 [ALFpaka] [INFO] ---- Config file 1 of 1 (start_training_session:129)
2024-07-17 15:29:24.969 [ALFpaka] [INFO]  Reading config .... resnet_siren_EU2_g.json (read_training_config:28)
2024-07-17 15:29:25.532 [ALFpaka] [WARNING] global batch_size ignored when batch_size is set in generator (read_training_config:269)
2024-07-17 15:29:25.535 [ALFpaka] [INFO]  Reading config .... done. (read_training_config:424)
2024-07-17 15:29:25.536 [ALFpaka] [INFO] ... START TRAINING ... (start_training_session:88)
2024-07-17 15:29:25.536 [ALFpaka] [INFO] Start-Time: 1721222965.5364108 (training:126)
2024-07-17 15:29:25.536 [ALFpaka] [INFO] germany-ambulance with id 0 (evaluate_results:153)
2024-07-17 15:29:25.536 [ALFpaka] [INFO] germany-firefighter with id 1 (evaluate_results:153)
2024-07-17 15:29:25.536 [ALFpaka] [INFO] germany-police with id 2 (evaluate_results:153)
2024-07-17 15:29:25.537 [ALFpaka] [INFO] ------ Extracting features ------ (extract_features:34)
2024-07-17 15:29:25.608 [ALFpaka] [INFO] Extracting features for class germany-ambulance with id 0 (get_features_for_dataset:69)
2024-07-17 15:29:26.438 [ALFpaka] [WARNING] Log_spec ignored when pcen is set (librosa_extract_methods:84)
2024-07-17 15:29:26.438 [ALFpaka] [WARNING] Log_spec ignored when pcen is set (librosa_extract_methods:84)
2024-07-17 15:29:26.439 [ALFpaka] [WARNING] Log_spec ignored when pcen is set (librosa_extract_methods:84)
2024-07-17 15:29:26.439 [ALFpaka] [WARNING] Log_spec ignored when pcen is set (librosa_extract_methods:84)
2024-07-17 15:29:26.439 [ALFpaka] [WARNING] Log_spec ignored when pcen is set (librosa_extract_methods:84)
2024-07-17 15:29:26.439 [ALFpaka] [WARNING] Log_spec ignored when pcen is set (librosa_extract_methods:84)
2024-07-17 15:29:26.439 [ALFpaka] [WARNING] Log_spec ignored when pcen is set (librosa_extract_methods:84)
2024-07-17 15:29:26.440 [ALFpaka] [WARNING] Log_spec ignored when pcen is set (librosa_extract_methods:84)
2024-07-17 15:29:26.440 [ALFpaka] [WARNING] Log_spec ignored when pcen is set (librosa_extract_methods:84)
2024-07-17 15:29:26.441 [ALFpaka] [WARNING] Log_spec ignored when pcen is set (librosa_extract_methods:84)
2024-07-17 15:29:26.442 [ALFpaka] [WARNING] Log_spec ignored when pcen is set (librosa_extract_methods:84)
2024-07-17 15:29:26.442 [ALFpaka] [WARNING] Log_spec ignored when pcen is set (librosa_extract_methods:84)
2024-07-17 15:29:26.442 [ALFpaka] [WARNING] Log_spec ignored when pcen is set (librosa_extract_methods:84)
2024-07-17 15:29:26.440 [ALFpaka] [WARNING] Log_spec ignored when pcen is set (librosa_extract_methods:84)
2024-07-17 15:29:26.442 [ALFpaka] [WARNING] Log_spec ignored when pcen is set (librosa_extract_methods:84)
2024-07-17 15:29:26.443 [ALFpaka] [WARNING] Log_spec ignored when pcen is set (librosa_extract_methods:84)
2024-07-17 15:29:26.443 [ALFpaka] [WARNING] Log_spec ignored when pcen is set (librosa_extract_methods:84)
2024-07-17 15:29:26.443 [ALFpaka] [WARNING] Log_spec ignored when pcen is set (librosa_extract_methods:84)
2024-07-17 15:29:26.443 [ALFpaka] [WARNING] Log_spec ignored when pcen is set (librosa_extract_methods:84)
2024-07-17 15:29:26.443 [ALFpaka] [WARNING] Log_spec ignored when pcen is set (librosa_extract_methods:84)
2024-07-17 15:29:26.444 [ALFpaka] [WARNING] Log_spec ignored when pcen is set (librosa_extract_methods:84)
2024-07-17 15:29:26.444 [ALFpaka] [WARNING] Log_spec ignored when pcen is set (librosa_extract_methods:84)
2024-07-17 15:29:26.444 [ALFpaka] [WARNING] Log_spec ignored when pcen is set (librosa_extract_methods:84)
2024-07-17 15:29:26.444 [ALFpaka] [WARNING] Log_spec ignored when pcen is set (librosa_extract_methods:84)
2024-07-17 15:29:26.444 [ALFpaka] [WARNING] Log_spec ignored when pcen is set (librosa_extract_methods:84)
2024-07-17 15:29:26.444 [ALFpaka] [WARNING] Log_spec ignored when pcen is set (librosa_extract_methods:84)
2024-07-17 15:29:26.445 [ALFpaka] [WARNING] Log_spec ignored when pcen is set (librosa_extract_methods:84)
2024-07-17 15:29:26.445 [ALFpaka] [WARNING] Log_spec ignored when pcen is set (librosa_extract_methods:84)
2024-07-17 15:29:26.446 [ALFpaka] [WARNING] Log_spec ignored when pcen is set (librosa_extract_methods:84)
2024-07-17 15:29:26.446 [ALFpaka] [WARNING] Log_spec ignored when pcen is set (librosa_extract_methods:84)
2024-07-17 15:29:26.446 [ALFpaka] [WARNING] Log_spec ignored when pcen is set (librosa_extract_methods:84)
2024-07-17 15:29:28.226 [ALFpaka] [INFO] Extracting features for class germany-firefighter with id 1 (get_features_for_dataset:69)
2024-07-17 15:29:29.100 [ALFpaka] [WARNING] Log_spec ignored when pcen is set (librosa_extract_methods:84)
2024-07-17 15:29:29.100 [ALFpaka] [WARNING] Log_spec ignored when pcen is set (librosa_extract_methods:84)
2024-07-17 15:29:29.100 [ALFpaka] [WARNING] Log_spec ignored when pcen is set (librosa_extract_methods:84)
2024-07-17 15:29:29.100 [ALFpaka] [WARNING] Log_spec ignored when pcen is set (librosa_extract_methods:84)
2024-07-17 15:29:29.101 [ALFpaka] [WARNING] Log_spec ignored when pcen is set (librosa_extract_methods:84)
2024-07-17 15:29:29.101 [ALFpaka] [WARNING] Log_spec ignored when pcen is set (librosa_extract_methods:84)
2024-07-17 15:29:29.101 [ALFpaka] [WARNING] Log_spec ignored when pcen is set (librosa_extract_methods:84)
2024-07-17 15:29:29.101 [ALFpaka] [WARNING] Log_spec ignored when pcen is set (librosa_extract_methods:84)
2024-07-17 15:29:29.101 [ALFpaka] [WARNING] Log_spec ignored when pcen is set (librosa_extract_methods:84)
2024-07-17 15:29:29.102 [ALFpaka] [WARNING] Log_spec ignored when pcen is set (librosa_extract_methods:84)
2024-07-17 15:29:29.102 [ALFpaka] [WARNING] Log_spec ignored when pcen is set (librosa_extract_methods:84)
2024-07-17 15:29:29.105 [ALFpaka] [WARNING] Log_spec ignored when pcen is set (librosa_extract_methods:84)
2024-07-17 15:29:29.106 [ALFpaka] [WARNING] Log_spec ignored when pcen is set (librosa_extract_methods:84)
2024-07-17 15:29:29.106 [ALFpaka] [WARNING] Log_spec ignored when pcen is set (librosa_extract_methods:84)
2024-07-17 15:29:29.103 [ALFpaka] [WARNING] Log_spec ignored when pcen is set (librosa_extract_methods:84)
2024-07-17 15:29:29.115 [ALFpaka] [WARNING] Log_spec ignored when pcen is set (librosa_extract_methods:84)
2024-07-17 15:29:29.115 [ALFpaka] [WARNING] Log_spec ignored when pcen is set (librosa_extract_methods:84)
2024-07-17 15:29:29.117 [ALFpaka] [WARNING] Log_spec ignored when pcen is set (librosa_extract_methods:84)
2024-07-17 15:29:29.117 [ALFpaka] [WARNING] Log_spec ignored when pcen is set (librosa_extract_methods:84)
2024-07-17 15:29:29.118 [ALFpaka] [WARNING] Log_spec ignored when pcen is set (librosa_extract_methods:84)
2024-07-17 15:29:29.118 [ALFpaka] [WARNING] Log_spec ignored when pcen is set (librosa_extract_methods:84)
2024-07-17 15:29:29.117 [ALFpaka] [WARNING] Log_spec ignored when pcen is set (librosa_extract_methods:84)
2024-07-17 15:29:29.120 [ALFpaka] [WARNING] Log_spec ignored when pcen is set (librosa_extract_methods:84)
2024-07-17 15:29:29.117 [ALFpaka] [WARNING] Log_spec ignored when pcen is set (librosa_extract_methods:84)
2024-07-17 15:29:29.118 [ALFpaka] [WARNING] Log_spec ignored when pcen is set (librosa_extract_methods:84)
2024-07-17 15:29:29.119 [ALFpaka] [WARNING] Log_spec ignored when pcen is set (librosa_extract_methods:84)
2024-07-17 15:29:29.119 [ALFpaka] [WARNING] Log_spec ignored when pcen is set (librosa_extract_methods:84)
2024-07-17 15:29:29.106 [ALFpaka] [WARNING] Log_spec ignored when pcen is set (librosa_extract_methods:84)
2024-07-17 15:29:29.131 [ALFpaka] [WARNING] Log_spec ignored when pcen is set (librosa_extract_methods:84)
2024-07-17 15:29:29.131 [ALFpaka] [WARNING] Log_spec ignored when pcen is set (librosa_extract_methods:84)
2024-07-17 15:29:29.106 [ALFpaka] [WARNING] Log_spec ignored when pcen is set (librosa_extract_methods:84)
2024-07-17 15:29:31.193 [ALFpaka] [INFO] Extracting features for class germany-police with id 2 (get_features_for_dataset:69)
2024-07-17 15:29:32.010 [ALFpaka] [WARNING] Log_spec ignored when pcen is set (librosa_extract_methods:84)
2024-07-17 15:29:32.016 [ALFpaka] [WARNING] Log_spec ignored when pcen is set (librosa_extract_methods:84)
2024-07-17 15:29:32.016 [ALFpaka] [WARNING] Log_spec ignored when pcen is set (librosa_extract_methods:84)
2024-07-17 15:29:32.016 [ALFpaka] [WARNING] Log_spec ignored when pcen is set (librosa_extract_methods:84)
2024-07-17 15:29:32.016 [ALFpaka] [WARNING] Log_spec ignored when pcen is set (librosa_extract_methods:84)
2024-07-17 15:29:32.016 [ALFpaka] [WARNING] Log_spec ignored when pcen is set (librosa_extract_methods:84)
2024-07-17 15:29:32.016 [ALFpaka] [WARNING] Log_spec ignored when pcen is set (librosa_extract_methods:84)
2024-07-17 15:29:32.017 [ALFpaka] [WARNING] Log_spec ignored when pcen is set (librosa_extract_methods:84)
2024-07-17 15:29:32.017 [ALFpaka] [WARNING] Log_spec ignored when pcen is set (librosa_extract_methods:84)
2024-07-17 15:29:32.017 [ALFpaka] [WARNING] Log_spec ignored when pcen is set (librosa_extract_methods:84)
2024-07-17 15:29:32.017 [ALFpaka] [WARNING] Log_spec ignored when pcen is set (librosa_extract_methods:84)
2024-07-17 15:29:32.017 [ALFpaka] [WARNING] Log_spec ignored when pcen is set (librosa_extract_methods:84)
2024-07-17 15:29:32.017 [ALFpaka] [WARNING] Log_spec ignored when pcen is set (librosa_extract_methods:84)
2024-07-17 15:29:32.018 [ALFpaka] [WARNING] Log_spec ignored when pcen is set (librosa_extract_methods:84)
2024-07-17 15:29:32.018 [ALFpaka] [WARNING] Log_spec ignored when pcen is set (librosa_extract_methods:84)
2024-07-17 15:29:32.018 [ALFpaka] [WARNING] Log_spec ignored when pcen is set (librosa_extract_methods:84)
2024-07-17 15:29:32.018 [ALFpaka] [WARNING] Log_spec ignored when pcen is set (librosa_extract_methods:84)
2024-07-17 15:29:32.018 [ALFpaka] [WARNING] Log_spec ignored when pcen is set (librosa_extract_methods:84)
2024-07-17 15:29:32.019 [ALFpaka] [WARNING] Log_spec ignored when pcen is set (librosa_extract_methods:84)
2024-07-17 15:29:32.018 [ALFpaka] [WARNING] Log_spec ignored when pcen is set (librosa_extract_methods:84)
2024-07-17 15:29:32.019 [ALFpaka] [WARNING] Log_spec ignored when pcen is set (librosa_extract_methods:84)
2024-07-17 15:29:32.019 [ALFpaka] [WARNING] Log_spec ignored when pcen is set (librosa_extract_methods:84)
2024-07-17 15:29:32.019 [ALFpaka] [WARNING] Log_spec ignored when pcen is set (librosa_extract_methods:84)
2024-07-17 15:29:32.019 [ALFpaka] [WARNING] Log_spec ignored when pcen is set (librosa_extract_methods:84)
2024-07-17 15:29:32.020 [ALFpaka] [WARNING] Log_spec ignored when pcen is set (librosa_extract_methods:84)
2024-07-17 15:29:32.020 [ALFpaka] [WARNING] Log_spec ignored when pcen is set (librosa_extract_methods:84)
2024-07-17 15:29:32.020 [ALFpaka] [WARNING] Log_spec ignored when pcen is set (librosa_extract_methods:84)
2024-07-17 15:29:32.020 [ALFpaka] [WARNING] Log_spec ignored when pcen is set (librosa_extract_methods:84)
2024-07-17 15:29:32.020 [ALFpaka] [WARNING] Log_spec ignored when pcen is set (librosa_extract_methods:84)
2024-07-17 15:29:32.021 [ALFpaka] [WARNING] Log_spec ignored when pcen is set (librosa_extract_methods:84)
2024-07-17 15:29:32.021 [ALFpaka] [WARNING] Log_spec ignored when pcen is set (librosa_extract_methods:84)
2024-07-17 15:29:33.904 [ALFpaka] [INFO] Extracting features for class germany-ambulance with id 0 (get_features_for_dataset:69)
2024-07-17 15:29:34.784 [ALFpaka] [WARNING] Log_spec ignored when pcen is set (librosa_extract_methods:84)
2024-07-17 15:29:34.784 [ALFpaka] [WARNING] Log_spec ignored when pcen is set (librosa_extract_methods:84)
2024-07-17 15:29:34.784 [ALFpaka] [WARNING] Log_spec ignored when pcen is set (librosa_extract_methods:84)
2024-07-17 15:29:34.784 [ALFpaka] [WARNING] Log_spec ignored when pcen is set (librosa_extract_methods:84)
2024-07-17 15:29:34.784 [ALFpaka] [WARNING] Log_spec ignored when pcen is set (librosa_extract_methods:84)
2024-07-17 15:29:34.784 [ALFpaka] [WARNING] Log_spec ignored when pcen is set (librosa_extract_methods:84)
2024-07-17 15:29:34.784 [ALFpaka] [WARNING] Log_spec ignored when pcen is set (librosa_extract_methods:84)
2024-07-17 15:29:34.785 [ALFpaka] [WARNING] Log_spec ignored when pcen is set (librosa_extract_methods:84)
2024-07-17 15:29:34.785 [ALFpaka] [WARNING] Log_spec ignored when pcen is set (librosa_extract_methods:84)
2024-07-17 15:29:34.785 [ALFpaka] [WARNING] Log_spec ignored when pcen is set (librosa_extract_methods:84)
2024-07-17 15:29:36.176 [ALFpaka] [INFO] Extracting features for class germany-firefighter with id 1 (get_features_for_dataset:69)
2024-07-17 15:29:37.032 [ALFpaka] [WARNING] Log_spec ignored when pcen is set (librosa_extract_methods:84)
2024-07-17 15:29:37.032 [ALFpaka] [WARNING] Log_spec ignored when pcen is set (librosa_extract_methods:84)
2024-07-17 15:29:37.032 [ALFpaka] [WARNING] Log_spec ignored when pcen is set (librosa_extract_methods:84)
2024-07-17 15:29:37.032 [ALFpaka] [WARNING] Log_spec ignored when pcen is set (librosa_extract_methods:84)
2024-07-17 15:29:37.033 [ALFpaka] [WARNING] Log_spec ignored when pcen is set (librosa_extract_methods:84)
2024-07-17 15:29:37.033 [ALFpaka] [WARNING] Log_spec ignored when pcen is set (librosa_extract_methods:84)
2024-07-17 15:29:37.033 [ALFpaka] [WARNING] Log_spec ignored when pcen is set (librosa_extract_methods:84)
2024-07-17 15:29:37.033 [ALFpaka] [WARNING] Log_spec ignored when pcen is set (librosa_extract_methods:84)
2024-07-17 15:29:37.034 [ALFpaka] [WARNING] Log_spec ignored when pcen is set (librosa_extract_methods:84)
2024-07-17 15:29:37.034 [ALFpaka] [WARNING] Log_spec ignored when pcen is set (librosa_extract_methods:84)
2024-07-17 15:29:38.510 [ALFpaka] [INFO] Extracting features for class germany-police with id 2 (get_features_for_dataset:69)
2024-07-17 15:29:39.347 [ALFpaka] [WARNING] Log_spec ignored when pcen is set (librosa_extract_methods:84)
2024-07-17 15:29:39.347 [ALFpaka] [WARNING] Log_spec ignored when pcen is set (librosa_extract_methods:84)
2024-07-17 15:29:39.347 [ALFpaka] [WARNING] Log_spec ignored when pcen is set (librosa_extract_methods:84)
2024-07-17 15:29:39.348 [ALFpaka] [WARNING] Log_spec ignored when pcen is set (librosa_extract_methods:84)
2024-07-17 15:29:39.348 [ALFpaka] [WARNING] Log_spec ignored when pcen is set (librosa_extract_methods:84)
2024-07-17 15:29:39.348 [ALFpaka] [WARNING] Log_spec ignored when pcen is set (librosa_extract_methods:84)
2024-07-17 15:29:39.348 [ALFpaka] [WARNING] Log_spec ignored when pcen is set (librosa_extract_methods:84)
2024-07-17 15:29:39.348 [ALFpaka] [WARNING] Log_spec ignored when pcen is set (librosa_extract_methods:84)
2024-07-17 15:29:39.348 [ALFpaka] [WARNING] Log_spec ignored when pcen is set (librosa_extract_methods:84)
2024-07-17 15:29:39.349 [ALFpaka] [WARNING] Log_spec ignored when pcen is set (librosa_extract_methods:84)
2024-07-17 15:29:41.237 [ALFpaka] [INFO] Training using one GPU (training:144)
2024-07-17 15:29:41.238 [ALFpaka] [INFO] --- training data --- (evaluate_results:76)
2024-07-17 15:29:41.238 [ALFpaka] [INFO] germany-ambulance number of files 31 (evaluate_results:81)
2024-07-17 15:29:41.239 [ALFpaka] [INFO] germany-firefighter number of files 31 (evaluate_results:81)
2024-07-17 15:29:41.239 [ALFpaka] [INFO] germany-police number of files 31 (evaluate_results:81)
2024-07-17 15:29:41.240 [ALFpaka] [INFO] --- test data --- (evaluate_results:76)
2024-07-17 15:29:41.240 [ALFpaka] [INFO] germany-ambulance number of files 10 (evaluate_results:81)
2024-07-17 15:29:41.240 [ALFpaka] [INFO] germany-firefighter number of files 10 (evaluate_results:81)
2024-07-17 15:29:41.240 [ALFpaka] [INFO] germany-police number of files 10 (evaluate_results:81)
2024-07-17 15:29:41.634 [ALFpaka] [INFO] --- training data size --- (evaluate_results:109)
2024-07-17 15:29:41.634 [ALFpaka] [INFO] X shape --> (459, 64, 128, 2) (evaluate_results:111)
2024-07-17 15:29:41.635 [ALFpaka] [INFO] Y shape --> (459, 3) (evaluate_results:112)
2024-07-17 15:29:41.635 [ALFpaka] [INFO] number of features per frame 2 (evaluate_results:119)
2024-07-17 15:29:41.635 [ALFpaka] [INFO] number of feature frames 459 (evaluate_results:120)
2024-07-17 15:29:41.638 [ALFpaka] [INFO] ---------------- CV step 1 of 1 --------------- (training:363)
2024-07-17 15:29:41.638 [ALFpaka] [WARNING] WARNING: No validation data found! (training:692)
2024-07-17 15:29:42.237 [ALFpaka] [INFO] Model summary: (train_keras_model:135)
2024-07-17 15:29:42.237 [ALFpaka] [INFO] Model: "res_net" (layer_utils:185)
2024-07-17 15:29:42.237 [ALFpaka] [INFO] __________________________________________________________________________________________________ (layer_utils:186)
2024-07-17 15:29:42.238 [ALFpaka] [INFO] Layer (type)                    Output Shape         Param #     Connected to                      (layer_utils:183)
2024-07-17 15:29:42.238 [ALFpaka] [INFO] ================================================================================================== (layer_utils:188)
2024-07-17 15:29:42.238 [ALFpaka] [INFO] input_1 (InputLayer)            [(None, 64, 128, 2)] 0                                             (layer_utils:183)
2024-07-17 15:29:42.239 [ALFpaka] [INFO] __________________________________________________________________________________________________ (layer_utils:258)
2024-07-17 15:29:42.239 [ALFpaka] [INFO] conv2d (Conv2D)                 (None, 32, 64, 64)   3200        input_1[0][0]                     (layer_utils:183)
2024-07-17 15:29:42.239 [ALFpaka] [INFO] __________________________________________________________________________________________________ (layer_utils:258)
2024-07-17 15:29:42.240 [ALFpaka] [INFO] batch_normalization (BatchNorma (None, 32, 64, 64)   256         conv2d[0][0]                      (layer_utils:183)
2024-07-17 15:29:42.240 [ALFpaka] [INFO] __________________________________________________________________________________________________ (layer_utils:258)
2024-07-17 15:29:42.241 [ALFpaka] [INFO] activation (Activation)         (None, 32, 64, 64)   0           batch_normalization[0][0]         (layer_utils:183)
2024-07-17 15:29:42.248 [ALFpaka] [INFO] __________________________________________________________________________________________________ (layer_utils:258)
2024-07-17 15:29:42.249 [ALFpaka] [INFO] batch_normalization_1 (BatchNor (None, 32, 64, 64)   256         activation[0][0]                  (layer_utils:183)
2024-07-17 15:29:42.249 [ALFpaka] [INFO] __________________________________________________________________________________________________ (layer_utils:258)
2024-07-17 15:29:42.249 [ALFpaka] [INFO] dropout (Dropout)               (None, 32, 64, 64)   0           batch_normalization_1[0][0]       (layer_utils:183)
2024-07-17 15:29:42.250 [ALFpaka] [INFO] __________________________________________________________________________________________________ (layer_utils:258)
2024-07-17 15:29:42.250 [ALFpaka] [INFO] conv2d_1 (Conv2D)               (None, 32, 64, 64)   36864       dropout[0][0]                     (layer_utils:183)
2024-07-17 15:29:42.250 [ALFpaka] [INFO] __________________________________________________________________________________________________ (layer_utils:258)
2024-07-17 15:29:42.250 [ALFpaka] [INFO] activation_1 (Activation)       (None, 32, 64, 64)   0           conv2d_1[0][0]                    (layer_utils:183)
2024-07-17 15:29:42.251 [ALFpaka] [INFO] __________________________________________________________________________________________________ (layer_utils:258)
2024-07-17 15:29:42.251 [ALFpaka] [INFO] batch_normalization_2 (BatchNor (None, 32, 64, 64)   256         activation_1[0][0]                (layer_utils:183)
2024-07-17 15:29:42.251 [ALFpaka] [INFO] __________________________________________________________________________________________________ (layer_utils:258)
2024-07-17 15:29:42.252 [ALFpaka] [INFO] dropout_1 (Dropout)             (None, 32, 64, 64)   0           batch_normalization_2[0][0]       (layer_utils:183)
2024-07-17 15:29:42.252 [ALFpaka] [INFO] __________________________________________________________________________________________________ (layer_utils:258)
2024-07-17 15:29:42.252 [ALFpaka] [INFO] conv2d_2 (Conv2D)               (None, 32, 64, 64)   36864       dropout_1[0][0]                   (layer_utils:183)
2024-07-17 15:29:42.252 [ALFpaka] [INFO] __________________________________________________________________________________________________ (layer_utils:258)
2024-07-17 15:29:42.253 [ALFpaka] [INFO] add (Add)                       (None, 32, 64, 64)   0           conv2d_2[0][0]                    (layer_utils:183)
2024-07-17 15:29:42.253 [ALFpaka] [INFO]                                                                  batch_normalization[0][0]         (layer_utils:183)
2024-07-17 15:29:42.253 [ALFpaka] [INFO] __________________________________________________________________________________________________ (layer_utils:258)
2024-07-17 15:29:42.253 [ALFpaka] [INFO] average_pooling2d (AveragePooli (None, 16, 32, 64)   0           add[0][0]                         (layer_utils:183)
2024-07-17 15:29:42.254 [ALFpaka] [INFO] __________________________________________________________________________________________________ (layer_utils:258)
2024-07-17 15:29:42.254 [ALFpaka] [INFO] activation_2 (Activation)       (None, 16, 32, 64)   0           average_pooling2d[0][0]           (layer_utils:183)
2024-07-17 15:29:42.254 [ALFpaka] [INFO] __________________________________________________________________________________________________ (layer_utils:258)
2024-07-17 15:29:42.255 [ALFpaka] [INFO] batch_normalization_3 (BatchNor (None, 16, 32, 64)   256         activation_2[0][0]                (layer_utils:183)
2024-07-17 15:29:42.255 [ALFpaka] [INFO] __________________________________________________________________________________________________ (layer_utils:258)
2024-07-17 15:29:42.255 [ALFpaka] [INFO] dropout_2 (Dropout)             (None, 16, 32, 64)   0           batch_normalization_3[0][0]       (layer_utils:183)
2024-07-17 15:29:42.255 [ALFpaka] [INFO] __________________________________________________________________________________________________ (layer_utils:258)
2024-07-17 15:29:42.256 [ALFpaka] [INFO] conv2d_3 (Conv2D)               (None, 16, 32, 64)   36864       dropout_2[0][0]                   (layer_utils:183)
2024-07-17 15:29:42.256 [ALFpaka] [INFO] __________________________________________________________________________________________________ (layer_utils:258)
2024-07-17 15:29:42.256 [ALFpaka] [INFO] activation_3 (Activation)       (None, 16, 32, 64)   0           conv2d_3[0][0]                    (layer_utils:183)
2024-07-17 15:29:42.256 [ALFpaka] [INFO] __________________________________________________________________________________________________ (layer_utils:258)
2024-07-17 15:29:42.257 [ALFpaka] [INFO] batch_normalization_4 (BatchNor (None, 16, 32, 64)   256         activation_3[0][0]                (layer_utils:183)
2024-07-17 15:29:42.257 [ALFpaka] [INFO] __________________________________________________________________________________________________ (layer_utils:258)
2024-07-17 15:29:42.257 [ALFpaka] [INFO] dropout_3 (Dropout)             (None, 16, 32, 64)   0           batch_normalization_4[0][0]       (layer_utils:183)
2024-07-17 15:29:42.258 [ALFpaka] [INFO] __________________________________________________________________________________________________ (layer_utils:258)
2024-07-17 15:29:42.258 [ALFpaka] [INFO] conv2d_4 (Conv2D)               (None, 16, 32, 64)   4096        dropout_3[0][0]                   (layer_utils:183)
2024-07-17 15:29:42.258 [ALFpaka] [INFO] __________________________________________________________________________________________________ (layer_utils:258)
2024-07-17 15:29:42.259 [ALFpaka] [INFO] add_1 (Add)                     (None, 16, 32, 64)   0           conv2d_4[0][0]                    (layer_utils:183)
2024-07-17 15:29:42.259 [ALFpaka] [INFO]                                                                  average_pooling2d[0][0]           (layer_utils:183)
2024-07-17 15:29:42.259 [ALFpaka] [INFO] __________________________________________________________________________________________________ (layer_utils:258)
2024-07-17 15:29:42.259 [ALFpaka] [INFO] average_pooling2d_1 (AveragePoo (None, 8, 16, 64)    0           add_1[0][0]                       (layer_utils:183)
2024-07-17 15:29:42.259 [ALFpaka] [INFO] __________________________________________________________________________________________________ (layer_utils:258)
2024-07-17 15:29:42.260 [ALFpaka] [INFO] activation_4 (Activation)       (None, 8, 16, 64)    0           average_pooling2d_1[0][0]         (layer_utils:183)
2024-07-17 15:29:42.260 [ALFpaka] [INFO] __________________________________________________________________________________________________ (layer_utils:258)
2024-07-17 15:29:42.260 [ALFpaka] [INFO] batch_normalization_5 (BatchNor (None, 8, 16, 64)    256         activation_4[0][0]                (layer_utils:183)
2024-07-17 15:29:42.261 [ALFpaka] [INFO] __________________________________________________________________________________________________ (layer_utils:258)
2024-07-17 15:29:42.261 [ALFpaka] [INFO] dropout_4 (Dropout)             (None, 8, 16, 64)    0           batch_normalization_5[0][0]       (layer_utils:183)
2024-07-17 15:29:42.261 [ALFpaka] [INFO] __________________________________________________________________________________________________ (layer_utils:258)
2024-07-17 15:29:42.261 [ALFpaka] [INFO] conv2d_5 (Conv2D)               (None, 8, 16, 64)    36864       dropout_4[0][0]                   (layer_utils:183)
2024-07-17 15:29:42.262 [ALFpaka] [INFO] __________________________________________________________________________________________________ (layer_utils:258)
2024-07-17 15:29:42.262 [ALFpaka] [INFO] activation_5 (Activation)       (None, 8, 16, 64)    0           conv2d_5[0][0]                    (layer_utils:183)
2024-07-17 15:29:42.262 [ALFpaka] [INFO] __________________________________________________________________________________________________ (layer_utils:258)
2024-07-17 15:29:42.263 [ALFpaka] [INFO] batch_normalization_6 (BatchNor (None, 8, 16, 64)    256         activation_5[0][0]                (layer_utils:183)
2024-07-17 15:29:42.264 [ALFpaka] [INFO] __________________________________________________________________________________________________ (layer_utils:258)
2024-07-17 15:29:42.264 [ALFpaka] [INFO] dropout_5 (Dropout)             (None, 8, 16, 64)    0           batch_normalization_6[0][0]       (layer_utils:183)
2024-07-17 15:29:42.265 [ALFpaka] [INFO] __________________________________________________________________________________________________ (layer_utils:258)
2024-07-17 15:29:42.265 [ALFpaka] [INFO] conv2d_6 (Conv2D)               (None, 8, 16, 64)    36864       dropout_5[0][0]                   (layer_utils:183)
2024-07-17 15:29:42.265 [ALFpaka] [INFO] __________________________________________________________________________________________________ (layer_utils:258)
2024-07-17 15:29:42.265 [ALFpaka] [INFO] add_2 (Add)                     (None, 8, 16, 64)    0           conv2d_6[0][0]                    (layer_utils:183)
2024-07-17 15:29:42.265 [ALFpaka] [INFO]                                                                  average_pooling2d_1[0][0]         (layer_utils:183)
2024-07-17 15:29:42.265 [ALFpaka] [INFO] __________________________________________________________________________________________________ (layer_utils:258)
2024-07-17 15:29:42.266 [ALFpaka] [INFO] activation_6 (Activation)       (None, 8, 16, 64)    0           add_2[0][0]                       (layer_utils:183)
2024-07-17 15:29:42.266 [ALFpaka] [INFO] __________________________________________________________________________________________________ (layer_utils:258)
2024-07-17 15:29:42.266 [ALFpaka] [INFO] batch_normalization_7 (BatchNor (None, 8, 16, 64)    256         activation_6[0][0]                (layer_utils:183)
2024-07-17 15:29:42.266 [ALFpaka] [INFO] __________________________________________________________________________________________________ (layer_utils:258)
2024-07-17 15:29:42.266 [ALFpaka] [INFO] dropout_6 (Dropout)             (None, 8, 16, 64)    0           batch_normalization_7[0][0]       (layer_utils:183)
2024-07-17 15:29:42.266 [ALFpaka] [INFO] __________________________________________________________________________________________________ (layer_utils:258)
2024-07-17 15:29:42.267 [ALFpaka] [INFO] conv2d_7 (Conv2D)               (None, 8, 16, 128)   73728       dropout_6[0][0]                   (layer_utils:183)
2024-07-17 15:29:42.267 [ALFpaka] [INFO] __________________________________________________________________________________________________ (layer_utils:258)
2024-07-17 15:29:42.267 [ALFpaka] [INFO] activation_7 (Activation)       (None, 8, 16, 128)   0           conv2d_7[0][0]                    (layer_utils:183)
2024-07-17 15:29:42.267 [ALFpaka] [INFO] __________________________________________________________________________________________________ (layer_utils:258)
2024-07-17 15:29:42.267 [ALFpaka] [INFO] batch_normalization_8 (BatchNor (None, 8, 16, 128)   512         activation_7[0][0]                (layer_utils:183)
2024-07-17 15:29:42.268 [ALFpaka] [INFO] __________________________________________________________________________________________________ (layer_utils:258)
2024-07-17 15:29:42.268 [ALFpaka] [INFO] dropout_7 (Dropout)             (None, 8, 16, 128)   0           batch_normalization_8[0][0]       (layer_utils:183)
2024-07-17 15:29:42.268 [ALFpaka] [INFO] __________________________________________________________________________________________________ (layer_utils:258)
2024-07-17 15:29:42.268 [ALFpaka] [INFO] conv2d_8 (Conv2D)               (None, 8, 16, 128)   16384       dropout_7[0][0]                   (layer_utils:183)
2024-07-17 15:29:42.269 [ALFpaka] [INFO] __________________________________________________________________________________________________ (layer_utils:258)
2024-07-17 15:29:42.269 [ALFpaka] [INFO] conv2d_9 (Conv2D)               (None, 8, 16, 128)   8192        add_2[0][0]                       (layer_utils:183)
2024-07-17 15:29:42.269 [ALFpaka] [INFO] __________________________________________________________________________________________________ (layer_utils:258)
2024-07-17 15:29:42.270 [ALFpaka] [INFO] add_3 (Add)                     (None, 8, 16, 128)   0           conv2d_8[0][0]                    (layer_utils:183)
2024-07-17 15:29:42.270 [ALFpaka] [INFO]                                                                  conv2d_9[0][0]                    (layer_utils:183)
2024-07-17 15:29:42.270 [ALFpaka] [INFO] __________________________________________________________________________________________________ (layer_utils:258)
2024-07-17 15:29:42.270 [ALFpaka] [INFO] average_pooling2d_2 (AveragePoo (None, 4, 8, 128)    0           add_3[0][0]                       (layer_utils:183)
2024-07-17 15:29:42.271 [ALFpaka] [INFO] __________________________________________________________________________________________________ (layer_utils:258)
2024-07-17 15:29:42.271 [ALFpaka] [INFO] activation_8 (Activation)       (None, 4, 8, 128)    0           average_pooling2d_2[0][0]         (layer_utils:183)
2024-07-17 15:29:42.271 [ALFpaka] [INFO] __________________________________________________________________________________________________ (layer_utils:258)
2024-07-17 15:29:42.272 [ALFpaka] [INFO] batch_normalization_9 (BatchNor (None, 4, 8, 128)    512         activation_8[0][0]                (layer_utils:183)
2024-07-17 15:29:42.272 [ALFpaka] [INFO] __________________________________________________________________________________________________ (layer_utils:258)
2024-07-17 15:29:42.272 [ALFpaka] [INFO] dropout_8 (Dropout)             (None, 4, 8, 128)    0           batch_normalization_9[0][0]       (layer_utils:183)
2024-07-17 15:29:42.272 [ALFpaka] [INFO] __________________________________________________________________________________________________ (layer_utils:258)
2024-07-17 15:29:42.273 [ALFpaka] [INFO] conv2d_10 (Conv2D)              (None, 4, 8, 256)    32768       dropout_8[0][0]                   (layer_utils:183)
2024-07-17 15:29:42.273 [ALFpaka] [INFO] __________________________________________________________________________________________________ (layer_utils:258)
2024-07-17 15:29:42.273 [ALFpaka] [INFO] activation_9 (Activation)       (None, 4, 8, 256)    0           conv2d_10[0][0]                   (layer_utils:183)
2024-07-17 15:29:42.274 [ALFpaka] [INFO] __________________________________________________________________________________________________ (layer_utils:258)
2024-07-17 15:29:42.274 [ALFpaka] [INFO] batch_normalization_10 (BatchNo (None, 4, 8, 256)    1024        activation_9[0][0]                (layer_utils:183)
2024-07-17 15:29:42.275 [ALFpaka] [INFO] __________________________________________________________________________________________________ (layer_utils:258)
2024-07-17 15:29:42.275 [ALFpaka] [INFO] dropout_9 (Dropout)             (None, 4, 8, 256)    0           batch_normalization_10[0][0]      (layer_utils:183)
2024-07-17 15:29:42.275 [ALFpaka] [INFO] __________________________________________________________________________________________________ (layer_utils:258)
2024-07-17 15:29:42.276 [ALFpaka] [INFO] conv2d_11 (Conv2D)              (None, 4, 8, 256)    65536       dropout_9[0][0]                   (layer_utils:183)
2024-07-17 15:29:42.276 [ALFpaka] [INFO] __________________________________________________________________________________________________ (layer_utils:258)
2024-07-17 15:29:42.276 [ALFpaka] [INFO] conv2d_12 (Conv2D)              (None, 4, 8, 256)    32768       average_pooling2d_2[0][0]         (layer_utils:183)
2024-07-17 15:29:42.276 [ALFpaka] [INFO] __________________________________________________________________________________________________ (layer_utils:258)
2024-07-17 15:29:42.277 [ALFpaka] [INFO] add_4 (Add)                     (None, 4, 8, 256)    0           conv2d_11[0][0]                   (layer_utils:183)
2024-07-17 15:29:42.277 [ALFpaka] [INFO]                                                                  conv2d_12[0][0]                   (layer_utils:183)
2024-07-17 15:29:42.277 [ALFpaka] [INFO] __________________________________________________________________________________________________ (layer_utils:258)
2024-07-17 15:29:42.277 [ALFpaka] [INFO] global_average_pooling2d (Globa (None, 256)          0           add_4[0][0]                       (layer_utils:183)
2024-07-17 15:29:42.277 [ALFpaka] [INFO] __________________________________________________________________________________________________ (layer_utils:258)
2024-07-17 15:29:42.278 [ALFpaka] [INFO] dense (Dense)                   (None, 3)            771         global_average_pooling2d[0][0]    (layer_utils:183)
2024-07-17 15:29:42.278 [ALFpaka] [INFO] ================================================================================================== (layer_utils:256)
2024-07-17 15:29:42.281 [ALFpaka] [INFO] Total params: 425,859 (layer_utils:267)
2024-07-17 15:29:42.281 [ALFpaka] [INFO] Trainable params: 423,811 (layer_utils:268)
2024-07-17 15:29:42.281 [ALFpaka] [INFO] Non-trainable params: 2,048 (layer_utils:269)
2024-07-17 15:29:42.281 [ALFpaka] [INFO] __________________________________________________________________________________________________ (layer_utils:270)
2024-07-17 15:29:42.282 [ALFpaka] [WARNING] No validation data set! (train_keras_model:188)
2024-07-17 16:39:02.002 [ALFpaka] [INFO] Elapsed training time for cv_step ==> 01:09:20 (evaluate_results:334)
2024-07-17 16:39:02.003 [ALFpaka] [INFO] --- test data size --- (evaluate_results:109)
2024-07-17 16:39:02.003 [ALFpaka] [INFO] X shape --> (510, 64, 128, 2) (evaluate_results:111)
2024-07-17 16:39:02.003 [ALFpaka] [INFO] Y shape --> (510, 3) (evaluate_results:112)
2024-07-17 16:39:02.004 [ALFpaka] [INFO] number of features per frame 2 (evaluate_results:119)
2024-07-17 16:39:02.004 [ALFpaka] [INFO] number of feature frames 510 (evaluate_results:120)
2024-07-17 16:39:10.667 [ALFpaka] [INFO] --- Evaluation results framewise_cv_step_1 --- (evaluate_results:498)
2024-07-17 16:39:10.668 [ALFpaka] [INFO] framewise_cv_step_1 accuracy (unweighted): 0.2627450980392157 (evaluate_results:500)
2024-07-17 16:39:10.670 [ALFpaka] [INFO] 
framewise_cv_step_1 confusion Matrix in %: 
[[ 13.86  63.37  22.77]
 [ 50.54  42.47  6.99]
 [ 32.29  49.33  18.39]] (evaluate_results:521)
2024-07-17 16:39:10.670 [ALFpaka] [INFO] framewise_cv_step_1 mean class accuracy: 24.91 % (evaluate_results:522)
2024-07-17 16:39:10.692 [ALFpaka] [INFO] --- Evaluation results filewise_cv_step_1 --- (evaluate_results:498)
2024-07-17 16:39:10.693 [ALFpaka] [INFO] filewise_cv_step_1 accuracy (unweighted): 0.2 (evaluate_results:500)
2024-07-17 16:39:10.694 [ALFpaka] [INFO] 
filewise_cv_step_1 confusion Matrix in %: 
[[ 10.00  70.00  20.00]
 [ 60.00  40.00  0.00]
 [ 30.00  60.00  10.00]] (evaluate_results:521)
2024-07-17 16:39:10.694 [ALFpaka] [INFO] filewise_cv_step_1 mean class accuracy: 20.0 % (evaluate_results:522)
2024-07-17 16:39:10.706 [ALFpaka] [INFO] 
--- Final results after 1 iterations ---
Frame acc mean:       0.262745098039
Frame acc stdev:      0.000000000000
File acc mean:        0.200000000000
File acc stdev:       0.000000000000
Highest file acc:     0.200000000000 (seed = 1)
Lowest file acc:      0.200000000000 (seed = 1)
 (evaluate_results:200)
2024-07-17 16:39:10.707 [ALFpaka] [INFO] Mean Confusion Matrix (framewise): 
[[ 13.86  63.37  22.77]
 [ 50.54  42.47  6.99]
 [ 32.29  49.33  18.39]] (evaluate_results:237)
2024-07-17 16:39:10.708 [ALFpaka] [INFO] Mean Confusion Matrix (filewise): 
[[ 10.00  70.00  20.00]
 [ 60.00  40.00  0.00]
 [ 30.00  60.00  10.00]] (evaluate_results:242)
2024-07-17 16:39:10.713 [ALFpaka] [INFO] Elapsed training time for whole training ==> 01:09:45 (evaluate_results:334)
2024-07-17 16:39:10.717 [ALFpaka] [INFO] Plotting Confusion Matrices ...  (evaluate_results:476)
2024-07-17 16:39:14.652 [ALFpaka] [INFO] Plotting Confusion Matrices ...  (evaluate_results:476)
2024-07-17 16:39:21.868 [ALFpaka] [WARNING] No GIT in PATH variables ([Errno 2] No such file or directory: '.git': '.git') (versioning:24)
2024-07-17 16:39:21.873 [ALFpaka] [INFO] ... FINISH TRAINING ... (start_training_session:96)
2024-07-17 16:39:21.874 [ALFpaka] [INFO] Closing session ...  (start_training_session:105)
2024-07-17 16:39:22.421 [ALFpaka] [INFO] Closing session ... done. (start_training_session:114)
2024-07-17 16:39:22.426 [ALFpaka] [INFO] Parsing result-files in /home/avdata/xtract/rodrjl/sirens_classification_experiments_EU/2_5s_germany_balance (result_parser:249)
2024-07-17 16:39:22.441 [ALFpaka] [INFO] Found 1 files. (result_parser:258)
2024-07-17 16:39:22.468 [ALFpaka] [INFO] Parsing finished and saved to /home/avdata/xtract/rodrjl/sirens_classification_experiments_EU/2_5s_germany_balance/results_final.csv (result_parser:520)
2024-07-17 16:39:22.471 [ALFpaka] [INFO] Parsing finished and saved to /home/avdata/xtract/rodrjl/sirens_classification_experiments_EU/2_5s_germany_balance/results_metrics.csv (result_parser:520)
