2025-04-18 18:08:51.972 [ALFpaka] [WARNING] global batch_size ignored when batch_size is set in generator (read_training_config:269)
2025-04-18 18:08:51.997 [ALFpaka] [ERROR] Empty file list (get_datasets:39)
2025-04-18 18:08:51.997 [ALFpaka] [CRITICAL] Training aborted ...  (session:52)
Traceback (most recent call last):
  File "/home/juro7695/Documents/Forschungsproject/FP-Sirens/ResNet_model/alf/ALFpaka/start_training_session.py", line 93, in __training_session
    training_object.run_training()
  File "/home/juro7695/Documents/Forschungsproject/FP-Sirens/ResNet_model/alf/ALFpaka/core/training.py", line 130, in run_training
    self.__extract_all_features()
  File "/home/juro7695/Documents/Forschungsproject/FP-Sirens/ResNet_model/alf/ALFpaka/core/training.py", line 193, in __extract_all_features
    self.__training_data_model.allFeatures = extract_features.extractAllFeatures(
  File "/home/juro7695/Documents/Forschungsproject/FP-Sirens/ResNet_model/alf/ALFpaka/core/extract_features.py", line 48, in extractAllFeatures
    dataset_train = get_datasets.getDataset(main_parameters.dir_train, main_parameters.train_pattern, main_parameters.classes)
  File "/home/juro7695/Documents/Forschungsproject/FP-Sirens/ResNet_model/alf/ALFpaka/core/get_datasets.py", line 23, in getDataset
    return getDatasetFromFileList(files, classes)
  File "/home/juro7695/Documents/Forschungsproject/FP-Sirens/ResNet_model/alf/ALFpaka/core/get_datasets.py", line 40, in getDatasetFromFileList
    raise RuntimeError
RuntimeError
2025-04-18 18:11:54.479 [ALFpaka] [WARNING] global batch_size ignored when batch_size is set in generator (read_training_config:269)
2025-04-18 18:11:54.520 [ALFpaka] [ERROR] Empty file list (get_datasets:39)
2025-04-18 18:11:54.520 [ALFpaka] [CRITICAL] Training aborted ...  (session:52)
Traceback (most recent call last):
  File "/home/juro7695/Documents/Forschungsproject/FP-Sirens/ResNet_model/alf/ALFpaka/start_training_session.py", line 93, in __training_session
    training_object.run_training()
  File "/home/juro7695/Documents/Forschungsproject/FP-Sirens/ResNet_model/alf/ALFpaka/core/training.py", line 130, in run_training
    self.__extract_all_features()
  File "/home/juro7695/Documents/Forschungsproject/FP-Sirens/ResNet_model/alf/ALFpaka/core/training.py", line 193, in __extract_all_features
    self.__training_data_model.allFeatures = extract_features.extractAllFeatures(
  File "/home/juro7695/Documents/Forschungsproject/FP-Sirens/ResNet_model/alf/ALFpaka/core/extract_features.py", line 48, in extractAllFeatures
    dataset_train = get_datasets.getDataset(main_parameters.dir_train, main_parameters.train_pattern, main_parameters.classes)
  File "/home/juro7695/Documents/Forschungsproject/FP-Sirens/ResNet_model/alf/ALFpaka/core/get_datasets.py", line 23, in getDataset
    return getDatasetFromFileList(files, classes)
  File "/home/juro7695/Documents/Forschungsproject/FP-Sirens/ResNet_model/alf/ALFpaka/core/get_datasets.py", line 40, in getDatasetFromFileList
    raise RuntimeError
RuntimeError
2025-04-18 18:15:45.459 [ALFpaka] [WARNING] global batch_size ignored when batch_size is set in generator (read_training_config:269)
2025-04-18 18:15:46.231 [ALFpaka] [WARNING] Log_spec ignored when pcen is set (librosa_extract_methods:84)
2025-04-18 18:15:46.231 [ALFpaka] [WARNING] Log_spec ignored when pcen is set (librosa_extract_methods:84)
2025-04-18 18:15:46.231 [ALFpaka] [WARNING] Log_spec ignored when pcen is set (librosa_extract_methods:84)
2025-04-18 18:15:46.231 [ALFpaka] [WARNING] Log_spec ignored when pcen is set (librosa_extract_methods:84)
2025-04-18 18:15:46.231 [ALFpaka] [WARNING] Log_spec ignored when pcen is set (librosa_extract_methods:84)
2025-04-18 18:15:46.231 [ALFpaka] [WARNING] Log_spec ignored when pcen is set (librosa_extract_methods:84)
2025-04-18 18:15:46.231 [ALFpaka] [WARNING] Log_spec ignored when pcen is set (librosa_extract_methods:84)
2025-04-18 18:15:46.232 [ALFpaka] [WARNING] Log_spec ignored when pcen is set (librosa_extract_methods:84)
2025-04-18 18:15:46.232 [ALFpaka] [WARNING] Log_spec ignored when pcen is set (librosa_extract_methods:84)
2025-04-18 18:15:46.232 [ALFpaka] [WARNING] Log_spec ignored when pcen is set (librosa_extract_methods:84)
2025-04-18 18:15:46.232 [ALFpaka] [WARNING] Log_spec ignored when pcen is set (librosa_extract_methods:84)
2025-04-18 18:15:46.232 [ALFpaka] [WARNING] Log_spec ignored when pcen is set (librosa_extract_methods:84)
2025-04-18 18:15:46.232 [ALFpaka] [WARNING] Log_spec ignored when pcen is set (librosa_extract_methods:84)
2025-04-18 18:15:46.232 [ALFpaka] [WARNING] Log_spec ignored when pcen is set (librosa_extract_methods:84)
2025-04-18 18:15:46.232 [ALFpaka] [WARNING] Log_spec ignored when pcen is set (librosa_extract_methods:84)
2025-04-18 18:15:46.233 [ALFpaka] [WARNING] Log_spec ignored when pcen is set (librosa_extract_methods:84)
2025-04-18 18:15:46.233 [ALFpaka] [WARNING] Log_spec ignored when pcen is set (librosa_extract_methods:84)
2025-04-18 18:15:46.233 [ALFpaka] [WARNING] Log_spec ignored when pcen is set (librosa_extract_methods:84)
2025-04-18 18:15:46.233 [ALFpaka] [WARNING] Log_spec ignored when pcen is set (librosa_extract_methods:84)
2025-04-18 18:15:46.233 [ALFpaka] [WARNING] Log_spec ignored when pcen is set (librosa_extract_methods:84)
2025-04-18 18:15:46.233 [ALFpaka] [WARNING] Log_spec ignored when pcen is set (librosa_extract_methods:84)
2025-04-18 18:15:46.233 [ALFpaka] [WARNING] Log_spec ignored when pcen is set (librosa_extract_methods:84)
2025-04-18 18:15:46.233 [ALFpaka] [WARNING] Log_spec ignored when pcen is set (librosa_extract_methods:84)
2025-04-18 18:15:46.234 [ALFpaka] [WARNING] Log_spec ignored when pcen is set (librosa_extract_methods:84)
2025-04-18 18:15:46.234 [ALFpaka] [WARNING] Log_spec ignored when pcen is set (librosa_extract_methods:84)
2025-04-18 18:15:46.234 [ALFpaka] [WARNING] Log_spec ignored when pcen is set (librosa_extract_methods:84)
2025-04-18 18:15:46.234 [ALFpaka] [WARNING] Log_spec ignored when pcen is set (librosa_extract_methods:84)
2025-04-18 18:15:46.234 [ALFpaka] [WARNING] Log_spec ignored when pcen is set (librosa_extract_methods:84)
2025-04-18 18:15:46.234 [ALFpaka] [WARNING] Log_spec ignored when pcen is set (librosa_extract_methods:84)
2025-04-18 18:15:46.234 [ALFpaka] [WARNING] Log_spec ignored when pcen is set (librosa_extract_methods:84)
2025-04-18 18:15:46.234 [ALFpaka] [WARNING] Log_spec ignored when pcen is set (librosa_extract_methods:84)
2025-04-18 18:15:46.235 [ALFpaka] [WARNING] Log_spec ignored when pcen is set (librosa_extract_methods:84)
2025-04-18 18:15:46.235 [ALFpaka] [WARNING] Log_spec ignored when pcen is set (librosa_extract_methods:84)
2025-04-18 18:15:46.235 [ALFpaka] [WARNING] Log_spec ignored when pcen is set (librosa_extract_methods:84)
2025-04-18 18:15:46.235 [ALFpaka] [WARNING] Log_spec ignored when pcen is set (librosa_extract_methods:84)
2025-04-18 18:15:46.235 [ALFpaka] [WARNING] Log_spec ignored when pcen is set (librosa_extract_methods:84)
2025-04-18 18:15:46.235 [ALFpaka] [WARNING] Log_spec ignored when pcen is set (librosa_extract_methods:84)
2025-04-18 18:15:46.235 [ALFpaka] [WARNING] Log_spec ignored when pcen is set (librosa_extract_methods:84)
2025-04-18 18:15:46.235 [ALFpaka] [WARNING] Log_spec ignored when pcen is set (librosa_extract_methods:84)
2025-04-18 18:15:46.236 [ALFpaka] [WARNING] Log_spec ignored when pcen is set (librosa_extract_methods:84)
2025-04-18 18:15:46.236 [ALFpaka] [WARNING] Log_spec ignored when pcen is set (librosa_extract_methods:84)
2025-04-18 18:15:46.236 [ALFpaka] [WARNING] Log_spec ignored when pcen is set (librosa_extract_methods:84)
2025-04-18 18:15:46.236 [ALFpaka] [WARNING] Log_spec ignored when pcen is set (librosa_extract_methods:84)
2025-04-18 18:15:46.236 [ALFpaka] [WARNING] Log_spec ignored when pcen is set (librosa_extract_methods:84)
2025-04-18 18:15:46.236 [ALFpaka] [WARNING] Log_spec ignored when pcen is set (librosa_extract_methods:84)
2025-04-18 18:15:46.236 [ALFpaka] [WARNING] Log_spec ignored when pcen is set (librosa_extract_methods:84)
2025-04-18 18:15:46.236 [ALFpaka] [WARNING] Log_spec ignored when pcen is set (librosa_extract_methods:84)
2025-04-18 18:15:46.236 [ALFpaka] [WARNING] Log_spec ignored when pcen is set (librosa_extract_methods:84)
2025-04-18 18:15:46.455 [ALFpaka] [WARNING] Log_spec ignored when pcen is set (librosa_extract_methods:84)
2025-04-18 18:15:46.456 [ALFpaka] [WARNING] Log_spec ignored when pcen is set (librosa_extract_methods:84)
2025-04-18 18:15:46.465 [ALFpaka] [WARNING] Log_spec ignored when pcen is set (librosa_extract_methods:84)
2025-04-18 18:15:46.466 [ALFpaka] [WARNING] Log_spec ignored when pcen is set (librosa_extract_methods:84)
2025-04-18 18:15:46.474 [ALFpaka] [WARNING] Log_spec ignored when pcen is set (librosa_extract_methods:84)
2025-04-18 18:15:46.475 [ALFpaka] [WARNING] Log_spec ignored when pcen is set (librosa_extract_methods:84)
2025-04-18 18:15:46.475 [ALFpaka] [WARNING] Log_spec ignored when pcen is set (librosa_extract_methods:84)
2025-04-18 18:15:46.476 [ALFpaka] [WARNING] Log_spec ignored when pcen is set (librosa_extract_methods:84)
2025-04-18 18:15:46.479 [ALFpaka] [WARNING] Log_spec ignored when pcen is set (librosa_extract_methods:84)
2025-04-18 18:15:46.479 [ALFpaka] [WARNING] Log_spec ignored when pcen is set (librosa_extract_methods:84)
2025-04-18 18:15:46.480 [ALFpaka] [WARNING] Log_spec ignored when pcen is set (librosa_extract_methods:84)
2025-04-18 18:15:46.480 [ALFpaka] [WARNING] Log_spec ignored when pcen is set (librosa_extract_methods:84)
2025-04-18 18:15:46.481 [ALFpaka] [WARNING] Log_spec ignored when pcen is set (librosa_extract_methods:84)
2025-04-18 18:15:46.481 [ALFpaka] [WARNING] Log_spec ignored when pcen is set (librosa_extract_methods:84)
2025-04-18 18:15:46.481 [ALFpaka] [WARNING] Log_spec ignored when pcen is set (librosa_extract_methods:84)
2025-04-18 18:15:46.482 [ALFpaka] [WARNING] Log_spec ignored when pcen is set (librosa_extract_methods:84)
2025-04-18 18:15:46.482 [ALFpaka] [WARNING] Log_spec ignored when pcen is set (librosa_extract_methods:84)
2025-04-18 18:15:46.483 [ALFpaka] [WARNING] Log_spec ignored when pcen is set (librosa_extract_methods:84)
2025-04-18 18:15:46.485 [ALFpaka] [WARNING] Log_spec ignored when pcen is set (librosa_extract_methods:84)
2025-04-18 18:15:46.485 [ALFpaka] [WARNING] Log_spec ignored when pcen is set (librosa_extract_methods:84)
2025-04-18 18:15:46.487 [ALFpaka] [WARNING] Log_spec ignored when pcen is set (librosa_extract_methods:84)
2025-04-18 18:15:46.488 [ALFpaka] [WARNING] Log_spec ignored when pcen is set (librosa_extract_methods:84)
2025-04-18 18:15:46.495 [ALFpaka] [WARNING] Log_spec ignored when pcen is set (librosa_extract_methods:84)
2025-04-18 18:15:46.496 [ALFpaka] [WARNING] Log_spec ignored when pcen is set (librosa_extract_methods:84)
2025-04-18 18:15:46.496 [ALFpaka] [WARNING] Log_spec ignored when pcen is set (librosa_extract_methods:84)
2025-04-18 18:15:46.497 [ALFpaka] [WARNING] Log_spec ignored when pcen is set (librosa_extract_methods:84)
2025-04-18 18:15:46.497 [ALFpaka] [WARNING] Log_spec ignored when pcen is set (librosa_extract_methods:84)
2025-04-18 18:15:46.497 [ALFpaka] [WARNING] Log_spec ignored when pcen is set (librosa_extract_methods:84)
2025-04-18 18:15:46.504 [ALFpaka] [WARNING] Log_spec ignored when pcen is set (librosa_extract_methods:84)
2025-04-18 18:15:46.513 [ALFpaka] [WARNING] Log_spec ignored when pcen is set (librosa_extract_methods:84)
2025-04-18 18:15:46.514 [ALFpaka] [WARNING] Log_spec ignored when pcen is set (librosa_extract_methods:84)
2025-04-18 18:15:46.514 [ALFpaka] [WARNING] Log_spec ignored when pcen is set (librosa_extract_methods:84)
2025-04-18 18:15:46.514 [ALFpaka] [WARNING] Log_spec ignored when pcen is set (librosa_extract_methods:84)
2025-04-18 18:15:46.515 [ALFpaka] [WARNING] Log_spec ignored when pcen is set (librosa_extract_methods:84)
2025-04-18 18:15:46.524 [ALFpaka] [WARNING] Log_spec ignored when pcen is set (librosa_extract_methods:84)
2025-04-18 18:15:46.525 [ALFpaka] [WARNING] Log_spec ignored when pcen is set (librosa_extract_methods:84)
2025-04-18 18:15:46.525 [ALFpaka] [WARNING] Log_spec ignored when pcen is set (librosa_extract_methods:84)
2025-04-18 18:15:46.526 [ALFpaka] [WARNING] Log_spec ignored when pcen is set (librosa_extract_methods:84)
2025-04-18 18:15:46.526 [ALFpaka] [WARNING] Log_spec ignored when pcen is set (librosa_extract_methods:84)
2025-04-18 18:15:46.533 [ALFpaka] [WARNING] Log_spec ignored when pcen is set (librosa_extract_methods:84)
2025-04-18 18:15:46.533 [ALFpaka] [WARNING] Log_spec ignored when pcen is set (librosa_extract_methods:84)
2025-04-18 18:15:46.534 [ALFpaka] [WARNING] Log_spec ignored when pcen is set (librosa_extract_methods:84)
2025-04-18 18:15:46.535 [ALFpaka] [WARNING] Log_spec ignored when pcen is set (librosa_extract_methods:84)
2025-04-18 18:15:46.535 [ALFpaka] [WARNING] Log_spec ignored when pcen is set (librosa_extract_methods:84)
2025-04-18 18:15:46.535 [ALFpaka] [WARNING] Log_spec ignored when pcen is set (librosa_extract_methods:84)
2025-04-18 18:15:46.537 [ALFpaka] [WARNING] Log_spec ignored when pcen is set (librosa_extract_methods:84)
2025-04-18 18:15:46.537 [ALFpaka] [WARNING] Log_spec ignored when pcen is set (librosa_extract_methods:84)
2025-04-18 18:15:46.540 [ALFpaka] [WARNING] Log_spec ignored when pcen is set (librosa_extract_methods:84)
2025-04-18 18:15:46.540 [ALFpaka] [WARNING] Log_spec ignored when pcen is set (librosa_extract_methods:84)
2025-04-18 18:15:46.541 [ALFpaka] [WARNING] Log_spec ignored when pcen is set (librosa_extract_methods:84)
2025-04-18 18:15:46.549 [ALFpaka] [WARNING] Log_spec ignored when pcen is set (librosa_extract_methods:84)
2025-04-18 18:15:46.551 [ALFpaka] [WARNING] Log_spec ignored when pcen is set (librosa_extract_methods:84)
2025-04-18 18:15:46.551 [ALFpaka] [WARNING] Log_spec ignored when pcen is set (librosa_extract_methods:84)
2025-04-18 18:15:46.551 [ALFpaka] [WARNING] Log_spec ignored when pcen is set (librosa_extract_methods:84)
2025-04-18 18:15:46.566 [ALFpaka] [WARNING] Log_spec ignored when pcen is set (librosa_extract_methods:84)
2025-04-18 18:15:46.566 [ALFpaka] [WARNING] Log_spec ignored when pcen is set (librosa_extract_methods:84)
2025-04-18 18:15:46.566 [ALFpaka] [WARNING] Log_spec ignored when pcen is set (librosa_extract_methods:84)
2025-04-18 18:15:46.567 [ALFpaka] [WARNING] Log_spec ignored when pcen is set (librosa_extract_methods:84)
2025-04-18 18:15:46.568 [ALFpaka] [WARNING] Log_spec ignored when pcen is set (librosa_extract_methods:84)
2025-04-18 18:15:46.569 [ALFpaka] [WARNING] Log_spec ignored when pcen is set (librosa_extract_methods:84)
2025-04-18 18:15:46.569 [ALFpaka] [WARNING] Log_spec ignored when pcen is set (librosa_extract_methods:84)
2025-04-18 18:15:46.570 [ALFpaka] [WARNING] Log_spec ignored when pcen is set (librosa_extract_methods:84)
2025-04-18 18:15:46.571 [ALFpaka] [WARNING] Log_spec ignored when pcen is set (librosa_extract_methods:84)
2025-04-18 18:15:46.572 [ALFpaka] [WARNING] Log_spec ignored when pcen is set (librosa_extract_methods:84)
2025-04-18 18:15:46.573 [ALFpaka] [WARNING] Log_spec ignored when pcen is set (librosa_extract_methods:84)
2025-04-18 18:15:46.574 [ALFpaka] [WARNING] Log_spec ignored when pcen is set (librosa_extract_methods:84)
2025-04-18 18:15:46.574 [ALFpaka] [WARNING] Log_spec ignored when pcen is set (librosa_extract_methods:84)
2025-04-18 18:15:46.582 [ALFpaka] [WARNING] Log_spec ignored when pcen is set (librosa_extract_methods:84)
2025-04-18 18:15:46.582 [ALFpaka] [WARNING] Log_spec ignored when pcen is set (librosa_extract_methods:84)
2025-04-18 18:15:46.589 [ALFpaka] [WARNING] Log_spec ignored when pcen is set (librosa_extract_methods:84)
2025-04-18 18:15:46.589 [ALFpaka] [WARNING] Log_spec ignored when pcen is set (librosa_extract_methods:84)
2025-04-18 18:15:46.610 [ALFpaka] [WARNING] Log_spec ignored when pcen is set (librosa_extract_methods:84)
2025-04-18 18:15:46.610 [ALFpaka] [WARNING] Log_spec ignored when pcen is set (librosa_extract_methods:84)
2025-04-18 18:15:46.611 [ALFpaka] [WARNING] Log_spec ignored when pcen is set (librosa_extract_methods:84)
2025-04-18 18:15:46.612 [ALFpaka] [WARNING] Log_spec ignored when pcen is set (librosa_extract_methods:84)
2025-04-18 18:15:46.613 [ALFpaka] [WARNING] Log_spec ignored when pcen is set (librosa_extract_methods:84)
2025-04-18 18:15:47.090 [ALFpaka] [WARNING] Log_spec ignored when pcen is set (librosa_extract_methods:84)
2025-04-18 18:15:47.090 [ALFpaka] [WARNING] Log_spec ignored when pcen is set (librosa_extract_methods:84)
2025-04-18 18:15:47.090 [ALFpaka] [WARNING] Log_spec ignored when pcen is set (librosa_extract_methods:84)
2025-04-18 18:15:47.090 [ALFpaka] [WARNING] Log_spec ignored when pcen is set (librosa_extract_methods:84)
2025-04-18 18:15:47.090 [ALFpaka] [WARNING] Log_spec ignored when pcen is set (librosa_extract_methods:84)
2025-04-18 18:15:47.091 [ALFpaka] [WARNING] Log_spec ignored when pcen is set (librosa_extract_methods:84)
2025-04-18 18:15:47.091 [ALFpaka] [WARNING] Log_spec ignored when pcen is set (librosa_extract_methods:84)
2025-04-18 18:15:47.091 [ALFpaka] [WARNING] Log_spec ignored when pcen is set (librosa_extract_methods:84)
2025-04-18 18:15:47.091 [ALFpaka] [WARNING] Log_spec ignored when pcen is set (librosa_extract_methods:84)
2025-04-18 18:15:47.091 [ALFpaka] [WARNING] Log_spec ignored when pcen is set (librosa_extract_methods:84)
2025-04-18 18:15:47.091 [ALFpaka] [WARNING] Log_spec ignored when pcen is set (librosa_extract_methods:84)
2025-04-18 18:15:47.091 [ALFpaka] [WARNING] Log_spec ignored when pcen is set (librosa_extract_methods:84)
2025-04-18 18:15:47.091 [ALFpaka] [WARNING] Log_spec ignored when pcen is set (librosa_extract_methods:84)
2025-04-18 18:15:47.091 [ALFpaka] [WARNING] Log_spec ignored when pcen is set (librosa_extract_methods:84)
2025-04-18 18:15:47.091 [ALFpaka] [WARNING] Log_spec ignored when pcen is set (librosa_extract_methods:84)
2025-04-18 18:15:47.092 [ALFpaka] [WARNING] Log_spec ignored when pcen is set (librosa_extract_methods:84)
2025-04-18 18:15:47.092 [ALFpaka] [WARNING] Log_spec ignored when pcen is set (librosa_extract_methods:84)
2025-04-18 18:15:47.092 [ALFpaka] [WARNING] Log_spec ignored when pcen is set (librosa_extract_methods:84)
2025-04-18 18:15:47.092 [ALFpaka] [WARNING] Log_spec ignored when pcen is set (librosa_extract_methods:84)
2025-04-18 18:15:47.092 [ALFpaka] [WARNING] Log_spec ignored when pcen is set (librosa_extract_methods:84)
2025-04-18 18:15:47.092 [ALFpaka] [WARNING] Log_spec ignored when pcen is set (librosa_extract_methods:84)
2025-04-18 18:15:47.092 [ALFpaka] [WARNING] Log_spec ignored when pcen is set (librosa_extract_methods:84)
2025-04-18 18:15:47.092 [ALFpaka] [WARNING] Log_spec ignored when pcen is set (librosa_extract_methods:84)
2025-04-18 18:15:47.092 [ALFpaka] [WARNING] Log_spec ignored when pcen is set (librosa_extract_methods:84)
2025-04-18 18:15:47.092 [ALFpaka] [WARNING] Log_spec ignored when pcen is set (librosa_extract_methods:84)
2025-04-18 18:15:47.093 [ALFpaka] [WARNING] Log_spec ignored when pcen is set (librosa_extract_methods:84)
2025-04-18 18:15:47.093 [ALFpaka] [WARNING] Log_spec ignored when pcen is set (librosa_extract_methods:84)
2025-04-18 18:15:47.093 [ALFpaka] [WARNING] Log_spec ignored when pcen is set (librosa_extract_methods:84)
2025-04-18 18:15:47.093 [ALFpaka] [WARNING] Log_spec ignored when pcen is set (librosa_extract_methods:84)
2025-04-18 18:15:47.093 [ALFpaka] [WARNING] Log_spec ignored when pcen is set (librosa_extract_methods:84)
2025-04-18 18:15:47.093 [ALFpaka] [WARNING] Log_spec ignored when pcen is set (librosa_extract_methods:84)
2025-04-18 18:15:47.093 [ALFpaka] [WARNING] Log_spec ignored when pcen is set (librosa_extract_methods:84)
2025-04-18 18:15:47.093 [ALFpaka] [WARNING] Log_spec ignored when pcen is set (librosa_extract_methods:84)
2025-04-18 18:15:47.093 [ALFpaka] [WARNING] Log_spec ignored when pcen is set (librosa_extract_methods:84)
2025-04-18 18:15:47.093 [ALFpaka] [WARNING] Log_spec ignored when pcen is set (librosa_extract_methods:84)
2025-04-18 18:15:47.093 [ALFpaka] [WARNING] Log_spec ignored when pcen is set (librosa_extract_methods:84)
2025-04-18 18:15:47.094 [ALFpaka] [WARNING] Log_spec ignored when pcen is set (librosa_extract_methods:84)
2025-04-18 18:15:47.094 [ALFpaka] [WARNING] Log_spec ignored when pcen is set (librosa_extract_methods:84)
2025-04-18 18:15:47.094 [ALFpaka] [WARNING] Log_spec ignored when pcen is set (librosa_extract_methods:84)
2025-04-18 18:15:47.094 [ALFpaka] [WARNING] Log_spec ignored when pcen is set (librosa_extract_methods:84)
2025-04-18 18:15:47.094 [ALFpaka] [WARNING] Log_spec ignored when pcen is set (librosa_extract_methods:84)
2025-04-18 18:15:47.094 [ALFpaka] [WARNING] Log_spec ignored when pcen is set (librosa_extract_methods:84)
2025-04-18 18:15:47.094 [ALFpaka] [WARNING] Log_spec ignored when pcen is set (librosa_extract_methods:84)
2025-04-18 18:15:47.094 [ALFpaka] [WARNING] Log_spec ignored when pcen is set (librosa_extract_methods:84)
2025-04-18 18:15:47.095 [ALFpaka] [WARNING] Log_spec ignored when pcen is set (librosa_extract_methods:84)
2025-04-18 18:15:47.094 [ALFpaka] [WARNING] Log_spec ignored when pcen is set (librosa_extract_methods:84)
2025-04-18 18:15:47.095 [ALFpaka] [WARNING] Log_spec ignored when pcen is set (librosa_extract_methods:84)
2025-04-18 18:15:47.095 [ALFpaka] [WARNING] Log_spec ignored when pcen is set (librosa_extract_methods:84)
2025-04-18 18:15:47.290 [ALFpaka] [WARNING] Log_spec ignored when pcen is set (librosa_extract_methods:84)
2025-04-18 18:15:47.302 [ALFpaka] [WARNING] Log_spec ignored when pcen is set (librosa_extract_methods:84)
2025-04-18 18:15:47.303 [ALFpaka] [WARNING] Log_spec ignored when pcen is set (librosa_extract_methods:84)
2025-04-18 18:15:47.303 [ALFpaka] [WARNING] Log_spec ignored when pcen is set (librosa_extract_methods:84)
2025-04-18 18:15:47.303 [ALFpaka] [WARNING] Log_spec ignored when pcen is set (librosa_extract_methods:84)
2025-04-18 18:15:47.304 [ALFpaka] [WARNING] Log_spec ignored when pcen is set (librosa_extract_methods:84)
2025-04-18 18:15:47.304 [ALFpaka] [WARNING] Log_spec ignored when pcen is set (librosa_extract_methods:84)
2025-04-18 18:15:47.303 [ALFpaka] [WARNING] Log_spec ignored when pcen is set (librosa_extract_methods:84)
2025-04-18 18:15:47.304 [ALFpaka] [WARNING] Log_spec ignored when pcen is set (librosa_extract_methods:84)
2025-04-18 18:15:47.304 [ALFpaka] [WARNING] Log_spec ignored when pcen is set (librosa_extract_methods:84)
2025-04-18 18:15:47.305 [ALFpaka] [WARNING] Log_spec ignored when pcen is set (librosa_extract_methods:84)
2025-04-18 18:15:47.308 [ALFpaka] [WARNING] Log_spec ignored when pcen is set (librosa_extract_methods:84)
2025-04-18 18:15:47.310 [ALFpaka] [WARNING] Log_spec ignored when pcen is set (librosa_extract_methods:84)
2025-04-18 18:15:47.314 [ALFpaka] [WARNING] Log_spec ignored when pcen is set (librosa_extract_methods:84)
2025-04-18 18:15:47.317 [ALFpaka] [WARNING] Log_spec ignored when pcen is set (librosa_extract_methods:84)
2025-04-18 18:15:47.317 [ALFpaka] [WARNING] Log_spec ignored when pcen is set (librosa_extract_methods:84)
2025-04-18 18:15:47.318 [ALFpaka] [WARNING] Log_spec ignored when pcen is set (librosa_extract_methods:84)
2025-04-18 18:15:47.324 [ALFpaka] [WARNING] Log_spec ignored when pcen is set (librosa_extract_methods:84)
2025-04-18 18:15:47.325 [ALFpaka] [WARNING] Log_spec ignored when pcen is set (librosa_extract_methods:84)
2025-04-18 18:15:47.326 [ALFpaka] [WARNING] Log_spec ignored when pcen is set (librosa_extract_methods:84)
2025-04-18 18:15:47.326 [ALFpaka] [WARNING] Log_spec ignored when pcen is set (librosa_extract_methods:84)
2025-04-18 18:15:47.327 [ALFpaka] [WARNING] Log_spec ignored when pcen is set (librosa_extract_methods:84)
2025-04-18 18:15:47.333 [ALFpaka] [WARNING] Log_spec ignored when pcen is set (librosa_extract_methods:84)
2025-04-18 18:15:47.334 [ALFpaka] [WARNING] Log_spec ignored when pcen is set (librosa_extract_methods:84)
2025-04-18 18:15:47.335 [ALFpaka] [WARNING] Log_spec ignored when pcen is set (librosa_extract_methods:84)
2025-04-18 18:15:47.336 [ALFpaka] [WARNING] Log_spec ignored when pcen is set (librosa_extract_methods:84)
2025-04-18 18:15:47.336 [ALFpaka] [WARNING] Log_spec ignored when pcen is set (librosa_extract_methods:84)
2025-04-18 18:15:47.346 [ALFpaka] [WARNING] Log_spec ignored when pcen is set (librosa_extract_methods:84)
2025-04-18 18:15:47.346 [ALFpaka] [WARNING] Log_spec ignored when pcen is set (librosa_extract_methods:84)
2025-04-18 18:15:47.348 [ALFpaka] [WARNING] Log_spec ignored when pcen is set (librosa_extract_methods:84)
2025-04-18 18:15:47.348 [ALFpaka] [WARNING] Log_spec ignored when pcen is set (librosa_extract_methods:84)
2025-04-18 18:15:47.349 [ALFpaka] [WARNING] Log_spec ignored when pcen is set (librosa_extract_methods:84)
2025-04-18 18:15:47.349 [ALFpaka] [WARNING] Log_spec ignored when pcen is set (librosa_extract_methods:84)
2025-04-18 18:15:47.350 [ALFpaka] [WARNING] Log_spec ignored when pcen is set (librosa_extract_methods:84)
2025-04-18 18:15:47.350 [ALFpaka] [WARNING] Log_spec ignored when pcen is set (librosa_extract_methods:84)
2025-04-18 18:15:47.351 [ALFpaka] [WARNING] Log_spec ignored when pcen is set (librosa_extract_methods:84)
2025-04-18 18:15:47.351 [ALFpaka] [WARNING] Log_spec ignored when pcen is set (librosa_extract_methods:84)
2025-04-18 18:15:47.352 [ALFpaka] [WARNING] Log_spec ignored when pcen is set (librosa_extract_methods:84)
2025-04-18 18:15:47.352 [ALFpaka] [WARNING] Log_spec ignored when pcen is set (librosa_extract_methods:84)
2025-04-18 18:15:47.353 [ALFpaka] [WARNING] Log_spec ignored when pcen is set (librosa_extract_methods:84)
2025-04-18 18:15:47.354 [ALFpaka] [WARNING] Log_spec ignored when pcen is set (librosa_extract_methods:84)
2025-04-18 18:15:47.356 [ALFpaka] [WARNING] Log_spec ignored when pcen is set (librosa_extract_methods:84)
2025-04-18 18:15:47.357 [ALFpaka] [WARNING] Log_spec ignored when pcen is set (librosa_extract_methods:84)
2025-04-18 18:15:47.366 [ALFpaka] [WARNING] Log_spec ignored when pcen is set (librosa_extract_methods:84)
2025-04-18 18:15:47.367 [ALFpaka] [WARNING] Log_spec ignored when pcen is set (librosa_extract_methods:84)
2025-04-18 18:15:47.388 [ALFpaka] [WARNING] Log_spec ignored when pcen is set (librosa_extract_methods:84)
2025-04-18 18:15:47.388 [ALFpaka] [WARNING] Log_spec ignored when pcen is set (librosa_extract_methods:84)
2025-04-18 18:15:47.389 [ALFpaka] [WARNING] Log_spec ignored when pcen is set (librosa_extract_methods:84)
2025-04-18 18:15:47.389 [ALFpaka] [WARNING] Log_spec ignored when pcen is set (librosa_extract_methods:84)
2025-04-18 18:15:47.390 [ALFpaka] [WARNING] Log_spec ignored when pcen is set (librosa_extract_methods:84)
2025-04-18 18:15:47.390 [ALFpaka] [WARNING] Log_spec ignored when pcen is set (librosa_extract_methods:84)
2025-04-18 18:15:47.390 [ALFpaka] [WARNING] Log_spec ignored when pcen is set (librosa_extract_methods:84)
2025-04-18 18:15:47.390 [ALFpaka] [WARNING] Log_spec ignored when pcen is set (librosa_extract_methods:84)
2025-04-18 18:15:47.391 [ALFpaka] [WARNING] Log_spec ignored when pcen is set (librosa_extract_methods:84)
2025-04-18 18:15:47.392 [ALFpaka] [WARNING] Log_spec ignored when pcen is set (librosa_extract_methods:84)
2025-04-18 18:15:47.392 [ALFpaka] [WARNING] Log_spec ignored when pcen is set (librosa_extract_methods:84)
2025-04-18 18:15:47.393 [ALFpaka] [WARNING] Log_spec ignored when pcen is set (librosa_extract_methods:84)
2025-04-18 18:15:47.393 [ALFpaka] [WARNING] Log_spec ignored when pcen is set (librosa_extract_methods:84)
2025-04-18 18:15:47.398 [ALFpaka] [WARNING] Log_spec ignored when pcen is set (librosa_extract_methods:84)
2025-04-18 18:15:47.398 [ALFpaka] [WARNING] Log_spec ignored when pcen is set (librosa_extract_methods:84)
2025-04-18 18:15:47.398 [ALFpaka] [WARNING] Log_spec ignored when pcen is set (librosa_extract_methods:84)
2025-04-18 18:15:47.405 [ALFpaka] [WARNING] Log_spec ignored when pcen is set (librosa_extract_methods:84)
2025-04-18 18:15:47.405 [ALFpaka] [WARNING] Log_spec ignored when pcen is set (librosa_extract_methods:84)
2025-04-18 18:15:47.406 [ALFpaka] [WARNING] Log_spec ignored when pcen is set (librosa_extract_methods:84)
2025-04-18 18:15:47.406 [ALFpaka] [WARNING] Log_spec ignored when pcen is set (librosa_extract_methods:84)
2025-04-18 18:15:47.406 [ALFpaka] [WARNING] Log_spec ignored when pcen is set (librosa_extract_methods:84)
2025-04-18 18:15:47.407 [ALFpaka] [WARNING] Log_spec ignored when pcen is set (librosa_extract_methods:84)
2025-04-18 18:15:47.407 [ALFpaka] [WARNING] Log_spec ignored when pcen is set (librosa_extract_methods:84)
2025-04-18 18:15:47.408 [ALFpaka] [WARNING] Log_spec ignored when pcen is set (librosa_extract_methods:84)
2025-04-18 18:15:47.408 [ALFpaka] [WARNING] Log_spec ignored when pcen is set (librosa_extract_methods:84)
2025-04-18 18:15:47.408 [ALFpaka] [WARNING] Log_spec ignored when pcen is set (librosa_extract_methods:84)
2025-04-18 18:15:47.409 [ALFpaka] [WARNING] Log_spec ignored when pcen is set (librosa_extract_methods:84)
2025-04-18 18:15:47.418 [ALFpaka] [WARNING] Log_spec ignored when pcen is set (librosa_extract_methods:84)
2025-04-18 18:15:47.429 [ALFpaka] [WARNING] Log_spec ignored when pcen is set (librosa_extract_methods:84)
2025-04-18 18:15:47.429 [ALFpaka] [WARNING] Log_spec ignored when pcen is set (librosa_extract_methods:84)
2025-04-18 18:15:47.430 [ALFpaka] [WARNING] Log_spec ignored when pcen is set (librosa_extract_methods:84)
2025-04-18 18:15:47.899 [ALFpaka] [WARNING] Log_spec ignored when pcen is set (librosa_extract_methods:84)
2025-04-18 18:15:47.900 [ALFpaka] [WARNING] Log_spec ignored when pcen is set (librosa_extract_methods:84)
2025-04-18 18:15:47.900 [ALFpaka] [WARNING] Log_spec ignored when pcen is set (librosa_extract_methods:84)
2025-04-18 18:15:47.900 [ALFpaka] [WARNING] Log_spec ignored when pcen is set (librosa_extract_methods:84)
2025-04-18 18:15:47.900 [ALFpaka] [WARNING] Log_spec ignored when pcen is set (librosa_extract_methods:84)
2025-04-18 18:15:47.900 [ALFpaka] [WARNING] Log_spec ignored when pcen is set (librosa_extract_methods:84)
2025-04-18 18:15:47.900 [ALFpaka] [WARNING] Log_spec ignored when pcen is set (librosa_extract_methods:84)
2025-04-18 18:15:47.900 [ALFpaka] [WARNING] Log_spec ignored when pcen is set (librosa_extract_methods:84)
2025-04-18 18:15:47.900 [ALFpaka] [WARNING] Log_spec ignored when pcen is set (librosa_extract_methods:84)
2025-04-18 18:15:47.900 [ALFpaka] [WARNING] Log_spec ignored when pcen is set (librosa_extract_methods:84)
2025-04-18 18:15:47.900 [ALFpaka] [WARNING] Log_spec ignored when pcen is set (librosa_extract_methods:84)
2025-04-18 18:15:47.901 [ALFpaka] [WARNING] Log_spec ignored when pcen is set (librosa_extract_methods:84)
2025-04-18 18:15:47.901 [ALFpaka] [WARNING] Log_spec ignored when pcen is set (librosa_extract_methods:84)
2025-04-18 18:15:47.901 [ALFpaka] [WARNING] Log_spec ignored when pcen is set (librosa_extract_methods:84)
2025-04-18 18:15:47.901 [ALFpaka] [WARNING] Log_spec ignored when pcen is set (librosa_extract_methods:84)
2025-04-18 18:15:47.901 [ALFpaka] [WARNING] Log_spec ignored when pcen is set (librosa_extract_methods:84)
2025-04-18 18:15:47.901 [ALFpaka] [WARNING] Log_spec ignored when pcen is set (librosa_extract_methods:84)
2025-04-18 18:15:47.901 [ALFpaka] [WARNING] Log_spec ignored when pcen is set (librosa_extract_methods:84)
2025-04-18 18:15:47.901 [ALFpaka] [WARNING] Log_spec ignored when pcen is set (librosa_extract_methods:84)
2025-04-18 18:15:47.901 [ALFpaka] [WARNING] Log_spec ignored when pcen is set (librosa_extract_methods:84)
2025-04-18 18:15:47.901 [ALFpaka] [WARNING] Log_spec ignored when pcen is set (librosa_extract_methods:84)
2025-04-18 18:15:47.902 [ALFpaka] [WARNING] Log_spec ignored when pcen is set (librosa_extract_methods:84)
2025-04-18 18:15:47.902 [ALFpaka] [WARNING] Log_spec ignored when pcen is set (librosa_extract_methods:84)
2025-04-18 18:15:47.902 [ALFpaka] [WARNING] Log_spec ignored when pcen is set (librosa_extract_methods:84)
2025-04-18 18:15:47.902 [ALFpaka] [WARNING] Log_spec ignored when pcen is set (librosa_extract_methods:84)
2025-04-18 18:15:47.902 [ALFpaka] [WARNING] Log_spec ignored when pcen is set (librosa_extract_methods:84)
2025-04-18 18:15:47.902 [ALFpaka] [WARNING] Log_spec ignored when pcen is set (librosa_extract_methods:84)
2025-04-18 18:15:47.902 [ALFpaka] [WARNING] Log_spec ignored when pcen is set (librosa_extract_methods:84)
2025-04-18 18:15:47.902 [ALFpaka] [WARNING] Log_spec ignored when pcen is set (librosa_extract_methods:84)
2025-04-18 18:15:47.902 [ALFpaka] [WARNING] Log_spec ignored when pcen is set (librosa_extract_methods:84)
2025-04-18 18:15:47.902 [ALFpaka] [WARNING] Log_spec ignored when pcen is set (librosa_extract_methods:84)
2025-04-18 18:15:47.902 [ALFpaka] [WARNING] Log_spec ignored when pcen is set (librosa_extract_methods:84)
2025-04-18 18:15:47.903 [ALFpaka] [WARNING] Log_spec ignored when pcen is set (librosa_extract_methods:84)
2025-04-18 18:15:47.903 [ALFpaka] [WARNING] Log_spec ignored when pcen is set (librosa_extract_methods:84)
2025-04-18 18:15:47.903 [ALFpaka] [WARNING] Log_spec ignored when pcen is set (librosa_extract_methods:84)
2025-04-18 18:15:47.903 [ALFpaka] [WARNING] Log_spec ignored when pcen is set (librosa_extract_methods:84)
2025-04-18 18:15:47.903 [ALFpaka] [WARNING] Log_spec ignored when pcen is set (librosa_extract_methods:84)
2025-04-18 18:15:47.903 [ALFpaka] [WARNING] Log_spec ignored when pcen is set (librosa_extract_methods:84)
2025-04-18 18:15:47.903 [ALFpaka] [WARNING] Log_spec ignored when pcen is set (librosa_extract_methods:84)
2025-04-18 18:15:47.903 [ALFpaka] [WARNING] Log_spec ignored when pcen is set (librosa_extract_methods:84)
2025-04-18 18:15:47.903 [ALFpaka] [WARNING] Log_spec ignored when pcen is set (librosa_extract_methods:84)
2025-04-18 18:15:47.904 [ALFpaka] [WARNING] Log_spec ignored when pcen is set (librosa_extract_methods:84)
2025-04-18 18:15:47.904 [ALFpaka] [WARNING] Log_spec ignored when pcen is set (librosa_extract_methods:84)
2025-04-18 18:15:47.904 [ALFpaka] [WARNING] Log_spec ignored when pcen is set (librosa_extract_methods:84)
2025-04-18 18:15:47.904 [ALFpaka] [WARNING] Log_spec ignored when pcen is set (librosa_extract_methods:84)
2025-04-18 18:15:47.904 [ALFpaka] [WARNING] Log_spec ignored when pcen is set (librosa_extract_methods:84)
2025-04-18 18:15:47.904 [ALFpaka] [WARNING] Log_spec ignored when pcen is set (librosa_extract_methods:84)
2025-04-18 18:15:47.904 [ALFpaka] [WARNING] Log_spec ignored when pcen is set (librosa_extract_methods:84)
2025-04-18 18:15:48.082 [ALFpaka] [WARNING] Log_spec ignored when pcen is set (librosa_extract_methods:84)
2025-04-18 18:15:48.089 [ALFpaka] [WARNING] Log_spec ignored when pcen is set (librosa_extract_methods:84)
2025-04-18 18:15:48.089 [ALFpaka] [WARNING] Log_spec ignored when pcen is set (librosa_extract_methods:84)
2025-04-18 18:15:48.090 [ALFpaka] [WARNING] Log_spec ignored when pcen is set (librosa_extract_methods:84)
2025-04-18 18:15:48.090 [ALFpaka] [WARNING] Log_spec ignored when pcen is set (librosa_extract_methods:84)
2025-04-18 18:15:48.093 [ALFpaka] [WARNING] Log_spec ignored when pcen is set (librosa_extract_methods:84)
2025-04-18 18:15:48.110 [ALFpaka] [WARNING] Log_spec ignored when pcen is set (librosa_extract_methods:84)
2025-04-18 18:15:48.111 [ALFpaka] [WARNING] Log_spec ignored when pcen is set (librosa_extract_methods:84)
2025-04-18 18:15:48.113 [ALFpaka] [WARNING] Log_spec ignored when pcen is set (librosa_extract_methods:84)
2025-04-18 18:15:48.115 [ALFpaka] [WARNING] Log_spec ignored when pcen is set (librosa_extract_methods:84)
2025-04-18 18:15:48.120 [ALFpaka] [WARNING] Log_spec ignored when pcen is set (librosa_extract_methods:84)
2025-04-18 18:15:48.120 [ALFpaka] [WARNING] Log_spec ignored when pcen is set (librosa_extract_methods:84)
2025-04-18 18:15:48.121 [ALFpaka] [WARNING] Log_spec ignored when pcen is set (librosa_extract_methods:84)
2025-04-18 18:15:48.121 [ALFpaka] [WARNING] Log_spec ignored when pcen is set (librosa_extract_methods:84)
2025-04-18 18:15:48.121 [ALFpaka] [WARNING] Log_spec ignored when pcen is set (librosa_extract_methods:84)
2025-04-18 18:15:48.129 [ALFpaka] [WARNING] Log_spec ignored when pcen is set (librosa_extract_methods:84)
2025-04-18 18:15:48.130 [ALFpaka] [WARNING] Log_spec ignored when pcen is set (librosa_extract_methods:84)
2025-04-18 18:15:48.133 [ALFpaka] [WARNING] Log_spec ignored when pcen is set (librosa_extract_methods:84)
2025-04-18 18:15:48.138 [ALFpaka] [WARNING] Log_spec ignored when pcen is set (librosa_extract_methods:84)
2025-04-18 18:15:48.138 [ALFpaka] [WARNING] Log_spec ignored when pcen is set (librosa_extract_methods:84)
2025-04-18 18:15:48.138 [ALFpaka] [WARNING] Log_spec ignored when pcen is set (librosa_extract_methods:84)
2025-04-18 18:15:48.138 [ALFpaka] [WARNING] Log_spec ignored when pcen is set (librosa_extract_methods:84)
2025-04-18 18:15:48.139 [ALFpaka] [WARNING] Log_spec ignored when pcen is set (librosa_extract_methods:84)
2025-04-18 18:15:48.139 [ALFpaka] [WARNING] Log_spec ignored when pcen is set (librosa_extract_methods:84)
2025-04-18 18:15:48.155 [ALFpaka] [WARNING] Log_spec ignored when pcen is set (librosa_extract_methods:84)
2025-04-18 18:15:48.156 [ALFpaka] [WARNING] Log_spec ignored when pcen is set (librosa_extract_methods:84)
2025-04-18 18:15:48.157 [ALFpaka] [WARNING] Log_spec ignored when pcen is set (librosa_extract_methods:84)
2025-04-18 18:15:48.157 [ALFpaka] [WARNING] Log_spec ignored when pcen is set (librosa_extract_methods:84)
2025-04-18 18:15:48.158 [ALFpaka] [WARNING] Log_spec ignored when pcen is set (librosa_extract_methods:84)
2025-04-18 18:15:48.158 [ALFpaka] [WARNING] Log_spec ignored when pcen is set (librosa_extract_methods:84)
2025-04-18 18:15:48.159 [ALFpaka] [WARNING] Log_spec ignored when pcen is set (librosa_extract_methods:84)
2025-04-18 18:15:48.159 [ALFpaka] [WARNING] Log_spec ignored when pcen is set (librosa_extract_methods:84)
2025-04-18 18:15:48.159 [ALFpaka] [WARNING] Log_spec ignored when pcen is set (librosa_extract_methods:84)
2025-04-18 18:15:48.160 [ALFpaka] [WARNING] Log_spec ignored when pcen is set (librosa_extract_methods:84)
2025-04-18 18:15:48.160 [ALFpaka] [WARNING] Log_spec ignored when pcen is set (librosa_extract_methods:84)
2025-04-18 18:15:48.161 [ALFpaka] [WARNING] Log_spec ignored when pcen is set (librosa_extract_methods:84)
2025-04-18 18:15:48.162 [ALFpaka] [WARNING] Log_spec ignored when pcen is set (librosa_extract_methods:84)
2025-04-18 18:15:48.174 [ALFpaka] [WARNING] Log_spec ignored when pcen is set (librosa_extract_methods:84)
2025-04-18 18:15:48.175 [ALFpaka] [WARNING] Log_spec ignored when pcen is set (librosa_extract_methods:84)
2025-04-18 18:15:48.182 [ALFpaka] [WARNING] Log_spec ignored when pcen is set (librosa_extract_methods:84)
2025-04-18 18:15:48.181 [ALFpaka] [WARNING] Log_spec ignored when pcen is set (librosa_extract_methods:84)
2025-04-18 18:15:48.186 [ALFpaka] [WARNING] Log_spec ignored when pcen is set (librosa_extract_methods:84)
2025-04-18 18:15:48.186 [ALFpaka] [WARNING] Log_spec ignored when pcen is set (librosa_extract_methods:84)
2025-04-18 18:15:48.187 [ALFpaka] [WARNING] Log_spec ignored when pcen is set (librosa_extract_methods:84)
2025-04-18 18:15:48.192 [ALFpaka] [WARNING] Log_spec ignored when pcen is set (librosa_extract_methods:84)
2025-04-18 18:15:48.193 [ALFpaka] [WARNING] Log_spec ignored when pcen is set (librosa_extract_methods:84)
2025-04-18 18:15:48.193 [ALFpaka] [WARNING] Log_spec ignored when pcen is set (librosa_extract_methods:84)
2025-04-18 18:15:48.194 [ALFpaka] [WARNING] Log_spec ignored when pcen is set (librosa_extract_methods:84)
2025-04-18 18:15:48.194 [ALFpaka] [WARNING] Log_spec ignored when pcen is set (librosa_extract_methods:84)
2025-04-18 18:15:48.195 [ALFpaka] [WARNING] Log_spec ignored when pcen is set (librosa_extract_methods:84)
2025-04-18 18:15:48.195 [ALFpaka] [WARNING] Log_spec ignored when pcen is set (librosa_extract_methods:84)
2025-04-18 18:15:48.196 [ALFpaka] [WARNING] Log_spec ignored when pcen is set (librosa_extract_methods:84)
2025-04-18 18:15:48.196 [ALFpaka] [WARNING] Log_spec ignored when pcen is set (librosa_extract_methods:84)
2025-04-18 18:15:48.197 [ALFpaka] [WARNING] Log_spec ignored when pcen is set (librosa_extract_methods:84)
2025-04-18 18:15:48.198 [ALFpaka] [WARNING] Log_spec ignored when pcen is set (librosa_extract_methods:84)
2025-04-18 18:15:48.215 [ALFpaka] [WARNING] Log_spec ignored when pcen is set (librosa_extract_methods:84)
2025-04-18 18:15:48.215 [ALFpaka] [WARNING] Log_spec ignored when pcen is set (librosa_extract_methods:84)
2025-04-18 18:15:48.225 [ALFpaka] [WARNING] Log_spec ignored when pcen is set (librosa_extract_methods:84)
2025-04-18 18:15:48.225 [ALFpaka] [WARNING] Log_spec ignored when pcen is set (librosa_extract_methods:84)
2025-04-18 18:15:48.226 [ALFpaka] [WARNING] Log_spec ignored when pcen is set (librosa_extract_methods:84)
2025-04-18 18:15:48.231 [ALFpaka] [WARNING] Log_spec ignored when pcen is set (librosa_extract_methods:84)
2025-04-18 18:15:48.233 [ALFpaka] [WARNING] Log_spec ignored when pcen is set (librosa_extract_methods:84)
2025-04-18 18:15:48.233 [ALFpaka] [WARNING] Log_spec ignored when pcen is set (librosa_extract_methods:84)
2025-04-18 18:15:48.234 [ALFpaka] [WARNING] Log_spec ignored when pcen is set (librosa_extract_methods:84)
2025-04-18 18:15:48.234 [ALFpaka] [WARNING] Log_spec ignored when pcen is set (librosa_extract_methods:84)
2025-04-18 18:15:48.236 [ALFpaka] [WARNING] Log_spec ignored when pcen is set (librosa_extract_methods:84)
2025-04-18 18:15:48.245 [ALFpaka] [WARNING] Log_spec ignored when pcen is set (librosa_extract_methods:84)
2025-04-18 18:15:48.246 [ALFpaka] [WARNING] Log_spec ignored when pcen is set (librosa_extract_methods:84)
2025-04-18 18:15:48.246 [ALFpaka] [WARNING] Log_spec ignored when pcen is set (librosa_extract_methods:84)
2025-04-18 18:15:48.247 [ALFpaka] [WARNING] Log_spec ignored when pcen is set (librosa_extract_methods:84)
2025-04-18 18:15:48.258 [ALFpaka] [WARNING] Log_spec ignored when pcen is set (librosa_extract_methods:84)
2025-04-18 18:15:48.259 [ALFpaka] [WARNING] Log_spec ignored when pcen is set (librosa_extract_methods:84)
2025-04-18 18:15:48.259 [ALFpaka] [WARNING] Log_spec ignored when pcen is set (librosa_extract_methods:84)
2025-04-18 18:15:48.259 [ALFpaka] [WARNING] Log_spec ignored when pcen is set (librosa_extract_methods:84)
2025-04-18 18:15:48.260 [ALFpaka] [WARNING] Log_spec ignored when pcen is set (librosa_extract_methods:84)
2025-04-18 18:15:48.261 [ALFpaka] [WARNING] Log_spec ignored when pcen is set (librosa_extract_methods:84)
2025-04-18 18:15:48.745 [ALFpaka] [WARNING] Log_spec ignored when pcen is set (librosa_extract_methods:84)
2025-04-18 18:15:48.745 [ALFpaka] [WARNING] Log_spec ignored when pcen is set (librosa_extract_methods:84)
2025-04-18 18:15:48.745 [ALFpaka] [WARNING] Log_spec ignored when pcen is set (librosa_extract_methods:84)
2025-04-18 18:15:48.745 [ALFpaka] [WARNING] Log_spec ignored when pcen is set (librosa_extract_methods:84)
2025-04-18 18:15:48.746 [ALFpaka] [WARNING] Log_spec ignored when pcen is set (librosa_extract_methods:84)
2025-04-18 18:15:48.746 [ALFpaka] [WARNING] Log_spec ignored when pcen is set (librosa_extract_methods:84)
2025-04-18 18:15:48.746 [ALFpaka] [WARNING] Log_spec ignored when pcen is set (librosa_extract_methods:84)
2025-04-18 18:15:48.746 [ALFpaka] [WARNING] Log_spec ignored when pcen is set (librosa_extract_methods:84)
2025-04-18 18:15:48.746 [ALFpaka] [WARNING] Log_spec ignored when pcen is set (librosa_extract_methods:84)
2025-04-18 18:15:48.746 [ALFpaka] [WARNING] Log_spec ignored when pcen is set (librosa_extract_methods:84)
2025-04-18 18:15:48.746 [ALFpaka] [WARNING] Log_spec ignored when pcen is set (librosa_extract_methods:84)
2025-04-18 18:15:48.746 [ALFpaka] [WARNING] Log_spec ignored when pcen is set (librosa_extract_methods:84)
2025-04-18 18:15:48.746 [ALFpaka] [WARNING] Log_spec ignored when pcen is set (librosa_extract_methods:84)
2025-04-18 18:15:48.746 [ALFpaka] [WARNING] Log_spec ignored when pcen is set (librosa_extract_methods:84)
2025-04-18 18:15:48.747 [ALFpaka] [WARNING] Log_spec ignored when pcen is set (librosa_extract_methods:84)
2025-04-18 18:15:48.747 [ALFpaka] [WARNING] Log_spec ignored when pcen is set (librosa_extract_methods:84)
2025-04-18 18:15:48.747 [ALFpaka] [WARNING] Log_spec ignored when pcen is set (librosa_extract_methods:84)
2025-04-18 18:15:48.747 [ALFpaka] [WARNING] Log_spec ignored when pcen is set (librosa_extract_methods:84)
2025-04-18 18:15:48.747 [ALFpaka] [WARNING] Log_spec ignored when pcen is set (librosa_extract_methods:84)
2025-04-18 18:15:48.747 [ALFpaka] [WARNING] Log_spec ignored when pcen is set (librosa_extract_methods:84)
2025-04-18 18:15:48.747 [ALFpaka] [WARNING] Log_spec ignored when pcen is set (librosa_extract_methods:84)
2025-04-18 18:15:48.747 [ALFpaka] [WARNING] Log_spec ignored when pcen is set (librosa_extract_methods:84)
2025-04-18 18:15:48.747 [ALFpaka] [WARNING] Log_spec ignored when pcen is set (librosa_extract_methods:84)
2025-04-18 18:15:48.747 [ALFpaka] [WARNING] Log_spec ignored when pcen is set (librosa_extract_methods:84)
2025-04-18 18:15:48.748 [ALFpaka] [WARNING] Log_spec ignored when pcen is set (librosa_extract_methods:84)
2025-04-18 18:15:48.748 [ALFpaka] [WARNING] Log_spec ignored when pcen is set (librosa_extract_methods:84)
2025-04-18 18:15:48.748 [ALFpaka] [WARNING] Log_spec ignored when pcen is set (librosa_extract_methods:84)
2025-04-18 18:15:48.748 [ALFpaka] [WARNING] Log_spec ignored when pcen is set (librosa_extract_methods:84)
2025-04-18 18:15:48.748 [ALFpaka] [WARNING] Log_spec ignored when pcen is set (librosa_extract_methods:84)
2025-04-18 18:15:48.748 [ALFpaka] [WARNING] Log_spec ignored when pcen is set (librosa_extract_methods:84)
2025-04-18 18:15:48.748 [ALFpaka] [WARNING] Log_spec ignored when pcen is set (librosa_extract_methods:84)
2025-04-18 18:15:48.748 [ALFpaka] [WARNING] Log_spec ignored when pcen is set (librosa_extract_methods:84)
2025-04-18 18:15:48.748 [ALFpaka] [WARNING] Log_spec ignored when pcen is set (librosa_extract_methods:84)
2025-04-18 18:15:48.748 [ALFpaka] [WARNING] Log_spec ignored when pcen is set (librosa_extract_methods:84)
2025-04-18 18:15:48.749 [ALFpaka] [WARNING] Log_spec ignored when pcen is set (librosa_extract_methods:84)
2025-04-18 18:15:48.749 [ALFpaka] [WARNING] Log_spec ignored when pcen is set (librosa_extract_methods:84)
2025-04-18 18:15:48.749 [ALFpaka] [WARNING] Log_spec ignored when pcen is set (librosa_extract_methods:84)
2025-04-18 18:15:48.749 [ALFpaka] [WARNING] Log_spec ignored when pcen is set (librosa_extract_methods:84)
2025-04-18 18:15:48.749 [ALFpaka] [WARNING] Log_spec ignored when pcen is set (librosa_extract_methods:84)
2025-04-18 18:15:48.749 [ALFpaka] [WARNING] Log_spec ignored when pcen is set (librosa_extract_methods:84)
2025-04-18 18:15:49.639 [ALFpaka] [WARNING] Log_spec ignored when pcen is set (librosa_extract_methods:84)
2025-04-18 18:15:49.639 [ALFpaka] [WARNING] Log_spec ignored when pcen is set (librosa_extract_methods:84)
2025-04-18 18:15:49.639 [ALFpaka] [WARNING] Log_spec ignored when pcen is set (librosa_extract_methods:84)
2025-04-18 18:15:49.639 [ALFpaka] [WARNING] Log_spec ignored when pcen is set (librosa_extract_methods:84)
2025-04-18 18:15:49.639 [ALFpaka] [WARNING] Log_spec ignored when pcen is set (librosa_extract_methods:84)
2025-04-18 18:15:49.639 [ALFpaka] [WARNING] Log_spec ignored when pcen is set (librosa_extract_methods:84)
2025-04-18 18:15:49.639 [ALFpaka] [WARNING] Log_spec ignored when pcen is set (librosa_extract_methods:84)
2025-04-18 18:15:49.639 [ALFpaka] [WARNING] Log_spec ignored when pcen is set (librosa_extract_methods:84)
2025-04-18 18:15:49.639 [ALFpaka] [WARNING] Log_spec ignored when pcen is set (librosa_extract_methods:84)
2025-04-18 18:15:49.639 [ALFpaka] [WARNING] Log_spec ignored when pcen is set (librosa_extract_methods:84)
2025-04-18 18:15:49.639 [ALFpaka] [WARNING] Log_spec ignored when pcen is set (librosa_extract_methods:84)
2025-04-18 18:15:49.640 [ALFpaka] [WARNING] Log_spec ignored when pcen is set (librosa_extract_methods:84)
2025-04-18 18:15:49.640 [ALFpaka] [WARNING] Log_spec ignored when pcen is set (librosa_extract_methods:84)
2025-04-18 18:15:49.640 [ALFpaka] [WARNING] Log_spec ignored when pcen is set (librosa_extract_methods:84)
2025-04-18 18:15:49.640 [ALFpaka] [WARNING] Log_spec ignored when pcen is set (librosa_extract_methods:84)
2025-04-18 18:15:49.640 [ALFpaka] [WARNING] Log_spec ignored when pcen is set (librosa_extract_methods:84)
2025-04-18 18:15:49.640 [ALFpaka] [WARNING] Log_spec ignored when pcen is set (librosa_extract_methods:84)
2025-04-18 18:15:49.640 [ALFpaka] [WARNING] Log_spec ignored when pcen is set (librosa_extract_methods:84)
2025-04-18 18:15:49.640 [ALFpaka] [WARNING] Log_spec ignored when pcen is set (librosa_extract_methods:84)
2025-04-18 18:15:49.640 [ALFpaka] [WARNING] Log_spec ignored when pcen is set (librosa_extract_methods:84)
2025-04-18 18:15:49.640 [ALFpaka] [WARNING] Log_spec ignored when pcen is set (librosa_extract_methods:84)
2025-04-18 18:15:49.640 [ALFpaka] [WARNING] Log_spec ignored when pcen is set (librosa_extract_methods:84)
2025-04-18 18:15:49.641 [ALFpaka] [WARNING] Log_spec ignored when pcen is set (librosa_extract_methods:84)
2025-04-18 18:15:49.641 [ALFpaka] [WARNING] Log_spec ignored when pcen is set (librosa_extract_methods:84)
2025-04-18 18:15:49.641 [ALFpaka] [WARNING] Log_spec ignored when pcen is set (librosa_extract_methods:84)
2025-04-18 18:15:49.641 [ALFpaka] [WARNING] Log_spec ignored when pcen is set (librosa_extract_methods:84)
2025-04-18 18:15:49.641 [ALFpaka] [WARNING] Log_spec ignored when pcen is set (librosa_extract_methods:84)
2025-04-18 18:15:49.641 [ALFpaka] [WARNING] Log_spec ignored when pcen is set (librosa_extract_methods:84)
2025-04-18 18:15:49.641 [ALFpaka] [WARNING] Log_spec ignored when pcen is set (librosa_extract_methods:84)
2025-04-18 18:15:49.641 [ALFpaka] [WARNING] Log_spec ignored when pcen is set (librosa_extract_methods:84)
2025-04-18 18:15:49.641 [ALFpaka] [WARNING] Log_spec ignored when pcen is set (librosa_extract_methods:84)
2025-04-18 18:15:49.642 [ALFpaka] [WARNING] Log_spec ignored when pcen is set (librosa_extract_methods:84)
2025-04-18 18:15:49.642 [ALFpaka] [WARNING] Log_spec ignored when pcen is set (librosa_extract_methods:84)
2025-04-18 18:15:49.642 [ALFpaka] [WARNING] Log_spec ignored when pcen is set (librosa_extract_methods:84)
2025-04-18 18:15:49.642 [ALFpaka] [WARNING] Log_spec ignored when pcen is set (librosa_extract_methods:84)
2025-04-18 18:15:49.642 [ALFpaka] [WARNING] Log_spec ignored when pcen is set (librosa_extract_methods:84)
2025-04-18 18:15:49.642 [ALFpaka] [WARNING] Log_spec ignored when pcen is set (librosa_extract_methods:84)
2025-04-18 18:15:49.642 [ALFpaka] [WARNING] Log_spec ignored when pcen is set (librosa_extract_methods:84)
2025-04-18 18:15:49.642 [ALFpaka] [WARNING] Log_spec ignored when pcen is set (librosa_extract_methods:84)
2025-04-18 18:15:49.642 [ALFpaka] [WARNING] Log_spec ignored when pcen is set (librosa_extract_methods:84)
2025-04-18 18:15:50.582 [ALFpaka] [WARNING] Log_spec ignored when pcen is set (librosa_extract_methods:84)
2025-04-18 18:15:50.582 [ALFpaka] [WARNING] Log_spec ignored when pcen is set (librosa_extract_methods:84)
2025-04-18 18:15:50.582 [ALFpaka] [WARNING] Log_spec ignored when pcen is set (librosa_extract_methods:84)
2025-04-18 18:15:50.582 [ALFpaka] [WARNING] Log_spec ignored when pcen is set (librosa_extract_methods:84)
2025-04-18 18:15:50.582 [ALFpaka] [WARNING] Log_spec ignored when pcen is set (librosa_extract_methods:84)
2025-04-18 18:15:50.582 [ALFpaka] [WARNING] Log_spec ignored when pcen is set (librosa_extract_methods:84)
2025-04-18 18:15:50.583 [ALFpaka] [WARNING] Log_spec ignored when pcen is set (librosa_extract_methods:84)
2025-04-18 18:15:50.583 [ALFpaka] [WARNING] Log_spec ignored when pcen is set (librosa_extract_methods:84)
2025-04-18 18:15:50.583 [ALFpaka] [WARNING] Log_spec ignored when pcen is set (librosa_extract_methods:84)
2025-04-18 18:15:50.583 [ALFpaka] [WARNING] Log_spec ignored when pcen is set (librosa_extract_methods:84)
2025-04-18 18:15:50.583 [ALFpaka] [WARNING] Log_spec ignored when pcen is set (librosa_extract_methods:84)
2025-04-18 18:15:50.583 [ALFpaka] [WARNING] Log_spec ignored when pcen is set (librosa_extract_methods:84)
2025-04-18 18:15:50.583 [ALFpaka] [WARNING] Log_spec ignored when pcen is set (librosa_extract_methods:84)
2025-04-18 18:15:50.583 [ALFpaka] [WARNING] Log_spec ignored when pcen is set (librosa_extract_methods:84)
2025-04-18 18:15:50.583 [ALFpaka] [WARNING] Log_spec ignored when pcen is set (librosa_extract_methods:84)
2025-04-18 18:15:50.584 [ALFpaka] [WARNING] Log_spec ignored when pcen is set (librosa_extract_methods:84)
2025-04-18 18:15:50.584 [ALFpaka] [WARNING] Log_spec ignored when pcen is set (librosa_extract_methods:84)
2025-04-18 18:15:50.584 [ALFpaka] [WARNING] Log_spec ignored when pcen is set (librosa_extract_methods:84)
2025-04-18 18:15:50.584 [ALFpaka] [WARNING] Log_spec ignored when pcen is set (librosa_extract_methods:84)
2025-04-18 18:15:50.584 [ALFpaka] [WARNING] Log_spec ignored when pcen is set (librosa_extract_methods:84)
2025-04-18 18:15:50.584 [ALFpaka] [WARNING] Log_spec ignored when pcen is set (librosa_extract_methods:84)
2025-04-18 18:15:50.584 [ALFpaka] [WARNING] Log_spec ignored when pcen is set (librosa_extract_methods:84)
2025-04-18 18:15:50.584 [ALFpaka] [WARNING] Log_spec ignored when pcen is set (librosa_extract_methods:84)
2025-04-18 18:15:50.584 [ALFpaka] [WARNING] Log_spec ignored when pcen is set (librosa_extract_methods:84)
2025-04-18 18:15:50.584 [ALFpaka] [WARNING] Log_spec ignored when pcen is set (librosa_extract_methods:84)
2025-04-18 18:15:50.585 [ALFpaka] [WARNING] Log_spec ignored when pcen is set (librosa_extract_methods:84)
2025-04-18 18:15:50.585 [ALFpaka] [WARNING] Log_spec ignored when pcen is set (librosa_extract_methods:84)
2025-04-18 18:15:50.585 [ALFpaka] [WARNING] Log_spec ignored when pcen is set (librosa_extract_methods:84)
2025-04-18 18:15:50.585 [ALFpaka] [WARNING] Log_spec ignored when pcen is set (librosa_extract_methods:84)
2025-04-18 18:15:50.585 [ALFpaka] [WARNING] Log_spec ignored when pcen is set (librosa_extract_methods:84)
2025-04-18 18:15:50.585 [ALFpaka] [WARNING] Log_spec ignored when pcen is set (librosa_extract_methods:84)
2025-04-18 18:15:50.585 [ALFpaka] [WARNING] Log_spec ignored when pcen is set (librosa_extract_methods:84)
2025-04-18 18:15:50.585 [ALFpaka] [WARNING] Log_spec ignored when pcen is set (librosa_extract_methods:84)
2025-04-18 18:15:50.585 [ALFpaka] [WARNING] Log_spec ignored when pcen is set (librosa_extract_methods:84)
2025-04-18 18:15:50.586 [ALFpaka] [WARNING] Log_spec ignored when pcen is set (librosa_extract_methods:84)
2025-04-18 18:15:50.586 [ALFpaka] [WARNING] Log_spec ignored when pcen is set (librosa_extract_methods:84)
2025-04-18 18:15:50.586 [ALFpaka] [WARNING] Log_spec ignored when pcen is set (librosa_extract_methods:84)
2025-04-18 18:15:50.586 [ALFpaka] [WARNING] Log_spec ignored when pcen is set (librosa_extract_methods:84)
2025-04-18 18:15:50.586 [ALFpaka] [WARNING] Log_spec ignored when pcen is set (librosa_extract_methods:84)
2025-04-18 18:15:50.586 [ALFpaka] [WARNING] Log_spec ignored when pcen is set (librosa_extract_methods:84)
2025-04-18 18:15:51.904 [ALFpaka] [WARNING] WARNING: No validation data found! (training:692)
2025-04-18 18:15:52.125 [ALFpaka] [WARNING] No validation data set! (train_keras_model:188)
2025-04-18 19:36:11.564 [ALFpaka] [WARNING] No GIT in PATH variables ([Errno 2] No such file or directory: '.git') (versioning:24)
