2024-06-04 22:04:01.065 [ALFpaka] [INFO] ###################################################### (start_training_session:128)
2024-06-04 22:04:01.065 [ALFpaka] [INFO] ---- Config file 1 of 1 (start_training_session:129)
2024-06-04 22:04:01.065 [ALFpaka] [INFO]  Reading config .... resnet_siren_EU3_wns.json (read_training_config:28)
2024-06-04 22:04:01.555 [ALFpaka] [WARNING] global batch_size ignored when batch_size is set in generator (read_training_config:269)
2024-06-04 22:04:01.557 [ALFpaka] [INFO]  Reading config .... done. (read_training_config:424)
2024-06-04 22:04:01.558 [ALFpaka] [INFO] ... START TRAINING ... (start_training_session:88)
2024-06-04 22:04:01.558 [ALFpaka] [INFO] Start-Time: 1717531441.5588531 (training:126)
2024-06-04 22:04:01.559 [ALFpaka] [INFO] ambulance with id 0 (evaluate_results:153)
2024-06-04 22:04:01.559 [ALFpaka] [INFO] firefighter with id 1 (evaluate_results:153)
2024-06-04 22:04:01.559 [ALFpaka] [INFO] police with id 2 (evaluate_results:153)
2024-06-04 22:04:01.560 [ALFpaka] [INFO] ------ Extracting features ------ (extract_features:34)
2024-06-04 22:04:01.828 [ALFpaka] [INFO] Extracting features for class ambulance with id 0 (get_features_for_dataset:69)
2024-06-04 22:04:02.553 [ALFpaka] [WARNING] Log_spec ignored when pcen is set (librosa_extract_methods:84)
2024-06-04 22:04:02.554 [ALFpaka] [WARNING] Log_spec ignored when pcen is set (librosa_extract_methods:84)
2024-06-04 22:04:02.554 [ALFpaka] [WARNING] Log_spec ignored when pcen is set (librosa_extract_methods:84)
2024-06-04 22:04:02.554 [ALFpaka] [WARNING] Log_spec ignored when pcen is set (librosa_extract_methods:84)
2024-06-04 22:04:02.554 [ALFpaka] [WARNING] Log_spec ignored when pcen is set (librosa_extract_methods:84)
2024-06-04 22:04:02.554 [ALFpaka] [WARNING] Log_spec ignored when pcen is set (librosa_extract_methods:84)
2024-06-04 22:04:02.555 [ALFpaka] [WARNING] Log_spec ignored when pcen is set (librosa_extract_methods:84)
2024-06-04 22:04:02.555 [ALFpaka] [WARNING] Log_spec ignored when pcen is set (librosa_extract_methods:84)
2024-06-04 22:04:02.555 [ALFpaka] [WARNING] Log_spec ignored when pcen is set (librosa_extract_methods:84)
2024-06-04 22:04:02.555 [ALFpaka] [WARNING] Log_spec ignored when pcen is set (librosa_extract_methods:84)
2024-06-04 22:04:02.556 [ALFpaka] [WARNING] Log_spec ignored when pcen is set (librosa_extract_methods:84)
2024-06-04 22:04:02.556 [ALFpaka] [WARNING] Log_spec ignored when pcen is set (librosa_extract_methods:84)
2024-06-04 22:04:02.556 [ALFpaka] [WARNING] Log_spec ignored when pcen is set (librosa_extract_methods:84)
2024-06-04 22:04:02.557 [ALFpaka] [WARNING] Log_spec ignored when pcen is set (librosa_extract_methods:84)
2024-06-04 22:04:02.561 [ALFpaka] [WARNING] Log_spec ignored when pcen is set (librosa_extract_methods:84)
2024-06-04 22:04:02.561 [ALFpaka] [WARNING] Log_spec ignored when pcen is set (librosa_extract_methods:84)
2024-06-04 22:04:02.561 [ALFpaka] [WARNING] Log_spec ignored when pcen is set (librosa_extract_methods:84)
2024-06-04 22:04:02.561 [ALFpaka] [WARNING] Log_spec ignored when pcen is set (librosa_extract_methods:84)
2024-06-04 22:04:02.561 [ALFpaka] [WARNING] Log_spec ignored when pcen is set (librosa_extract_methods:84)
2024-06-04 22:04:02.563 [ALFpaka] [WARNING] Log_spec ignored when pcen is set (librosa_extract_methods:84)
2024-06-04 22:04:02.562 [ALFpaka] [WARNING] Log_spec ignored when pcen is set (librosa_extract_methods:84)
2024-06-04 22:04:02.564 [ALFpaka] [WARNING] Log_spec ignored when pcen is set (librosa_extract_methods:84)
2024-06-04 22:04:02.563 [ALFpaka] [WARNING] Log_spec ignored when pcen is set (librosa_extract_methods:84)
2024-06-04 22:04:02.564 [ALFpaka] [WARNING] Log_spec ignored when pcen is set (librosa_extract_methods:84)
2024-06-04 22:04:02.563 [ALFpaka] [WARNING] Log_spec ignored when pcen is set (librosa_extract_methods:84)
2024-06-04 22:04:02.564 [ALFpaka] [WARNING] Log_spec ignored when pcen is set (librosa_extract_methods:84)
2024-06-04 22:04:02.566 [ALFpaka] [WARNING] Log_spec ignored when pcen is set (librosa_extract_methods:84)
2024-06-04 22:04:02.567 [ALFpaka] [WARNING] Log_spec ignored when pcen is set (librosa_extract_methods:84)
2024-06-04 22:04:02.567 [ALFpaka] [WARNING] Log_spec ignored when pcen is set (librosa_extract_methods:84)
2024-06-04 22:04:02.568 [ALFpaka] [WARNING] Log_spec ignored when pcen is set (librosa_extract_methods:84)
2024-06-04 22:04:02.566 [ALFpaka] [WARNING] Log_spec ignored when pcen is set (librosa_extract_methods:84)
2024-06-04 22:04:02.565 [ALFpaka] [WARNING] Log_spec ignored when pcen is set (librosa_extract_methods:84)
2024-06-04 22:04:02.569 [ALFpaka] [WARNING] Log_spec ignored when pcen is set (librosa_extract_methods:84)
2024-06-04 22:04:02.569 [ALFpaka] [WARNING] Log_spec ignored when pcen is set (librosa_extract_methods:84)
2024-06-04 22:04:02.569 [ALFpaka] [WARNING] Log_spec ignored when pcen is set (librosa_extract_methods:84)
2024-06-04 22:04:02.568 [ALFpaka] [WARNING] Log_spec ignored when pcen is set (librosa_extract_methods:84)
2024-06-04 22:04:02.570 [ALFpaka] [WARNING] Log_spec ignored when pcen is set (librosa_extract_methods:84)
2024-06-04 22:04:02.570 [ALFpaka] [WARNING] Log_spec ignored when pcen is set (librosa_extract_methods:84)
2024-06-04 22:04:02.572 [ALFpaka] [WARNING] Log_spec ignored when pcen is set (librosa_extract_methods:84)
2024-06-04 22:04:02.573 [ALFpaka] [WARNING] Log_spec ignored when pcen is set (librosa_extract_methods:84)
2024-06-04 22:04:02.574 [ALFpaka] [WARNING] Log_spec ignored when pcen is set (librosa_extract_methods:84)
2024-06-04 22:04:02.572 [ALFpaka] [WARNING] Log_spec ignored when pcen is set (librosa_extract_methods:84)
2024-06-04 22:04:02.571 [ALFpaka] [WARNING] Log_spec ignored when pcen is set (librosa_extract_methods:84)
2024-06-04 22:04:02.574 [ALFpaka] [WARNING] Log_spec ignored when pcen is set (librosa_extract_methods:84)
2024-06-04 22:04:02.573 [ALFpaka] [WARNING] Log_spec ignored when pcen is set (librosa_extract_methods:84)
2024-06-04 22:04:02.574 [ALFpaka] [WARNING] Log_spec ignored when pcen is set (librosa_extract_methods:84)
2024-06-04 22:04:02.574 [ALFpaka] [WARNING] Log_spec ignored when pcen is set (librosa_extract_methods:84)
2024-06-04 22:04:02.584 [ALFpaka] [WARNING] Log_spec ignored when pcen is set (librosa_extract_methods:84)
2024-06-04 22:04:03.383 [ALFpaka] [WARNING] Log_spec ignored when pcen is set (librosa_extract_methods:84)
2024-06-04 22:04:03.455 [ALFpaka] [WARNING] Log_spec ignored when pcen is set (librosa_extract_methods:84)
2024-06-04 22:04:03.458 [ALFpaka] [WARNING] Log_spec ignored when pcen is set (librosa_extract_methods:84)
2024-06-04 22:04:03.459 [ALFpaka] [WARNING] Log_spec ignored when pcen is set (librosa_extract_methods:84)
2024-06-04 22:04:03.456 [ALFpaka] [WARNING] Log_spec ignored when pcen is set (librosa_extract_methods:84)
2024-06-04 22:04:04.022 [ALFpaka] [WARNING] Log_spec ignored when pcen is set (librosa_extract_methods:84)
2024-06-04 22:04:04.011 [ALFpaka] [WARNING] Log_spec ignored when pcen is set (librosa_extract_methods:84)
2024-06-04 22:04:04.219 [ALFpaka] [WARNING] Log_spec ignored when pcen is set (librosa_extract_methods:84)
2024-06-04 22:04:05.886 [ALFpaka] [INFO] Extracting features for class firefighter with id 1 (get_features_for_dataset:69)
2024-06-04 22:04:06.932 [ALFpaka] [WARNING] Log_spec ignored when pcen is set (librosa_extract_methods:84)
2024-06-04 22:04:06.933 [ALFpaka] [WARNING] Log_spec ignored when pcen is set (librosa_extract_methods:84)
2024-06-04 22:04:06.933 [ALFpaka] [WARNING] Log_spec ignored when pcen is set (librosa_extract_methods:84)
2024-06-04 22:04:06.933 [ALFpaka] [WARNING] Log_spec ignored when pcen is set (librosa_extract_methods:84)
2024-06-04 22:04:06.934 [ALFpaka] [WARNING] Log_spec ignored when pcen is set (librosa_extract_methods:84)
2024-06-04 22:04:06.937 [ALFpaka] [WARNING] Log_spec ignored when pcen is set (librosa_extract_methods:84)
2024-06-04 22:04:06.938 [ALFpaka] [WARNING] Log_spec ignored when pcen is set (librosa_extract_methods:84)
2024-06-04 22:04:06.937 [ALFpaka] [WARNING] Log_spec ignored when pcen is set (librosa_extract_methods:84)
2024-06-04 22:04:06.940 [ALFpaka] [WARNING] Log_spec ignored when pcen is set (librosa_extract_methods:84)
2024-06-04 22:04:06.941 [ALFpaka] [WARNING] Log_spec ignored when pcen is set (librosa_extract_methods:84)
2024-06-04 22:04:06.941 [ALFpaka] [WARNING] Log_spec ignored when pcen is set (librosa_extract_methods:84)
2024-06-04 22:04:06.941 [ALFpaka] [WARNING] Log_spec ignored when pcen is set (librosa_extract_methods:84)
2024-06-04 22:04:06.942 [ALFpaka] [WARNING] Log_spec ignored when pcen is set (librosa_extract_methods:84)
2024-06-04 22:04:06.944 [ALFpaka] [WARNING] Log_spec ignored when pcen is set (librosa_extract_methods:84)
2024-06-04 22:04:06.948 [ALFpaka] [WARNING] Log_spec ignored when pcen is set (librosa_extract_methods:84)
2024-06-04 22:04:06.945 [ALFpaka] [WARNING] Log_spec ignored when pcen is set (librosa_extract_methods:84)
2024-06-04 22:04:06.949 [ALFpaka] [WARNING] Log_spec ignored when pcen is set (librosa_extract_methods:84)
2024-06-04 22:04:06.949 [ALFpaka] [WARNING] Log_spec ignored when pcen is set (librosa_extract_methods:84)
2024-06-04 22:04:06.949 [ALFpaka] [WARNING] Log_spec ignored when pcen is set (librosa_extract_methods:84)
2024-06-04 22:04:06.950 [ALFpaka] [WARNING] Log_spec ignored when pcen is set (librosa_extract_methods:84)
2024-06-04 22:04:06.950 [ALFpaka] [WARNING] Log_spec ignored when pcen is set (librosa_extract_methods:84)
2024-06-04 22:04:06.952 [ALFpaka] [WARNING] Log_spec ignored when pcen is set (librosa_extract_methods:84)
2024-06-04 22:04:06.953 [ALFpaka] [WARNING] Log_spec ignored when pcen is set (librosa_extract_methods:84)
2024-06-04 22:04:06.953 [ALFpaka] [WARNING] Log_spec ignored when pcen is set (librosa_extract_methods:84)
2024-06-04 22:04:06.954 [ALFpaka] [WARNING] Log_spec ignored when pcen is set (librosa_extract_methods:84)
2024-06-04 22:04:06.954 [ALFpaka] [WARNING] Log_spec ignored when pcen is set (librosa_extract_methods:84)
2024-06-04 22:04:06.944 [ALFpaka] [WARNING] Log_spec ignored when pcen is set (librosa_extract_methods:84)
2024-06-04 22:04:06.947 [ALFpaka] [WARNING] Log_spec ignored when pcen is set (librosa_extract_methods:84)
2024-06-04 22:04:06.941 [ALFpaka] [WARNING] Log_spec ignored when pcen is set (librosa_extract_methods:84)
2024-06-04 22:04:06.954 [ALFpaka] [WARNING] Log_spec ignored when pcen is set (librosa_extract_methods:84)
2024-06-04 22:04:06.955 [ALFpaka] [WARNING] Log_spec ignored when pcen is set (librosa_extract_methods:84)
2024-06-04 22:04:06.946 [ALFpaka] [WARNING] Log_spec ignored when pcen is set (librosa_extract_methods:84)
2024-06-04 22:04:06.956 [ALFpaka] [WARNING] Log_spec ignored when pcen is set (librosa_extract_methods:84)
2024-06-04 22:04:06.956 [ALFpaka] [WARNING] Log_spec ignored when pcen is set (librosa_extract_methods:84)
2024-06-04 22:04:06.948 [ALFpaka] [WARNING] Log_spec ignored when pcen is set (librosa_extract_methods:84)
2024-06-04 22:04:06.950 [ALFpaka] [WARNING] Log_spec ignored when pcen is set (librosa_extract_methods:84)
2024-06-04 22:04:06.950 [ALFpaka] [WARNING] Log_spec ignored when pcen is set (librosa_extract_methods:84)
2024-06-04 22:04:06.952 [ALFpaka] [WARNING] Log_spec ignored when pcen is set (librosa_extract_methods:84)
2024-06-04 22:04:06.951 [ALFpaka] [WARNING] Log_spec ignored when pcen is set (librosa_extract_methods:84)
2024-06-04 22:04:06.953 [ALFpaka] [WARNING] Log_spec ignored when pcen is set (librosa_extract_methods:84)
2024-06-04 22:04:06.959 [ALFpaka] [WARNING] Log_spec ignored when pcen is set (librosa_extract_methods:84)
2024-06-04 22:04:06.955 [ALFpaka] [WARNING] Log_spec ignored when pcen is set (librosa_extract_methods:84)
2024-06-04 22:04:06.958 [ALFpaka] [WARNING] Log_spec ignored when pcen is set (librosa_extract_methods:84)
2024-06-04 22:04:06.958 [ALFpaka] [WARNING] Log_spec ignored when pcen is set (librosa_extract_methods:84)
2024-06-04 22:04:06.959 [ALFpaka] [WARNING] Log_spec ignored when pcen is set (librosa_extract_methods:84)
2024-06-04 22:04:06.957 [ALFpaka] [WARNING] Log_spec ignored when pcen is set (librosa_extract_methods:84)
2024-06-04 22:04:06.971 [ALFpaka] [WARNING] Log_spec ignored when pcen is set (librosa_extract_methods:84)
2024-06-04 22:04:07.002 [ALFpaka] [WARNING] Log_spec ignored when pcen is set (librosa_extract_methods:84)
2024-06-04 22:04:08.381 [ALFpaka] [WARNING] Log_spec ignored when pcen is set (librosa_extract_methods:84)
2024-06-04 22:04:08.535 [ALFpaka] [WARNING] Log_spec ignored when pcen is set (librosa_extract_methods:84)
2024-06-04 22:04:08.682 [ALFpaka] [WARNING] Log_spec ignored when pcen is set (librosa_extract_methods:84)
2024-06-04 22:04:08.681 [ALFpaka] [WARNING] Log_spec ignored when pcen is set (librosa_extract_methods:84)
2024-06-04 22:04:08.683 [ALFpaka] [WARNING] Log_spec ignored when pcen is set (librosa_extract_methods:84)
2024-06-04 22:04:08.741 [ALFpaka] [WARNING] Log_spec ignored when pcen is set (librosa_extract_methods:84)
2024-06-04 22:04:08.741 [ALFpaka] [WARNING] Log_spec ignored when pcen is set (librosa_extract_methods:84)
2024-06-04 22:04:08.743 [ALFpaka] [WARNING] Log_spec ignored when pcen is set (librosa_extract_methods:84)
2024-06-04 22:04:08.746 [ALFpaka] [WARNING] Log_spec ignored when pcen is set (librosa_extract_methods:84)
2024-06-04 22:04:08.742 [ALFpaka] [WARNING] Log_spec ignored when pcen is set (librosa_extract_methods:84)
2024-06-04 22:04:08.744 [ALFpaka] [WARNING] Log_spec ignored when pcen is set (librosa_extract_methods:84)
2024-06-04 22:04:08.761 [ALFpaka] [WARNING] Log_spec ignored when pcen is set (librosa_extract_methods:84)
2024-06-04 22:04:08.762 [ALFpaka] [WARNING] Log_spec ignored when pcen is set (librosa_extract_methods:84)
2024-06-04 22:04:08.761 [ALFpaka] [WARNING] Log_spec ignored when pcen is set (librosa_extract_methods:84)
2024-06-04 22:04:08.762 [ALFpaka] [WARNING] Log_spec ignored when pcen is set (librosa_extract_methods:84)
2024-06-04 22:04:08.763 [ALFpaka] [WARNING] Log_spec ignored when pcen is set (librosa_extract_methods:84)
2024-06-04 22:04:08.788 [ALFpaka] [WARNING] Log_spec ignored when pcen is set (librosa_extract_methods:84)
2024-06-04 22:04:08.763 [ALFpaka] [WARNING] Log_spec ignored when pcen is set (librosa_extract_methods:84)
2024-06-04 22:04:08.763 [ALFpaka] [WARNING] Log_spec ignored when pcen is set (librosa_extract_methods:84)
2024-06-04 22:04:08.796 [ALFpaka] [WARNING] Log_spec ignored when pcen is set (librosa_extract_methods:84)
2024-06-04 22:04:08.764 [ALFpaka] [WARNING] Log_spec ignored when pcen is set (librosa_extract_methods:84)
2024-06-04 22:04:08.764 [ALFpaka] [WARNING] Log_spec ignored when pcen is set (librosa_extract_methods:84)
2024-06-04 22:04:08.802 [ALFpaka] [WARNING] Log_spec ignored when pcen is set (librosa_extract_methods:84)
2024-06-04 22:04:08.765 [ALFpaka] [WARNING] Log_spec ignored when pcen is set (librosa_extract_methods:84)
2024-06-04 22:04:08.765 [ALFpaka] [WARNING] Log_spec ignored when pcen is set (librosa_extract_methods:84)
2024-06-04 22:04:08.804 [ALFpaka] [WARNING] Log_spec ignored when pcen is set (librosa_extract_methods:84)
2024-06-04 22:04:09.053 [ALFpaka] [WARNING] Log_spec ignored when pcen is set (librosa_extract_methods:84)
2024-06-04 22:04:09.052 [ALFpaka] [WARNING] Log_spec ignored when pcen is set (librosa_extract_methods:84)
2024-06-04 22:04:09.054 [ALFpaka] [WARNING] Log_spec ignored when pcen is set (librosa_extract_methods:84)
2024-06-04 22:04:09.055 [ALFpaka] [WARNING] Log_spec ignored when pcen is set (librosa_extract_methods:84)
2024-06-04 22:04:09.057 [ALFpaka] [WARNING] Log_spec ignored when pcen is set (librosa_extract_methods:84)
2024-06-04 22:04:09.064 [ALFpaka] [WARNING] Log_spec ignored when pcen is set (librosa_extract_methods:84)
2024-06-04 22:04:09.300 [ALFpaka] [WARNING] Log_spec ignored when pcen is set (librosa_extract_methods:84)
2024-06-04 22:04:09.399 [ALFpaka] [WARNING] Log_spec ignored when pcen is set (librosa_extract_methods:84)
2024-06-04 22:04:09.424 [ALFpaka] [WARNING] Log_spec ignored when pcen is set (librosa_extract_methods:84)
2024-06-04 22:04:09.440 [ALFpaka] [WARNING] Log_spec ignored when pcen is set (librosa_extract_methods:84)
2024-06-04 22:04:09.741 [ALFpaka] [WARNING] Log_spec ignored when pcen is set (librosa_extract_methods:84)
2024-06-04 22:04:09.755 [ALFpaka] [WARNING] Log_spec ignored when pcen is set (librosa_extract_methods:84)
2024-06-04 22:04:09.860 [ALFpaka] [WARNING] Log_spec ignored when pcen is set (librosa_extract_methods:84)
2024-06-04 22:04:10.065 [ALFpaka] [WARNING] Log_spec ignored when pcen is set (librosa_extract_methods:84)
2024-06-04 22:04:10.230 [ALFpaka] [WARNING] Log_spec ignored when pcen is set (librosa_extract_methods:84)
2024-06-04 22:04:10.320 [ALFpaka] [WARNING] Log_spec ignored when pcen is set (librosa_extract_methods:84)
2024-06-04 22:04:10.322 [ALFpaka] [WARNING] Log_spec ignored when pcen is set (librosa_extract_methods:84)
2024-06-04 22:04:10.324 [ALFpaka] [WARNING] Log_spec ignored when pcen is set (librosa_extract_methods:84)
2024-06-04 22:04:10.334 [ALFpaka] [WARNING] Log_spec ignored when pcen is set (librosa_extract_methods:84)
2024-06-04 22:04:10.333 [ALFpaka] [WARNING] Log_spec ignored when pcen is set (librosa_extract_methods:84)
2024-06-04 22:04:10.417 [ALFpaka] [WARNING] Log_spec ignored when pcen is set (librosa_extract_methods:84)
2024-06-04 22:04:10.420 [ALFpaka] [WARNING] Log_spec ignored when pcen is set (librosa_extract_methods:84)
2024-06-04 22:04:10.639 [ALFpaka] [WARNING] Log_spec ignored when pcen is set (librosa_extract_methods:84)
2024-06-04 22:04:11.049 [ALFpaka] [WARNING] Log_spec ignored when pcen is set (librosa_extract_methods:84)
2024-06-04 22:04:11.048 [ALFpaka] [WARNING] Log_spec ignored when pcen is set (librosa_extract_methods:84)
2024-06-04 22:04:11.216 [ALFpaka] [WARNING] Log_spec ignored when pcen is set (librosa_extract_methods:84)
2024-06-04 22:04:11.215 [ALFpaka] [WARNING] Log_spec ignored when pcen is set (librosa_extract_methods:84)
2024-06-04 22:04:11.252 [ALFpaka] [WARNING] Log_spec ignored when pcen is set (librosa_extract_methods:84)
2024-06-04 22:04:13.120 [ALFpaka] [INFO] Extracting features for class police with id 2 (get_features_for_dataset:69)
2024-06-04 22:04:14.141 [ALFpaka] [WARNING] Log_spec ignored when pcen is set (librosa_extract_methods:84)
2024-06-04 22:04:14.141 [ALFpaka] [WARNING] Log_spec ignored when pcen is set (librosa_extract_methods:84)
2024-06-04 22:04:14.141 [ALFpaka] [WARNING] Log_spec ignored when pcen is set (librosa_extract_methods:84)
2024-06-04 22:04:14.142 [ALFpaka] [WARNING] Log_spec ignored when pcen is set (librosa_extract_methods:84)
2024-06-04 22:04:14.142 [ALFpaka] [WARNING] Log_spec ignored when pcen is set (librosa_extract_methods:84)
2024-06-04 22:04:14.142 [ALFpaka] [WARNING] Log_spec ignored when pcen is set (librosa_extract_methods:84)
2024-06-04 22:04:14.142 [ALFpaka] [WARNING] Log_spec ignored when pcen is set (librosa_extract_methods:84)
2024-06-04 22:04:14.142 [ALFpaka] [WARNING] Log_spec ignored when pcen is set (librosa_extract_methods:84)
2024-06-04 22:04:14.142 [ALFpaka] [WARNING] Log_spec ignored when pcen is set (librosa_extract_methods:84)
2024-06-04 22:04:14.143 [ALFpaka] [WARNING] Log_spec ignored when pcen is set (librosa_extract_methods:84)
2024-06-04 22:04:14.143 [ALFpaka] [WARNING] Log_spec ignored when pcen is set (librosa_extract_methods:84)
2024-06-04 22:04:14.143 [ALFpaka] [WARNING] Log_spec ignored when pcen is set (librosa_extract_methods:84)
2024-06-04 22:04:14.143 [ALFpaka] [WARNING] Log_spec ignored when pcen is set (librosa_extract_methods:84)
2024-06-04 22:04:14.144 [ALFpaka] [WARNING] Log_spec ignored when pcen is set (librosa_extract_methods:84)
2024-06-04 22:04:14.146 [ALFpaka] [WARNING] Log_spec ignored when pcen is set (librosa_extract_methods:84)
2024-06-04 22:04:14.146 [ALFpaka] [WARNING] Log_spec ignored when pcen is set (librosa_extract_methods:84)
2024-06-04 22:04:14.144 [ALFpaka] [WARNING] Log_spec ignored when pcen is set (librosa_extract_methods:84)
2024-06-04 22:04:14.144 [ALFpaka] [WARNING] Log_spec ignored when pcen is set (librosa_extract_methods:84)
2024-06-04 22:04:14.144 [ALFpaka] [WARNING] Log_spec ignored when pcen is set (librosa_extract_methods:84)
2024-06-04 22:04:14.144 [ALFpaka] [WARNING] Log_spec ignored when pcen is set (librosa_extract_methods:84)
2024-06-04 22:04:14.146 [ALFpaka] [WARNING] Log_spec ignored when pcen is set (librosa_extract_methods:84)
2024-06-04 22:04:14.145 [ALFpaka] [WARNING] Log_spec ignored when pcen is set (librosa_extract_methods:84)
2024-06-04 22:04:14.147 [ALFpaka] [WARNING] Log_spec ignored when pcen is set (librosa_extract_methods:84)
2024-06-04 22:04:14.147 [ALFpaka] [WARNING] Log_spec ignored when pcen is set (librosa_extract_methods:84)
2024-06-04 22:04:14.147 [ALFpaka] [WARNING] Log_spec ignored when pcen is set (librosa_extract_methods:84)
2024-06-04 22:04:14.147 [ALFpaka] [WARNING] Log_spec ignored when pcen is set (librosa_extract_methods:84)
2024-06-04 22:04:14.147 [ALFpaka] [WARNING] Log_spec ignored when pcen is set (librosa_extract_methods:84)
2024-06-04 22:04:14.145 [ALFpaka] [WARNING] Log_spec ignored when pcen is set (librosa_extract_methods:84)
2024-06-04 22:04:14.145 [ALFpaka] [WARNING] Log_spec ignored when pcen is set (librosa_extract_methods:84)
2024-06-04 22:04:14.145 [ALFpaka] [WARNING] Log_spec ignored when pcen is set (librosa_extract_methods:84)
2024-06-04 22:04:14.146 [ALFpaka] [WARNING] Log_spec ignored when pcen is set (librosa_extract_methods:84)
2024-06-04 22:04:14.149 [ALFpaka] [WARNING] Log_spec ignored when pcen is set (librosa_extract_methods:84)
2024-06-04 22:04:14.149 [ALFpaka] [WARNING] Log_spec ignored when pcen is set (librosa_extract_methods:84)
2024-06-04 22:04:14.150 [ALFpaka] [WARNING] Log_spec ignored when pcen is set (librosa_extract_methods:84)
2024-06-04 22:04:14.150 [ALFpaka] [WARNING] Log_spec ignored when pcen is set (librosa_extract_methods:84)
2024-06-04 22:04:14.150 [ALFpaka] [WARNING] Log_spec ignored when pcen is set (librosa_extract_methods:84)
2024-06-04 22:04:14.152 [ALFpaka] [WARNING] Log_spec ignored when pcen is set (librosa_extract_methods:84)
2024-06-04 22:04:14.151 [ALFpaka] [WARNING] Log_spec ignored when pcen is set (librosa_extract_methods:84)
2024-06-04 22:04:14.153 [ALFpaka] [WARNING] Log_spec ignored when pcen is set (librosa_extract_methods:84)
2024-06-04 22:04:14.153 [ALFpaka] [WARNING] Log_spec ignored when pcen is set (librosa_extract_methods:84)
2024-06-04 22:04:14.153 [ALFpaka] [WARNING] Log_spec ignored when pcen is set (librosa_extract_methods:84)
2024-06-04 22:04:14.153 [ALFpaka] [WARNING] Log_spec ignored when pcen is set (librosa_extract_methods:84)
2024-06-04 22:04:14.153 [ALFpaka] [WARNING] Log_spec ignored when pcen is set (librosa_extract_methods:84)
2024-06-04 22:04:14.152 [ALFpaka] [WARNING] Log_spec ignored when pcen is set (librosa_extract_methods:84)
2024-06-04 22:04:14.154 [ALFpaka] [WARNING] Log_spec ignored when pcen is set (librosa_extract_methods:84)
2024-06-04 22:04:14.154 [ALFpaka] [WARNING] Log_spec ignored when pcen is set (librosa_extract_methods:84)
2024-06-04 22:04:14.154 [ALFpaka] [WARNING] Log_spec ignored when pcen is set (librosa_extract_methods:84)
2024-06-04 22:04:14.154 [ALFpaka] [WARNING] Log_spec ignored when pcen is set (librosa_extract_methods:84)
2024-06-04 22:04:15.793 [ALFpaka] [WARNING] Log_spec ignored when pcen is set (librosa_extract_methods:84)
2024-06-04 22:04:15.792 [ALFpaka] [WARNING] Log_spec ignored when pcen is set (librosa_extract_methods:84)
2024-06-04 22:04:15.880 [ALFpaka] [WARNING] Log_spec ignored when pcen is set (librosa_extract_methods:84)
2024-06-04 22:04:15.952 [ALFpaka] [WARNING] Log_spec ignored when pcen is set (librosa_extract_methods:84)
2024-06-04 22:04:15.953 [ALFpaka] [WARNING] Log_spec ignored when pcen is set (librosa_extract_methods:84)
2024-06-04 22:04:15.951 [ALFpaka] [WARNING] Log_spec ignored when pcen is set (librosa_extract_methods:84)
2024-06-04 22:04:15.987 [ALFpaka] [WARNING] Log_spec ignored when pcen is set (librosa_extract_methods:84)
2024-06-04 22:04:15.978 [ALFpaka] [WARNING] Log_spec ignored when pcen is set (librosa_extract_methods:84)
2024-06-04 22:04:16.019 [ALFpaka] [WARNING] Log_spec ignored when pcen is set (librosa_extract_methods:84)
2024-06-04 22:04:16.047 [ALFpaka] [WARNING] Log_spec ignored when pcen is set (librosa_extract_methods:84)
2024-06-04 22:04:16.046 [ALFpaka] [WARNING] Log_spec ignored when pcen is set (librosa_extract_methods:84)
2024-06-04 22:04:16.044 [ALFpaka] [WARNING] Log_spec ignored when pcen is set (librosa_extract_methods:84)
2024-06-04 22:04:16.048 [ALFpaka] [WARNING] Log_spec ignored when pcen is set (librosa_extract_methods:84)
2024-06-04 22:04:16.045 [ALFpaka] [WARNING] Log_spec ignored when pcen is set (librosa_extract_methods:84)
2024-06-04 22:04:16.085 [ALFpaka] [WARNING] Log_spec ignored when pcen is set (librosa_extract_methods:84)
2024-06-04 22:04:16.086 [ALFpaka] [WARNING] Log_spec ignored when pcen is set (librosa_extract_methods:84)
2024-06-04 22:04:16.084 [ALFpaka] [WARNING] Log_spec ignored when pcen is set (librosa_extract_methods:84)
2024-06-04 22:04:16.117 [ALFpaka] [WARNING] Log_spec ignored when pcen is set (librosa_extract_methods:84)
2024-06-04 22:04:16.148 [ALFpaka] [WARNING] Log_spec ignored when pcen is set (librosa_extract_methods:84)
2024-06-04 22:04:16.147 [ALFpaka] [WARNING] Log_spec ignored when pcen is set (librosa_extract_methods:84)
2024-06-04 22:04:16.149 [ALFpaka] [WARNING] Log_spec ignored when pcen is set (librosa_extract_methods:84)
2024-06-04 22:04:16.174 [ALFpaka] [WARNING] Log_spec ignored when pcen is set (librosa_extract_methods:84)
2024-06-04 22:04:16.176 [ALFpaka] [WARNING] Log_spec ignored when pcen is set (librosa_extract_methods:84)
2024-06-04 22:04:16.202 [ALFpaka] [WARNING] Log_spec ignored when pcen is set (librosa_extract_methods:84)
2024-06-04 22:04:16.203 [ALFpaka] [WARNING] Log_spec ignored when pcen is set (librosa_extract_methods:84)
2024-06-04 22:04:16.201 [ALFpaka] [WARNING] Log_spec ignored when pcen is set (librosa_extract_methods:84)
2024-06-04 22:04:16.245 [ALFpaka] [WARNING] Log_spec ignored when pcen is set (librosa_extract_methods:84)
2024-06-04 22:04:16.246 [ALFpaka] [WARNING] Log_spec ignored when pcen is set (librosa_extract_methods:84)
2024-06-04 22:04:16.244 [ALFpaka] [WARNING] Log_spec ignored when pcen is set (librosa_extract_methods:84)
2024-06-04 22:04:16.257 [ALFpaka] [WARNING] Log_spec ignored when pcen is set (librosa_extract_methods:84)
2024-06-04 22:04:16.259 [ALFpaka] [WARNING] Log_spec ignored when pcen is set (librosa_extract_methods:84)
2024-06-04 22:04:16.258 [ALFpaka] [WARNING] Log_spec ignored when pcen is set (librosa_extract_methods:84)
2024-06-04 22:04:16.260 [ALFpaka] [WARNING] Log_spec ignored when pcen is set (librosa_extract_methods:84)
2024-06-04 22:04:16.263 [ALFpaka] [WARNING] Log_spec ignored when pcen is set (librosa_extract_methods:84)
2024-06-04 22:04:16.263 [ALFpaka] [WARNING] Log_spec ignored when pcen is set (librosa_extract_methods:84)
2024-06-04 22:04:16.270 [ALFpaka] [WARNING] Log_spec ignored when pcen is set (librosa_extract_methods:84)
2024-06-04 22:04:16.670 [ALFpaka] [WARNING] Log_spec ignored when pcen is set (librosa_extract_methods:84)
2024-06-04 22:04:17.379 [ALFpaka] [WARNING] Log_spec ignored when pcen is set (librosa_extract_methods:84)
2024-06-04 22:04:17.381 [ALFpaka] [WARNING] Log_spec ignored when pcen is set (librosa_extract_methods:84)
2024-06-04 22:04:17.379 [ALFpaka] [WARNING] Log_spec ignored when pcen is set (librosa_extract_methods:84)
2024-06-04 22:04:17.384 [ALFpaka] [WARNING] Log_spec ignored when pcen is set (librosa_extract_methods:84)
2024-06-04 22:04:17.422 [ALFpaka] [WARNING] Log_spec ignored when pcen is set (librosa_extract_methods:84)
2024-06-04 22:04:17.520 [ALFpaka] [WARNING] Log_spec ignored when pcen is set (librosa_extract_methods:84)
2024-06-04 22:04:17.519 [ALFpaka] [WARNING] Log_spec ignored when pcen is set (librosa_extract_methods:84)
2024-06-04 22:04:17.588 [ALFpaka] [WARNING] Log_spec ignored when pcen is set (librosa_extract_methods:84)
2024-06-04 22:04:17.607 [ALFpaka] [WARNING] Log_spec ignored when pcen is set (librosa_extract_methods:84)
2024-06-04 22:04:17.770 [ALFpaka] [WARNING] Log_spec ignored when pcen is set (librosa_extract_methods:84)
2024-06-04 22:04:18.087 [ALFpaka] [WARNING] Log_spec ignored when pcen is set (librosa_extract_methods:84)
2024-06-04 22:04:18.292 [ALFpaka] [WARNING] Log_spec ignored when pcen is set (librosa_extract_methods:84)
2024-06-04 22:04:18.291 [ALFpaka] [WARNING] Log_spec ignored when pcen is set (librosa_extract_methods:84)
2024-06-04 22:04:18.328 [ALFpaka] [WARNING] Log_spec ignored when pcen is set (librosa_extract_methods:84)
2024-06-04 22:04:18.336 [ALFpaka] [WARNING] Log_spec ignored when pcen is set (librosa_extract_methods:84)
2024-06-04 22:04:18.354 [ALFpaka] [WARNING] Log_spec ignored when pcen is set (librosa_extract_methods:84)
2024-06-04 22:04:18.486 [ALFpaka] [WARNING] Log_spec ignored when pcen is set (librosa_extract_methods:84)
2024-06-04 22:04:18.486 [ALFpaka] [WARNING] Log_spec ignored when pcen is set (librosa_extract_methods:84)
2024-06-04 22:04:18.485 [ALFpaka] [WARNING] Log_spec ignored when pcen is set (librosa_extract_methods:84)
2024-06-04 22:04:18.495 [ALFpaka] [WARNING] Log_spec ignored when pcen is set (librosa_extract_methods:84)
2024-06-04 22:04:18.495 [ALFpaka] [WARNING] Log_spec ignored when pcen is set (librosa_extract_methods:84)
2024-06-04 22:04:18.494 [ALFpaka] [WARNING] Log_spec ignored when pcen is set (librosa_extract_methods:84)
2024-06-04 22:04:18.493 [ALFpaka] [WARNING] Log_spec ignored when pcen is set (librosa_extract_methods:84)
2024-06-04 22:04:18.498 [ALFpaka] [WARNING] Log_spec ignored when pcen is set (librosa_extract_methods:84)
2024-06-04 22:04:18.513 [ALFpaka] [WARNING] Log_spec ignored when pcen is set (librosa_extract_methods:84)
2024-06-04 22:04:18.551 [ALFpaka] [WARNING] Log_spec ignored when pcen is set (librosa_extract_methods:84)
2024-06-04 22:04:18.552 [ALFpaka] [WARNING] Log_spec ignored when pcen is set (librosa_extract_methods:84)
2024-06-04 22:04:18.771 [ALFpaka] [WARNING] Log_spec ignored when pcen is set (librosa_extract_methods:84)
2024-06-04 22:04:18.810 [ALFpaka] [WARNING] Log_spec ignored when pcen is set (librosa_extract_methods:84)
2024-06-04 22:04:18.815 [ALFpaka] [WARNING] Log_spec ignored when pcen is set (librosa_extract_methods:84)
2024-06-04 22:04:18.814 [ALFpaka] [WARNING] Log_spec ignored when pcen is set (librosa_extract_methods:84)
2024-06-04 22:04:18.866 [ALFpaka] [WARNING] Log_spec ignored when pcen is set (librosa_extract_methods:84)
2024-06-04 22:04:18.865 [ALFpaka] [WARNING] Log_spec ignored when pcen is set (librosa_extract_methods:84)
2024-06-04 22:04:19.017 [ALFpaka] [WARNING] Log_spec ignored when pcen is set (librosa_extract_methods:84)
2024-06-04 22:04:19.033 [ALFpaka] [WARNING] Log_spec ignored when pcen is set (librosa_extract_methods:84)
2024-06-04 22:04:19.276 [ALFpaka] [WARNING] Log_spec ignored when pcen is set (librosa_extract_methods:84)
2024-06-04 22:04:19.527 [ALFpaka] [WARNING] Log_spec ignored when pcen is set (librosa_extract_methods:84)
2024-06-04 22:04:19.536 [ALFpaka] [WARNING] Log_spec ignored when pcen is set (librosa_extract_methods:84)
2024-06-04 22:04:19.538 [ALFpaka] [WARNING] Log_spec ignored when pcen is set (librosa_extract_methods:84)
2024-06-04 22:04:19.591 [ALFpaka] [WARNING] Log_spec ignored when pcen is set (librosa_extract_methods:84)
2024-06-04 22:04:19.587 [ALFpaka] [WARNING] Log_spec ignored when pcen is set (librosa_extract_methods:84)
2024-06-04 22:04:19.623 [ALFpaka] [WARNING] Log_spec ignored when pcen is set (librosa_extract_methods:84)
2024-06-04 22:04:19.627 [ALFpaka] [WARNING] Log_spec ignored when pcen is set (librosa_extract_methods:84)
2024-06-04 22:04:19.671 [ALFpaka] [WARNING] Log_spec ignored when pcen is set (librosa_extract_methods:84)
2024-06-04 22:04:20.066 [ALFpaka] [WARNING] Log_spec ignored when pcen is set (librosa_extract_methods:84)
2024-06-04 22:04:20.067 [ALFpaka] [WARNING] Log_spec ignored when pcen is set (librosa_extract_methods:84)
2024-06-04 22:04:20.068 [ALFpaka] [WARNING] Log_spec ignored when pcen is set (librosa_extract_methods:84)
2024-06-04 22:04:20.066 [ALFpaka] [WARNING] Log_spec ignored when pcen is set (librosa_extract_methods:84)
2024-06-04 22:04:20.069 [ALFpaka] [WARNING] Log_spec ignored when pcen is set (librosa_extract_methods:84)
2024-06-04 22:04:20.072 [ALFpaka] [WARNING] Log_spec ignored when pcen is set (librosa_extract_methods:84)
2024-06-04 22:04:20.071 [ALFpaka] [WARNING] Log_spec ignored when pcen is set (librosa_extract_methods:84)
2024-06-04 22:04:20.231 [ALFpaka] [WARNING] Log_spec ignored when pcen is set (librosa_extract_methods:84)
2024-06-04 22:04:20.240 [ALFpaka] [WARNING] Log_spec ignored when pcen is set (librosa_extract_methods:84)
2024-06-04 22:04:20.239 [ALFpaka] [WARNING] Log_spec ignored when pcen is set (librosa_extract_methods:84)
2024-06-04 22:04:20.246 [ALFpaka] [WARNING] Log_spec ignored when pcen is set (librosa_extract_methods:84)
2024-06-04 22:04:20.280 [ALFpaka] [WARNING] Log_spec ignored when pcen is set (librosa_extract_methods:84)
2024-06-04 22:04:20.299 [ALFpaka] [WARNING] Log_spec ignored when pcen is set (librosa_extract_methods:84)
2024-06-04 22:04:20.892 [ALFpaka] [WARNING] Log_spec ignored when pcen is set (librosa_extract_methods:84)
2024-06-04 22:04:20.891 [ALFpaka] [WARNING] Log_spec ignored when pcen is set (librosa_extract_methods:84)
2024-06-04 22:04:20.938 [ALFpaka] [WARNING] Log_spec ignored when pcen is set (librosa_extract_methods:84)
2024-06-04 22:04:20.957 [ALFpaka] [WARNING] Log_spec ignored when pcen is set (librosa_extract_methods:84)
2024-06-04 22:04:20.984 [ALFpaka] [WARNING] Log_spec ignored when pcen is set (librosa_extract_methods:84)
2024-06-04 22:04:21.015 [ALFpaka] [WARNING] Log_spec ignored when pcen is set (librosa_extract_methods:84)
2024-06-04 22:04:21.040 [ALFpaka] [WARNING] Log_spec ignored when pcen is set (librosa_extract_methods:84)
2024-06-04 22:04:21.062 [ALFpaka] [WARNING] Log_spec ignored when pcen is set (librosa_extract_methods:84)
2024-06-04 22:04:21.145 [ALFpaka] [WARNING] Log_spec ignored when pcen is set (librosa_extract_methods:84)
2024-06-04 22:04:21.356 [ALFpaka] [WARNING] Log_spec ignored when pcen is set (librosa_extract_methods:84)
2024-06-04 22:04:21.356 [ALFpaka] [WARNING] Log_spec ignored when pcen is set (librosa_extract_methods:84)
2024-06-04 22:04:21.235 [ALFpaka] [WARNING] Log_spec ignored when pcen is set (librosa_extract_methods:84)
2024-06-04 22:04:21.621 [ALFpaka] [WARNING] Log_spec ignored when pcen is set (librosa_extract_methods:84)
2024-06-04 22:04:21.629 [ALFpaka] [WARNING] Log_spec ignored when pcen is set (librosa_extract_methods:84)
2024-06-04 22:04:21.357 [ALFpaka] [WARNING] Log_spec ignored when pcen is set (librosa_extract_methods:84)
2024-06-04 22:04:21.393 [ALFpaka] [WARNING] Log_spec ignored when pcen is set (librosa_extract_methods:84)
2024-06-04 22:04:21.426 [ALFpaka] [WARNING] Log_spec ignored when pcen is set (librosa_extract_methods:84)
2024-06-04 22:04:21.365 [ALFpaka] [WARNING] Log_spec ignored when pcen is set (librosa_extract_methods:84)
2024-06-04 22:04:21.361 [ALFpaka] [WARNING] Log_spec ignored when pcen is set (librosa_extract_methods:84)
2024-06-04 22:04:21.364 [ALFpaka] [WARNING] Log_spec ignored when pcen is set (librosa_extract_methods:84)
2024-06-04 22:04:21.358 [ALFpaka] [WARNING] Log_spec ignored when pcen is set (librosa_extract_methods:84)
2024-06-04 22:04:21.766 [ALFpaka] [WARNING] Log_spec ignored when pcen is set (librosa_extract_methods:84)
2024-06-04 22:04:21.941 [ALFpaka] [WARNING] Log_spec ignored when pcen is set (librosa_extract_methods:84)
2024-06-04 22:04:22.035 [ALFpaka] [WARNING] Log_spec ignored when pcen is set (librosa_extract_methods:84)
2024-06-04 22:04:22.103 [ALFpaka] [WARNING] Log_spec ignored when pcen is set (librosa_extract_methods:84)
2024-06-04 22:04:22.125 [ALFpaka] [WARNING] Log_spec ignored when pcen is set (librosa_extract_methods:84)
2024-06-04 22:04:22.198 [ALFpaka] [WARNING] Log_spec ignored when pcen is set (librosa_extract_methods:84)
2024-06-04 22:04:22.199 [ALFpaka] [WARNING] Log_spec ignored when pcen is set (librosa_extract_methods:84)
2024-06-04 22:04:22.207 [ALFpaka] [WARNING] Log_spec ignored when pcen is set (librosa_extract_methods:84)
2024-06-04 22:04:22.206 [ALFpaka] [WARNING] Log_spec ignored when pcen is set (librosa_extract_methods:84)
2024-06-04 22:04:22.216 [ALFpaka] [WARNING] Log_spec ignored when pcen is set (librosa_extract_methods:84)
2024-06-04 22:04:22.227 [ALFpaka] [WARNING] Log_spec ignored when pcen is set (librosa_extract_methods:84)
2024-06-04 22:04:22.228 [ALFpaka] [WARNING] Log_spec ignored when pcen is set (librosa_extract_methods:84)
2024-06-04 22:04:22.229 [ALFpaka] [WARNING] Log_spec ignored when pcen is set (librosa_extract_methods:84)
2024-06-04 22:04:22.429 [ALFpaka] [WARNING] Log_spec ignored when pcen is set (librosa_extract_methods:84)
2024-06-04 22:04:22.476 [ALFpaka] [WARNING] Log_spec ignored when pcen is set (librosa_extract_methods:84)
2024-06-04 22:04:22.481 [ALFpaka] [WARNING] Log_spec ignored when pcen is set (librosa_extract_methods:84)
2024-06-04 22:04:22.496 [ALFpaka] [WARNING] Log_spec ignored when pcen is set (librosa_extract_methods:84)
2024-06-04 22:04:22.521 [ALFpaka] [WARNING] Log_spec ignored when pcen is set (librosa_extract_methods:84)
2024-06-04 22:04:22.598 [ALFpaka] [WARNING] Log_spec ignored when pcen is set (librosa_extract_methods:84)
2024-06-04 22:04:22.619 [ALFpaka] [WARNING] Log_spec ignored when pcen is set (librosa_extract_methods:84)
2024-06-04 22:04:22.822 [ALFpaka] [WARNING] Log_spec ignored when pcen is set (librosa_extract_methods:84)
2024-06-04 22:04:22.822 [ALFpaka] [WARNING] Log_spec ignored when pcen is set (librosa_extract_methods:84)
2024-06-04 22:04:23.030 [ALFpaka] [WARNING] Log_spec ignored when pcen is set (librosa_extract_methods:84)
2024-06-04 22:04:23.074 [ALFpaka] [WARNING] Log_spec ignored when pcen is set (librosa_extract_methods:84)
2024-06-04 22:04:23.095 [ALFpaka] [WARNING] Log_spec ignored when pcen is set (librosa_extract_methods:84)
2024-06-04 22:04:23.158 [ALFpaka] [WARNING] Log_spec ignored when pcen is set (librosa_extract_methods:84)
2024-06-04 22:04:23.210 [ALFpaka] [WARNING] Log_spec ignored when pcen is set (librosa_extract_methods:84)
2024-06-04 22:04:23.374 [ALFpaka] [WARNING] Log_spec ignored when pcen is set (librosa_extract_methods:84)
2024-06-04 22:04:23.374 [ALFpaka] [WARNING] Log_spec ignored when pcen is set (librosa_extract_methods:84)
2024-06-04 22:04:23.385 [ALFpaka] [WARNING] Log_spec ignored when pcen is set (librosa_extract_methods:84)
2024-06-04 22:04:23.604 [ALFpaka] [WARNING] Log_spec ignored when pcen is set (librosa_extract_methods:84)
2024-06-04 22:04:23.712 [ALFpaka] [WARNING] Log_spec ignored when pcen is set (librosa_extract_methods:84)
2024-06-04 22:04:23.808 [ALFpaka] [WARNING] Log_spec ignored when pcen is set (librosa_extract_methods:84)
2024-06-04 22:04:25.882 [ALFpaka] [INFO] Extracting features for class ambulance with id 0 (get_features_for_dataset:69)
2024-06-04 22:04:26.902 [ALFpaka] [WARNING] Log_spec ignored when pcen is set (librosa_extract_methods:84)
2024-06-04 22:04:26.903 [ALFpaka] [WARNING] Log_spec ignored when pcen is set (librosa_extract_methods:84)
2024-06-04 22:04:26.903 [ALFpaka] [WARNING] Log_spec ignored when pcen is set (librosa_extract_methods:84)
2024-06-04 22:04:26.903 [ALFpaka] [WARNING] Log_spec ignored when pcen is set (librosa_extract_methods:84)
2024-06-04 22:04:26.903 [ALFpaka] [WARNING] Log_spec ignored when pcen is set (librosa_extract_methods:84)
2024-06-04 22:04:26.903 [ALFpaka] [WARNING] Log_spec ignored when pcen is set (librosa_extract_methods:84)
2024-06-04 22:04:26.903 [ALFpaka] [WARNING] Log_spec ignored when pcen is set (librosa_extract_methods:84)
2024-06-04 22:04:26.904 [ALFpaka] [WARNING] Log_spec ignored when pcen is set (librosa_extract_methods:84)
2024-06-04 22:04:26.904 [ALFpaka] [WARNING] Log_spec ignored when pcen is set (librosa_extract_methods:84)
2024-06-04 22:04:26.904 [ALFpaka] [WARNING] Log_spec ignored when pcen is set (librosa_extract_methods:84)
2024-06-04 22:04:26.904 [ALFpaka] [WARNING] Log_spec ignored when pcen is set (librosa_extract_methods:84)
2024-06-04 22:04:26.905 [ALFpaka] [WARNING] Log_spec ignored when pcen is set (librosa_extract_methods:84)
2024-06-04 22:04:26.905 [ALFpaka] [WARNING] Log_spec ignored when pcen is set (librosa_extract_methods:84)
2024-06-04 22:04:26.906 [ALFpaka] [WARNING] Log_spec ignored when pcen is set (librosa_extract_methods:84)
2024-06-04 22:04:26.905 [ALFpaka] [WARNING] Log_spec ignored when pcen is set (librosa_extract_methods:84)
2024-06-04 22:04:26.906 [ALFpaka] [WARNING] Log_spec ignored when pcen is set (librosa_extract_methods:84)
2024-06-04 22:04:26.906 [ALFpaka] [WARNING] Log_spec ignored when pcen is set (librosa_extract_methods:84)
2024-06-04 22:04:26.906 [ALFpaka] [WARNING] Log_spec ignored when pcen is set (librosa_extract_methods:84)
2024-06-04 22:04:26.906 [ALFpaka] [WARNING] Log_spec ignored when pcen is set (librosa_extract_methods:84)
2024-06-04 22:04:26.907 [ALFpaka] [WARNING] Log_spec ignored when pcen is set (librosa_extract_methods:84)
2024-06-04 22:04:26.908 [ALFpaka] [WARNING] Log_spec ignored when pcen is set (librosa_extract_methods:84)
2024-06-04 22:04:26.909 [ALFpaka] [WARNING] Log_spec ignored when pcen is set (librosa_extract_methods:84)
2024-06-04 22:04:26.908 [ALFpaka] [WARNING] Log_spec ignored when pcen is set (librosa_extract_methods:84)
2024-06-04 22:04:26.908 [ALFpaka] [WARNING] Log_spec ignored when pcen is set (librosa_extract_methods:84)
2024-06-04 22:04:26.909 [ALFpaka] [WARNING] Log_spec ignored when pcen is set (librosa_extract_methods:84)
2024-06-04 22:04:26.909 [ALFpaka] [WARNING] Log_spec ignored when pcen is set (librosa_extract_methods:84)
2024-06-04 22:04:26.909 [ALFpaka] [WARNING] Log_spec ignored when pcen is set (librosa_extract_methods:84)
2024-06-04 22:04:26.910 [ALFpaka] [WARNING] Log_spec ignored when pcen is set (librosa_extract_methods:84)
2024-06-04 22:04:26.910 [ALFpaka] [WARNING] Log_spec ignored when pcen is set (librosa_extract_methods:84)
2024-06-04 22:04:26.911 [ALFpaka] [WARNING] Log_spec ignored when pcen is set (librosa_extract_methods:84)
2024-06-04 22:04:26.911 [ALFpaka] [WARNING] Log_spec ignored when pcen is set (librosa_extract_methods:84)
2024-06-04 22:04:26.911 [ALFpaka] [WARNING] Log_spec ignored when pcen is set (librosa_extract_methods:84)
2024-06-04 22:04:26.912 [ALFpaka] [WARNING] Log_spec ignored when pcen is set (librosa_extract_methods:84)
2024-06-04 22:04:26.911 [ALFpaka] [WARNING] Log_spec ignored when pcen is set (librosa_extract_methods:84)
2024-06-04 22:04:26.913 [ALFpaka] [WARNING] Log_spec ignored when pcen is set (librosa_extract_methods:84)
2024-06-04 22:04:26.918 [ALFpaka] [WARNING] Log_spec ignored when pcen is set (librosa_extract_methods:84)
2024-06-04 22:04:26.920 [ALFpaka] [WARNING] Log_spec ignored when pcen is set (librosa_extract_methods:84)
2024-06-04 22:04:26.921 [ALFpaka] [WARNING] Log_spec ignored when pcen is set (librosa_extract_methods:84)
2024-06-04 22:04:26.918 [ALFpaka] [WARNING] Log_spec ignored when pcen is set (librosa_extract_methods:84)
2024-06-04 22:04:29.840 [ALFpaka] [INFO] Extracting features for class firefighter with id 1 (get_features_for_dataset:69)
2024-06-04 22:04:31.100 [ALFpaka] [WARNING] Log_spec ignored when pcen is set (librosa_extract_methods:84)
2024-06-04 22:04:31.100 [ALFpaka] [WARNING] Log_spec ignored when pcen is set (librosa_extract_methods:84)
2024-06-04 22:04:31.101 [ALFpaka] [WARNING] Log_spec ignored when pcen is set (librosa_extract_methods:84)
2024-06-04 22:04:31.101 [ALFpaka] [WARNING] Log_spec ignored when pcen is set (librosa_extract_methods:84)
2024-06-04 22:04:31.101 [ALFpaka] [WARNING] Log_spec ignored when pcen is set (librosa_extract_methods:84)
2024-06-04 22:04:31.102 [ALFpaka] [WARNING] Log_spec ignored when pcen is set (librosa_extract_methods:84)
2024-06-04 22:04:31.103 [ALFpaka] [WARNING] Log_spec ignored when pcen is set (librosa_extract_methods:84)
2024-06-04 22:04:31.102 [ALFpaka] [WARNING] Log_spec ignored when pcen is set (librosa_extract_methods:84)
2024-06-04 22:04:31.103 [ALFpaka] [WARNING] Log_spec ignored when pcen is set (librosa_extract_methods:84)
2024-06-04 22:04:31.103 [ALFpaka] [WARNING] Log_spec ignored when pcen is set (librosa_extract_methods:84)
2024-06-04 22:04:31.103 [ALFpaka] [WARNING] Log_spec ignored when pcen is set (librosa_extract_methods:84)
2024-06-04 22:04:31.103 [ALFpaka] [WARNING] Log_spec ignored when pcen is set (librosa_extract_methods:84)
2024-06-04 22:04:31.103 [ALFpaka] [WARNING] Log_spec ignored when pcen is set (librosa_extract_methods:84)
2024-06-04 22:04:31.104 [ALFpaka] [WARNING] Log_spec ignored when pcen is set (librosa_extract_methods:84)
2024-06-04 22:04:31.104 [ALFpaka] [WARNING] Log_spec ignored when pcen is set (librosa_extract_methods:84)
2024-06-04 22:04:31.104 [ALFpaka] [WARNING] Log_spec ignored when pcen is set (librosa_extract_methods:84)
2024-06-04 22:04:31.113 [ALFpaka] [WARNING] Log_spec ignored when pcen is set (librosa_extract_methods:84)
2024-06-04 22:04:31.113 [ALFpaka] [WARNING] Log_spec ignored when pcen is set (librosa_extract_methods:84)
2024-06-04 22:04:31.104 [ALFpaka] [WARNING] Log_spec ignored when pcen is set (librosa_extract_methods:84)
2024-06-04 22:04:31.105 [ALFpaka] [WARNING] Log_spec ignored when pcen is set (librosa_extract_methods:84)
2024-06-04 22:04:31.105 [ALFpaka] [WARNING] Log_spec ignored when pcen is set (librosa_extract_methods:84)
2024-06-04 22:04:31.113 [ALFpaka] [WARNING] Log_spec ignored when pcen is set (librosa_extract_methods:84)
2024-06-04 22:04:31.106 [ALFpaka] [WARNING] Log_spec ignored when pcen is set (librosa_extract_methods:84)
2024-06-04 22:04:31.115 [ALFpaka] [WARNING] Log_spec ignored when pcen is set (librosa_extract_methods:84)
2024-06-04 22:04:31.115 [ALFpaka] [WARNING] Log_spec ignored when pcen is set (librosa_extract_methods:84)
2024-06-04 22:04:31.111 [ALFpaka] [WARNING] Log_spec ignored when pcen is set (librosa_extract_methods:84)
2024-06-04 22:04:31.111 [ALFpaka] [WARNING] Log_spec ignored when pcen is set (librosa_extract_methods:84)
2024-06-04 22:04:31.108 [ALFpaka] [WARNING] Log_spec ignored when pcen is set (librosa_extract_methods:84)
2024-06-04 22:04:31.111 [ALFpaka] [WARNING] Log_spec ignored when pcen is set (librosa_extract_methods:84)
2024-06-04 22:04:31.112 [ALFpaka] [WARNING] Log_spec ignored when pcen is set (librosa_extract_methods:84)
2024-06-04 22:04:31.112 [ALFpaka] [WARNING] Log_spec ignored when pcen is set (librosa_extract_methods:84)
2024-06-04 22:04:31.113 [ALFpaka] [WARNING] Log_spec ignored when pcen is set (librosa_extract_methods:84)
2024-06-04 22:04:31.117 [ALFpaka] [WARNING] Log_spec ignored when pcen is set (librosa_extract_methods:84)
2024-06-04 22:04:31.118 [ALFpaka] [WARNING] Log_spec ignored when pcen is set (librosa_extract_methods:84)
2024-06-04 22:04:31.119 [ALFpaka] [WARNING] Log_spec ignored when pcen is set (librosa_extract_methods:84)
2024-06-04 22:04:31.119 [ALFpaka] [WARNING] Log_spec ignored when pcen is set (librosa_extract_methods:84)
2024-06-04 22:04:33.888 [ALFpaka] [INFO] Extracting features for class police with id 2 (get_features_for_dataset:69)
2024-06-04 22:04:34.928 [ALFpaka] [WARNING] Log_spec ignored when pcen is set (librosa_extract_methods:84)
2024-06-04 22:04:34.928 [ALFpaka] [WARNING] Log_spec ignored when pcen is set (librosa_extract_methods:84)
2024-06-04 22:04:34.928 [ALFpaka] [WARNING] Log_spec ignored when pcen is set (librosa_extract_methods:84)
2024-06-04 22:04:34.928 [ALFpaka] [WARNING] Log_spec ignored when pcen is set (librosa_extract_methods:84)
2024-06-04 22:04:34.929 [ALFpaka] [WARNING] Log_spec ignored when pcen is set (librosa_extract_methods:84)
2024-06-04 22:04:34.928 [ALFpaka] [WARNING] Log_spec ignored when pcen is set (librosa_extract_methods:84)
2024-06-04 22:04:34.929 [ALFpaka] [WARNING] Log_spec ignored when pcen is set (librosa_extract_methods:84)
2024-06-04 22:04:34.929 [ALFpaka] [WARNING] Log_spec ignored when pcen is set (librosa_extract_methods:84)
2024-06-04 22:04:34.929 [ALFpaka] [WARNING] Log_spec ignored when pcen is set (librosa_extract_methods:84)
2024-06-04 22:04:34.930 [ALFpaka] [WARNING] Log_spec ignored when pcen is set (librosa_extract_methods:84)
2024-06-04 22:04:34.930 [ALFpaka] [WARNING] Log_spec ignored when pcen is set (librosa_extract_methods:84)
2024-06-04 22:04:34.931 [ALFpaka] [WARNING] Log_spec ignored when pcen is set (librosa_extract_methods:84)
2024-06-04 22:04:34.931 [ALFpaka] [WARNING] Log_spec ignored when pcen is set (librosa_extract_methods:84)
2024-06-04 22:04:34.931 [ALFpaka] [WARNING] Log_spec ignored when pcen is set (librosa_extract_methods:84)
2024-06-04 22:04:34.931 [ALFpaka] [WARNING] Log_spec ignored when pcen is set (librosa_extract_methods:84)
2024-06-04 22:04:34.931 [ALFpaka] [WARNING] Log_spec ignored when pcen is set (librosa_extract_methods:84)
2024-06-04 22:04:34.932 [ALFpaka] [WARNING] Log_spec ignored when pcen is set (librosa_extract_methods:84)
2024-06-04 22:04:34.932 [ALFpaka] [WARNING] Log_spec ignored when pcen is set (librosa_extract_methods:84)
2024-06-04 22:04:34.932 [ALFpaka] [WARNING] Log_spec ignored when pcen is set (librosa_extract_methods:84)
2024-06-04 22:04:34.933 [ALFpaka] [WARNING] Log_spec ignored when pcen is set (librosa_extract_methods:84)
2024-06-04 22:04:34.934 [ALFpaka] [WARNING] Log_spec ignored when pcen is set (librosa_extract_methods:84)
2024-06-04 22:04:34.936 [ALFpaka] [WARNING] Log_spec ignored when pcen is set (librosa_extract_methods:84)
2024-06-04 22:04:34.936 [ALFpaka] [WARNING] Log_spec ignored when pcen is set (librosa_extract_methods:84)
2024-06-04 22:04:34.936 [ALFpaka] [WARNING] Log_spec ignored when pcen is set (librosa_extract_methods:84)
2024-06-04 22:04:34.937 [ALFpaka] [WARNING] Log_spec ignored when pcen is set (librosa_extract_methods:84)
2024-06-04 22:04:34.937 [ALFpaka] [WARNING] Log_spec ignored when pcen is set (librosa_extract_methods:84)
2024-06-04 22:04:34.937 [ALFpaka] [WARNING] Log_spec ignored when pcen is set (librosa_extract_methods:84)
2024-06-04 22:04:34.937 [ALFpaka] [WARNING] Log_spec ignored when pcen is set (librosa_extract_methods:84)
2024-06-04 22:04:34.937 [ALFpaka] [WARNING] Log_spec ignored when pcen is set (librosa_extract_methods:84)
2024-06-04 22:04:34.938 [ALFpaka] [WARNING] Log_spec ignored when pcen is set (librosa_extract_methods:84)
2024-06-04 22:04:34.939 [ALFpaka] [WARNING] Log_spec ignored when pcen is set (librosa_extract_methods:84)
2024-06-04 22:04:34.939 [ALFpaka] [WARNING] Log_spec ignored when pcen is set (librosa_extract_methods:84)
2024-06-04 22:04:34.940 [ALFpaka] [WARNING] Log_spec ignored when pcen is set (librosa_extract_methods:84)
2024-06-04 22:04:34.940 [ALFpaka] [WARNING] Log_spec ignored when pcen is set (librosa_extract_methods:84)
2024-06-04 22:04:34.943 [ALFpaka] [WARNING] Log_spec ignored when pcen is set (librosa_extract_methods:84)
2024-06-04 22:04:34.943 [ALFpaka] [WARNING] Log_spec ignored when pcen is set (librosa_extract_methods:84)
2024-06-04 22:04:34.943 [ALFpaka] [WARNING] Log_spec ignored when pcen is set (librosa_extract_methods:84)
2024-06-04 22:04:34.943 [ALFpaka] [WARNING] Log_spec ignored when pcen is set (librosa_extract_methods:84)
2024-06-04 22:04:34.944 [ALFpaka] [WARNING] Log_spec ignored when pcen is set (librosa_extract_methods:84)
2024-06-04 22:04:34.941 [ALFpaka] [WARNING] Log_spec ignored when pcen is set (librosa_extract_methods:84)
2024-06-04 22:04:39.673 [ALFpaka] [INFO] Training using one GPU (training:144)
2024-06-04 22:04:39.674 [ALFpaka] [INFO] --- training data --- (evaluate_results:76)
2024-06-04 22:04:39.674 [ALFpaka] [INFO] ambulance number of files 56 (evaluate_results:81)
2024-06-04 22:04:39.675 [ALFpaka] [INFO] firefighter number of files 102 (evaluate_results:81)
2024-06-04 22:04:39.675 [ALFpaka] [INFO] police number of files 196 (evaluate_results:81)
2024-06-04 22:04:39.675 [ALFpaka] [INFO] --- test data --- (evaluate_results:76)
2024-06-04 22:04:39.675 [ALFpaka] [INFO] ambulance number of files 39 (evaluate_results:81)
2024-06-04 22:04:39.676 [ALFpaka] [INFO] firefighter number of files 36 (evaluate_results:81)
2024-06-04 22:04:39.676 [ALFpaka] [INFO] police number of files 40 (evaluate_results:81)
2024-06-04 22:04:40.625 [ALFpaka] [INFO] --- training data size --- (evaluate_results:109)
2024-06-04 22:04:40.626 [ALFpaka] [INFO] X shape --> (1736, 64, 128, 2) (evaluate_results:111)
2024-06-04 22:04:40.626 [ALFpaka] [INFO] Y shape --> (1736, 3) (evaluate_results:112)
2024-06-04 22:04:40.626 [ALFpaka] [INFO] number of features per frame 2 (evaluate_results:119)
2024-06-04 22:04:40.626 [ALFpaka] [INFO] number of feature frames 1736 (evaluate_results:120)
2024-06-04 22:04:40.628 [ALFpaka] [INFO] ---------------- CV step 1 of 1 --------------- (training:363)
2024-06-04 22:04:40.628 [ALFpaka] [WARNING] WARNING: No validation data found! (training:692)
2024-06-04 22:04:41.167 [ALFpaka] [INFO] Model summary: (train_keras_model:135)
2024-06-04 22:04:41.168 [ALFpaka] [INFO] Model: "res_net" (layer_utils:185)
2024-06-04 22:04:41.168 [ALFpaka] [INFO] __________________________________________________________________________________________________ (layer_utils:186)
2024-06-04 22:04:41.168 [ALFpaka] [INFO] Layer (type)                    Output Shape         Param #     Connected to                      (layer_utils:183)
2024-06-04 22:04:41.169 [ALFpaka] [INFO] ================================================================================================== (layer_utils:188)
2024-06-04 22:04:41.169 [ALFpaka] [INFO] input_1 (InputLayer)            [(None, 64, 128, 2)] 0                                             (layer_utils:183)
2024-06-04 22:04:41.169 [ALFpaka] [INFO] __________________________________________________________________________________________________ (layer_utils:258)
2024-06-04 22:04:41.170 [ALFpaka] [INFO] conv2d (Conv2D)                 (None, 32, 64, 64)   3200        input_1[0][0]                     (layer_utils:183)
2024-06-04 22:04:41.170 [ALFpaka] [INFO] __________________________________________________________________________________________________ (layer_utils:258)
2024-06-04 22:04:41.171 [ALFpaka] [INFO] batch_normalization (BatchNorma (None, 32, 64, 64)   256         conv2d[0][0]                      (layer_utils:183)
2024-06-04 22:04:41.171 [ALFpaka] [INFO] __________________________________________________________________________________________________ (layer_utils:258)
2024-06-04 22:04:41.171 [ALFpaka] [INFO] activation (Activation)         (None, 32, 64, 64)   0           batch_normalization[0][0]         (layer_utils:183)
2024-06-04 22:04:41.171 [ALFpaka] [INFO] __________________________________________________________________________________________________ (layer_utils:258)
2024-06-04 22:04:41.172 [ALFpaka] [INFO] batch_normalization_1 (BatchNor (None, 32, 64, 64)   256         activation[0][0]                  (layer_utils:183)
2024-06-04 22:04:41.172 [ALFpaka] [INFO] __________________________________________________________________________________________________ (layer_utils:258)
2024-06-04 22:04:41.172 [ALFpaka] [INFO] dropout (Dropout)               (None, 32, 64, 64)   0           batch_normalization_1[0][0]       (layer_utils:183)
2024-06-04 22:04:41.173 [ALFpaka] [INFO] __________________________________________________________________________________________________ (layer_utils:258)
2024-06-04 22:04:41.173 [ALFpaka] [INFO] conv2d_1 (Conv2D)               (None, 32, 64, 64)   36864       dropout[0][0]                     (layer_utils:183)
2024-06-04 22:04:41.173 [ALFpaka] [INFO] __________________________________________________________________________________________________ (layer_utils:258)
2024-06-04 22:04:41.174 [ALFpaka] [INFO] activation_1 (Activation)       (None, 32, 64, 64)   0           conv2d_1[0][0]                    (layer_utils:183)
2024-06-04 22:04:41.174 [ALFpaka] [INFO] __________________________________________________________________________________________________ (layer_utils:258)
2024-06-04 22:04:41.174 [ALFpaka] [INFO] batch_normalization_2 (BatchNor (None, 32, 64, 64)   256         activation_1[0][0]                (layer_utils:183)
2024-06-04 22:04:41.174 [ALFpaka] [INFO] __________________________________________________________________________________________________ (layer_utils:258)
2024-06-04 22:04:41.175 [ALFpaka] [INFO] dropout_1 (Dropout)             (None, 32, 64, 64)   0           batch_normalization_2[0][0]       (layer_utils:183)
2024-06-04 22:04:41.175 [ALFpaka] [INFO] __________________________________________________________________________________________________ (layer_utils:258)
2024-06-04 22:04:41.175 [ALFpaka] [INFO] conv2d_2 (Conv2D)               (None, 32, 64, 64)   36864       dropout_1[0][0]                   (layer_utils:183)
2024-06-04 22:04:41.176 [ALFpaka] [INFO] __________________________________________________________________________________________________ (layer_utils:258)
2024-06-04 22:04:41.176 [ALFpaka] [INFO] add (Add)                       (None, 32, 64, 64)   0           conv2d_2[0][0]                    (layer_utils:183)
2024-06-04 22:04:41.176 [ALFpaka] [INFO]                                                                  batch_normalization[0][0]         (layer_utils:183)
2024-06-04 22:04:41.176 [ALFpaka] [INFO] __________________________________________________________________________________________________ (layer_utils:258)
2024-06-04 22:04:41.177 [ALFpaka] [INFO] average_pooling2d (AveragePooli (None, 16, 32, 64)   0           add[0][0]                         (layer_utils:183)
2024-06-04 22:04:41.177 [ALFpaka] [INFO] __________________________________________________________________________________________________ (layer_utils:258)
2024-06-04 22:04:41.177 [ALFpaka] [INFO] activation_2 (Activation)       (None, 16, 32, 64)   0           average_pooling2d[0][0]           (layer_utils:183)
2024-06-04 22:04:41.177 [ALFpaka] [INFO] __________________________________________________________________________________________________ (layer_utils:258)
2024-06-04 22:04:41.178 [ALFpaka] [INFO] batch_normalization_3 (BatchNor (None, 16, 32, 64)   256         activation_2[0][0]                (layer_utils:183)
2024-06-04 22:04:41.178 [ALFpaka] [INFO] __________________________________________________________________________________________________ (layer_utils:258)
2024-06-04 22:04:41.178 [ALFpaka] [INFO] dropout_2 (Dropout)             (None, 16, 32, 64)   0           batch_normalization_3[0][0]       (layer_utils:183)
2024-06-04 22:04:41.178 [ALFpaka] [INFO] __________________________________________________________________________________________________ (layer_utils:258)
2024-06-04 22:04:41.178 [ALFpaka] [INFO] conv2d_3 (Conv2D)               (None, 16, 32, 64)   36864       dropout_2[0][0]                   (layer_utils:183)
2024-06-04 22:04:41.178 [ALFpaka] [INFO] __________________________________________________________________________________________________ (layer_utils:258)
2024-06-04 22:04:41.179 [ALFpaka] [INFO] activation_3 (Activation)       (None, 16, 32, 64)   0           conv2d_3[0][0]                    (layer_utils:183)
2024-06-04 22:04:41.179 [ALFpaka] [INFO] __________________________________________________________________________________________________ (layer_utils:258)
2024-06-04 22:04:41.179 [ALFpaka] [INFO] batch_normalization_4 (BatchNor (None, 16, 32, 64)   256         activation_3[0][0]                (layer_utils:183)
2024-06-04 22:04:41.179 [ALFpaka] [INFO] __________________________________________________________________________________________________ (layer_utils:258)
2024-06-04 22:04:41.179 [ALFpaka] [INFO] dropout_3 (Dropout)             (None, 16, 32, 64)   0           batch_normalization_4[0][0]       (layer_utils:183)
2024-06-04 22:04:41.180 [ALFpaka] [INFO] __________________________________________________________________________________________________ (layer_utils:258)
2024-06-04 22:04:41.180 [ALFpaka] [INFO] conv2d_4 (Conv2D)               (None, 16, 32, 64)   4096        dropout_3[0][0]                   (layer_utils:183)
2024-06-04 22:04:41.180 [ALFpaka] [INFO] __________________________________________________________________________________________________ (layer_utils:258)
2024-06-04 22:04:41.180 [ALFpaka] [INFO] add_1 (Add)                     (None, 16, 32, 64)   0           conv2d_4[0][0]                    (layer_utils:183)
2024-06-04 22:04:41.180 [ALFpaka] [INFO]                                                                  average_pooling2d[0][0]           (layer_utils:183)
2024-06-04 22:04:41.180 [ALFpaka] [INFO] __________________________________________________________________________________________________ (layer_utils:258)
2024-06-04 22:04:41.180 [ALFpaka] [INFO] average_pooling2d_1 (AveragePoo (None, 8, 16, 64)    0           add_1[0][0]                       (layer_utils:183)
2024-06-04 22:04:41.181 [ALFpaka] [INFO] __________________________________________________________________________________________________ (layer_utils:258)
2024-06-04 22:04:41.181 [ALFpaka] [INFO] activation_4 (Activation)       (None, 8, 16, 64)    0           average_pooling2d_1[0][0]         (layer_utils:183)
2024-06-04 22:04:41.181 [ALFpaka] [INFO] __________________________________________________________________________________________________ (layer_utils:258)
2024-06-04 22:04:41.181 [ALFpaka] [INFO] batch_normalization_5 (BatchNor (None, 8, 16, 64)    256         activation_4[0][0]                (layer_utils:183)
2024-06-04 22:04:41.181 [ALFpaka] [INFO] __________________________________________________________________________________________________ (layer_utils:258)
2024-06-04 22:04:41.181 [ALFpaka] [INFO] dropout_4 (Dropout)             (None, 8, 16, 64)    0           batch_normalization_5[0][0]       (layer_utils:183)
2024-06-04 22:04:41.182 [ALFpaka] [INFO] __________________________________________________________________________________________________ (layer_utils:258)
2024-06-04 22:04:41.182 [ALFpaka] [INFO] conv2d_5 (Conv2D)               (None, 8, 16, 64)    36864       dropout_4[0][0]                   (layer_utils:183)
2024-06-04 22:04:41.182 [ALFpaka] [INFO] __________________________________________________________________________________________________ (layer_utils:258)
2024-06-04 22:04:41.182 [ALFpaka] [INFO] activation_5 (Activation)       (None, 8, 16, 64)    0           conv2d_5[0][0]                    (layer_utils:183)
2024-06-04 22:04:41.182 [ALFpaka] [INFO] __________________________________________________________________________________________________ (layer_utils:258)
2024-06-04 22:04:41.182 [ALFpaka] [INFO] batch_normalization_6 (BatchNor (None, 8, 16, 64)    256         activation_5[0][0]                (layer_utils:183)
2024-06-04 22:04:41.183 [ALFpaka] [INFO] __________________________________________________________________________________________________ (layer_utils:258)
2024-06-04 22:04:41.183 [ALFpaka] [INFO] dropout_5 (Dropout)             (None, 8, 16, 64)    0           batch_normalization_6[0][0]       (layer_utils:183)
2024-06-04 22:04:41.183 [ALFpaka] [INFO] __________________________________________________________________________________________________ (layer_utils:258)
2024-06-04 22:04:41.183 [ALFpaka] [INFO] conv2d_6 (Conv2D)               (None, 8, 16, 64)    36864       dropout_5[0][0]                   (layer_utils:183)
2024-06-04 22:04:41.183 [ALFpaka] [INFO] __________________________________________________________________________________________________ (layer_utils:258)
2024-06-04 22:04:41.183 [ALFpaka] [INFO] add_2 (Add)                     (None, 8, 16, 64)    0           conv2d_6[0][0]                    (layer_utils:183)
2024-06-04 22:04:41.184 [ALFpaka] [INFO]                                                                  average_pooling2d_1[0][0]         (layer_utils:183)
2024-06-04 22:04:41.184 [ALFpaka] [INFO] __________________________________________________________________________________________________ (layer_utils:258)
2024-06-04 22:04:41.184 [ALFpaka] [INFO] activation_6 (Activation)       (None, 8, 16, 64)    0           add_2[0][0]                       (layer_utils:183)
2024-06-04 22:04:41.184 [ALFpaka] [INFO] __________________________________________________________________________________________________ (layer_utils:258)
2024-06-04 22:04:41.184 [ALFpaka] [INFO] batch_normalization_7 (BatchNor (None, 8, 16, 64)    256         activation_6[0][0]                (layer_utils:183)
2024-06-04 22:04:41.184 [ALFpaka] [INFO] __________________________________________________________________________________________________ (layer_utils:258)
2024-06-04 22:04:41.185 [ALFpaka] [INFO] dropout_6 (Dropout)             (None, 8, 16, 64)    0           batch_normalization_7[0][0]       (layer_utils:183)
2024-06-04 22:04:41.185 [ALFpaka] [INFO] __________________________________________________________________________________________________ (layer_utils:258)
2024-06-04 22:04:41.185 [ALFpaka] [INFO] conv2d_7 (Conv2D)               (None, 8, 16, 128)   73728       dropout_6[0][0]                   (layer_utils:183)
2024-06-04 22:04:41.186 [ALFpaka] [INFO] __________________________________________________________________________________________________ (layer_utils:258)
2024-06-04 22:04:41.186 [ALFpaka] [INFO] activation_7 (Activation)       (None, 8, 16, 128)   0           conv2d_7[0][0]                    (layer_utils:183)
2024-06-04 22:04:41.187 [ALFpaka] [INFO] __________________________________________________________________________________________________ (layer_utils:258)
2024-06-04 22:04:41.187 [ALFpaka] [INFO] batch_normalization_8 (BatchNor (None, 8, 16, 128)   512         activation_7[0][0]                (layer_utils:183)
2024-06-04 22:04:41.187 [ALFpaka] [INFO] __________________________________________________________________________________________________ (layer_utils:258)
2024-06-04 22:04:41.187 [ALFpaka] [INFO] dropout_7 (Dropout)             (None, 8, 16, 128)   0           batch_normalization_8[0][0]       (layer_utils:183)
2024-06-04 22:04:41.187 [ALFpaka] [INFO] __________________________________________________________________________________________________ (layer_utils:258)
2024-06-04 22:04:41.188 [ALFpaka] [INFO] conv2d_8 (Conv2D)               (None, 8, 16, 128)   16384       dropout_7[0][0]                   (layer_utils:183)
2024-06-04 22:04:41.188 [ALFpaka] [INFO] __________________________________________________________________________________________________ (layer_utils:258)
2024-06-04 22:04:41.188 [ALFpaka] [INFO] conv2d_9 (Conv2D)               (None, 8, 16, 128)   8192        add_2[0][0]                       (layer_utils:183)
2024-06-04 22:04:41.189 [ALFpaka] [INFO] __________________________________________________________________________________________________ (layer_utils:258)
2024-06-04 22:04:41.189 [ALFpaka] [INFO] add_3 (Add)                     (None, 8, 16, 128)   0           conv2d_8[0][0]                    (layer_utils:183)
2024-06-04 22:04:41.189 [ALFpaka] [INFO]                                                                  conv2d_9[0][0]                    (layer_utils:183)
2024-06-04 22:04:41.189 [ALFpaka] [INFO] __________________________________________________________________________________________________ (layer_utils:258)
2024-06-04 22:04:41.190 [ALFpaka] [INFO] average_pooling2d_2 (AveragePoo (None, 4, 8, 128)    0           add_3[0][0]                       (layer_utils:183)
2024-06-04 22:04:41.190 [ALFpaka] [INFO] __________________________________________________________________________________________________ (layer_utils:258)
2024-06-04 22:04:41.190 [ALFpaka] [INFO] activation_8 (Activation)       (None, 4, 8, 128)    0           average_pooling2d_2[0][0]         (layer_utils:183)
2024-06-04 22:04:41.190 [ALFpaka] [INFO] __________________________________________________________________________________________________ (layer_utils:258)
2024-06-04 22:04:41.191 [ALFpaka] [INFO] batch_normalization_9 (BatchNor (None, 4, 8, 128)    512         activation_8[0][0]                (layer_utils:183)
2024-06-04 22:04:41.191 [ALFpaka] [INFO] __________________________________________________________________________________________________ (layer_utils:258)
2024-06-04 22:04:41.191 [ALFpaka] [INFO] dropout_8 (Dropout)             (None, 4, 8, 128)    0           batch_normalization_9[0][0]       (layer_utils:183)
2024-06-04 22:04:41.191 [ALFpaka] [INFO] __________________________________________________________________________________________________ (layer_utils:258)
2024-06-04 22:04:41.192 [ALFpaka] [INFO] conv2d_10 (Conv2D)              (None, 4, 8, 256)    32768       dropout_8[0][0]                   (layer_utils:183)
2024-06-04 22:04:41.192 [ALFpaka] [INFO] __________________________________________________________________________________________________ (layer_utils:258)
2024-06-04 22:04:41.192 [ALFpaka] [INFO] activation_9 (Activation)       (None, 4, 8, 256)    0           conv2d_10[0][0]                   (layer_utils:183)
2024-06-04 22:04:41.192 [ALFpaka] [INFO] __________________________________________________________________________________________________ (layer_utils:258)
2024-06-04 22:04:41.193 [ALFpaka] [INFO] batch_normalization_10 (BatchNo (None, 4, 8, 256)    1024        activation_9[0][0]                (layer_utils:183)
2024-06-04 22:04:41.193 [ALFpaka] [INFO] __________________________________________________________________________________________________ (layer_utils:258)
2024-06-04 22:04:41.193 [ALFpaka] [INFO] dropout_9 (Dropout)             (None, 4, 8, 256)    0           batch_normalization_10[0][0]      (layer_utils:183)
2024-06-04 22:04:41.193 [ALFpaka] [INFO] __________________________________________________________________________________________________ (layer_utils:258)
2024-06-04 22:04:41.193 [ALFpaka] [INFO] conv2d_11 (Conv2D)              (None, 4, 8, 256)    65536       dropout_9[0][0]                   (layer_utils:183)
2024-06-04 22:04:41.194 [ALFpaka] [INFO] __________________________________________________________________________________________________ (layer_utils:258)
2024-06-04 22:04:41.194 [ALFpaka] [INFO] conv2d_12 (Conv2D)              (None, 4, 8, 256)    32768       average_pooling2d_2[0][0]         (layer_utils:183)
2024-06-04 22:04:41.194 [ALFpaka] [INFO] __________________________________________________________________________________________________ (layer_utils:258)
2024-06-04 22:04:41.194 [ALFpaka] [INFO] add_4 (Add)                     (None, 4, 8, 256)    0           conv2d_11[0][0]                   (layer_utils:183)
2024-06-04 22:04:41.194 [ALFpaka] [INFO]                                                                  conv2d_12[0][0]                   (layer_utils:183)
2024-06-04 22:04:41.194 [ALFpaka] [INFO] __________________________________________________________________________________________________ (layer_utils:258)
2024-06-04 22:04:41.195 [ALFpaka] [INFO] global_average_pooling2d (Globa (None, 256)          0           add_4[0][0]                       (layer_utils:183)
2024-06-04 22:04:41.195 [ALFpaka] [INFO] __________________________________________________________________________________________________ (layer_utils:258)
2024-06-04 22:04:41.195 [ALFpaka] [INFO] dense (Dense)                   (None, 3)            771         global_average_pooling2d[0][0]    (layer_utils:183)
2024-06-04 22:04:41.195 [ALFpaka] [INFO] ================================================================================================== (layer_utils:256)
2024-06-04 22:04:41.198 [ALFpaka] [INFO] Total params: 425,859 (layer_utils:267)
2024-06-04 22:04:41.198 [ALFpaka] [INFO] Trainable params: 423,811 (layer_utils:268)
2024-06-04 22:04:41.198 [ALFpaka] [INFO] Non-trainable params: 2,048 (layer_utils:269)
2024-06-04 22:04:41.198 [ALFpaka] [INFO] __________________________________________________________________________________________________ (layer_utils:270)
2024-06-04 22:04:41.200 [ALFpaka] [WARNING] No validation data set! (train_keras_model:188)
2024-06-05 01:57:27.829 [ALFpaka] [INFO] Elapsed training time for cv_step ==> 03:52:48 (evaluate_results:334)
2024-06-05 01:57:27.830 [ALFpaka] [INFO] --- test data size --- (evaluate_results:109)
2024-06-05 01:57:27.831 [ALFpaka] [INFO] X shape --> (2085, 64, 128, 2) (evaluate_results:111)
2024-06-05 01:57:27.831 [ALFpaka] [INFO] Y shape --> (2085, 3) (evaluate_results:112)
2024-06-05 01:57:27.832 [ALFpaka] [INFO] number of features per frame 2 (evaluate_results:119)
2024-06-05 01:57:27.832 [ALFpaka] [INFO] number of feature frames 2085 (evaluate_results:120)
2024-06-05 01:57:36.879 [ALFpaka] [INFO] --- Evaluation results framewise_cv_step_1 --- (evaluate_results:498)
2024-06-05 01:57:36.879 [ALFpaka] [INFO] framewise_cv_step_1 accuracy (unweighted): 0.42541966426858513 (evaluate_results:500)
2024-06-05 01:57:36.881 [ALFpaka] [INFO] 
framewise_cv_step_1 confusion Matrix in %: 
[[ 56.12  13.10  30.78]
 [ 44.18  36.47  19.35]
 [ 51.81  10.51  37.68]] (evaluate_results:521)
2024-06-05 01:57:36.882 [ALFpaka] [INFO] framewise_cv_step_1 mean class accuracy: 43.42 % (evaluate_results:522)
2024-06-05 01:57:36.904 [ALFpaka] [INFO] --- Evaluation results filewise_cv_step_1 --- (evaluate_results:498)
2024-06-05 01:57:36.904 [ALFpaka] [INFO] filewise_cv_step_1 accuracy (unweighted): 0.4434782608695652 (evaluate_results:500)
2024-06-05 01:57:36.906 [ALFpaka] [INFO] 
filewise_cv_step_1 confusion Matrix in %: 
[[ 51.28  20.51  28.21]
 [ 41.67  44.44  13.89]
 [ 57.50  5.00  37.50]] (evaluate_results:521)
2024-06-05 01:57:36.906 [ALFpaka] [INFO] filewise_cv_step_1 mean class accuracy: 44.41 % (evaluate_results:522)
2024-06-05 01:57:36.914 [ALFpaka] [INFO] 
--- Final results after 1 iterations ---
Frame acc mean:       0.425419664269
Frame acc stdev:      0.000000000000
File acc mean:        0.443478260870
File acc stdev:       0.000000000000
Highest file acc:     0.443478260870 (seed = 1)
Lowest file acc:      0.443478260870 (seed = 1)
 (evaluate_results:200)
2024-06-05 01:57:36.915 [ALFpaka] [INFO] Mean Confusion Matrix (framewise): 
[[ 56.12  13.10  30.78]
 [ 44.18  36.47  19.35]
 [ 51.81  10.51  37.68]] (evaluate_results:237)
2024-06-05 01:57:36.915 [ALFpaka] [INFO] Mean Confusion Matrix (filewise): 
[[ 51.28  20.51  28.21]
 [ 41.67  44.44  13.89]
 [ 57.50  5.00  37.50]] (evaluate_results:242)
2024-06-05 01:57:36.920 [ALFpaka] [INFO] Elapsed training time for whole training ==> 03:53:35 (evaluate_results:334)
2024-06-05 01:57:36.923 [ALFpaka] [INFO] Plotting Confusion Matrices ...  (evaluate_results:476)
2024-06-05 01:57:40.752 [ALFpaka] [INFO] Plotting Confusion Matrices ...  (evaluate_results:476)
2024-06-05 01:57:51.795 [ALFpaka] [WARNING] No GIT in PATH variables ([Errno 2] No such file or directory: '.git': '.git') (versioning:24)
2024-06-05 01:57:51.797 [ALFpaka] [INFO] ... FINISH TRAINING ... (start_training_session:96)
2024-06-05 01:57:51.797 [ALFpaka] [INFO] Closing session ...  (start_training_session:105)
2024-06-05 01:57:52.302 [ALFpaka] [INFO] Closing session ... done. (start_training_session:114)
2024-06-05 01:57:52.324 [ALFpaka] [INFO] Parsing result-files in /home/avdata/xtract/rodrjl/sirens_classification_experiments_EU/sirentype_2_5s_wns (result_parser:249)
2024-06-05 01:57:52.336 [ALFpaka] [INFO] Found 1 files. (result_parser:258)
2024-06-05 01:57:52.367 [ALFpaka] [INFO] Parsing finished and saved to /home/avdata/xtract/rodrjl/sirens_classification_experiments_EU/sirentype_2_5s_wns/results_final.csv (result_parser:520)
2024-06-05 01:57:52.370 [ALFpaka] [INFO] Parsing finished and saved to /home/avdata/xtract/rodrjl/sirens_classification_experiments_EU/sirentype_2_5s_wns/results_metrics.csv (result_parser:520)
