2025-04-18 19:36:26.080 [ALFpaka] [INFO] ... START TRAINING ... (__training_session:88)
2025-04-18 19:36:26.081 [ALFpaka] [INFO] Start-Time: 1744997786.0810773 (run_training:126)
2025-04-18 19:36:26.081 [ALFpaka] [INFO] spain-ambulance with id 0 (print_class_to_id:153)
2025-04-18 19:36:26.081 [ALFpaka] [INFO] spain-firefighter with id 1 (print_class_to_id:153)
2025-04-18 19:36:26.081 [ALFpaka] [INFO] spain-police with id 2 (print_class_to_id:153)
2025-04-18 19:36:26.089 [ALFpaka] [INFO] ------ Extracting features ------ (extractAllFeatures:34)
2025-04-18 19:36:26.512 [ALFpaka] [INFO] Extracting features for class spain-ambulance with id 0 (extractAndAddFeaturesToDataset:69)
2025-04-18 19:36:26.788 [ALFpaka] [WARNING] Log_spec ignored when pcen is set (extractSTFT:84)
2025-04-18 19:36:26.788 [ALFpaka] [WARNING] Log_spec ignored when pcen is set (extractSTFT:84)
2025-04-18 19:36:26.788 [ALFpaka] [WARNING] Log_spec ignored when pcen is set (extractSTFT:84)
2025-04-18 19:36:26.789 [ALFpaka] [WARNING] Log_spec ignored when pcen is set (extractSTFT:84)
2025-04-18 19:36:26.789 [ALFpaka] [WARNING] Log_spec ignored when pcen is set (extractSTFT:84)
2025-04-18 19:36:26.789 [ALFpaka] [WARNING] Log_spec ignored when pcen is set (extractSTFT:84)
2025-04-18 19:36:26.789 [ALFpaka] [WARNING] Log_spec ignored when pcen is set (extractSTFT:84)
2025-04-18 19:36:26.789 [ALFpaka] [WARNING] Log_spec ignored when pcen is set (extractSTFT:84)
2025-04-18 19:36:26.789 [ALFpaka] [WARNING] Log_spec ignored when pcen is set (extractSTFT:84)
2025-04-18 19:36:26.789 [ALFpaka] [WARNING] Log_spec ignored when pcen is set (extractSTFT:84)
2025-04-18 19:36:26.790 [ALFpaka] [WARNING] Log_spec ignored when pcen is set (extractSTFT:84)
2025-04-18 19:36:26.790 [ALFpaka] [WARNING] Log_spec ignored when pcen is set (extractSTFT:84)
2025-04-18 19:36:26.790 [ALFpaka] [WARNING] Log_spec ignored when pcen is set (extractSTFT:84)
2025-04-18 19:36:26.790 [ALFpaka] [WARNING] Log_spec ignored when pcen is set (extractSTFT:84)
2025-04-18 19:36:26.790 [ALFpaka] [WARNING] Log_spec ignored when pcen is set (extractSTFT:84)
2025-04-18 19:36:26.790 [ALFpaka] [WARNING] Log_spec ignored when pcen is set (extractSTFT:84)
2025-04-18 19:36:26.790 [ALFpaka] [WARNING] Log_spec ignored when pcen is set (extractSTFT:84)
2025-04-18 19:36:26.791 [ALFpaka] [WARNING] Log_spec ignored when pcen is set (extractSTFT:84)
2025-04-18 19:36:26.791 [ALFpaka] [WARNING] Log_spec ignored when pcen is set (extractSTFT:84)
2025-04-18 19:36:26.791 [ALFpaka] [WARNING] Log_spec ignored when pcen is set (extractSTFT:84)
2025-04-18 19:36:26.791 [ALFpaka] [WARNING] Log_spec ignored when pcen is set (extractSTFT:84)
2025-04-18 19:36:26.791 [ALFpaka] [WARNING] Log_spec ignored when pcen is set (extractSTFT:84)
2025-04-18 19:36:26.791 [ALFpaka] [WARNING] Log_spec ignored when pcen is set (extractSTFT:84)
2025-04-18 19:36:26.792 [ALFpaka] [WARNING] Log_spec ignored when pcen is set (extractSTFT:84)
2025-04-18 19:36:26.792 [ALFpaka] [WARNING] Log_spec ignored when pcen is set (extractSTFT:84)
2025-04-18 19:36:26.792 [ALFpaka] [WARNING] Log_spec ignored when pcen is set (extractSTFT:84)
2025-04-18 19:36:26.792 [ALFpaka] [WARNING] Log_spec ignored when pcen is set (extractSTFT:84)
2025-04-18 19:36:26.792 [ALFpaka] [WARNING] Log_spec ignored when pcen is set (extractSTFT:84)
2025-04-18 19:36:26.792 [ALFpaka] [WARNING] Log_spec ignored when pcen is set (extractSTFT:84)
2025-04-18 19:36:26.792 [ALFpaka] [WARNING] Log_spec ignored when pcen is set (extractSTFT:84)
2025-04-18 19:36:26.793 [ALFpaka] [WARNING] Log_spec ignored when pcen is set (extractSTFT:84)
2025-04-18 19:36:26.793 [ALFpaka] [WARNING] Log_spec ignored when pcen is set (extractSTFT:84)
2025-04-18 19:36:26.793 [ALFpaka] [WARNING] Log_spec ignored when pcen is set (extractSTFT:84)
2025-04-18 19:36:26.793 [ALFpaka] [WARNING] Log_spec ignored when pcen is set (extractSTFT:84)
2025-04-18 19:36:26.793 [ALFpaka] [WARNING] Log_spec ignored when pcen is set (extractSTFT:84)
2025-04-18 19:36:26.793 [ALFpaka] [WARNING] Log_spec ignored when pcen is set (extractSTFT:84)
2025-04-18 19:36:26.793 [ALFpaka] [WARNING] Log_spec ignored when pcen is set (extractSTFT:84)
2025-04-18 19:36:26.794 [ALFpaka] [WARNING] Log_spec ignored when pcen is set (extractSTFT:84)
2025-04-18 19:36:26.794 [ALFpaka] [WARNING] Log_spec ignored when pcen is set (extractSTFT:84)
2025-04-18 19:36:26.794 [ALFpaka] [WARNING] Log_spec ignored when pcen is set (extractSTFT:84)
2025-04-18 19:36:26.794 [ALFpaka] [WARNING] Log_spec ignored when pcen is set (extractSTFT:84)
2025-04-18 19:36:26.794 [ALFpaka] [WARNING] Log_spec ignored when pcen is set (extractSTFT:84)
2025-04-18 19:36:26.794 [ALFpaka] [WARNING] Log_spec ignored when pcen is set (extractSTFT:84)
2025-04-18 19:36:26.794 [ALFpaka] [WARNING] Log_spec ignored when pcen is set (extractSTFT:84)
2025-04-18 19:36:26.794 [ALFpaka] [WARNING] Log_spec ignored when pcen is set (extractSTFT:84)
2025-04-18 19:36:26.795 [ALFpaka] [WARNING] Log_spec ignored when pcen is set (extractSTFT:84)
2025-04-18 19:36:26.795 [ALFpaka] [WARNING] Log_spec ignored when pcen is set (extractSTFT:84)
2025-04-18 19:36:26.795 [ALFpaka] [WARNING] Log_spec ignored when pcen is set (extractSTFT:84)
2025-04-18 19:36:26.988 [ALFpaka] [WARNING] Log_spec ignored when pcen is set (extractSTFT:84)
2025-04-18 19:36:26.995 [ALFpaka] [WARNING] Log_spec ignored when pcen is set (extractSTFT:84)
2025-04-18 19:36:27.001 [ALFpaka] [WARNING] Log_spec ignored when pcen is set (extractSTFT:84)
2025-04-18 19:36:27.001 [ALFpaka] [WARNING] Log_spec ignored when pcen is set (extractSTFT:84)
2025-04-18 19:36:27.006 [ALFpaka] [WARNING] Log_spec ignored when pcen is set (extractSTFT:84)
2025-04-18 19:36:27.007 [ALFpaka] [WARNING] Log_spec ignored when pcen is set (extractSTFT:84)
2025-04-18 19:36:27.008 [ALFpaka] [WARNING] Log_spec ignored when pcen is set (extractSTFT:84)
2025-04-18 19:36:27.012 [ALFpaka] [WARNING] Log_spec ignored when pcen is set (extractSTFT:84)
2025-04-18 19:36:27.012 [ALFpaka] [WARNING] Log_spec ignored when pcen is set (extractSTFT:84)
2025-04-18 19:36:27.017 [ALFpaka] [WARNING] Log_spec ignored when pcen is set (extractSTFT:84)
2025-04-18 19:36:27.016 [ALFpaka] [WARNING] Log_spec ignored when pcen is set (extractSTFT:84)
2025-04-18 19:36:27.019 [ALFpaka] [WARNING] Log_spec ignored when pcen is set (extractSTFT:84)
2025-04-18 19:36:27.024 [ALFpaka] [WARNING] Log_spec ignored when pcen is set (extractSTFT:84)
2025-04-18 19:36:27.024 [ALFpaka] [WARNING] Log_spec ignored when pcen is set (extractSTFT:84)
2025-04-18 19:36:27.025 [ALFpaka] [WARNING] Log_spec ignored when pcen is set (extractSTFT:84)
2025-04-18 19:36:27.030 [ALFpaka] [WARNING] Log_spec ignored when pcen is set (extractSTFT:84)
2025-04-18 19:36:27.030 [ALFpaka] [WARNING] Log_spec ignored when pcen is set (extractSTFT:84)
2025-04-18 19:36:27.038 [ALFpaka] [WARNING] Log_spec ignored when pcen is set (extractSTFT:84)
2025-04-18 19:36:27.038 [ALFpaka] [WARNING] Log_spec ignored when pcen is set (extractSTFT:84)
2025-04-18 19:36:27.038 [ALFpaka] [WARNING] Log_spec ignored when pcen is set (extractSTFT:84)
2025-04-18 19:36:27.039 [ALFpaka] [WARNING] Log_spec ignored when pcen is set (extractSTFT:84)
2025-04-18 19:36:27.039 [ALFpaka] [WARNING] Log_spec ignored when pcen is set (extractSTFT:84)
2025-04-18 19:36:27.040 [ALFpaka] [WARNING] Log_spec ignored when pcen is set (extractSTFT:84)
2025-04-18 19:36:27.040 [ALFpaka] [WARNING] Log_spec ignored when pcen is set (extractSTFT:84)
2025-04-18 19:36:27.041 [ALFpaka] [WARNING] Log_spec ignored when pcen is set (extractSTFT:84)
2025-04-18 19:36:27.042 [ALFpaka] [WARNING] Log_spec ignored when pcen is set (extractSTFT:84)
2025-04-18 19:36:27.049 [ALFpaka] [WARNING] Log_spec ignored when pcen is set (extractSTFT:84)
2025-04-18 19:36:27.050 [ALFpaka] [WARNING] Log_spec ignored when pcen is set (extractSTFT:84)
2025-04-18 19:36:27.051 [ALFpaka] [WARNING] Log_spec ignored when pcen is set (extractSTFT:84)
2025-04-18 19:36:27.051 [ALFpaka] [WARNING] Log_spec ignored when pcen is set (extractSTFT:84)
2025-04-18 19:36:27.051 [ALFpaka] [WARNING] Log_spec ignored when pcen is set (extractSTFT:84)
2025-04-18 19:36:27.051 [ALFpaka] [WARNING] Log_spec ignored when pcen is set (extractSTFT:84)
2025-04-18 19:36:27.052 [ALFpaka] [WARNING] Log_spec ignored when pcen is set (extractSTFT:84)
2025-04-18 19:36:27.052 [ALFpaka] [WARNING] Log_spec ignored when pcen is set (extractSTFT:84)
2025-04-18 19:36:27.052 [ALFpaka] [WARNING] Log_spec ignored when pcen is set (extractSTFT:84)
2025-04-18 19:36:27.053 [ALFpaka] [WARNING] Log_spec ignored when pcen is set (extractSTFT:84)
2025-04-18 19:36:27.054 [ALFpaka] [WARNING] Log_spec ignored when pcen is set (extractSTFT:84)
2025-04-18 19:36:27.055 [ALFpaka] [WARNING] Log_spec ignored when pcen is set (extractSTFT:84)
2025-04-18 19:36:27.055 [ALFpaka] [WARNING] Log_spec ignored when pcen is set (extractSTFT:84)
2025-04-18 19:36:27.055 [ALFpaka] [WARNING] Log_spec ignored when pcen is set (extractSTFT:84)
2025-04-18 19:36:27.065 [ALFpaka] [WARNING] Log_spec ignored when pcen is set (extractSTFT:84)
2025-04-18 19:36:27.076 [ALFpaka] [WARNING] Log_spec ignored when pcen is set (extractSTFT:84)
2025-04-18 19:36:27.076 [ALFpaka] [WARNING] Log_spec ignored when pcen is set (extractSTFT:84)
2025-04-18 19:36:27.077 [ALFpaka] [WARNING] Log_spec ignored when pcen is set (extractSTFT:84)
2025-04-18 19:36:27.077 [ALFpaka] [WARNING] Log_spec ignored when pcen is set (extractSTFT:84)
2025-04-18 19:36:27.078 [ALFpaka] [WARNING] Log_spec ignored when pcen is set (extractSTFT:84)
2025-04-18 19:36:27.078 [ALFpaka] [WARNING] Log_spec ignored when pcen is set (extractSTFT:84)
2025-04-18 19:36:27.079 [ALFpaka] [WARNING] Log_spec ignored when pcen is set (extractSTFT:84)
2025-04-18 19:36:27.080 [ALFpaka] [WARNING] Log_spec ignored when pcen is set (extractSTFT:84)
2025-04-18 19:36:27.080 [ALFpaka] [WARNING] Log_spec ignored when pcen is set (extractSTFT:84)
2025-04-18 19:36:27.080 [ALFpaka] [WARNING] Log_spec ignored when pcen is set (extractSTFT:84)
2025-04-18 19:36:27.080 [ALFpaka] [WARNING] Log_spec ignored when pcen is set (extractSTFT:84)
2025-04-18 19:36:27.088 [ALFpaka] [WARNING] Log_spec ignored when pcen is set (extractSTFT:84)
2025-04-18 19:36:27.088 [ALFpaka] [WARNING] Log_spec ignored when pcen is set (extractSTFT:84)
2025-04-18 19:36:27.088 [ALFpaka] [WARNING] Log_spec ignored when pcen is set (extractSTFT:84)
2025-04-18 19:36:27.094 [ALFpaka] [WARNING] Log_spec ignored when pcen is set (extractSTFT:84)
2025-04-18 19:36:27.096 [ALFpaka] [WARNING] Log_spec ignored when pcen is set (extractSTFT:84)
2025-04-18 19:36:27.098 [ALFpaka] [WARNING] Log_spec ignored when pcen is set (extractSTFT:84)
2025-04-18 19:36:27.098 [ALFpaka] [WARNING] Log_spec ignored when pcen is set (extractSTFT:84)
2025-04-18 19:36:27.099 [ALFpaka] [WARNING] Log_spec ignored when pcen is set (extractSTFT:84)
2025-04-18 19:36:27.099 [ALFpaka] [WARNING] Log_spec ignored when pcen is set (extractSTFT:84)
2025-04-18 19:36:27.100 [ALFpaka] [WARNING] Log_spec ignored when pcen is set (extractSTFT:84)
2025-04-18 19:36:27.100 [ALFpaka] [WARNING] Log_spec ignored when pcen is set (extractSTFT:84)
2025-04-18 19:36:27.106 [ALFpaka] [WARNING] Log_spec ignored when pcen is set (extractSTFT:84)
2025-04-18 19:36:27.107 [ALFpaka] [WARNING] Log_spec ignored when pcen is set (extractSTFT:84)
2025-04-18 19:36:27.107 [ALFpaka] [WARNING] Log_spec ignored when pcen is set (extractSTFT:84)
2025-04-18 19:36:27.107 [ALFpaka] [WARNING] Log_spec ignored when pcen is set (extractSTFT:84)
2025-04-18 19:36:27.108 [ALFpaka] [WARNING] Log_spec ignored when pcen is set (extractSTFT:84)
2025-04-18 19:36:27.108 [ALFpaka] [WARNING] Log_spec ignored when pcen is set (extractSTFT:84)
2025-04-18 19:36:27.116 [ALFpaka] [WARNING] Log_spec ignored when pcen is set (extractSTFT:84)
2025-04-18 19:36:27.116 [ALFpaka] [WARNING] Log_spec ignored when pcen is set (extractSTFT:84)
2025-04-18 19:36:27.116 [ALFpaka] [WARNING] Log_spec ignored when pcen is set (extractSTFT:84)
2025-04-18 19:36:27.118 [ALFpaka] [WARNING] Log_spec ignored when pcen is set (extractSTFT:84)
2025-04-18 19:36:27.118 [ALFpaka] [WARNING] Log_spec ignored when pcen is set (extractSTFT:84)
2025-04-18 19:36:27.119 [ALFpaka] [WARNING] Log_spec ignored when pcen is set (extractSTFT:84)
2025-04-18 19:36:27.119 [ALFpaka] [WARNING] Log_spec ignored when pcen is set (extractSTFT:84)
2025-04-18 19:36:27.274 [ALFpaka] [INFO] Extracting features for class spain-firefighter with id 1 (extractAndAddFeaturesToDataset:69)
2025-04-18 19:36:27.584 [ALFpaka] [WARNING] Log_spec ignored when pcen is set (extractSTFT:84)
2025-04-18 19:36:27.584 [ALFpaka] [WARNING] Log_spec ignored when pcen is set (extractSTFT:84)
2025-04-18 19:36:27.584 [ALFpaka] [WARNING] Log_spec ignored when pcen is set (extractSTFT:84)
2025-04-18 19:36:27.584 [ALFpaka] [WARNING] Log_spec ignored when pcen is set (extractSTFT:84)
2025-04-18 19:36:27.584 [ALFpaka] [WARNING] Log_spec ignored when pcen is set (extractSTFT:84)
2025-04-18 19:36:27.585 [ALFpaka] [WARNING] Log_spec ignored when pcen is set (extractSTFT:84)
2025-04-18 19:36:27.585 [ALFpaka] [WARNING] Log_spec ignored when pcen is set (extractSTFT:84)
2025-04-18 19:36:27.585 [ALFpaka] [WARNING] Log_spec ignored when pcen is set (extractSTFT:84)
2025-04-18 19:36:27.585 [ALFpaka] [WARNING] Log_spec ignored when pcen is set (extractSTFT:84)
2025-04-18 19:36:27.585 [ALFpaka] [WARNING] Log_spec ignored when pcen is set (extractSTFT:84)
2025-04-18 19:36:27.585 [ALFpaka] [WARNING] Log_spec ignored when pcen is set (extractSTFT:84)
2025-04-18 19:36:27.585 [ALFpaka] [WARNING] Log_spec ignored when pcen is set (extractSTFT:84)
2025-04-18 19:36:27.585 [ALFpaka] [WARNING] Log_spec ignored when pcen is set (extractSTFT:84)
2025-04-18 19:36:27.585 [ALFpaka] [WARNING] Log_spec ignored when pcen is set (extractSTFT:84)
2025-04-18 19:36:27.585 [ALFpaka] [WARNING] Log_spec ignored when pcen is set (extractSTFT:84)
2025-04-18 19:36:27.586 [ALFpaka] [WARNING] Log_spec ignored when pcen is set (extractSTFT:84)
2025-04-18 19:36:27.586 [ALFpaka] [WARNING] Log_spec ignored when pcen is set (extractSTFT:84)
2025-04-18 19:36:27.586 [ALFpaka] [WARNING] Log_spec ignored when pcen is set (extractSTFT:84)
2025-04-18 19:36:27.586 [ALFpaka] [WARNING] Log_spec ignored when pcen is set (extractSTFT:84)
2025-04-18 19:36:27.586 [ALFpaka] [WARNING] Log_spec ignored when pcen is set (extractSTFT:84)
2025-04-18 19:36:27.586 [ALFpaka] [WARNING] Log_spec ignored when pcen is set (extractSTFT:84)
2025-04-18 19:36:27.586 [ALFpaka] [WARNING] Log_spec ignored when pcen is set (extractSTFT:84)
2025-04-18 19:36:27.586 [ALFpaka] [WARNING] Log_spec ignored when pcen is set (extractSTFT:84)
2025-04-18 19:36:27.586 [ALFpaka] [WARNING] Log_spec ignored when pcen is set (extractSTFT:84)
2025-04-18 19:36:27.586 [ALFpaka] [WARNING] Log_spec ignored when pcen is set (extractSTFT:84)
2025-04-18 19:36:27.587 [ALFpaka] [WARNING] Log_spec ignored when pcen is set (extractSTFT:84)
2025-04-18 19:36:27.587 [ALFpaka] [WARNING] Log_spec ignored when pcen is set (extractSTFT:84)
2025-04-18 19:36:27.587 [ALFpaka] [WARNING] Log_spec ignored when pcen is set (extractSTFT:84)
2025-04-18 19:36:27.587 [ALFpaka] [WARNING] Log_spec ignored when pcen is set (extractSTFT:84)
2025-04-18 19:36:27.587 [ALFpaka] [WARNING] Log_spec ignored when pcen is set (extractSTFT:84)
2025-04-18 19:36:27.587 [ALFpaka] [WARNING] Log_spec ignored when pcen is set (extractSTFT:84)
2025-04-18 19:36:27.587 [ALFpaka] [WARNING] Log_spec ignored when pcen is set (extractSTFT:84)
2025-04-18 19:36:27.587 [ALFpaka] [WARNING] Log_spec ignored when pcen is set (extractSTFT:84)
2025-04-18 19:36:27.587 [ALFpaka] [WARNING] Log_spec ignored when pcen is set (extractSTFT:84)
2025-04-18 19:36:27.587 [ALFpaka] [WARNING] Log_spec ignored when pcen is set (extractSTFT:84)
2025-04-18 19:36:27.588 [ALFpaka] [WARNING] Log_spec ignored when pcen is set (extractSTFT:84)
2025-04-18 19:36:27.588 [ALFpaka] [WARNING] Log_spec ignored when pcen is set (extractSTFT:84)
2025-04-18 19:36:27.588 [ALFpaka] [WARNING] Log_spec ignored when pcen is set (extractSTFT:84)
2025-04-18 19:36:27.588 [ALFpaka] [WARNING] Log_spec ignored when pcen is set (extractSTFT:84)
2025-04-18 19:36:27.588 [ALFpaka] [WARNING] Log_spec ignored when pcen is set (extractSTFT:84)
2025-04-18 19:36:27.588 [ALFpaka] [WARNING] Log_spec ignored when pcen is set (extractSTFT:84)
2025-04-18 19:36:27.588 [ALFpaka] [WARNING] Log_spec ignored when pcen is set (extractSTFT:84)
2025-04-18 19:36:27.588 [ALFpaka] [WARNING] Log_spec ignored when pcen is set (extractSTFT:84)
2025-04-18 19:36:27.588 [ALFpaka] [WARNING] Log_spec ignored when pcen is set (extractSTFT:84)
2025-04-18 19:36:27.588 [ALFpaka] [WARNING] Log_spec ignored when pcen is set (extractSTFT:84)
2025-04-18 19:36:27.589 [ALFpaka] [WARNING] Log_spec ignored when pcen is set (extractSTFT:84)
2025-04-18 19:36:27.589 [ALFpaka] [WARNING] Log_spec ignored when pcen is set (extractSTFT:84)
2025-04-18 19:36:27.589 [ALFpaka] [WARNING] Log_spec ignored when pcen is set (extractSTFT:84)
2025-04-18 19:36:27.750 [ALFpaka] [WARNING] Log_spec ignored when pcen is set (extractSTFT:84)
2025-04-18 19:36:27.759 [ALFpaka] [WARNING] Log_spec ignored when pcen is set (extractSTFT:84)
2025-04-18 19:36:27.760 [ALFpaka] [WARNING] Log_spec ignored when pcen is set (extractSTFT:84)
2025-04-18 19:36:27.767 [ALFpaka] [WARNING] Log_spec ignored when pcen is set (extractSTFT:84)
2025-04-18 19:36:27.775 [ALFpaka] [WARNING] Log_spec ignored when pcen is set (extractSTFT:84)
2025-04-18 19:36:27.775 [ALFpaka] [WARNING] Log_spec ignored when pcen is set (extractSTFT:84)
2025-04-18 19:36:27.781 [ALFpaka] [WARNING] Log_spec ignored when pcen is set (extractSTFT:84)
2025-04-18 19:36:27.776 [ALFpaka] [WARNING] Log_spec ignored when pcen is set (extractSTFT:84)
2025-04-18 19:36:27.778 [ALFpaka] [WARNING] Log_spec ignored when pcen is set (extractSTFT:84)
2025-04-18 19:36:27.779 [ALFpaka] [WARNING] Log_spec ignored when pcen is set (extractSTFT:84)
2025-04-18 19:36:27.782 [ALFpaka] [WARNING] Log_spec ignored when pcen is set (extractSTFT:84)
2025-04-18 19:36:27.782 [ALFpaka] [WARNING] Log_spec ignored when pcen is set (extractSTFT:84)
2025-04-18 19:36:27.783 [ALFpaka] [WARNING] Log_spec ignored when pcen is set (extractSTFT:84)
2025-04-18 19:36:27.788 [ALFpaka] [WARNING] Log_spec ignored when pcen is set (extractSTFT:84)
2025-04-18 19:36:27.787 [ALFpaka] [WARNING] Log_spec ignored when pcen is set (extractSTFT:84)
2025-04-18 19:36:27.787 [ALFpaka] [WARNING] Log_spec ignored when pcen is set (extractSTFT:84)
2025-04-18 19:36:27.789 [ALFpaka] [WARNING] Log_spec ignored when pcen is set (extractSTFT:84)
2025-04-18 19:36:27.780 [ALFpaka] [WARNING] Log_spec ignored when pcen is set (extractSTFT:84)
2025-04-18 19:36:27.797 [ALFpaka] [WARNING] Log_spec ignored when pcen is set (extractSTFT:84)
2025-04-18 19:36:27.798 [ALFpaka] [WARNING] Log_spec ignored when pcen is set (extractSTFT:84)
2025-04-18 19:36:27.798 [ALFpaka] [WARNING] Log_spec ignored when pcen is set (extractSTFT:84)
2025-04-18 19:36:27.798 [ALFpaka] [WARNING] Log_spec ignored when pcen is set (extractSTFT:84)
2025-04-18 19:36:27.798 [ALFpaka] [WARNING] Log_spec ignored when pcen is set (extractSTFT:84)
2025-04-18 19:36:27.799 [ALFpaka] [WARNING] Log_spec ignored when pcen is set (extractSTFT:84)
2025-04-18 19:36:27.799 [ALFpaka] [WARNING] Log_spec ignored when pcen is set (extractSTFT:84)
2025-04-18 19:36:27.799 [ALFpaka] [WARNING] Log_spec ignored when pcen is set (extractSTFT:84)
2025-04-18 19:36:27.803 [ALFpaka] [WARNING] Log_spec ignored when pcen is set (extractSTFT:84)
2025-04-18 19:36:27.837 [ALFpaka] [WARNING] Log_spec ignored when pcen is set (extractSTFT:84)
2025-04-18 19:36:27.838 [ALFpaka] [WARNING] Log_spec ignored when pcen is set (extractSTFT:84)
2025-04-18 19:36:27.839 [ALFpaka] [WARNING] Log_spec ignored when pcen is set (extractSTFT:84)
2025-04-18 19:36:27.840 [ALFpaka] [WARNING] Log_spec ignored when pcen is set (extractSTFT:84)
2025-04-18 19:36:27.841 [ALFpaka] [WARNING] Log_spec ignored when pcen is set (extractSTFT:84)
2025-04-18 19:36:27.841 [ALFpaka] [WARNING] Log_spec ignored when pcen is set (extractSTFT:84)
2025-04-18 19:36:27.841 [ALFpaka] [WARNING] Log_spec ignored when pcen is set (extractSTFT:84)
2025-04-18 19:36:27.842 [ALFpaka] [WARNING] Log_spec ignored when pcen is set (extractSTFT:84)
2025-04-18 19:36:27.843 [ALFpaka] [WARNING] Log_spec ignored when pcen is set (extractSTFT:84)
2025-04-18 19:36:27.855 [ALFpaka] [WARNING] Log_spec ignored when pcen is set (extractSTFT:84)
2025-04-18 19:36:27.856 [ALFpaka] [WARNING] Log_spec ignored when pcen is set (extractSTFT:84)
2025-04-18 19:36:27.856 [ALFpaka] [WARNING] Log_spec ignored when pcen is set (extractSTFT:84)
2025-04-18 19:36:27.857 [ALFpaka] [WARNING] Log_spec ignored when pcen is set (extractSTFT:84)
2025-04-18 19:36:27.858 [ALFpaka] [WARNING] Log_spec ignored when pcen is set (extractSTFT:84)
2025-04-18 19:36:27.859 [ALFpaka] [WARNING] Log_spec ignored when pcen is set (extractSTFT:84)
2025-04-18 19:36:27.859 [ALFpaka] [WARNING] Log_spec ignored when pcen is set (extractSTFT:84)
2025-04-18 19:36:27.860 [ALFpaka] [WARNING] Log_spec ignored when pcen is set (extractSTFT:84)
2025-04-18 19:36:27.861 [ALFpaka] [WARNING] Log_spec ignored when pcen is set (extractSTFT:84)
2025-04-18 19:36:27.862 [ALFpaka] [WARNING] Log_spec ignored when pcen is set (extractSTFT:84)
2025-04-18 19:36:27.863 [ALFpaka] [WARNING] Log_spec ignored when pcen is set (extractSTFT:84)
2025-04-18 19:36:27.863 [ALFpaka] [WARNING] Log_spec ignored when pcen is set (extractSTFT:84)
2025-04-18 19:36:27.863 [ALFpaka] [WARNING] Log_spec ignored when pcen is set (extractSTFT:84)
2025-04-18 19:36:27.864 [ALFpaka] [WARNING] Log_spec ignored when pcen is set (extractSTFT:84)
2025-04-18 19:36:27.865 [ALFpaka] [WARNING] Log_spec ignored when pcen is set (extractSTFT:84)
2025-04-18 19:36:27.866 [ALFpaka] [WARNING] Log_spec ignored when pcen is set (extractSTFT:84)
2025-04-18 19:36:27.867 [ALFpaka] [WARNING] Log_spec ignored when pcen is set (extractSTFT:84)
2025-04-18 19:36:27.867 [ALFpaka] [WARNING] Log_spec ignored when pcen is set (extractSTFT:84)
2025-04-18 19:36:27.868 [ALFpaka] [WARNING] Log_spec ignored when pcen is set (extractSTFT:84)
2025-04-18 19:36:27.869 [ALFpaka] [WARNING] Log_spec ignored when pcen is set (extractSTFT:84)
2025-04-18 19:36:27.869 [ALFpaka] [WARNING] Log_spec ignored when pcen is set (extractSTFT:84)
2025-04-18 19:36:27.871 [ALFpaka] [WARNING] Log_spec ignored when pcen is set (extractSTFT:84)
2025-04-18 19:36:27.871 [ALFpaka] [WARNING] Log_spec ignored when pcen is set (extractSTFT:84)
2025-04-18 19:36:27.872 [ALFpaka] [WARNING] Log_spec ignored when pcen is set (extractSTFT:84)
2025-04-18 19:36:27.872 [ALFpaka] [WARNING] Log_spec ignored when pcen is set (extractSTFT:84)
2025-04-18 19:36:27.873 [ALFpaka] [WARNING] Log_spec ignored when pcen is set (extractSTFT:84)
2025-04-18 19:36:27.874 [ALFpaka] [WARNING] Log_spec ignored when pcen is set (extractSTFT:84)
2025-04-18 19:36:27.874 [ALFpaka] [WARNING] Log_spec ignored when pcen is set (extractSTFT:84)
2025-04-18 19:36:27.874 [ALFpaka] [WARNING] Log_spec ignored when pcen is set (extractSTFT:84)
2025-04-18 19:36:27.875 [ALFpaka] [WARNING] Log_spec ignored when pcen is set (extractSTFT:84)
2025-04-18 19:36:27.876 [ALFpaka] [WARNING] Log_spec ignored when pcen is set (extractSTFT:84)
2025-04-18 19:36:27.876 [ALFpaka] [WARNING] Log_spec ignored when pcen is set (extractSTFT:84)
2025-04-18 19:36:27.877 [ALFpaka] [WARNING] Log_spec ignored when pcen is set (extractSTFT:84)
2025-04-18 19:36:27.878 [ALFpaka] [WARNING] Log_spec ignored when pcen is set (extractSTFT:84)
2025-04-18 19:36:27.878 [ALFpaka] [WARNING] Log_spec ignored when pcen is set (extractSTFT:84)
2025-04-18 19:36:27.887 [ALFpaka] [WARNING] Log_spec ignored when pcen is set (extractSTFT:84)
2025-04-18 19:36:27.887 [ALFpaka] [WARNING] Log_spec ignored when pcen is set (extractSTFT:84)
2025-04-18 19:36:27.889 [ALFpaka] [WARNING] Log_spec ignored when pcen is set (extractSTFT:84)
2025-04-18 19:36:27.889 [ALFpaka] [WARNING] Log_spec ignored when pcen is set (extractSTFT:84)
2025-04-18 19:36:27.907 [ALFpaka] [WARNING] Log_spec ignored when pcen is set (extractSTFT:84)
2025-04-18 19:36:28.059 [ALFpaka] [INFO] Extracting features for class spain-police with id 2 (extractAndAddFeaturesToDataset:69)
2025-04-18 19:36:28.370 [ALFpaka] [WARNING] Log_spec ignored when pcen is set (extractSTFT:84)
2025-04-18 19:36:28.370 [ALFpaka] [WARNING] Log_spec ignored when pcen is set (extractSTFT:84)
2025-04-18 19:36:28.370 [ALFpaka] [WARNING] Log_spec ignored when pcen is set (extractSTFT:84)
2025-04-18 19:36:28.370 [ALFpaka] [WARNING] Log_spec ignored when pcen is set (extractSTFT:84)
2025-04-18 19:36:28.370 [ALFpaka] [WARNING] Log_spec ignored when pcen is set (extractSTFT:84)
2025-04-18 19:36:28.370 [ALFpaka] [WARNING] Log_spec ignored when pcen is set (extractSTFT:84)
2025-04-18 19:36:28.370 [ALFpaka] [WARNING] Log_spec ignored when pcen is set (extractSTFT:84)
2025-04-18 19:36:28.370 [ALFpaka] [WARNING] Log_spec ignored when pcen is set (extractSTFT:84)
2025-04-18 19:36:28.371 [ALFpaka] [WARNING] Log_spec ignored when pcen is set (extractSTFT:84)
2025-04-18 19:36:28.371 [ALFpaka] [WARNING] Log_spec ignored when pcen is set (extractSTFT:84)
2025-04-18 19:36:28.371 [ALFpaka] [WARNING] Log_spec ignored when pcen is set (extractSTFT:84)
2025-04-18 19:36:28.371 [ALFpaka] [WARNING] Log_spec ignored when pcen is set (extractSTFT:84)
2025-04-18 19:36:28.371 [ALFpaka] [WARNING] Log_spec ignored when pcen is set (extractSTFT:84)
2025-04-18 19:36:28.371 [ALFpaka] [WARNING] Log_spec ignored when pcen is set (extractSTFT:84)
2025-04-18 19:36:28.371 [ALFpaka] [WARNING] Log_spec ignored when pcen is set (extractSTFT:84)
2025-04-18 19:36:28.371 [ALFpaka] [WARNING] Log_spec ignored when pcen is set (extractSTFT:84)
2025-04-18 19:36:28.371 [ALFpaka] [WARNING] Log_spec ignored when pcen is set (extractSTFT:84)
2025-04-18 19:36:28.371 [ALFpaka] [WARNING] Log_spec ignored when pcen is set (extractSTFT:84)
2025-04-18 19:36:28.372 [ALFpaka] [WARNING] Log_spec ignored when pcen is set (extractSTFT:84)
2025-04-18 19:36:28.372 [ALFpaka] [WARNING] Log_spec ignored when pcen is set (extractSTFT:84)
2025-04-18 19:36:28.372 [ALFpaka] [WARNING] Log_spec ignored when pcen is set (extractSTFT:84)
2025-04-18 19:36:28.372 [ALFpaka] [WARNING] Log_spec ignored when pcen is set (extractSTFT:84)
2025-04-18 19:36:28.372 [ALFpaka] [WARNING] Log_spec ignored when pcen is set (extractSTFT:84)
2025-04-18 19:36:28.372 [ALFpaka] [WARNING] Log_spec ignored when pcen is set (extractSTFT:84)
2025-04-18 19:36:28.372 [ALFpaka] [WARNING] Log_spec ignored when pcen is set (extractSTFT:84)
2025-04-18 19:36:28.372 [ALFpaka] [WARNING] Log_spec ignored when pcen is set (extractSTFT:84)
2025-04-18 19:36:28.372 [ALFpaka] [WARNING] Log_spec ignored when pcen is set (extractSTFT:84)
2025-04-18 19:36:28.372 [ALFpaka] [WARNING] Log_spec ignored when pcen is set (extractSTFT:84)
2025-04-18 19:36:28.372 [ALFpaka] [WARNING] Log_spec ignored when pcen is set (extractSTFT:84)
2025-04-18 19:36:28.373 [ALFpaka] [WARNING] Log_spec ignored when pcen is set (extractSTFT:84)
2025-04-18 19:36:28.373 [ALFpaka] [WARNING] Log_spec ignored when pcen is set (extractSTFT:84)
2025-04-18 19:36:28.373 [ALFpaka] [WARNING] Log_spec ignored when pcen is set (extractSTFT:84)
2025-04-18 19:36:28.373 [ALFpaka] [WARNING] Log_spec ignored when pcen is set (extractSTFT:84)
2025-04-18 19:36:28.373 [ALFpaka] [WARNING] Log_spec ignored when pcen is set (extractSTFT:84)
2025-04-18 19:36:28.373 [ALFpaka] [WARNING] Log_spec ignored when pcen is set (extractSTFT:84)
2025-04-18 19:36:28.373 [ALFpaka] [WARNING] Log_spec ignored when pcen is set (extractSTFT:84)
2025-04-18 19:36:28.373 [ALFpaka] [WARNING] Log_spec ignored when pcen is set (extractSTFT:84)
2025-04-18 19:36:28.373 [ALFpaka] [WARNING] Log_spec ignored when pcen is set (extractSTFT:84)
2025-04-18 19:36:28.373 [ALFpaka] [WARNING] Log_spec ignored when pcen is set (extractSTFT:84)
2025-04-18 19:36:28.374 [ALFpaka] [WARNING] Log_spec ignored when pcen is set (extractSTFT:84)
2025-04-18 19:36:28.374 [ALFpaka] [WARNING] Log_spec ignored when pcen is set (extractSTFT:84)
2025-04-18 19:36:28.374 [ALFpaka] [WARNING] Log_spec ignored when pcen is set (extractSTFT:84)
2025-04-18 19:36:28.374 [ALFpaka] [WARNING] Log_spec ignored when pcen is set (extractSTFT:84)
2025-04-18 19:36:28.374 [ALFpaka] [WARNING] Log_spec ignored when pcen is set (extractSTFT:84)
2025-04-18 19:36:28.374 [ALFpaka] [WARNING] Log_spec ignored when pcen is set (extractSTFT:84)
2025-04-18 19:36:28.374 [ALFpaka] [WARNING] Log_spec ignored when pcen is set (extractSTFT:84)
2025-04-18 19:36:28.374 [ALFpaka] [WARNING] Log_spec ignored when pcen is set (extractSTFT:84)
2025-04-18 19:36:28.375 [ALFpaka] [WARNING] Log_spec ignored when pcen is set (extractSTFT:84)
2025-04-18 19:36:28.561 [ALFpaka] [WARNING] Log_spec ignored when pcen is set (extractSTFT:84)
2025-04-18 19:36:28.563 [ALFpaka] [WARNING] Log_spec ignored when pcen is set (extractSTFT:84)
2025-04-18 19:36:28.564 [ALFpaka] [WARNING] Log_spec ignored when pcen is set (extractSTFT:84)
2025-04-18 19:36:28.569 [ALFpaka] [WARNING] Log_spec ignored when pcen is set (extractSTFT:84)
2025-04-18 19:36:28.569 [ALFpaka] [WARNING] Log_spec ignored when pcen is set (extractSTFT:84)
2025-04-18 19:36:28.572 [ALFpaka] [WARNING] Log_spec ignored when pcen is set (extractSTFT:84)
2025-04-18 19:36:28.572 [ALFpaka] [WARNING] Log_spec ignored when pcen is set (extractSTFT:84)
2025-04-18 19:36:28.574 [ALFpaka] [WARNING] Log_spec ignored when pcen is set (extractSTFT:84)
2025-04-18 19:36:28.575 [ALFpaka] [WARNING] Log_spec ignored when pcen is set (extractSTFT:84)
2025-04-18 19:36:28.575 [ALFpaka] [WARNING] Log_spec ignored when pcen is set (extractSTFT:84)
2025-04-18 19:36:28.576 [ALFpaka] [WARNING] Log_spec ignored when pcen is set (extractSTFT:84)
2025-04-18 19:36:28.576 [ALFpaka] [WARNING] Log_spec ignored when pcen is set (extractSTFT:84)
2025-04-18 19:36:28.580 [ALFpaka] [WARNING] Log_spec ignored when pcen is set (extractSTFT:84)
2025-04-18 19:36:28.580 [ALFpaka] [WARNING] Log_spec ignored when pcen is set (extractSTFT:84)
2025-04-18 19:36:28.581 [ALFpaka] [WARNING] Log_spec ignored when pcen is set (extractSTFT:84)
2025-04-18 19:36:28.591 [ALFpaka] [WARNING] Log_spec ignored when pcen is set (extractSTFT:84)
2025-04-18 19:36:28.593 [ALFpaka] [WARNING] Log_spec ignored when pcen is set (extractSTFT:84)
2025-04-18 19:36:28.594 [ALFpaka] [WARNING] Log_spec ignored when pcen is set (extractSTFT:84)
2025-04-18 19:36:28.594 [ALFpaka] [WARNING] Log_spec ignored when pcen is set (extractSTFT:84)
2025-04-18 19:36:28.595 [ALFpaka] [WARNING] Log_spec ignored when pcen is set (extractSTFT:84)
2025-04-18 19:36:28.596 [ALFpaka] [WARNING] Log_spec ignored when pcen is set (extractSTFT:84)
2025-04-18 19:36:28.595 [ALFpaka] [WARNING] Log_spec ignored when pcen is set (extractSTFT:84)
2025-04-18 19:36:28.596 [ALFpaka] [WARNING] Log_spec ignored when pcen is set (extractSTFT:84)
2025-04-18 19:36:28.608 [ALFpaka] [WARNING] Log_spec ignored when pcen is set (extractSTFT:84)
2025-04-18 19:36:28.608 [ALFpaka] [WARNING] Log_spec ignored when pcen is set (extractSTFT:84)
2025-04-18 19:36:28.609 [ALFpaka] [WARNING] Log_spec ignored when pcen is set (extractSTFT:84)
2025-04-18 19:36:28.610 [ALFpaka] [WARNING] Log_spec ignored when pcen is set (extractSTFT:84)
2025-04-18 19:36:28.610 [ALFpaka] [WARNING] Log_spec ignored when pcen is set (extractSTFT:84)
2025-04-18 19:36:28.610 [ALFpaka] [WARNING] Log_spec ignored when pcen is set (extractSTFT:84)
2025-04-18 19:36:28.618 [ALFpaka] [WARNING] Log_spec ignored when pcen is set (extractSTFT:84)
2025-04-18 19:36:28.619 [ALFpaka] [WARNING] Log_spec ignored when pcen is set (extractSTFT:84)
2025-04-18 19:36:28.627 [ALFpaka] [WARNING] Log_spec ignored when pcen is set (extractSTFT:84)
2025-04-18 19:36:28.636 [ALFpaka] [WARNING] Log_spec ignored when pcen is set (extractSTFT:84)
2025-04-18 19:36:28.636 [ALFpaka] [WARNING] Log_spec ignored when pcen is set (extractSTFT:84)
2025-04-18 19:36:28.637 [ALFpaka] [WARNING] Log_spec ignored when pcen is set (extractSTFT:84)
2025-04-18 19:36:28.638 [ALFpaka] [WARNING] Log_spec ignored when pcen is set (extractSTFT:84)
2025-04-18 19:36:28.639 [ALFpaka] [WARNING] Log_spec ignored when pcen is set (extractSTFT:84)
2025-04-18 19:36:28.640 [ALFpaka] [WARNING] Log_spec ignored when pcen is set (extractSTFT:84)
2025-04-18 19:36:28.642 [ALFpaka] [WARNING] Log_spec ignored when pcen is set (extractSTFT:84)
2025-04-18 19:36:28.644 [ALFpaka] [WARNING] Log_spec ignored when pcen is set (extractSTFT:84)
2025-04-18 19:36:28.645 [ALFpaka] [WARNING] Log_spec ignored when pcen is set (extractSTFT:84)
2025-04-18 19:36:28.646 [ALFpaka] [WARNING] Log_spec ignored when pcen is set (extractSTFT:84)
2025-04-18 19:36:28.646 [ALFpaka] [WARNING] Log_spec ignored when pcen is set (extractSTFT:84)
2025-04-18 19:36:28.646 [ALFpaka] [WARNING] Log_spec ignored when pcen is set (extractSTFT:84)
2025-04-18 19:36:28.645 [ALFpaka] [WARNING] Log_spec ignored when pcen is set (extractSTFT:84)
2025-04-18 19:36:28.647 [ALFpaka] [WARNING] Log_spec ignored when pcen is set (extractSTFT:84)
2025-04-18 19:36:28.648 [ALFpaka] [WARNING] Log_spec ignored when pcen is set (extractSTFT:84)
2025-04-18 19:36:28.648 [ALFpaka] [WARNING] Log_spec ignored when pcen is set (extractSTFT:84)
2025-04-18 19:36:28.653 [ALFpaka] [WARNING] Log_spec ignored when pcen is set (extractSTFT:84)
2025-04-18 19:36:28.653 [ALFpaka] [WARNING] Log_spec ignored when pcen is set (extractSTFT:84)
2025-04-18 19:36:28.654 [ALFpaka] [WARNING] Log_spec ignored when pcen is set (extractSTFT:84)
2025-04-18 19:36:28.654 [ALFpaka] [WARNING] Log_spec ignored when pcen is set (extractSTFT:84)
2025-04-18 19:36:28.655 [ALFpaka] [WARNING] Log_spec ignored when pcen is set (extractSTFT:84)
2025-04-18 19:36:28.665 [ALFpaka] [WARNING] Log_spec ignored when pcen is set (extractSTFT:84)
2025-04-18 19:36:28.665 [ALFpaka] [WARNING] Log_spec ignored when pcen is set (extractSTFT:84)
2025-04-18 19:36:28.665 [ALFpaka] [WARNING] Log_spec ignored when pcen is set (extractSTFT:84)
2025-04-18 19:36:28.666 [ALFpaka] [WARNING] Log_spec ignored when pcen is set (extractSTFT:84)
2025-04-18 19:36:28.673 [ALFpaka] [WARNING] Log_spec ignored when pcen is set (extractSTFT:84)
2025-04-18 19:36:28.674 [ALFpaka] [WARNING] Log_spec ignored when pcen is set (extractSTFT:84)
2025-04-18 19:36:28.674 [ALFpaka] [WARNING] Log_spec ignored when pcen is set (extractSTFT:84)
2025-04-18 19:36:28.676 [ALFpaka] [WARNING] Log_spec ignored when pcen is set (extractSTFT:84)
2025-04-18 19:36:28.675 [ALFpaka] [WARNING] Log_spec ignored when pcen is set (extractSTFT:84)
2025-04-18 19:36:28.676 [ALFpaka] [WARNING] Log_spec ignored when pcen is set (extractSTFT:84)
2025-04-18 19:36:28.676 [ALFpaka] [WARNING] Log_spec ignored when pcen is set (extractSTFT:84)
2025-04-18 19:36:28.677 [ALFpaka] [WARNING] Log_spec ignored when pcen is set (extractSTFT:84)
2025-04-18 19:36:28.677 [ALFpaka] [WARNING] Log_spec ignored when pcen is set (extractSTFT:84)
2025-04-18 19:36:28.677 [ALFpaka] [WARNING] Log_spec ignored when pcen is set (extractSTFT:84)
2025-04-18 19:36:28.678 [ALFpaka] [WARNING] Log_spec ignored when pcen is set (extractSTFT:84)
2025-04-18 19:36:28.679 [ALFpaka] [WARNING] Log_spec ignored when pcen is set (extractSTFT:84)
2025-04-18 19:36:28.680 [ALFpaka] [WARNING] Log_spec ignored when pcen is set (extractSTFT:84)
2025-04-18 19:36:28.680 [ALFpaka] [WARNING] Log_spec ignored when pcen is set (extractSTFT:84)
2025-04-18 19:36:28.680 [ALFpaka] [WARNING] Log_spec ignored when pcen is set (extractSTFT:84)
2025-04-18 19:36:28.681 [ALFpaka] [WARNING] Log_spec ignored when pcen is set (extractSTFT:84)
2025-04-18 19:36:28.683 [ALFpaka] [WARNING] Log_spec ignored when pcen is set (extractSTFT:84)
2025-04-18 19:36:28.684 [ALFpaka] [WARNING] Log_spec ignored when pcen is set (extractSTFT:84)
2025-04-18 19:36:28.684 [ALFpaka] [WARNING] Log_spec ignored when pcen is set (extractSTFT:84)
2025-04-18 19:36:28.872 [ALFpaka] [INFO] Extracting features for class spain-ambulance with id 0 (extractAndAddFeaturesToDataset:69)
2025-04-18 19:36:29.219 [ALFpaka] [WARNING] Log_spec ignored when pcen is set (extractSTFT:84)
2025-04-18 19:36:29.219 [ALFpaka] [WARNING] Log_spec ignored when pcen is set (extractSTFT:84)
2025-04-18 19:36:29.219 [ALFpaka] [WARNING] Log_spec ignored when pcen is set (extractSTFT:84)
2025-04-18 19:36:29.219 [ALFpaka] [WARNING] Log_spec ignored when pcen is set (extractSTFT:84)
2025-04-18 19:36:29.219 [ALFpaka] [WARNING] Log_spec ignored when pcen is set (extractSTFT:84)
2025-04-18 19:36:29.219 [ALFpaka] [WARNING] Log_spec ignored when pcen is set (extractSTFT:84)
2025-04-18 19:36:29.219 [ALFpaka] [WARNING] Log_spec ignored when pcen is set (extractSTFT:84)
2025-04-18 19:36:29.220 [ALFpaka] [WARNING] Log_spec ignored when pcen is set (extractSTFT:84)
2025-04-18 19:36:29.220 [ALFpaka] [WARNING] Log_spec ignored when pcen is set (extractSTFT:84)
2025-04-18 19:36:29.220 [ALFpaka] [WARNING] Log_spec ignored when pcen is set (extractSTFT:84)
2025-04-18 19:36:29.220 [ALFpaka] [WARNING] Log_spec ignored when pcen is set (extractSTFT:84)
2025-04-18 19:36:29.220 [ALFpaka] [WARNING] Log_spec ignored when pcen is set (extractSTFT:84)
2025-04-18 19:36:29.220 [ALFpaka] [WARNING] Log_spec ignored when pcen is set (extractSTFT:84)
2025-04-18 19:36:29.220 [ALFpaka] [WARNING] Log_spec ignored when pcen is set (extractSTFT:84)
2025-04-18 19:36:29.220 [ALFpaka] [WARNING] Log_spec ignored when pcen is set (extractSTFT:84)
2025-04-18 19:36:29.220 [ALFpaka] [WARNING] Log_spec ignored when pcen is set (extractSTFT:84)
2025-04-18 19:36:29.220 [ALFpaka] [WARNING] Log_spec ignored when pcen is set (extractSTFT:84)
2025-04-18 19:36:29.221 [ALFpaka] [WARNING] Log_spec ignored when pcen is set (extractSTFT:84)
2025-04-18 19:36:29.221 [ALFpaka] [WARNING] Log_spec ignored when pcen is set (extractSTFT:84)
2025-04-18 19:36:29.221 [ALFpaka] [WARNING] Log_spec ignored when pcen is set (extractSTFT:84)
2025-04-18 19:36:29.221 [ALFpaka] [WARNING] Log_spec ignored when pcen is set (extractSTFT:84)
2025-04-18 19:36:29.221 [ALFpaka] [WARNING] Log_spec ignored when pcen is set (extractSTFT:84)
2025-04-18 19:36:29.221 [ALFpaka] [WARNING] Log_spec ignored when pcen is set (extractSTFT:84)
2025-04-18 19:36:29.221 [ALFpaka] [WARNING] Log_spec ignored when pcen is set (extractSTFT:84)
2025-04-18 19:36:29.221 [ALFpaka] [WARNING] Log_spec ignored when pcen is set (extractSTFT:84)
2025-04-18 19:36:29.221 [ALFpaka] [WARNING] Log_spec ignored when pcen is set (extractSTFT:84)
2025-04-18 19:36:29.221 [ALFpaka] [WARNING] Log_spec ignored when pcen is set (extractSTFT:84)
2025-04-18 19:36:29.221 [ALFpaka] [WARNING] Log_spec ignored when pcen is set (extractSTFT:84)
2025-04-18 19:36:29.222 [ALFpaka] [WARNING] Log_spec ignored when pcen is set (extractSTFT:84)
2025-04-18 19:36:29.222 [ALFpaka] [WARNING] Log_spec ignored when pcen is set (extractSTFT:84)
2025-04-18 19:36:29.222 [ALFpaka] [WARNING] Log_spec ignored when pcen is set (extractSTFT:84)
2025-04-18 19:36:29.222 [ALFpaka] [WARNING] Log_spec ignored when pcen is set (extractSTFT:84)
2025-04-18 19:36:29.222 [ALFpaka] [WARNING] Log_spec ignored when pcen is set (extractSTFT:84)
2025-04-18 19:36:29.222 [ALFpaka] [WARNING] Log_spec ignored when pcen is set (extractSTFT:84)
2025-04-18 19:36:29.222 [ALFpaka] [WARNING] Log_spec ignored when pcen is set (extractSTFT:84)
2025-04-18 19:36:29.222 [ALFpaka] [WARNING] Log_spec ignored when pcen is set (extractSTFT:84)
2025-04-18 19:36:29.222 [ALFpaka] [WARNING] Log_spec ignored when pcen is set (extractSTFT:84)
2025-04-18 19:36:29.222 [ALFpaka] [WARNING] Log_spec ignored when pcen is set (extractSTFT:84)
2025-04-18 19:36:29.223 [ALFpaka] [WARNING] Log_spec ignored when pcen is set (extractSTFT:84)
2025-04-18 19:36:29.223 [ALFpaka] [WARNING] Log_spec ignored when pcen is set (extractSTFT:84)
2025-04-18 19:36:29.659 [ALFpaka] [INFO] Extracting features for class spain-firefighter with id 1 (extractAndAddFeaturesToDataset:69)
2025-04-18 19:36:30.020 [ALFpaka] [WARNING] Log_spec ignored when pcen is set (extractSTFT:84)
2025-04-18 19:36:30.020 [ALFpaka] [WARNING] Log_spec ignored when pcen is set (extractSTFT:84)
2025-04-18 19:36:30.020 [ALFpaka] [WARNING] Log_spec ignored when pcen is set (extractSTFT:84)
2025-04-18 19:36:30.020 [ALFpaka] [WARNING] Log_spec ignored when pcen is set (extractSTFT:84)
2025-04-18 19:36:30.020 [ALFpaka] [WARNING] Log_spec ignored when pcen is set (extractSTFT:84)
2025-04-18 19:36:30.020 [ALFpaka] [WARNING] Log_spec ignored when pcen is set (extractSTFT:84)
2025-04-18 19:36:30.020 [ALFpaka] [WARNING] Log_spec ignored when pcen is set (extractSTFT:84)
2025-04-18 19:36:30.021 [ALFpaka] [WARNING] Log_spec ignored when pcen is set (extractSTFT:84)
2025-04-18 19:36:30.021 [ALFpaka] [WARNING] Log_spec ignored when pcen is set (extractSTFT:84)
2025-04-18 19:36:30.021 [ALFpaka] [WARNING] Log_spec ignored when pcen is set (extractSTFT:84)
2025-04-18 19:36:30.021 [ALFpaka] [WARNING] Log_spec ignored when pcen is set (extractSTFT:84)
2025-04-18 19:36:30.021 [ALFpaka] [WARNING] Log_spec ignored when pcen is set (extractSTFT:84)
2025-04-18 19:36:30.021 [ALFpaka] [WARNING] Log_spec ignored when pcen is set (extractSTFT:84)
2025-04-18 19:36:30.021 [ALFpaka] [WARNING] Log_spec ignored when pcen is set (extractSTFT:84)
2025-04-18 19:36:30.021 [ALFpaka] [WARNING] Log_spec ignored when pcen is set (extractSTFT:84)
2025-04-18 19:36:30.021 [ALFpaka] [WARNING] Log_spec ignored when pcen is set (extractSTFT:84)
2025-04-18 19:36:30.021 [ALFpaka] [WARNING] Log_spec ignored when pcen is set (extractSTFT:84)
2025-04-18 19:36:30.022 [ALFpaka] [WARNING] Log_spec ignored when pcen is set (extractSTFT:84)
2025-04-18 19:36:30.022 [ALFpaka] [WARNING] Log_spec ignored when pcen is set (extractSTFT:84)
2025-04-18 19:36:30.022 [ALFpaka] [WARNING] Log_spec ignored when pcen is set (extractSTFT:84)
2025-04-18 19:36:30.022 [ALFpaka] [WARNING] Log_spec ignored when pcen is set (extractSTFT:84)
2025-04-18 19:36:30.022 [ALFpaka] [WARNING] Log_spec ignored when pcen is set (extractSTFT:84)
2025-04-18 19:36:30.022 [ALFpaka] [WARNING] Log_spec ignored when pcen is set (extractSTFT:84)
2025-04-18 19:36:30.022 [ALFpaka] [WARNING] Log_spec ignored when pcen is set (extractSTFT:84)
2025-04-18 19:36:30.022 [ALFpaka] [WARNING] Log_spec ignored when pcen is set (extractSTFT:84)
2025-04-18 19:36:30.022 [ALFpaka] [WARNING] Log_spec ignored when pcen is set (extractSTFT:84)
2025-04-18 19:36:30.023 [ALFpaka] [WARNING] Log_spec ignored when pcen is set (extractSTFT:84)
2025-04-18 19:36:30.023 [ALFpaka] [WARNING] Log_spec ignored when pcen is set (extractSTFT:84)
2025-04-18 19:36:30.023 [ALFpaka] [WARNING] Log_spec ignored when pcen is set (extractSTFT:84)
2025-04-18 19:36:30.023 [ALFpaka] [WARNING] Log_spec ignored when pcen is set (extractSTFT:84)
2025-04-18 19:36:30.023 [ALFpaka] [WARNING] Log_spec ignored when pcen is set (extractSTFT:84)
2025-04-18 19:36:30.023 [ALFpaka] [WARNING] Log_spec ignored when pcen is set (extractSTFT:84)
2025-04-18 19:36:30.023 [ALFpaka] [WARNING] Log_spec ignored when pcen is set (extractSTFT:84)
2025-04-18 19:36:30.025 [ALFpaka] [WARNING] Log_spec ignored when pcen is set (extractSTFT:84)
2025-04-18 19:36:30.025 [ALFpaka] [WARNING] Log_spec ignored when pcen is set (extractSTFT:84)
2025-04-18 19:36:30.025 [ALFpaka] [WARNING] Log_spec ignored when pcen is set (extractSTFT:84)
2025-04-18 19:36:30.025 [ALFpaka] [WARNING] Log_spec ignored when pcen is set (extractSTFT:84)
2025-04-18 19:36:30.025 [ALFpaka] [WARNING] Log_spec ignored when pcen is set (extractSTFT:84)
2025-04-18 19:36:30.025 [ALFpaka] [WARNING] Log_spec ignored when pcen is set (extractSTFT:84)
2025-04-18 19:36:30.025 [ALFpaka] [WARNING] Log_spec ignored when pcen is set (extractSTFT:84)
2025-04-18 19:36:30.439 [ALFpaka] [INFO] Extracting features for class spain-police with id 2 (extractAndAddFeaturesToDataset:69)
2025-04-18 19:36:30.783 [ALFpaka] [WARNING] Log_spec ignored when pcen is set (extractSTFT:84)
2025-04-18 19:36:30.783 [ALFpaka] [WARNING] Log_spec ignored when pcen is set (extractSTFT:84)
2025-04-18 19:36:30.784 [ALFpaka] [WARNING] Log_spec ignored when pcen is set (extractSTFT:84)
2025-04-18 19:36:30.784 [ALFpaka] [WARNING] Log_spec ignored when pcen is set (extractSTFT:84)
2025-04-18 19:36:30.784 [ALFpaka] [WARNING] Log_spec ignored when pcen is set (extractSTFT:84)
2025-04-18 19:36:30.784 [ALFpaka] [WARNING] Log_spec ignored when pcen is set (extractSTFT:84)
2025-04-18 19:36:30.784 [ALFpaka] [WARNING] Log_spec ignored when pcen is set (extractSTFT:84)
2025-04-18 19:36:30.784 [ALFpaka] [WARNING] Log_spec ignored when pcen is set (extractSTFT:84)
2025-04-18 19:36:30.784 [ALFpaka] [WARNING] Log_spec ignored when pcen is set (extractSTFT:84)
2025-04-18 19:36:30.784 [ALFpaka] [WARNING] Log_spec ignored when pcen is set (extractSTFT:84)
2025-04-18 19:36:30.784 [ALFpaka] [WARNING] Log_spec ignored when pcen is set (extractSTFT:84)
2025-04-18 19:36:30.784 [ALFpaka] [WARNING] Log_spec ignored when pcen is set (extractSTFT:84)
2025-04-18 19:36:30.785 [ALFpaka] [WARNING] Log_spec ignored when pcen is set (extractSTFT:84)
2025-04-18 19:36:30.785 [ALFpaka] [WARNING] Log_spec ignored when pcen is set (extractSTFT:84)
2025-04-18 19:36:30.785 [ALFpaka] [WARNING] Log_spec ignored when pcen is set (extractSTFT:84)
2025-04-18 19:36:30.785 [ALFpaka] [WARNING] Log_spec ignored when pcen is set (extractSTFT:84)
2025-04-18 19:36:30.785 [ALFpaka] [WARNING] Log_spec ignored when pcen is set (extractSTFT:84)
2025-04-18 19:36:30.785 [ALFpaka] [WARNING] Log_spec ignored when pcen is set (extractSTFT:84)
2025-04-18 19:36:30.785 [ALFpaka] [WARNING] Log_spec ignored when pcen is set (extractSTFT:84)
2025-04-18 19:36:30.785 [ALFpaka] [WARNING] Log_spec ignored when pcen is set (extractSTFT:84)
2025-04-18 19:36:30.785 [ALFpaka] [WARNING] Log_spec ignored when pcen is set (extractSTFT:84)
2025-04-18 19:36:30.785 [ALFpaka] [WARNING] Log_spec ignored when pcen is set (extractSTFT:84)
2025-04-18 19:36:30.786 [ALFpaka] [WARNING] Log_spec ignored when pcen is set (extractSTFT:84)
2025-04-18 19:36:30.786 [ALFpaka] [WARNING] Log_spec ignored when pcen is set (extractSTFT:84)
2025-04-18 19:36:30.786 [ALFpaka] [WARNING] Log_spec ignored when pcen is set (extractSTFT:84)
2025-04-18 19:36:30.786 [ALFpaka] [WARNING] Log_spec ignored when pcen is set (extractSTFT:84)
2025-04-18 19:36:30.786 [ALFpaka] [WARNING] Log_spec ignored when pcen is set (extractSTFT:84)
2025-04-18 19:36:30.786 [ALFpaka] [WARNING] Log_spec ignored when pcen is set (extractSTFT:84)
2025-04-18 19:36:30.786 [ALFpaka] [WARNING] Log_spec ignored when pcen is set (extractSTFT:84)
2025-04-18 19:36:30.786 [ALFpaka] [WARNING] Log_spec ignored when pcen is set (extractSTFT:84)
2025-04-18 19:36:30.786 [ALFpaka] [WARNING] Log_spec ignored when pcen is set (extractSTFT:84)
2025-04-18 19:36:30.786 [ALFpaka] [WARNING] Log_spec ignored when pcen is set (extractSTFT:84)
2025-04-18 19:36:30.786 [ALFpaka] [WARNING] Log_spec ignored when pcen is set (extractSTFT:84)
2025-04-18 19:36:30.787 [ALFpaka] [WARNING] Log_spec ignored when pcen is set (extractSTFT:84)
2025-04-18 19:36:30.787 [ALFpaka] [WARNING] Log_spec ignored when pcen is set (extractSTFT:84)
2025-04-18 19:36:30.787 [ALFpaka] [WARNING] Log_spec ignored when pcen is set (extractSTFT:84)
2025-04-18 19:36:30.787 [ALFpaka] [WARNING] Log_spec ignored when pcen is set (extractSTFT:84)
2025-04-18 19:36:30.787 [ALFpaka] [WARNING] Log_spec ignored when pcen is set (extractSTFT:84)
2025-04-18 19:36:30.787 [ALFpaka] [WARNING] Log_spec ignored when pcen is set (extractSTFT:84)
2025-04-18 19:36:30.787 [ALFpaka] [WARNING] Log_spec ignored when pcen is set (extractSTFT:84)
2025-04-18 19:36:31.579 [ALFpaka] [INFO] Training using one GPU (run_training:144)
2025-04-18 19:36:31.579 [ALFpaka] [INFO] --- training data --- (get_dataset_and_print_stats:76)
2025-04-18 19:36:31.579 [ALFpaka] [INFO] spain-ambulance number of files 124 (get_dataset_and_print_stats:81)
2025-04-18 19:36:31.580 [ALFpaka] [INFO] spain-firefighter number of files 124 (get_dataset_and_print_stats:81)
2025-04-18 19:36:31.580 [ALFpaka] [INFO] spain-police number of files 124 (get_dataset_and_print_stats:81)
2025-04-18 19:36:31.580 [ALFpaka] [INFO] --- test data --- (get_dataset_and_print_stats:76)
2025-04-18 19:36:31.580 [ALFpaka] [INFO] spain-ambulance number of files 40 (get_dataset_and_print_stats:81)
2025-04-18 19:36:31.580 [ALFpaka] [INFO] spain-firefighter number of files 40 (get_dataset_and_print_stats:81)
2025-04-18 19:36:31.580 [ALFpaka] [INFO] spain-police number of files 40 (get_dataset_and_print_stats:81)
2025-04-18 19:36:31.672 [ALFpaka] [INFO] Up-Sampling: class spain-ambulance by factor 1 (up_sampling_features_one_hot:597)
2025-04-18 19:36:31.672 [ALFpaka] [INFO] Up-Sampling: class spain-firefighter by factor 1 (up_sampling_features_one_hot:597)
2025-04-18 19:36:31.673 [ALFpaka] [INFO] Up-Sampling: class spain-police by factor 1 (up_sampling_features_one_hot:597)
2025-04-18 19:36:32.028 [ALFpaka] [INFO] --- training data size --- (print_feature_stats:109)
2025-04-18 19:36:32.028 [ALFpaka] [INFO] X shape --> (1860, 64, 128, 1) (print_feature_stats:111)
2025-04-18 19:36:32.029 [ALFpaka] [INFO] Y shape --> (1860, 3) (print_feature_stats:112)
2025-04-18 19:36:32.029 [ALFpaka] [INFO] number of features per frame 1 (print_feature_stats:119)
2025-04-18 19:36:32.029 [ALFpaka] [INFO] number of feature frames 1860 (print_feature_stats:120)
2025-04-18 19:36:32.034 [ALFpaka] [INFO] ---------------- CV step 1 of 1 --------------- (run_training_per_cv_step:363)
2025-04-18 19:36:32.034 [ALFpaka] [WARNING] WARNING: No validation data found! (__train_model_per_cv_step:692)
2025-04-18 19:36:32.242 [ALFpaka] [INFO] Model summary: (__trainModelInternal:135)
2025-04-18 19:36:32.242 [ALFpaka] [INFO] Model: "res_net" (print_summary:185)
2025-04-18 19:36:32.242 [ALFpaka] [INFO] __________________________________________________________________________________________________ (print_summary:186)
2025-04-18 19:36:32.242 [ALFpaka] [INFO] Layer (type)                    Output Shape         Param #     Connected to                      (print_row:183)
2025-04-18 19:36:32.242 [ALFpaka] [INFO] ================================================================================================== (print_summary:188)
2025-04-18 19:36:32.242 [ALFpaka] [INFO] input_1 (InputLayer)            [(None, 64, 128, 1)] 0                                             (print_row:183)
2025-04-18 19:36:32.242 [ALFpaka] [INFO] __________________________________________________________________________________________________ (print_summary:258)
2025-04-18 19:36:32.243 [ALFpaka] [INFO] conv2d (Conv2D)                 (None, 32, 64, 64)   1600        input_1[0][0]                     (print_row:183)
2025-04-18 19:36:32.243 [ALFpaka] [INFO] __________________________________________________________________________________________________ (print_summary:258)
2025-04-18 19:36:32.243 [ALFpaka] [INFO] batch_normalization (BatchNorma (None, 32, 64, 64)   256         conv2d[0][0]                      (print_row:183)
2025-04-18 19:36:32.243 [ALFpaka] [INFO] __________________________________________________________________________________________________ (print_summary:258)
2025-04-18 19:36:32.243 [ALFpaka] [INFO] activation (Activation)         (None, 32, 64, 64)   0           batch_normalization[0][0]         (print_row:183)
2025-04-18 19:36:32.243 [ALFpaka] [INFO] __________________________________________________________________________________________________ (print_summary:258)
2025-04-18 19:36:32.243 [ALFpaka] [INFO] batch_normalization_1 (BatchNor (None, 32, 64, 64)   256         activation[0][0]                  (print_row:183)
2025-04-18 19:36:32.243 [ALFpaka] [INFO] __________________________________________________________________________________________________ (print_summary:258)
2025-04-18 19:36:32.243 [ALFpaka] [INFO] dropout (Dropout)               (None, 32, 64, 64)   0           batch_normalization_1[0][0]       (print_row:183)
2025-04-18 19:36:32.243 [ALFpaka] [INFO] __________________________________________________________________________________________________ (print_summary:258)
2025-04-18 19:36:32.244 [ALFpaka] [INFO] conv2d_1 (Conv2D)               (None, 32, 64, 64)   36864       dropout[0][0]                     (print_row:183)
2025-04-18 19:36:32.244 [ALFpaka] [INFO] __________________________________________________________________________________________________ (print_summary:258)
2025-04-18 19:36:32.244 [ALFpaka] [INFO] activation_1 (Activation)       (None, 32, 64, 64)   0           conv2d_1[0][0]                    (print_row:183)
2025-04-18 19:36:32.244 [ALFpaka] [INFO] __________________________________________________________________________________________________ (print_summary:258)
2025-04-18 19:36:32.244 [ALFpaka] [INFO] batch_normalization_2 (BatchNor (None, 32, 64, 64)   256         activation_1[0][0]                (print_row:183)
2025-04-18 19:36:32.244 [ALFpaka] [INFO] __________________________________________________________________________________________________ (print_summary:258)
2025-04-18 19:36:32.244 [ALFpaka] [INFO] dropout_1 (Dropout)             (None, 32, 64, 64)   0           batch_normalization_2[0][0]       (print_row:183)
2025-04-18 19:36:32.244 [ALFpaka] [INFO] __________________________________________________________________________________________________ (print_summary:258)
2025-04-18 19:36:32.244 [ALFpaka] [INFO] conv2d_2 (Conv2D)               (None, 32, 64, 64)   36864       dropout_1[0][0]                   (print_row:183)
2025-04-18 19:36:32.244 [ALFpaka] [INFO] __________________________________________________________________________________________________ (print_summary:258)
2025-04-18 19:36:32.245 [ALFpaka] [INFO] add (Add)                       (None, 32, 64, 64)   0           conv2d_2[0][0]                    (print_row:183)
2025-04-18 19:36:32.245 [ALFpaka] [INFO]                                                                  batch_normalization[0][0]         (print_row:183)
2025-04-18 19:36:32.245 [ALFpaka] [INFO] __________________________________________________________________________________________________ (print_summary:258)
2025-04-18 19:36:32.245 [ALFpaka] [INFO] average_pooling2d (AveragePooli (None, 16, 32, 64)   0           add[0][0]                         (print_row:183)
2025-04-18 19:36:32.245 [ALFpaka] [INFO] __________________________________________________________________________________________________ (print_summary:258)
2025-04-18 19:36:32.245 [ALFpaka] [INFO] activation_2 (Activation)       (None, 16, 32, 64)   0           average_pooling2d[0][0]           (print_row:183)
2025-04-18 19:36:32.245 [ALFpaka] [INFO] __________________________________________________________________________________________________ (print_summary:258)
2025-04-18 19:36:32.245 [ALFpaka] [INFO] batch_normalization_3 (BatchNor (None, 16, 32, 64)   256         activation_2[0][0]                (print_row:183)
2025-04-18 19:36:32.245 [ALFpaka] [INFO] __________________________________________________________________________________________________ (print_summary:258)
2025-04-18 19:36:32.245 [ALFpaka] [INFO] dropout_2 (Dropout)             (None, 16, 32, 64)   0           batch_normalization_3[0][0]       (print_row:183)
2025-04-18 19:36:32.245 [ALFpaka] [INFO] __________________________________________________________________________________________________ (print_summary:258)
2025-04-18 19:36:32.245 [ALFpaka] [INFO] conv2d_3 (Conv2D)               (None, 16, 32, 64)   36864       dropout_2[0][0]                   (print_row:183)
2025-04-18 19:36:32.246 [ALFpaka] [INFO] __________________________________________________________________________________________________ (print_summary:258)
2025-04-18 19:36:32.246 [ALFpaka] [INFO] activation_3 (Activation)       (None, 16, 32, 64)   0           conv2d_3[0][0]                    (print_row:183)
2025-04-18 19:36:32.246 [ALFpaka] [INFO] __________________________________________________________________________________________________ (print_summary:258)
2025-04-18 19:36:32.246 [ALFpaka] [INFO] batch_normalization_4 (BatchNor (None, 16, 32, 64)   256         activation_3[0][0]                (print_row:183)
2025-04-18 19:36:32.246 [ALFpaka] [INFO] __________________________________________________________________________________________________ (print_summary:258)
2025-04-18 19:36:32.246 [ALFpaka] [INFO] dropout_3 (Dropout)             (None, 16, 32, 64)   0           batch_normalization_4[0][0]       (print_row:183)
2025-04-18 19:36:32.246 [ALFpaka] [INFO] __________________________________________________________________________________________________ (print_summary:258)
2025-04-18 19:36:32.246 [ALFpaka] [INFO] conv2d_4 (Conv2D)               (None, 16, 32, 64)   4096        dropout_3[0][0]                   (print_row:183)
2025-04-18 19:36:32.246 [ALFpaka] [INFO] __________________________________________________________________________________________________ (print_summary:258)
2025-04-18 19:36:32.246 [ALFpaka] [INFO] add_1 (Add)                     (None, 16, 32, 64)   0           conv2d_4[0][0]                    (print_row:183)
2025-04-18 19:36:32.246 [ALFpaka] [INFO]                                                                  average_pooling2d[0][0]           (print_row:183)
2025-04-18 19:36:32.247 [ALFpaka] [INFO] __________________________________________________________________________________________________ (print_summary:258)
2025-04-18 19:36:32.247 [ALFpaka] [INFO] average_pooling2d_1 (AveragePoo (None, 8, 16, 64)    0           add_1[0][0]                       (print_row:183)
2025-04-18 19:36:32.247 [ALFpaka] [INFO] __________________________________________________________________________________________________ (print_summary:258)
2025-04-18 19:36:32.247 [ALFpaka] [INFO] activation_4 (Activation)       (None, 8, 16, 64)    0           average_pooling2d_1[0][0]         (print_row:183)
2025-04-18 19:36:32.247 [ALFpaka] [INFO] __________________________________________________________________________________________________ (print_summary:258)
2025-04-18 19:36:32.247 [ALFpaka] [INFO] batch_normalization_5 (BatchNor (None, 8, 16, 64)    256         activation_4[0][0]                (print_row:183)
2025-04-18 19:36:32.247 [ALFpaka] [INFO] __________________________________________________________________________________________________ (print_summary:258)
2025-04-18 19:36:32.247 [ALFpaka] [INFO] dropout_4 (Dropout)             (None, 8, 16, 64)    0           batch_normalization_5[0][0]       (print_row:183)
2025-04-18 19:36:32.247 [ALFpaka] [INFO] __________________________________________________________________________________________________ (print_summary:258)
2025-04-18 19:36:32.247 [ALFpaka] [INFO] conv2d_5 (Conv2D)               (None, 8, 16, 64)    36864       dropout_4[0][0]                   (print_row:183)
2025-04-18 19:36:32.247 [ALFpaka] [INFO] __________________________________________________________________________________________________ (print_summary:258)
2025-04-18 19:36:32.248 [ALFpaka] [INFO] activation_5 (Activation)       (None, 8, 16, 64)    0           conv2d_5[0][0]                    (print_row:183)
2025-04-18 19:36:32.248 [ALFpaka] [INFO] __________________________________________________________________________________________________ (print_summary:258)
2025-04-18 19:36:32.248 [ALFpaka] [INFO] batch_normalization_6 (BatchNor (None, 8, 16, 64)    256         activation_5[0][0]                (print_row:183)
2025-04-18 19:36:32.248 [ALFpaka] [INFO] __________________________________________________________________________________________________ (print_summary:258)
2025-04-18 19:36:32.248 [ALFpaka] [INFO] dropout_5 (Dropout)             (None, 8, 16, 64)    0           batch_normalization_6[0][0]       (print_row:183)
2025-04-18 19:36:32.248 [ALFpaka] [INFO] __________________________________________________________________________________________________ (print_summary:258)
2025-04-18 19:36:32.248 [ALFpaka] [INFO] conv2d_6 (Conv2D)               (None, 8, 16, 64)    36864       dropout_5[0][0]                   (print_row:183)
2025-04-18 19:36:32.248 [ALFpaka] [INFO] __________________________________________________________________________________________________ (print_summary:258)
2025-04-18 19:36:32.248 [ALFpaka] [INFO] add_2 (Add)                     (None, 8, 16, 64)    0           conv2d_6[0][0]                    (print_row:183)
2025-04-18 19:36:32.248 [ALFpaka] [INFO]                                                                  average_pooling2d_1[0][0]         (print_row:183)
2025-04-18 19:36:32.248 [ALFpaka] [INFO] __________________________________________________________________________________________________ (print_summary:258)
2025-04-18 19:36:32.248 [ALFpaka] [INFO] activation_6 (Activation)       (None, 8, 16, 64)    0           add_2[0][0]                       (print_row:183)
2025-04-18 19:36:32.249 [ALFpaka] [INFO] __________________________________________________________________________________________________ (print_summary:258)
2025-04-18 19:36:32.249 [ALFpaka] [INFO] batch_normalization_7 (BatchNor (None, 8, 16, 64)    256         activation_6[0][0]                (print_row:183)
2025-04-18 19:36:32.249 [ALFpaka] [INFO] __________________________________________________________________________________________________ (print_summary:258)
2025-04-18 19:36:32.249 [ALFpaka] [INFO] dropout_6 (Dropout)             (None, 8, 16, 64)    0           batch_normalization_7[0][0]       (print_row:183)
2025-04-18 19:36:32.249 [ALFpaka] [INFO] __________________________________________________________________________________________________ (print_summary:258)
2025-04-18 19:36:32.249 [ALFpaka] [INFO] conv2d_7 (Conv2D)               (None, 8, 16, 128)   73728       dropout_6[0][0]                   (print_row:183)
2025-04-18 19:36:32.249 [ALFpaka] [INFO] __________________________________________________________________________________________________ (print_summary:258)
2025-04-18 19:36:32.249 [ALFpaka] [INFO] activation_7 (Activation)       (None, 8, 16, 128)   0           conv2d_7[0][0]                    (print_row:183)
2025-04-18 19:36:32.249 [ALFpaka] [INFO] __________________________________________________________________________________________________ (print_summary:258)
2025-04-18 19:36:32.249 [ALFpaka] [INFO] batch_normalization_8 (BatchNor (None, 8, 16, 128)   512         activation_7[0][0]                (print_row:183)
2025-04-18 19:36:32.250 [ALFpaka] [INFO] __________________________________________________________________________________________________ (print_summary:258)
2025-04-18 19:36:32.250 [ALFpaka] [INFO] dropout_7 (Dropout)             (None, 8, 16, 128)   0           batch_normalization_8[0][0]       (print_row:183)
2025-04-18 19:36:32.250 [ALFpaka] [INFO] __________________________________________________________________________________________________ (print_summary:258)
2025-04-18 19:36:32.250 [ALFpaka] [INFO] conv2d_8 (Conv2D)               (None, 8, 16, 128)   16384       dropout_7[0][0]                   (print_row:183)
2025-04-18 19:36:32.250 [ALFpaka] [INFO] __________________________________________________________________________________________________ (print_summary:258)
2025-04-18 19:36:32.250 [ALFpaka] [INFO] conv2d_9 (Conv2D)               (None, 8, 16, 128)   8192        add_2[0][0]                       (print_row:183)
2025-04-18 19:36:32.250 [ALFpaka] [INFO] __________________________________________________________________________________________________ (print_summary:258)
2025-04-18 19:36:32.250 [ALFpaka] [INFO] add_3 (Add)                     (None, 8, 16, 128)   0           conv2d_8[0][0]                    (print_row:183)
2025-04-18 19:36:32.250 [ALFpaka] [INFO]                                                                  conv2d_9[0][0]                    (print_row:183)
2025-04-18 19:36:32.250 [ALFpaka] [INFO] __________________________________________________________________________________________________ (print_summary:258)
2025-04-18 19:36:32.250 [ALFpaka] [INFO] average_pooling2d_2 (AveragePoo (None, 4, 8, 128)    0           add_3[0][0]                       (print_row:183)
2025-04-18 19:36:32.250 [ALFpaka] [INFO] __________________________________________________________________________________________________ (print_summary:258)
2025-04-18 19:36:32.251 [ALFpaka] [INFO] activation_8 (Activation)       (None, 4, 8, 128)    0           average_pooling2d_2[0][0]         (print_row:183)
2025-04-18 19:36:32.251 [ALFpaka] [INFO] __________________________________________________________________________________________________ (print_summary:258)
2025-04-18 19:36:32.251 [ALFpaka] [INFO] batch_normalization_9 (BatchNor (None, 4, 8, 128)    512         activation_8[0][0]                (print_row:183)
2025-04-18 19:36:32.251 [ALFpaka] [INFO] __________________________________________________________________________________________________ (print_summary:258)
2025-04-18 19:36:32.251 [ALFpaka] [INFO] dropout_8 (Dropout)             (None, 4, 8, 128)    0           batch_normalization_9[0][0]       (print_row:183)
2025-04-18 19:36:32.251 [ALFpaka] [INFO] __________________________________________________________________________________________________ (print_summary:258)
2025-04-18 19:36:32.251 [ALFpaka] [INFO] conv2d_10 (Conv2D)              (None, 4, 8, 256)    32768       dropout_8[0][0]                   (print_row:183)
2025-04-18 19:36:32.251 [ALFpaka] [INFO] __________________________________________________________________________________________________ (print_summary:258)
2025-04-18 19:36:32.251 [ALFpaka] [INFO] activation_9 (Activation)       (None, 4, 8, 256)    0           conv2d_10[0][0]                   (print_row:183)
2025-04-18 19:36:32.251 [ALFpaka] [INFO] __________________________________________________________________________________________________ (print_summary:258)
2025-04-18 19:36:32.251 [ALFpaka] [INFO] batch_normalization_10 (BatchNo (None, 4, 8, 256)    1024        activation_9[0][0]                (print_row:183)
2025-04-18 19:36:32.252 [ALFpaka] [INFO] __________________________________________________________________________________________________ (print_summary:258)
2025-04-18 19:36:32.252 [ALFpaka] [INFO] dropout_9 (Dropout)             (None, 4, 8, 256)    0           batch_normalization_10[0][0]      (print_row:183)
2025-04-18 19:36:32.252 [ALFpaka] [INFO] __________________________________________________________________________________________________ (print_summary:258)
2025-04-18 19:36:32.252 [ALFpaka] [INFO] conv2d_11 (Conv2D)              (None, 4, 8, 256)    65536       dropout_9[0][0]                   (print_row:183)
2025-04-18 19:36:32.252 [ALFpaka] [INFO] __________________________________________________________________________________________________ (print_summary:258)
2025-04-18 19:36:32.252 [ALFpaka] [INFO] conv2d_12 (Conv2D)              (None, 4, 8, 256)    32768       average_pooling2d_2[0][0]         (print_row:183)
2025-04-18 19:36:32.252 [ALFpaka] [INFO] __________________________________________________________________________________________________ (print_summary:258)
2025-04-18 19:36:32.252 [ALFpaka] [INFO] add_4 (Add)                     (None, 4, 8, 256)    0           conv2d_11[0][0]                   (print_row:183)
2025-04-18 19:36:32.252 [ALFpaka] [INFO]                                                                  conv2d_12[0][0]                   (print_row:183)
2025-04-18 19:36:32.252 [ALFpaka] [INFO] __________________________________________________________________________________________________ (print_summary:258)
2025-04-18 19:36:32.252 [ALFpaka] [INFO] global_average_pooling2d (Globa (None, 256)          0           add_4[0][0]                       (print_row:183)
2025-04-18 19:36:32.252 [ALFpaka] [INFO] __________________________________________________________________________________________________ (print_summary:258)
2025-04-18 19:36:32.253 [ALFpaka] [INFO] dense (Dense)                   (None, 3)            771         global_average_pooling2d[0][0]    (print_row:183)
2025-04-18 19:36:32.253 [ALFpaka] [INFO] ================================================================================================== (print_summary:256)
2025-04-18 19:36:32.254 [ALFpaka] [INFO] Total params: 424,259 (print_summary:267)
2025-04-18 19:36:32.254 [ALFpaka] [INFO] Trainable params: 422,211 (print_summary:268)
2025-04-18 19:36:32.254 [ALFpaka] [INFO] Non-trainable params: 2,048 (print_summary:269)
2025-04-18 19:36:32.254 [ALFpaka] [INFO] __________________________________________________________________________________________________ (print_summary:270)
2025-04-18 19:36:32.255 [ALFpaka] [WARNING] No validation data set! (__trainModelInternal:188)
2025-04-18 20:56:47.939 [ALFpaka] [INFO] Elapsed training time for cv_step ==> 01:20:16 (print_training_time:334)
2025-04-18 20:56:47.939 [ALFpaka] [INFO] --- test data size --- (print_feature_stats:109)
2025-04-18 20:56:47.939 [ALFpaka] [INFO] X shape --> (2044, 64, 128, 1) (print_feature_stats:111)
2025-04-18 20:56:47.939 [ALFpaka] [INFO] Y shape --> (2044, 3) (print_feature_stats:112)
2025-04-18 20:56:47.939 [ALFpaka] [INFO] number of features per frame 1 (print_feature_stats:119)
2025-04-18 20:56:47.939 [ALFpaka] [INFO] number of feature frames 2044 (print_feature_stats:120)
2025-04-18 20:56:51.607 [ALFpaka] [INFO] --- Evaluation results framewise_cv_step_1 --- (evaluate_results_with_conf_matrix_and_acc:498)
2025-04-18 20:56:51.608 [ALFpaka] [INFO] framewise_cv_step_1 accuracy (unweighted): 0.6594911937377691 (evaluate_results_with_conf_matrix_and_acc:500)
2025-04-18 20:56:51.609 [ALFpaka] [INFO] 
framewise_cv_step_1 confusion Matrix in %: 
[[ 46.47  23.91  29.62]
 [ 28.22  57.67  14.11]
 [ 0.15  3.81  96.04]] (log_confusion_matrix:521)
2025-04-18 20:56:51.609 [ALFpaka] [INFO] framewise_cv_step_1 mean class accuracy: 66.72 % (log_confusion_matrix:522)
2025-04-18 20:56:51.667 [ALFpaka] [INFO] --- Evaluation results filewise_cv_step_1 --- (evaluate_results_with_conf_matrix_and_acc:498)
2025-04-18 20:56:51.667 [ALFpaka] [INFO] filewise_cv_step_1 accuracy (unweighted): 0.6666666666666666 (evaluate_results_with_conf_matrix_and_acc:500)
2025-04-18 20:56:51.668 [ALFpaka] [INFO] 
filewise_cv_step_1 confusion Matrix in %: 
[[ 30.00  40.00  30.00]
 [ 30.00  70.00  0.00]
 [ 0.00  0.00  100.00]] (log_confusion_matrix:521)
2025-04-18 20:56:51.668 [ALFpaka] [INFO] filewise_cv_step_1 mean class accuracy: 66.67 % (log_confusion_matrix:522)
2025-04-18 20:56:51.714 [ALFpaka] [INFO] 
--- Final results after 1 iterations ---
Frame acc mean:       0.659491193738
Frame acc stdev:      0.000000000000
File acc mean:        0.666666666667
File acc stdev:       0.000000000000
Highest file acc:     0.666666666667 (seed = 1)
Lowest file acc:      0.666666666667 (seed = 1)
 (print_results:200)
2025-04-18 20:56:51.714 [ALFpaka] [INFO] Mean Confusion Matrix (framewise): 
[[ 46.47  23.91  29.62]
 [ 28.22  57.67  14.11]
 [ 0.15  3.81  96.04]] (log_final_confusion_matrices:237)
2025-04-18 20:56:51.715 [ALFpaka] [INFO] Mean Confusion Matrix (filewise): 
[[ 30.00  40.00  30.00]
 [ 30.00  70.00  0.00]
 [ 0.00  0.00  100.00]] (log_final_confusion_matrices:242)
2025-04-18 20:56:51.721 [ALFpaka] [INFO] Elapsed training time for whole training ==> 01:20:25 (print_training_time:334)
2025-04-18 20:56:51.727 [ALFpaka] [INFO] Plotting Confusion Matrices ...  (plot_confusion_matrices:476)
2025-04-18 20:56:53.771 [ALFpaka] [INFO] Plotting Confusion Matrices ...  (plot_confusion_matrices:476)
2025-04-18 20:56:59.424 [ALFpaka] [WARNING] No GIT in PATH variables ([Errno 2] No such file or directory: '.git') (get_git_version:24)
2025-04-18 20:56:59.436 [ALFpaka] [INFO] ... FINISH TRAINING ... (__training_session:96)
2025-04-18 20:56:59.436 [ALFpaka] [INFO] Closing session ...  (__training_session:105)
