2025-04-18 14:39:35.455 [ALFpaka] [INFO] ###################################################### (start_training_session:128)
2025-04-18 14:39:35.455 [ALFpaka] [INFO] ---- Config file 1 of 1 (start_training_session:129)
2025-04-18 14:39:35.455 [ALFpaka] [INFO]  Reading config .... resnet_siren_EU0.json (read_training_config:28)
2025-04-18 14:39:36.117 [ALFpaka] [WARNING] global batch_size ignored when batch_size is set in generator (read_training_config:269)
2025-04-18 14:39:36.147 [ALFpaka] [INFO]  Reading config .... done. (read_training_config:424)
2025-04-18 14:39:36.153 [ALFpaka] [INFO] ... START TRAINING ... (start_training_session:88)
2025-04-18 14:39:36.153 [ALFpaka] [INFO] Start-Time: 1744979976.1537795 (training:126)
2025-04-18 14:39:36.153 [ALFpaka] [INFO] france with id 0 (evaluate_results:153)
2025-04-18 14:39:36.153 [ALFpaka] [INFO] germany with id 1 (evaluate_results:153)
2025-04-18 14:39:36.154 [ALFpaka] [INFO] italy with id 2 (evaluate_results:153)
2025-04-18 14:39:36.154 [ALFpaka] [INFO] spain with id 3 (evaluate_results:153)
2025-04-18 14:39:36.169 [ALFpaka] [INFO] ------ Extracting features ------ (extract_features:34)
2025-04-18 14:39:36.170 [ALFpaka] [ERROR] Empty file list (get_datasets:39)
2025-04-18 14:39:36.170 [ALFpaka] [CRITICAL] Training aborted ...  (session:52)
Traceback (most recent call last):
  File "/home/juro7695/Documents/Forschungsproject/FP-Sirens/ResNet_model/alf/ALFpaka/start_training_session.py", line 93, in __training_session
    training_object.run_training()
  File "/home/juro7695/Documents/Forschungsproject/FP-Sirens/ResNet_model/alf/ALFpaka/core/training.py", line 130, in run_training
    self.__extract_all_features()
  File "/home/juro7695/Documents/Forschungsproject/FP-Sirens/ResNet_model/alf/ALFpaka/core/training.py", line 193, in __extract_all_features
    self.__training_data_model.allFeatures = extract_features.extractAllFeatures(
  File "/home/juro7695/Documents/Forschungsproject/FP-Sirens/ResNet_model/alf/ALFpaka/core/extract_features.py", line 48, in extractAllFeatures
    dataset_train = get_datasets.getDataset(main_parameters.dir_train, main_parameters.train_pattern, main_parameters.classes)
  File "/home/juro7695/Documents/Forschungsproject/FP-Sirens/ResNet_model/alf/ALFpaka/core/get_datasets.py", line 23, in getDataset
    return getDatasetFromFileList(files, classes)
  File "/home/juro7695/Documents/Forschungsproject/FP-Sirens/ResNet_model/alf/ALFpaka/core/get_datasets.py", line 40, in getDatasetFromFileList
    raise RuntimeError
RuntimeError
2025-04-18 14:39:36.173 [ALFpaka] [INFO] Closing session ...  (start_training_session:105)
2025-04-18 14:39:36.320 [ALFpaka] [INFO] Closing session ... done. (start_training_session:114)
