2024-07-17 15:25:03.364 [ALFpaka] [INFO] ###################################################### (start_training_session:128)
2024-07-17 15:25:03.364 [ALFpaka] [INFO] ---- Config file 1 of 1 (start_training_session:129)
2024-07-17 15:25:03.364 [ALFpaka] [INFO]  Reading config .... resnet_siren_EU1_f.json (read_training_config:28)
2024-07-17 15:25:03.646 [ALFpaka] [WARNING] global batch_size ignored when batch_size is set in generator (read_training_config:269)
2024-07-17 15:25:03.648 [ALFpaka] [INFO]  Reading config .... done. (read_training_config:424)
2024-07-17 15:25:03.649 [ALFpaka] [INFO] ... START TRAINING ... (start_training_session:88)
2024-07-17 15:25:03.649 [ALFpaka] [INFO] Start-Time: 1721222703.6497586 (training:126)
2024-07-17 15:25:03.650 [ALFpaka] [INFO] france-ambulance with id 0 (evaluate_results:153)
2024-07-17 15:25:03.650 [ALFpaka] [INFO] france-firefighter with id 1 (evaluate_results:153)
2024-07-17 15:25:03.650 [ALFpaka] [INFO] france-police with id 2 (evaluate_results:153)
2024-07-17 15:25:03.651 [ALFpaka] [INFO] ------ Extracting features ------ (extract_features:34)
2024-07-17 15:25:03.718 [ALFpaka] [INFO] Extracting features for class france-ambulance with id 0 (get_features_for_dataset:69)
2024-07-17 15:25:03.997 [ALFpaka] [WARNING] Log_spec ignored when pcen is set (librosa_extract_methods:84)
2024-07-17 15:25:03.998 [ALFpaka] [WARNING] Log_spec ignored when pcen is set (librosa_extract_methods:84)
2024-07-17 15:25:03.998 [ALFpaka] [WARNING] Log_spec ignored when pcen is set (librosa_extract_methods:84)
2024-07-17 15:25:03.998 [ALFpaka] [WARNING] Log_spec ignored when pcen is set (librosa_extract_methods:84)
2024-07-17 15:25:03.998 [ALFpaka] [WARNING] Log_spec ignored when pcen is set (librosa_extract_methods:84)
2024-07-17 15:25:03.999 [ALFpaka] [WARNING] Log_spec ignored when pcen is set (librosa_extract_methods:84)
2024-07-17 15:25:03.999 [ALFpaka] [WARNING] Log_spec ignored when pcen is set (librosa_extract_methods:84)
2024-07-17 15:25:03.999 [ALFpaka] [WARNING] Log_spec ignored when pcen is set (librosa_extract_methods:84)
2024-07-17 15:25:04.000 [ALFpaka] [WARNING] Log_spec ignored when pcen is set (librosa_extract_methods:84)
2024-07-17 15:25:04.000 [ALFpaka] [WARNING] Log_spec ignored when pcen is set (librosa_extract_methods:84)
2024-07-17 15:25:04.000 [ALFpaka] [WARNING] Log_spec ignored when pcen is set (librosa_extract_methods:84)
2024-07-17 15:25:04.000 [ALFpaka] [WARNING] Log_spec ignored when pcen is set (librosa_extract_methods:84)
2024-07-17 15:25:04.000 [ALFpaka] [WARNING] Log_spec ignored when pcen is set (librosa_extract_methods:84)
2024-07-17 15:25:04.001 [ALFpaka] [WARNING] Log_spec ignored when pcen is set (librosa_extract_methods:84)
2024-07-17 15:25:04.001 [ALFpaka] [WARNING] Log_spec ignored when pcen is set (librosa_extract_methods:84)
2024-07-17 15:25:04.001 [ALFpaka] [WARNING] Log_spec ignored when pcen is set (librosa_extract_methods:84)
2024-07-17 15:25:04.002 [ALFpaka] [WARNING] Log_spec ignored when pcen is set (librosa_extract_methods:84)
2024-07-17 15:25:04.002 [ALFpaka] [WARNING] Log_spec ignored when pcen is set (librosa_extract_methods:84)
2024-07-17 15:25:04.002 [ALFpaka] [WARNING] Log_spec ignored when pcen is set (librosa_extract_methods:84)
2024-07-17 15:25:04.002 [ALFpaka] [WARNING] Log_spec ignored when pcen is set (librosa_extract_methods:84)
2024-07-17 15:25:04.003 [ALFpaka] [WARNING] Log_spec ignored when pcen is set (librosa_extract_methods:84)
2024-07-17 15:25:04.003 [ALFpaka] [WARNING] Log_spec ignored when pcen is set (librosa_extract_methods:84)
2024-07-17 15:25:04.003 [ALFpaka] [WARNING] Log_spec ignored when pcen is set (librosa_extract_methods:84)
2024-07-17 15:25:04.004 [ALFpaka] [WARNING] Log_spec ignored when pcen is set (librosa_extract_methods:84)
2024-07-17 15:25:04.005 [ALFpaka] [WARNING] Log_spec ignored when pcen is set (librosa_extract_methods:84)
2024-07-17 15:25:04.005 [ALFpaka] [WARNING] Log_spec ignored when pcen is set (librosa_extract_methods:84)
2024-07-17 15:25:04.005 [ALFpaka] [WARNING] Log_spec ignored when pcen is set (librosa_extract_methods:84)
2024-07-17 15:25:04.006 [ALFpaka] [WARNING] Log_spec ignored when pcen is set (librosa_extract_methods:84)
2024-07-17 15:25:04.006 [ALFpaka] [WARNING] Log_spec ignored when pcen is set (librosa_extract_methods:84)
2024-07-17 15:25:04.007 [ALFpaka] [WARNING] Log_spec ignored when pcen is set (librosa_extract_methods:84)
2024-07-17 15:25:04.007 [ALFpaka] [WARNING] Log_spec ignored when pcen is set (librosa_extract_methods:84)
2024-07-17 15:25:05.446 [ALFpaka] [INFO] Extracting features for class france-firefighter with id 1 (get_features_for_dataset:69)
2024-07-17 15:25:05.707 [ALFpaka] [WARNING] Log_spec ignored when pcen is set (librosa_extract_methods:84)
2024-07-17 15:25:05.707 [ALFpaka] [WARNING] Log_spec ignored when pcen is set (librosa_extract_methods:84)
2024-07-17 15:25:05.707 [ALFpaka] [WARNING] Log_spec ignored when pcen is set (librosa_extract_methods:84)
2024-07-17 15:25:05.708 [ALFpaka] [WARNING] Log_spec ignored when pcen is set (librosa_extract_methods:84)
2024-07-17 15:25:05.707 [ALFpaka] [WARNING] Log_spec ignored when pcen is set (librosa_extract_methods:84)
2024-07-17 15:25:05.708 [ALFpaka] [WARNING] Log_spec ignored when pcen is set (librosa_extract_methods:84)
2024-07-17 15:25:05.708 [ALFpaka] [WARNING] Log_spec ignored when pcen is set (librosa_extract_methods:84)
2024-07-17 15:25:05.708 [ALFpaka] [WARNING] Log_spec ignored when pcen is set (librosa_extract_methods:84)
2024-07-17 15:25:05.709 [ALFpaka] [WARNING] Log_spec ignored when pcen is set (librosa_extract_methods:84)
2024-07-17 15:25:05.709 [ALFpaka] [WARNING] Log_spec ignored when pcen is set (librosa_extract_methods:84)
2024-07-17 15:25:05.709 [ALFpaka] [WARNING] Log_spec ignored when pcen is set (librosa_extract_methods:84)
2024-07-17 15:25:05.709 [ALFpaka] [WARNING] Log_spec ignored when pcen is set (librosa_extract_methods:84)
2024-07-17 15:25:05.710 [ALFpaka] [WARNING] Log_spec ignored when pcen is set (librosa_extract_methods:84)
2024-07-17 15:25:05.710 [ALFpaka] [WARNING] Log_spec ignored when pcen is set (librosa_extract_methods:84)
2024-07-17 15:25:05.710 [ALFpaka] [WARNING] Log_spec ignored when pcen is set (librosa_extract_methods:84)
2024-07-17 15:25:05.710 [ALFpaka] [WARNING] Log_spec ignored when pcen is set (librosa_extract_methods:84)
2024-07-17 15:25:05.711 [ALFpaka] [WARNING] Log_spec ignored when pcen is set (librosa_extract_methods:84)
2024-07-17 15:25:05.711 [ALFpaka] [WARNING] Log_spec ignored when pcen is set (librosa_extract_methods:84)
2024-07-17 15:25:05.712 [ALFpaka] [WARNING] Log_spec ignored when pcen is set (librosa_extract_methods:84)
2024-07-17 15:25:05.712 [ALFpaka] [WARNING] Log_spec ignored when pcen is set (librosa_extract_methods:84)
2024-07-17 15:25:05.712 [ALFpaka] [WARNING] Log_spec ignored when pcen is set (librosa_extract_methods:84)
2024-07-17 15:25:05.712 [ALFpaka] [WARNING] Log_spec ignored when pcen is set (librosa_extract_methods:84)
2024-07-17 15:25:05.713 [ALFpaka] [WARNING] Log_spec ignored when pcen is set (librosa_extract_methods:84)
2024-07-17 15:25:05.713 [ALFpaka] [WARNING] Log_spec ignored when pcen is set (librosa_extract_methods:84)
2024-07-17 15:25:05.715 [ALFpaka] [WARNING] Log_spec ignored when pcen is set (librosa_extract_methods:84)
2024-07-17 15:25:05.715 [ALFpaka] [WARNING] Log_spec ignored when pcen is set (librosa_extract_methods:84)
2024-07-17 15:25:05.715 [ALFpaka] [WARNING] Log_spec ignored when pcen is set (librosa_extract_methods:84)
2024-07-17 15:25:05.715 [ALFpaka] [WARNING] Log_spec ignored when pcen is set (librosa_extract_methods:84)
2024-07-17 15:25:05.715 [ALFpaka] [WARNING] Log_spec ignored when pcen is set (librosa_extract_methods:84)
2024-07-17 15:25:05.716 [ALFpaka] [WARNING] Log_spec ignored when pcen is set (librosa_extract_methods:84)
2024-07-17 15:25:05.716 [ALFpaka] [WARNING] Log_spec ignored when pcen is set (librosa_extract_methods:84)
2024-07-17 15:25:07.160 [ALFpaka] [INFO] Extracting features for class france-police with id 2 (get_features_for_dataset:69)
2024-07-17 15:25:07.568 [ALFpaka] [WARNING] Log_spec ignored when pcen is set (librosa_extract_methods:84)
2024-07-17 15:25:07.568 [ALFpaka] [WARNING] Log_spec ignored when pcen is set (librosa_extract_methods:84)
2024-07-17 15:25:07.568 [ALFpaka] [WARNING] Log_spec ignored when pcen is set (librosa_extract_methods:84)
2024-07-17 15:25:07.568 [ALFpaka] [WARNING] Log_spec ignored when pcen is set (librosa_extract_methods:84)
2024-07-17 15:25:07.568 [ALFpaka] [WARNING] Log_spec ignored when pcen is set (librosa_extract_methods:84)
2024-07-17 15:25:07.569 [ALFpaka] [WARNING] Log_spec ignored when pcen is set (librosa_extract_methods:84)
2024-07-17 15:25:07.569 [ALFpaka] [WARNING] Log_spec ignored when pcen is set (librosa_extract_methods:84)
2024-07-17 15:25:07.569 [ALFpaka] [WARNING] Log_spec ignored when pcen is set (librosa_extract_methods:84)
2024-07-17 15:25:07.569 [ALFpaka] [WARNING] Log_spec ignored when pcen is set (librosa_extract_methods:84)
2024-07-17 15:25:07.569 [ALFpaka] [WARNING] Log_spec ignored when pcen is set (librosa_extract_methods:84)
2024-07-17 15:25:07.569 [ALFpaka] [WARNING] Log_spec ignored when pcen is set (librosa_extract_methods:84)
2024-07-17 15:25:07.569 [ALFpaka] [WARNING] Log_spec ignored when pcen is set (librosa_extract_methods:84)
2024-07-17 15:25:07.570 [ALFpaka] [WARNING] Log_spec ignored when pcen is set (librosa_extract_methods:84)
2024-07-17 15:25:07.570 [ALFpaka] [WARNING] Log_spec ignored when pcen is set (librosa_extract_methods:84)
2024-07-17 15:25:07.570 [ALFpaka] [WARNING] Log_spec ignored when pcen is set (librosa_extract_methods:84)
2024-07-17 15:25:07.570 [ALFpaka] [WARNING] Log_spec ignored when pcen is set (librosa_extract_methods:84)
2024-07-17 15:25:07.570 [ALFpaka] [WARNING] Log_spec ignored when pcen is set (librosa_extract_methods:84)
2024-07-17 15:25:07.571 [ALFpaka] [WARNING] Log_spec ignored when pcen is set (librosa_extract_methods:84)
2024-07-17 15:25:07.571 [ALFpaka] [WARNING] Log_spec ignored when pcen is set (librosa_extract_methods:84)
2024-07-17 15:25:07.571 [ALFpaka] [WARNING] Log_spec ignored when pcen is set (librosa_extract_methods:84)
2024-07-17 15:25:07.571 [ALFpaka] [WARNING] Log_spec ignored when pcen is set (librosa_extract_methods:84)
2024-07-17 15:25:07.571 [ALFpaka] [WARNING] Log_spec ignored when pcen is set (librosa_extract_methods:84)
2024-07-17 15:25:07.571 [ALFpaka] [WARNING] Log_spec ignored when pcen is set (librosa_extract_methods:84)
2024-07-17 15:25:07.572 [ALFpaka] [WARNING] Log_spec ignored when pcen is set (librosa_extract_methods:84)
2024-07-17 15:25:07.572 [ALFpaka] [WARNING] Log_spec ignored when pcen is set (librosa_extract_methods:84)
2024-07-17 15:25:07.572 [ALFpaka] [WARNING] Log_spec ignored when pcen is set (librosa_extract_methods:84)
2024-07-17 15:25:07.573 [ALFpaka] [WARNING] Log_spec ignored when pcen is set (librosa_extract_methods:84)
2024-07-17 15:25:07.573 [ALFpaka] [WARNING] Log_spec ignored when pcen is set (librosa_extract_methods:84)
2024-07-17 15:25:07.573 [ALFpaka] [WARNING] Log_spec ignored when pcen is set (librosa_extract_methods:84)
2024-07-17 15:25:07.573 [ALFpaka] [WARNING] Log_spec ignored when pcen is set (librosa_extract_methods:84)
2024-07-17 15:25:07.573 [ALFpaka] [WARNING] Log_spec ignored when pcen is set (librosa_extract_methods:84)
2024-07-17 15:25:09.385 [ALFpaka] [INFO] Extracting features for class france-ambulance with id 0 (get_features_for_dataset:69)
2024-07-17 15:25:09.903 [ALFpaka] [WARNING] Log_spec ignored when pcen is set (librosa_extract_methods:84)
2024-07-17 15:25:09.903 [ALFpaka] [WARNING] Log_spec ignored when pcen is set (librosa_extract_methods:84)
2024-07-17 15:25:09.904 [ALFpaka] [WARNING] Log_spec ignored when pcen is set (librosa_extract_methods:84)
2024-07-17 15:25:09.907 [ALFpaka] [WARNING] Log_spec ignored when pcen is set (librosa_extract_methods:84)
2024-07-17 15:25:09.905 [ALFpaka] [WARNING] Log_spec ignored when pcen is set (librosa_extract_methods:84)
2024-07-17 15:25:09.904 [ALFpaka] [WARNING] Log_spec ignored when pcen is set (librosa_extract_methods:84)
2024-07-17 15:25:09.908 [ALFpaka] [WARNING] Log_spec ignored when pcen is set (librosa_extract_methods:84)
2024-07-17 15:25:09.908 [ALFpaka] [WARNING] Log_spec ignored when pcen is set (librosa_extract_methods:84)
2024-07-17 15:25:09.909 [ALFpaka] [WARNING] Log_spec ignored when pcen is set (librosa_extract_methods:84)
2024-07-17 15:25:09.910 [ALFpaka] [WARNING] Log_spec ignored when pcen is set (librosa_extract_methods:84)
2024-07-17 15:25:11.055 [ALFpaka] [INFO] Extracting features for class france-firefighter with id 1 (get_features_for_dataset:69)
2024-07-17 15:25:11.705 [ALFpaka] [WARNING] Log_spec ignored when pcen is set (librosa_extract_methods:84)
2024-07-17 15:25:11.705 [ALFpaka] [WARNING] Log_spec ignored when pcen is set (librosa_extract_methods:84)
2024-07-17 15:25:11.705 [ALFpaka] [WARNING] Log_spec ignored when pcen is set (librosa_extract_methods:84)
2024-07-17 15:25:11.705 [ALFpaka] [WARNING] Log_spec ignored when pcen is set (librosa_extract_methods:84)
2024-07-17 15:25:11.705 [ALFpaka] [WARNING] Log_spec ignored when pcen is set (librosa_extract_methods:84)
2024-07-17 15:25:11.706 [ALFpaka] [WARNING] Log_spec ignored when pcen is set (librosa_extract_methods:84)
2024-07-17 15:25:11.706 [ALFpaka] [WARNING] Log_spec ignored when pcen is set (librosa_extract_methods:84)
2024-07-17 15:25:11.706 [ALFpaka] [WARNING] Log_spec ignored when pcen is set (librosa_extract_methods:84)
2024-07-17 15:25:11.706 [ALFpaka] [WARNING] Log_spec ignored when pcen is set (librosa_extract_methods:84)
2024-07-17 15:25:11.706 [ALFpaka] [WARNING] Log_spec ignored when pcen is set (librosa_extract_methods:84)
2024-07-17 15:25:12.855 [ALFpaka] [INFO] Extracting features for class france-police with id 2 (get_features_for_dataset:69)
2024-07-17 15:25:13.437 [ALFpaka] [WARNING] Log_spec ignored when pcen is set (librosa_extract_methods:84)
2024-07-17 15:25:13.437 [ALFpaka] [WARNING] Log_spec ignored when pcen is set (librosa_extract_methods:84)
2024-07-17 15:25:13.437 [ALFpaka] [WARNING] Log_spec ignored when pcen is set (librosa_extract_methods:84)
2024-07-17 15:25:13.437 [ALFpaka] [WARNING] Log_spec ignored when pcen is set (librosa_extract_methods:84)
2024-07-17 15:25:13.438 [ALFpaka] [WARNING] Log_spec ignored when pcen is set (librosa_extract_methods:84)
2024-07-17 15:25:13.438 [ALFpaka] [WARNING] Log_spec ignored when pcen is set (librosa_extract_methods:84)
2024-07-17 15:25:13.438 [ALFpaka] [WARNING] Log_spec ignored when pcen is set (librosa_extract_methods:84)
2024-07-17 15:25:13.438 [ALFpaka] [WARNING] Log_spec ignored when pcen is set (librosa_extract_methods:84)
2024-07-17 15:25:13.438 [ALFpaka] [WARNING] Log_spec ignored when pcen is set (librosa_extract_methods:84)
2024-07-17 15:25:13.439 [ALFpaka] [WARNING] Log_spec ignored when pcen is set (librosa_extract_methods:84)
2024-07-17 15:25:14.925 [ALFpaka] [INFO] Training using one GPU (training:144)
2024-07-17 15:25:14.926 [ALFpaka] [INFO] --- training data --- (evaluate_results:76)
2024-07-17 15:25:14.926 [ALFpaka] [INFO] france-ambulance number of files 31 (evaluate_results:81)
2024-07-17 15:25:14.926 [ALFpaka] [INFO] france-firefighter number of files 31 (evaluate_results:81)
2024-07-17 15:25:14.926 [ALFpaka] [INFO] france-police number of files 31 (evaluate_results:81)
2024-07-17 15:25:14.926 [ALFpaka] [INFO] --- test data --- (evaluate_results:76)
2024-07-17 15:25:14.926 [ALFpaka] [INFO] france-ambulance number of files 10 (evaluate_results:81)
2024-07-17 15:25:14.926 [ALFpaka] [INFO] france-firefighter number of files 10 (evaluate_results:81)
2024-07-17 15:25:14.926 [ALFpaka] [INFO] france-police number of files 10 (evaluate_results:81)
2024-07-17 15:25:15.263 [ALFpaka] [INFO] --- training data size --- (evaluate_results:109)
2024-07-17 15:25:15.263 [ALFpaka] [INFO] X shape --> (451, 64, 128, 2) (evaluate_results:111)
2024-07-17 15:25:15.263 [ALFpaka] [INFO] Y shape --> (451, 3) (evaluate_results:112)
2024-07-17 15:25:15.264 [ALFpaka] [INFO] number of features per frame 2 (evaluate_results:119)
2024-07-17 15:25:15.264 [ALFpaka] [INFO] number of feature frames 451 (evaluate_results:120)
2024-07-17 15:25:15.265 [ALFpaka] [INFO] ---------------- CV step 1 of 1 --------------- (training:363)
2024-07-17 15:25:15.265 [ALFpaka] [WARNING] WARNING: No validation data found! (training:692)
2024-07-17 15:25:15.739 [ALFpaka] [INFO] Model summary: (train_keras_model:135)
2024-07-17 15:25:15.740 [ALFpaka] [INFO] Model: "res_net" (layer_utils:185)
2024-07-17 15:25:15.740 [ALFpaka] [INFO] __________________________________________________________________________________________________ (layer_utils:186)
2024-07-17 15:25:15.740 [ALFpaka] [INFO] Layer (type)                    Output Shape         Param #     Connected to                      (layer_utils:183)
2024-07-17 15:25:15.740 [ALFpaka] [INFO] ================================================================================================== (layer_utils:188)
2024-07-17 15:25:15.741 [ALFpaka] [INFO] input_1 (InputLayer)            [(None, 64, 128, 2)] 0                                             (layer_utils:183)
2024-07-17 15:25:15.741 [ALFpaka] [INFO] __________________________________________________________________________________________________ (layer_utils:258)
2024-07-17 15:25:15.741 [ALFpaka] [INFO] conv2d (Conv2D)                 (None, 32, 64, 64)   3200        input_1[0][0]                     (layer_utils:183)
2024-07-17 15:25:15.741 [ALFpaka] [INFO] __________________________________________________________________________________________________ (layer_utils:258)
2024-07-17 15:25:15.743 [ALFpaka] [INFO] batch_normalization (BatchNorma (None, 32, 64, 64)   256         conv2d[0][0]                      (layer_utils:183)
2024-07-17 15:25:15.743 [ALFpaka] [INFO] __________________________________________________________________________________________________ (layer_utils:258)
2024-07-17 15:25:15.744 [ALFpaka] [INFO] activation (Activation)         (None, 32, 64, 64)   0           batch_normalization[0][0]         (layer_utils:183)
2024-07-17 15:25:15.745 [ALFpaka] [INFO] __________________________________________________________________________________________________ (layer_utils:258)
2024-07-17 15:25:15.746 [ALFpaka] [INFO] batch_normalization_1 (BatchNor (None, 32, 64, 64)   256         activation[0][0]                  (layer_utils:183)
2024-07-17 15:25:15.746 [ALFpaka] [INFO] __________________________________________________________________________________________________ (layer_utils:258)
2024-07-17 15:25:15.747 [ALFpaka] [INFO] dropout (Dropout)               (None, 32, 64, 64)   0           batch_normalization_1[0][0]       (layer_utils:183)
2024-07-17 15:25:15.747 [ALFpaka] [INFO] __________________________________________________________________________________________________ (layer_utils:258)
2024-07-17 15:25:15.748 [ALFpaka] [INFO] conv2d_1 (Conv2D)               (None, 32, 64, 64)   36864       dropout[0][0]                     (layer_utils:183)
2024-07-17 15:25:15.748 [ALFpaka] [INFO] __________________________________________________________________________________________________ (layer_utils:258)
2024-07-17 15:25:15.748 [ALFpaka] [INFO] activation_1 (Activation)       (None, 32, 64, 64)   0           conv2d_1[0][0]                    (layer_utils:183)
2024-07-17 15:25:15.748 [ALFpaka] [INFO] __________________________________________________________________________________________________ (layer_utils:258)
2024-07-17 15:25:15.748 [ALFpaka] [INFO] batch_normalization_2 (BatchNor (None, 32, 64, 64)   256         activation_1[0][0]                (layer_utils:183)
2024-07-17 15:25:15.748 [ALFpaka] [INFO] __________________________________________________________________________________________________ (layer_utils:258)
2024-07-17 15:25:15.749 [ALFpaka] [INFO] dropout_1 (Dropout)             (None, 32, 64, 64)   0           batch_normalization_2[0][0]       (layer_utils:183)
2024-07-17 15:25:15.749 [ALFpaka] [INFO] __________________________________________________________________________________________________ (layer_utils:258)
2024-07-17 15:25:15.749 [ALFpaka] [INFO] conv2d_2 (Conv2D)               (None, 32, 64, 64)   36864       dropout_1[0][0]                   (layer_utils:183)
2024-07-17 15:25:15.749 [ALFpaka] [INFO] __________________________________________________________________________________________________ (layer_utils:258)
2024-07-17 15:25:15.749 [ALFpaka] [INFO] add (Add)                       (None, 32, 64, 64)   0           conv2d_2[0][0]                    (layer_utils:183)
2024-07-17 15:25:15.750 [ALFpaka] [INFO]                                                                  batch_normalization[0][0]         (layer_utils:183)
2024-07-17 15:25:15.750 [ALFpaka] [INFO] __________________________________________________________________________________________________ (layer_utils:258)
2024-07-17 15:25:15.750 [ALFpaka] [INFO] average_pooling2d (AveragePooli (None, 16, 32, 64)   0           add[0][0]                         (layer_utils:183)
2024-07-17 15:25:15.750 [ALFpaka] [INFO] __________________________________________________________________________________________________ (layer_utils:258)
2024-07-17 15:25:15.750 [ALFpaka] [INFO] activation_2 (Activation)       (None, 16, 32, 64)   0           average_pooling2d[0][0]           (layer_utils:183)
2024-07-17 15:25:15.750 [ALFpaka] [INFO] __________________________________________________________________________________________________ (layer_utils:258)
2024-07-17 15:25:15.751 [ALFpaka] [INFO] batch_normalization_3 (BatchNor (None, 16, 32, 64)   256         activation_2[0][0]                (layer_utils:183)
2024-07-17 15:25:15.751 [ALFpaka] [INFO] __________________________________________________________________________________________________ (layer_utils:258)
2024-07-17 15:25:15.751 [ALFpaka] [INFO] dropout_2 (Dropout)             (None, 16, 32, 64)   0           batch_normalization_3[0][0]       (layer_utils:183)
2024-07-17 15:25:15.751 [ALFpaka] [INFO] __________________________________________________________________________________________________ (layer_utils:258)
2024-07-17 15:25:15.751 [ALFpaka] [INFO] conv2d_3 (Conv2D)               (None, 16, 32, 64)   36864       dropout_2[0][0]                   (layer_utils:183)
2024-07-17 15:25:15.751 [ALFpaka] [INFO] __________________________________________________________________________________________________ (layer_utils:258)
2024-07-17 15:25:15.752 [ALFpaka] [INFO] activation_3 (Activation)       (None, 16, 32, 64)   0           conv2d_3[0][0]                    (layer_utils:183)
2024-07-17 15:25:15.752 [ALFpaka] [INFO] __________________________________________________________________________________________________ (layer_utils:258)
2024-07-17 15:25:15.752 [ALFpaka] [INFO] batch_normalization_4 (BatchNor (None, 16, 32, 64)   256         activation_3[0][0]                (layer_utils:183)
2024-07-17 15:25:15.752 [ALFpaka] [INFO] __________________________________________________________________________________________________ (layer_utils:258)
2024-07-17 15:25:15.752 [ALFpaka] [INFO] dropout_3 (Dropout)             (None, 16, 32, 64)   0           batch_normalization_4[0][0]       (layer_utils:183)
2024-07-17 15:25:15.752 [ALFpaka] [INFO] __________________________________________________________________________________________________ (layer_utils:258)
2024-07-17 15:25:15.753 [ALFpaka] [INFO] conv2d_4 (Conv2D)               (None, 16, 32, 64)   4096        dropout_3[0][0]                   (layer_utils:183)
2024-07-17 15:25:15.753 [ALFpaka] [INFO] __________________________________________________________________________________________________ (layer_utils:258)
2024-07-17 15:25:15.753 [ALFpaka] [INFO] add_1 (Add)                     (None, 16, 32, 64)   0           conv2d_4[0][0]                    (layer_utils:183)
2024-07-17 15:25:15.753 [ALFpaka] [INFO]                                                                  average_pooling2d[0][0]           (layer_utils:183)
2024-07-17 15:25:15.753 [ALFpaka] [INFO] __________________________________________________________________________________________________ (layer_utils:258)
2024-07-17 15:25:15.753 [ALFpaka] [INFO] average_pooling2d_1 (AveragePoo (None, 8, 16, 64)    0           add_1[0][0]                       (layer_utils:183)
2024-07-17 15:25:15.754 [ALFpaka] [INFO] __________________________________________________________________________________________________ (layer_utils:258)
2024-07-17 15:25:15.754 [ALFpaka] [INFO] activation_4 (Activation)       (None, 8, 16, 64)    0           average_pooling2d_1[0][0]         (layer_utils:183)
2024-07-17 15:25:15.754 [ALFpaka] [INFO] __________________________________________________________________________________________________ (layer_utils:258)
2024-07-17 15:25:15.754 [ALFpaka] [INFO] batch_normalization_5 (BatchNor (None, 8, 16, 64)    256         activation_4[0][0]                (layer_utils:183)
2024-07-17 15:25:15.754 [ALFpaka] [INFO] __________________________________________________________________________________________________ (layer_utils:258)
2024-07-17 15:25:15.755 [ALFpaka] [INFO] dropout_4 (Dropout)             (None, 8, 16, 64)    0           batch_normalization_5[0][0]       (layer_utils:183)
2024-07-17 15:25:15.755 [ALFpaka] [INFO] __________________________________________________________________________________________________ (layer_utils:258)
2024-07-17 15:25:15.755 [ALFpaka] [INFO] conv2d_5 (Conv2D)               (None, 8, 16, 64)    36864       dropout_4[0][0]                   (layer_utils:183)
2024-07-17 15:25:15.755 [ALFpaka] [INFO] __________________________________________________________________________________________________ (layer_utils:258)
2024-07-17 15:25:15.755 [ALFpaka] [INFO] activation_5 (Activation)       (None, 8, 16, 64)    0           conv2d_5[0][0]                    (layer_utils:183)
2024-07-17 15:25:15.755 [ALFpaka] [INFO] __________________________________________________________________________________________________ (layer_utils:258)
2024-07-17 15:25:15.756 [ALFpaka] [INFO] batch_normalization_6 (BatchNor (None, 8, 16, 64)    256         activation_5[0][0]                (layer_utils:183)
2024-07-17 15:25:15.756 [ALFpaka] [INFO] __________________________________________________________________________________________________ (layer_utils:258)
2024-07-17 15:25:15.756 [ALFpaka] [INFO] dropout_5 (Dropout)             (None, 8, 16, 64)    0           batch_normalization_6[0][0]       (layer_utils:183)
2024-07-17 15:25:15.756 [ALFpaka] [INFO] __________________________________________________________________________________________________ (layer_utils:258)
2024-07-17 15:25:15.756 [ALFpaka] [INFO] conv2d_6 (Conv2D)               (None, 8, 16, 64)    36864       dropout_5[0][0]                   (layer_utils:183)
2024-07-17 15:25:15.756 [ALFpaka] [INFO] __________________________________________________________________________________________________ (layer_utils:258)
2024-07-17 15:25:15.757 [ALFpaka] [INFO] add_2 (Add)                     (None, 8, 16, 64)    0           conv2d_6[0][0]                    (layer_utils:183)
2024-07-17 15:25:15.757 [ALFpaka] [INFO]                                                                  average_pooling2d_1[0][0]         (layer_utils:183)
2024-07-17 15:25:15.757 [ALFpaka] [INFO] __________________________________________________________________________________________________ (layer_utils:258)
2024-07-17 15:25:15.757 [ALFpaka] [INFO] activation_6 (Activation)       (None, 8, 16, 64)    0           add_2[0][0]                       (layer_utils:183)
2024-07-17 15:25:15.757 [ALFpaka] [INFO] __________________________________________________________________________________________________ (layer_utils:258)
2024-07-17 15:25:15.758 [ALFpaka] [INFO] batch_normalization_7 (BatchNor (None, 8, 16, 64)    256         activation_6[0][0]                (layer_utils:183)
2024-07-17 15:25:15.758 [ALFpaka] [INFO] __________________________________________________________________________________________________ (layer_utils:258)
2024-07-17 15:25:15.758 [ALFpaka] [INFO] dropout_6 (Dropout)             (None, 8, 16, 64)    0           batch_normalization_7[0][0]       (layer_utils:183)
2024-07-17 15:25:15.758 [ALFpaka] [INFO] __________________________________________________________________________________________________ (layer_utils:258)
2024-07-17 15:25:15.758 [ALFpaka] [INFO] conv2d_7 (Conv2D)               (None, 8, 16, 128)   73728       dropout_6[0][0]                   (layer_utils:183)
2024-07-17 15:25:15.758 [ALFpaka] [INFO] __________________________________________________________________________________________________ (layer_utils:258)
2024-07-17 15:25:15.759 [ALFpaka] [INFO] activation_7 (Activation)       (None, 8, 16, 128)   0           conv2d_7[0][0]                    (layer_utils:183)
2024-07-17 15:25:15.759 [ALFpaka] [INFO] __________________________________________________________________________________________________ (layer_utils:258)
2024-07-17 15:25:15.759 [ALFpaka] [INFO] batch_normalization_8 (BatchNor (None, 8, 16, 128)   512         activation_7[0][0]                (layer_utils:183)
2024-07-17 15:25:15.759 [ALFpaka] [INFO] __________________________________________________________________________________________________ (layer_utils:258)
2024-07-17 15:25:15.759 [ALFpaka] [INFO] dropout_7 (Dropout)             (None, 8, 16, 128)   0           batch_normalization_8[0][0]       (layer_utils:183)
2024-07-17 15:25:15.759 [ALFpaka] [INFO] __________________________________________________________________________________________________ (layer_utils:258)
2024-07-17 15:25:15.760 [ALFpaka] [INFO] conv2d_8 (Conv2D)               (None, 8, 16, 128)   16384       dropout_7[0][0]                   (layer_utils:183)
2024-07-17 15:25:15.760 [ALFpaka] [INFO] __________________________________________________________________________________________________ (layer_utils:258)
2024-07-17 15:25:15.760 [ALFpaka] [INFO] conv2d_9 (Conv2D)               (None, 8, 16, 128)   8192        add_2[0][0]                       (layer_utils:183)
2024-07-17 15:25:15.760 [ALFpaka] [INFO] __________________________________________________________________________________________________ (layer_utils:258)
2024-07-17 15:25:15.760 [ALFpaka] [INFO] add_3 (Add)                     (None, 8, 16, 128)   0           conv2d_8[0][0]                    (layer_utils:183)
2024-07-17 15:25:15.760 [ALFpaka] [INFO]                                                                  conv2d_9[0][0]                    (layer_utils:183)
2024-07-17 15:25:15.761 [ALFpaka] [INFO] __________________________________________________________________________________________________ (layer_utils:258)
2024-07-17 15:25:15.761 [ALFpaka] [INFO] average_pooling2d_2 (AveragePoo (None, 4, 8, 128)    0           add_3[0][0]                       (layer_utils:183)
2024-07-17 15:25:15.762 [ALFpaka] [INFO] __________________________________________________________________________________________________ (layer_utils:258)
2024-07-17 15:25:15.762 [ALFpaka] [INFO] activation_8 (Activation)       (None, 4, 8, 128)    0           average_pooling2d_2[0][0]         (layer_utils:183)
2024-07-17 15:25:15.763 [ALFpaka] [INFO] __________________________________________________________________________________________________ (layer_utils:258)
2024-07-17 15:25:15.765 [ALFpaka] [INFO] batch_normalization_9 (BatchNor (None, 4, 8, 128)    512         activation_8[0][0]                (layer_utils:183)
2024-07-17 15:25:15.765 [ALFpaka] [INFO] __________________________________________________________________________________________________ (layer_utils:258)
2024-07-17 15:25:15.766 [ALFpaka] [INFO] dropout_8 (Dropout)             (None, 4, 8, 128)    0           batch_normalization_9[0][0]       (layer_utils:183)
2024-07-17 15:25:15.766 [ALFpaka] [INFO] __________________________________________________________________________________________________ (layer_utils:258)
2024-07-17 15:25:15.766 [ALFpaka] [INFO] conv2d_10 (Conv2D)              (None, 4, 8, 256)    32768       dropout_8[0][0]                   (layer_utils:183)
2024-07-17 15:25:15.766 [ALFpaka] [INFO] __________________________________________________________________________________________________ (layer_utils:258)
2024-07-17 15:25:15.767 [ALFpaka] [INFO] activation_9 (Activation)       (None, 4, 8, 256)    0           conv2d_10[0][0]                   (layer_utils:183)
2024-07-17 15:25:15.767 [ALFpaka] [INFO] __________________________________________________________________________________________________ (layer_utils:258)
2024-07-17 15:25:15.767 [ALFpaka] [INFO] batch_normalization_10 (BatchNo (None, 4, 8, 256)    1024        activation_9[0][0]                (layer_utils:183)
2024-07-17 15:25:15.767 [ALFpaka] [INFO] __________________________________________________________________________________________________ (layer_utils:258)
2024-07-17 15:25:15.768 [ALFpaka] [INFO] dropout_9 (Dropout)             (None, 4, 8, 256)    0           batch_normalization_10[0][0]      (layer_utils:183)
2024-07-17 15:25:15.768 [ALFpaka] [INFO] __________________________________________________________________________________________________ (layer_utils:258)
2024-07-17 15:25:15.768 [ALFpaka] [INFO] conv2d_11 (Conv2D)              (None, 4, 8, 256)    65536       dropout_9[0][0]                   (layer_utils:183)
2024-07-17 15:25:15.768 [ALFpaka] [INFO] __________________________________________________________________________________________________ (layer_utils:258)
2024-07-17 15:25:15.769 [ALFpaka] [INFO] conv2d_12 (Conv2D)              (None, 4, 8, 256)    32768       average_pooling2d_2[0][0]         (layer_utils:183)
2024-07-17 15:25:15.769 [ALFpaka] [INFO] __________________________________________________________________________________________________ (layer_utils:258)
2024-07-17 15:25:15.769 [ALFpaka] [INFO] add_4 (Add)                     (None, 4, 8, 256)    0           conv2d_11[0][0]                   (layer_utils:183)
2024-07-17 15:25:15.769 [ALFpaka] [INFO]                                                                  conv2d_12[0][0]                   (layer_utils:183)
2024-07-17 15:25:15.770 [ALFpaka] [INFO] __________________________________________________________________________________________________ (layer_utils:258)
2024-07-17 15:25:15.770 [ALFpaka] [INFO] global_average_pooling2d (Globa (None, 256)          0           add_4[0][0]                       (layer_utils:183)
2024-07-17 15:25:15.770 [ALFpaka] [INFO] __________________________________________________________________________________________________ (layer_utils:258)
2024-07-17 15:25:15.770 [ALFpaka] [INFO] dense (Dense)                   (None, 3)            771         global_average_pooling2d[0][0]    (layer_utils:183)
2024-07-17 15:25:15.771 [ALFpaka] [INFO] ================================================================================================== (layer_utils:256)
2024-07-17 15:25:15.773 [ALFpaka] [INFO] Total params: 425,859 (layer_utils:267)
2024-07-17 15:25:15.773 [ALFpaka] [INFO] Trainable params: 423,811 (layer_utils:268)
2024-07-17 15:25:15.773 [ALFpaka] [INFO] Non-trainable params: 2,048 (layer_utils:269)
2024-07-17 15:25:15.773 [ALFpaka] [INFO] __________________________________________________________________________________________________ (layer_utils:270)
2024-07-17 15:25:15.775 [ALFpaka] [WARNING] No validation data set! (train_keras_model:188)
2024-07-17 16:30:45.924 [ALFpaka] [INFO] Elapsed training time for cv_step ==> 01:05:30 (evaluate_results:334)
2024-07-17 16:30:45.925 [ALFpaka] [INFO] --- test data size --- (evaluate_results:109)
2024-07-17 16:30:45.925 [ALFpaka] [INFO] X shape --> (516, 64, 128, 2) (evaluate_results:111)
2024-07-17 16:30:45.925 [ALFpaka] [INFO] Y shape --> (516, 3) (evaluate_results:112)
2024-07-17 16:30:45.926 [ALFpaka] [INFO] number of features per frame 2 (evaluate_results:119)
2024-07-17 16:30:45.926 [ALFpaka] [INFO] number of feature frames 516 (evaluate_results:120)
2024-07-17 16:30:55.730 [ALFpaka] [INFO] --- Evaluation results framewise_cv_step_1 --- (evaluate_results:498)
2024-07-17 16:30:55.730 [ALFpaka] [INFO] framewise_cv_step_1 accuracy (unweighted): 0.5155038759689923 (evaluate_results:500)
2024-07-17 16:30:55.732 [ALFpaka] [INFO] 
framewise_cv_step_1 confusion Matrix in %: 
[[ 3.47  29.48  67.05]
 [ 0.00  94.17  5.83]
 [ 0.45  33.63  65.92]] (evaluate_results:521)
2024-07-17 16:30:55.732 [ALFpaka] [INFO] framewise_cv_step_1 mean class accuracy: 54.52 % (evaluate_results:522)
2024-07-17 16:30:55.752 [ALFpaka] [INFO] --- Evaluation results filewise_cv_step_1 --- (evaluate_results:498)
2024-07-17 16:30:55.752 [ALFpaka] [INFO] filewise_cv_step_1 accuracy (unweighted): 0.6 (evaluate_results:500)
2024-07-17 16:30:55.754 [ALFpaka] [INFO] 
filewise_cv_step_1 confusion Matrix in %: 
[[ 0.00  40.00  60.00]
 [ 0.00  100.00  0.00]
 [ 0.00  20.00  80.00]] (evaluate_results:521)
2024-07-17 16:30:55.754 [ALFpaka] [INFO] filewise_cv_step_1 mean class accuracy: 60.0 % (evaluate_results:522)
2024-07-17 16:30:55.766 [ALFpaka] [INFO] 
--- Final results after 1 iterations ---
Frame acc mean:       0.515503875969
Frame acc stdev:      0.000000000000
File acc mean:        0.600000000000
File acc stdev:       0.000000000000
Highest file acc:     0.600000000000 (seed = 1)
Lowest file acc:      0.600000000000 (seed = 1)
 (evaluate_results:200)
2024-07-17 16:30:55.767 [ALFpaka] [INFO] Mean Confusion Matrix (framewise): 
[[ 3.47  29.48  67.05]
 [ 0.00  94.17  5.83]
 [ 0.45  33.63  65.92]] (evaluate_results:237)
2024-07-17 16:30:55.768 [ALFpaka] [INFO] Mean Confusion Matrix (filewise): 
[[ 0.00  40.00  60.00]
 [ 0.00  100.00  0.00]
 [ 0.00  20.00  80.00]] (evaluate_results:242)
2024-07-17 16:30:55.784 [ALFpaka] [INFO] Elapsed training time for whole training ==> 01:05:52 (evaluate_results:334)
2024-07-17 16:30:55.801 [ALFpaka] [INFO] Plotting Confusion Matrices ...  (evaluate_results:476)
2024-07-17 16:31:01.168 [ALFpaka] [INFO] Plotting Confusion Matrices ...  (evaluate_results:476)
2024-07-17 16:31:15.950 [ALFpaka] [WARNING] No GIT in PATH variables ([Errno 2] No such file or directory: '.git': '.git') (versioning:24)
2024-07-17 16:31:15.954 [ALFpaka] [INFO] ... FINISH TRAINING ... (start_training_session:96)
2024-07-17 16:31:15.954 [ALFpaka] [INFO] Closing session ...  (start_training_session:105)
2024-07-17 16:31:16.961 [ALFpaka] [INFO] Closing session ... done. (start_training_session:114)
2024-07-17 16:31:16.968 [ALFpaka] [INFO] Parsing result-files in /home/avdata/xtract/rodrjl/sirens_classification_experiments_EU/2_5s_france_balance (result_parser:249)
2024-07-17 16:31:17.034 [ALFpaka] [INFO] Found 1 files. (result_parser:258)
2024-07-17 16:31:17.124 [ALFpaka] [INFO] Parsing finished and saved to /home/avdata/xtract/rodrjl/sirens_classification_experiments_EU/2_5s_france_balance/results_final.csv (result_parser:520)
2024-07-17 16:31:17.134 [ALFpaka] [INFO] Parsing finished and saved to /home/avdata/xtract/rodrjl/sirens_classification_experiments_EU/2_5s_france_balance/results_metrics.csv (result_parser:520)
